(ChipWhisperer NAEUSB ERROR|File naeusb.py:828) Your firmware (0.51.0) is outdated - latest is 0.54.0 See https://chipwhisperer.readthedocs.io/en/latest/firmware.html for more information
(ChipWhisperer Target WARNING|File CW305.py:591) Using default Verilog defines (C:\Users\narut\ChipWhisperer\chipwhisperer\software\chipwhisperer/hardware/firmware/cw305/cw305_aes_defines.v); if this is not what you want, provide them via the defines_files argument
scope.gain.mode                          changed from low                       to high                     
scope.gain.gain                          changed from 0                         to 30                       
scope.gain.db                            changed from 5.5                       to 24.8359375               
scope.adc.basic_mode                     changed from low                       to rising_edge              
scope.adc.samples                        changed from 24400                     to 5000                     
scope.adc.trig_count                     changed from 4091853                   to 20271578                 
scope.clock.adc_src                      changed from clkgen_x1                 to clkgen_x4                
scope.clock.adc_freq                     changed from 10263656                  to 23207233                 
scope.clock.adc_rate                     changed from 10263656.0                to 23207233.0               
scope.clock.freq_ctr                     changed from 2565902                   to 5139266                  
scope.clock.clkgen_div                   changed from 1                         to 26                       
scope.clock.clkgen_freq                  changed from 192000000.0               to 7384615.384615385        
scope.io.tio1                            changed from serial_tx                 to serial_rx                
scope.io.tio2                            changed from serial_rx                 to serial_tx                
scope.io.hs2                             changed from None                      to clkgen                   
scope.io.tio_states                      changed from (1, 0, 0, 0)              to (0, 1, 0, 0)             
capture: images=500 kernels=9 avg=3 samples=22144 adc_locked=True
captured img0200 label=3
captured img0201 label=6
captured img0202 label=1
captured img0203 label=1
captured img0204 label=1
captured img0205 label=3
captured img0206 label=9
captured img0207 label=5
captured img0208 label=2
captured img0209 label=9
captured img0210 label=4
captured img0211 label=5
captured img0212 label=9
captured img0213 label=3
captured img0214 label=9
captured img0215 label=0
captured img0216 label=3
captured img0217 label=6
captured img0218 label=5
captured img0219 label=5
captured img0220 label=7
captured img0221 label=2
captured img0222 label=2
captured img0223 label=7
captured img0224 label=1
captured img0225 label=2
captured img0226 label=8
captured img0227 label=4
captured img0228 label=1
captured img0229 label=7
captured img0230 label=3
captured img0231 label=3
captured img0232 label=8
captured img0233 label=8
captured img0234 label=7
captured img0235 label=9
captured img0236 label=2
captured img0237 label=2
captured img0238 label=4
captured img0239 label=1
captured img0240 label=5
captured img0241 label=9
captured img0242 label=8
captured img0243 label=7
captured img0244 label=2
captured img0245 label=3
captured img0246 label=0
captured img0247 label=4
captured img0248 label=4
captured img0249 label=2
captured img0250 label=4
captured img0251 label=1
captured img0252 label=9
captured img0253 label=5
captured img0254 label=7
captured img0255 label=7
captured img0256 label=2
captured img0257 label=8
captured img0258 label=2
captured img0259 label=6
captured img0260 label=8
captured img0261 label=5
captured img0262 label=7
captured img0263 label=7
captured img0264 label=9
captured img0265 label=1
captured img0266 label=8
captured img0267 label=1
captured img0268 label=8
captured img0269 label=0
captured img0270 label=3
captured img0271 label=0
captured img0272 label=1
captured img0273 label=9
captured img0274 label=9
captured img0275 label=4
captured img0276 label=1
captured img0277 label=8
captured img0278 label=2
captured img0279 label=1
captured img0280 label=2
captured img0281 label=9
captured img0282 label=7
captured img0283 label=5
captured img0284 label=9
captured img0285 label=2
captured img0286 label=6
captured img0287 label=4
captured img0288 label=1
captured img0289 label=5
captured img0290 label=8
captured img0291 label=2
captured img0292 label=9
captured img0293 label=2
captured img0294 label=0
captured img0295 label=4
captured img0296 label=0
captured img0297 label=0
captured img0298 label=2
captured img0299 label=8
captured img0300 label=4
captured img0301 label=7
captured img0302 label=1
captured img0303 label=2
captured img0304 label=4
captured img0305 label=0
captured img0306 label=2
captured img0307 label=7
captured img0308 label=4
captured img0309 label=3
captured img0310 label=3
captured img0311 label=0
captured img0312 label=0
captured img0313 label=3
captured img0314 label=1
captured img0315 label=9
captured img0316 label=6
captured img0317 label=5
captured img0318 label=2
captured img0319 label=5
captured img0320 label=9
captured img0321 label=2
captured img0322 label=9
captured img0323 label=3
captured img0324 label=0
captured img0325 label=4
captured img0326 label=2
captured img0327 label=0
captured img0328 label=7
captured img0329 label=1
captured img0330 label=1
captured img0331 label=2
captured img0332 label=1
captured img0333 label=5
captured img0334 label=3
captured img0335 label=3
captured img0336 label=9
captured img0337 label=7
captured img0338 label=8
captured img0339 label=6
captured img0340 label=5
captured img0341 label=6
captured img0342 label=1
captured img0343 label=3
captured img0344 label=8
captured img0345 label=1
captured img0346 label=0
captured img0347 label=5
captured img0348 label=1
captured img0349 label=3
captured img0350 label=1
captured img0351 label=5
captured img0352 label=5
captured img0353 label=6
captured img0354 label=1
captured img0355 label=8
captured img0356 label=5
captured img0357 label=1
captured img0358 label=7
captured img0359 label=9
captured img0360 label=4
captured img0361 label=6
captured img0362 label=2
captured img0363 label=2
captured img0364 label=5
captured img0365 label=0
captured img0366 label=6
captured img0367 label=5
captured img0368 label=6
captured img0369 label=3
captured img0370 label=7
captured img0371 label=2
captured img0372 label=0
captured img0373 label=8
captured img0374 label=8
captured img0375 label=5
captured img0376 label=4
captured img0377 label=1
captured img0378 label=1
captured img0379 label=4
captured img0380 label=0
captured img0381 label=3
captured img0382 label=3
captured img0383 label=7
captured img0384 label=6
captured img0385 label=1
captured img0386 label=6
captured img0387 label=2
captured img0388 label=1
captured img0389 label=9
captured img0390 label=2
captured img0391 label=8
captured img0392 label=6
captured img0393 label=1
captured img0394 label=9
captured img0395 label=5
captured img0396 label=2
captured img0397 label=5
captured img0398 label=4
captured img0399 label=4
captured img0400 label=2
captured img0401 label=8
captured img0402 label=3
captured img0403 label=8
captured img0404 label=2
captured img0405 label=4
captured img0406 label=5
captured img0407 label=0
captured img0408 label=3
captured img0409 label=1
captured img0410 label=7
captured img0411 label=7
captured img0412 label=5
captured img0413 label=7
captured img0414 label=9
captured img0415 label=7
captured img0416 label=1
captured img0417 label=9
captured img0418 label=2
captured img0419 label=1
captured img0420 label=4
captured img0421 label=2
captured img0422 label=9
captured img0423 label=2
captured img0424 label=0
captured img0425 label=4
captured img0426 label=9
captured img0427 label=1
captured img0428 label=4
captured img0429 label=8
captured img0430 label=1
captured img0431 label=8
captured img0432 label=4
captured img0433 label=5
captured img0434 label=9
captured img0435 label=8
captured img0436 label=8
captured img0437 label=3
captured img0438 label=7
captured img0439 label=6
captured img0440 label=0
captured img0441 label=0
captured img0442 label=3
captured img0443 label=0
captured img0444 label=2
captured img0445 label=6
captured img0446 label=6
captured img0447 label=4
captured img0448 label=9
captured img0449 label=3
captured img0450 label=3
captured img0451 label=3
captured img0452 label=2
captured img0453 label=3
captured img0454 label=9
captured img0455 label=1
captured img0456 label=2
captured img0457 label=6
captured img0458 label=8
captured img0459 label=0
captured img0460 label=5
captured img0461 label=6
captured img0462 label=6
captured img0463 label=6
captured img0464 label=3
captured img0465 label=8
captured img0466 label=8
captured img0467 label=2
captured img0468 label=7
captured img0469 label=5
captured img0470 label=8
captured img0471 label=9
captured img0472 label=6
captured img0473 label=1
captured img0474 label=8
captured img0475 label=4
captured img0476 label=1
captured img0477 label=2
captured img0478 label=5
captured img0479 label=9
captured img0480 label=1
captured img0481 label=9
captured img0482 label=7
captured img0483 label=5
captured img0484 label=4
captured img0485 label=0
captured img0486 label=8
captured img0487 label=9
captured img0488 label=9
captured img0489 label=1
captured img0490 label=0
captured img0491 label=5
captured img0492 label=2
captured img0493 label=3
captured img0494 label=7
captured img0495 label=8
captured img0496 label=9
captured img0497 label=4
captured img0498 label=0
captured img0499 label=6
captured img0500 label=3
captured img0501 label=9
captured img0502 label=5
captured img0503 label=2
captured img0504 label=1
captured img0505 label=3
captured img0506 label=1
captured img0507 label=3
captured img0508 label=6
captured img0509 label=5
captured img0510 label=7
captured img0511 label=4
captured img0512 label=2
captured img0513 label=2
captured img0514 label=6
captured img0515 label=3
captured img0516 label=2
captured img0517 label=6
captured img0518 label=5
captured img0519 label=4
captured img0520 label=8
captured img0521 label=9
captured img0522 label=7
captured img0523 label=1
captured img0524 label=3
captured img0525 label=0
captured img0526 label=3
captured img0527 label=8
captured img0528 label=3
captured img0529 label=1
captured img0530 label=9
captured img0531 label=3
captured img0532 label=4
captured img0533 label=4
captured img0534 label=6
captured img0535 label=4
captured img0536 label=2
captured img0537 label=1
captured img0538 label=8
captured img0539 label=2
captured img0540 label=5
captured img0541 label=4
captured img0542 label=8
captured img0543 label=8
captured img0544 label=4
captured img0545 label=0
captured img0546 label=0
captured img0547 label=2
captured img0548 label=3
captured img0549 label=2
captured img0550 label=7
captured img0551 label=7
captured img0552 label=0
captured img0553 label=8
captured img0554 label=7
captured img0555 label=4
captured img0556 label=4
captured img0557 label=7
captured img0558 label=9
captured img0559 label=6
captured img0560 label=9
captured img0561 label=0
captured img0562 label=9
captured img0563 label=8
captured img0564 label=0
captured img0565 label=4
captured img0566 label=6
captured img0567 label=0
captured img0568 label=6
captured img0569 label=3
captured img0570 label=5
captured img0571 label=4
captured img0572 label=8
captured img0573 label=3
captured img0574 label=3
captured img0575 label=9
captured img0576 label=3
captured img0577 label=3
captured img0578 label=3
captured img0579 label=7
captured img0580 label=8
captured img0581 label=0
captured img0582 label=8
captured img0583 label=2
captured img0584 label=1
captured img0585 label=7
captured img0586 label=0
captured img0587 label=6
captured img0588 label=5
captured img0589 label=4
captured img0590 label=3
captured img0591 label=8
captured img0592 label=0
captured img0593 label=9
captured img0594 label=6
captured img0595 label=3
captured img0596 label=8
captured img0597 label=0
captured img0598 label=9
captured img0599 label=9
captured img0600 label=6
captured img0601 label=8
captured img0602 label=6
captured img0603 label=8
captured img0604 label=5
captured img0605 label=7
captured img0606 label=8
captured img0607 label=6
captured img0608 label=0
captured img0609 label=2
captured img0610 label=4
captured img0611 label=0
captured img0612 label=2
captured img0613 label=2
captured img0614 label=3
captured img0615 label=1
captured img0616 label=9
captured img0617 label=7
captured img0618 label=5
captured img0619 label=1
captured img0620 label=0
captured img0621 label=8
captured img0622 label=4
captured img0623 label=6
captured img0624 label=2
captured img0625 label=6
captured img0626 label=7
captured img0627 label=9
captured img0628 label=3
captured img0629 label=2
captured img0630 label=9
captured img0631 label=8
captured img0632 label=2
captured img0633 label=2
captured img0634 label=9
captured img0635 label=2
captured img0636 label=7
captured img0637 label=3
captured img0638 label=5
captured img0639 label=9
captured img0640 label=1
captured img0641 label=8
captured img0642 label=0
captured img0643 label=2
captured img0644 label=0
captured img0645 label=5
captured img0646 label=2
captured img0647 label=1
captured img0648 label=3
captured img0649 label=7
captured img0650 label=6
captured img0651 label=7
captured img0652 label=1
captured img0653 label=2
captured img0654 label=5
captured img0655 label=8
captured img0656 label=0
captured img0657 label=3
captured img0658 label=7
captured img0659 label=2
captured img0660 label=4
captured img0661 label=0
captured img0662 label=9
captured img0663 label=1
captured img0664 label=8
captured img0665 label=6
captured img0666 label=7
captured img0667 label=7
captured img0668 label=4
captured img0669 label=3
captured img0670 label=4
captured img0671 label=9
captured img0672 label=1
captured img0673 label=9
captured img0674 label=5
captured img0675 label=1
captured img0676 label=7
captured img0677 label=3
captured img0678 label=9
captured img0679 label=7
captured img0680 label=6
captured img0681 label=9
captured img0682 label=1
captured img0683 label=3
captured img0684 label=7
captured img0685 label=8
captured img0686 label=3
captured img0687 label=3
captured img0688 label=6
captured img0689 label=7
captured img0690 label=2
captured img0691 label=8
captured img0692 label=5
captured img0693 label=8
captured img0694 label=5
captured img0695 label=1
captured img0696 label=1
captured img0697 label=4
captured img0698 label=4
captured img0699 label=3
