Copyright 1986-2016 Xilinx, Inc. All Rights Reserved.
-------------------------------------------------------------------------------------------------------------------------
| Tool Version : Vivado v.2016.4 (win64) Build 1756540 Mon Jan 23 19:11:23 MST 2017
| Date         : Fri Sep 11 10:19:25 2026
| Host         : kaz4n running 64-bit major release  (build 9200)
| Command      : report_drc -file C:/Users/narut/OneDrive/Desktop/Project/bnn/experiments/rgb_instrumented/build/drc.rpt
| Design       : cw305_rgb_top
| Device       : xc7a100tftg256-2
| Speed File   : -2
| Design State : Routed
-------------------------------------------------------------------------------------------------------------------------

Report DRC

Table of Contents
-----------------
1. REPORT SUMMARY
2. REPORT DETAILS

1. REPORT SUMMARY
-----------------
            Netlist: netlist
          Floorplan: checkpoint_implemented
      Design limits: <entire design considered>
           Ruledeck: default
             Max violations: <unlimited>
             Violations found: 0
+------+----------+-------------+------------+
| Rule | Severity | Description | Violations |
+------+----------+-------------+------------+
+------+----------+-------------+------------+

2. REPORT DETAILS
-----------------

