#-----------------------------------------------------------
# Vivado v2016.4 (64-bit)
# SW Build 1756540 on Mon Jan 23 19:11:23 MST 2017
# IP Build 1755317 on Mon Jan 23 20:30:07 MST 2017
# Start of session at: Fri Sep 11 10:07:32 2026
# Process ID: 22524
# Current directory: C:/Users/narut/OneDrive/Desktop/Project/bnn/experiments/rgb_instrumented/build
# Command line: vivado.exe -mode batch -source C:/Users/narut/OneDrive/Desktop/Project/bnn/experiments/rgb_instrumented/hardware/build.tcl -log vivado.log -journal vivado.jou
# Log file: C:/Users/narut/OneDrive/Desktop/Project/bnn/experiments/rgb_instrumented/build/vivado.log
# Journal file: C:/Users/narut/OneDrive/Desktop/Project/bnn/experiments/rgb_instrumented/build\vivado.jou
#-----------------------------------------------------------
source C:/Users/narut/OneDrive/Desktop/Project/bnn/experiments/rgb_instrumented/hardware/build.tcl
# set here [file dirname [file normalize [info script]]]
# set root [file dirname $here]
# set out [file join $root build]
# file mkdir $out
# set frontend [file normalize {C:/Users/narut/ChipWhisperer/chipwhisperer/firmware/fpgas/aes/hdl/cw305_usb_reg_fe.v}]
# if {[info exists ::env(CW305_USB_FRONTEND)]} { set frontend $::env(CW305_USB_FRONTEND) }
# if {![file exists $frontend]} { error "CW305 frontend source not found: $frontend" }
# create_project -in_memory -part xc7a100tftg256-2
# read_verilog $frontend
# read_verilog -sv [file join $root rtl rgb_bayer_capture.sv]
# read_verilog -sv [file join $here cw305_rgb_top.sv]
# read_xdc [file join $here cw305_rgb.xdc]
# synth_design -top cw305_rgb_top -part xc7a100tftg256-2
Command: synth_design -top cw305_rgb_top -part xc7a100tftg256-2
Starting synth_design
Attempting to get a license for feature 'Synthesis' and/or device 'xc7a100t'
INFO: [Common 17-349] Got license for feature 'Synthesis' and/or device 'xc7a100t'
INFO: Launching helper process for spawning children vivado processes
INFO: Helper process launched with PID 3704 
---------------------------------------------------------------------------------
Starting RTL Elaboration : Time (s): cpu = 00:00:05 ; elapsed = 00:00:08 . Memory (MB): peak = 283.160 ; gain = 72.645
---------------------------------------------------------------------------------
INFO: [Synth 8-638] synthesizing module 'cw305_rgb_top' [C:/Users/narut/OneDrive/Desktop/Project/bnn/experiments/rgb_instrumented/hardware/cw305_rgb_top.sv:4]
INFO: [Synth 8-5534] Detected attribute (* ASYNC_REG = "TRUE" *) [C:/Users/narut/OneDrive/Desktop/Project/bnn/experiments/rgb_instrumented/hardware/cw305_rgb_top.sv:15]
INFO: [Synth 8-638] synthesizing module 'BUFG' [C:/Xilinx/Vivado/2016.4/scripts/rt/data/unisim_comp.v:607]
INFO: [Synth 8-256] done synthesizing module 'BUFG' (1#1) [C:/Xilinx/Vivado/2016.4/scripts/rt/data/unisim_comp.v:607]
INFO: [Synth 8-638] synthesizing module 'cw305_usb_reg_fe' [C:/Users/narut/ChipWhisperer/chipwhisperer/firmware/fpgas/aes/hdl/cw305_usb_reg_fe.v:31]
	Parameter pADDR_WIDTH bound to: 21 - type: integer 
	Parameter pBYTECNT_SIZE bound to: 16 - type: integer 
	Parameter pREG_RDDLY_LEN bound to: 3 - type: integer 
INFO: [Synth 8-256] done synthesizing module 'cw305_usb_reg_fe' (2#1) [C:/Users/narut/ChipWhisperer/chipwhisperer/firmware/fpgas/aes/hdl/cw305_usb_reg_fe.v:31]
INFO: [Synth 8-638] synthesizing module 'rgb_bayer_capture' [C:/Users/narut/OneDrive/Desktop/Project/bnn/experiments/rgb_instrumented/rtl/rgb_bayer_capture.sv:7]
INFO: [Synth 8-5534] Detected attribute (* ram_style = "block" *) [C:/Users/narut/OneDrive/Desktop/Project/bnn/experiments/rgb_instrumented/rtl/rgb_bayer_capture.sv:28]
INFO: [Synth 8-256] done synthesizing module 'rgb_bayer_capture' (3#1) [C:/Users/narut/OneDrive/Desktop/Project/bnn/experiments/rgb_instrumented/rtl/rgb_bayer_capture.sv:7]
INFO: [Synth 8-256] done synthesizing module 'cw305_rgb_top' (4#1) [C:/Users/narut/OneDrive/Desktop/Project/bnn/experiments/rgb_instrumented/hardware/cw305_rgb_top.sv:4]
WARNING: [Synth 8-3331] design cw305_usb_reg_fe has unconnected port usb_alen
---------------------------------------------------------------------------------
Finished RTL Elaboration : Time (s): cpu = 00:00:06 ; elapsed = 00:00:09 . Memory (MB): peak = 320.578 ; gain = 110.063
---------------------------------------------------------------------------------

Report Check Netlist: 
+------+------------------+-------+---------+-------+------------------+
|      |Item              |Errors |Warnings |Status |Description       |
+------+------------------+-------+---------+-------+------------------+
|1     |multi_driven_nets |      0|        0|Passed |Multi driven nets |
+------+------------------+-------+---------+-------+------------------+
---------------------------------------------------------------------------------
Finished RTL Optimization Phase 1 : Time (s): cpu = 00:00:06 ; elapsed = 00:00:09 . Memory (MB): peak = 320.578 ; gain = 110.063
---------------------------------------------------------------------------------
INFO: [Device 21-403] Loading part xc7a100tftg256-2
INFO: [Project 1-570] Preparing netlist for logic optimization

Processing XDC Constraints
Initializing timing engine
Parsing XDC File [C:/Users/narut/OneDrive/Desktop/Project/bnn/experiments/rgb_instrumented/hardware/cw305_rgb.xdc]
CRITICAL WARNING: [Designutils 20-1307] Command 'foreach' is not supported in the xdc constraint file. [C:/Users/narut/OneDrive/Desktop/Project/bnn/experiments/rgb_instrumented/hardware/cw305_rgb.xdc:5]
CRITICAL WARNING: [Designutils 20-1307] Command 'for' is not supported in the xdc constraint file. [C:/Users/narut/OneDrive/Desktop/Project/bnn/experiments/rgb_instrumented/hardware/cw305_rgb.xdc:9]
CRITICAL WARNING: [Designutils 20-1307] Command 'for' is not supported in the xdc constraint file. [C:/Users/narut/OneDrive/Desktop/Project/bnn/experiments/rgb_instrumented/hardware/cw305_rgb.xdc:13]
Finished Parsing XDC File [C:/Users/narut/OneDrive/Desktop/Project/bnn/experiments/rgb_instrumented/hardware/cw305_rgb.xdc]
INFO: [Project 1-236] Implementation specific constraints were found while reading constraint file [C:/Users/narut/OneDrive/Desktop/Project/bnn/experiments/rgb_instrumented/hardware/cw305_rgb.xdc]. These constraints will be ignored for synthesis but will be used in implementation. Impacted constraints are listed in the file [.Xil/cw305_rgb_top_propImpl.xdc].
Resolution: To avoid this warning, move constraints listed in [.Xil/cw305_rgb_top_propImpl.xdc] to another XDC file and exclude this new file from synthesis with the used_in_synthesis property (File Properties dialog in GUI) and re-run elaboration/synthesis.
Completed Processing XDC Constraints

INFO: [Project 1-111] Unisim Transformation Summary:
No Unisim elements were transformed.

Constraint Validation Runtime : Time (s): cpu = 00:00:00 ; elapsed = 00:00:00 . Memory (MB): peak = 629.949 ; gain = 0.000
---------------------------------------------------------------------------------
Finished Constraint Validation : Time (s): cpu = 00:00:15 ; elapsed = 00:00:20 . Memory (MB): peak = 629.949 ; gain = 419.434
---------------------------------------------------------------------------------
---------------------------------------------------------------------------------
Start Loading Part and Timing Information
---------------------------------------------------------------------------------
Loading part: xc7a100tftg256-2
---------------------------------------------------------------------------------
Finished Loading Part and Timing Information : Time (s): cpu = 00:00:15 ; elapsed = 00:00:20 . Memory (MB): peak = 629.949 ; gain = 419.434
---------------------------------------------------------------------------------
---------------------------------------------------------------------------------
Start Applying 'set_property' XDC Constraints
---------------------------------------------------------------------------------
---------------------------------------------------------------------------------
Finished applying 'set_property' XDC Constraints : Time (s): cpu = 00:00:15 ; elapsed = 00:00:20 . Memory (MB): peak = 629.949 ; gain = 419.434
---------------------------------------------------------------------------------
INFO: [Synth 8-5544] ROM "frame_size" won't be mapped to Block RAM because address size (4) smaller than threshold (5)
INFO: [Synth 8-5546] ROM "read_data" won't be mapped to RAM because it is too sparse
INFO: [Synth 8-5546] ROM "width_log2" won't be mapped to RAM because it is too sparse
---------------------------------------------------------------------------------
Finished RTL Optimization Phase 2 : Time (s): cpu = 00:00:15 ; elapsed = 00:00:20 . Memory (MB): peak = 629.949 ; gain = 419.434
---------------------------------------------------------------------------------

Report RTL Partitions: 
+-+--------------+------------+----------+
| |RTL Partition |Replication |Instances |
+-+--------------+------------+----------+
+-+--------------+------------+----------+
---------------------------------------------------------------------------------
Start RTL Component Statistics 
---------------------------------------------------------------------------------
Detailed RTL Component Info : 
+---Adders : 
	   2 Input     15 Bit       Adders := 1     
	   2 Input      5 Bit       Adders := 1     
+---Registers : 
	               24 Bit    Registers := 1     
	               21 Bit    Registers := 2     
	               15 Bit    Registers := 1     
	                8 Bit    Registers := 4     
	                5 Bit    Registers := 1     
	                4 Bit    Registers := 2     
	                3 Bit    Registers := 1     
	                2 Bit    Registers := 2     
	                1 Bit    Registers := 11    
+---RAMs : 
	             128K Bit         RAMs := 1     
+---Muxes : 
	   2 Input     15 Bit        Muxes := 1     
	   3 Input     15 Bit        Muxes := 1     
	   3 Input      8 Bit        Muxes := 1     
	   4 Input      8 Bit        Muxes := 1     
	   2 Input      8 Bit        Muxes := 2     
	   2 Input      7 Bit        Muxes := 1     
	   8 Input      7 Bit        Muxes := 1     
	   7 Input      2 Bit        Muxes := 1     
	   2 Input      1 Bit        Muxes := 16    
	   4 Input      1 Bit        Muxes := 6     
	   5 Input      1 Bit        Muxes := 1     
	   7 Input      1 Bit        Muxes := 2     
---------------------------------------------------------------------------------
Finished RTL Component Statistics 
---------------------------------------------------------------------------------
---------------------------------------------------------------------------------
Start RTL Hierarchical Component Statistics 
---------------------------------------------------------------------------------
Hierarchical RTL Component report 
Module cw305_rgb_top 
Detailed RTL Component Info : 
+---Adders : 
	   2 Input      5 Bit       Adders := 1     
+---Registers : 
	               24 Bit    Registers := 1     
	               21 Bit    Registers := 1     
	                8 Bit    Registers := 2     
	                5 Bit    Registers := 1     
	                4 Bit    Registers := 1     
	                2 Bit    Registers := 2     
	                1 Bit    Registers := 4     
+---Muxes : 
	   4 Input      8 Bit        Muxes := 1     
	   2 Input      8 Bit        Muxes := 2     
	   2 Input      7 Bit        Muxes := 1     
	   8 Input      7 Bit        Muxes := 1     
	   7 Input      2 Bit        Muxes := 1     
	   2 Input      1 Bit        Muxes := 10    
	   4 Input      1 Bit        Muxes := 6     
	   5 Input      1 Bit        Muxes := 1     
	   7 Input      1 Bit        Muxes := 2     
Module cw305_usb_reg_fe 
Detailed RTL Component Info : 
+---Registers : 
	               21 Bit    Registers := 1     
	                8 Bit    Registers := 1     
	                3 Bit    Registers := 1     
	                1 Bit    Registers := 4     
Module rgb_bayer_capture 
Detailed RTL Component Info : 
+---Adders : 
	   2 Input     15 Bit       Adders := 1     
+---Registers : 
	               15 Bit    Registers := 1     
	                8 Bit    Registers := 1     
	                4 Bit    Registers := 1     
	                1 Bit    Registers := 3     
+---RAMs : 
	             128K Bit         RAMs := 1     
+---Muxes : 
	   2 Input     15 Bit        Muxes := 1     
	   3 Input     15 Bit        Muxes := 1     
	   3 Input      8 Bit        Muxes := 1     
	   2 Input      1 Bit        Muxes := 6     
---------------------------------------------------------------------------------
Finished RTL Hierarchical Component Statistics
---------------------------------------------------------------------------------
---------------------------------------------------------------------------------
Start Part Resource Summary
---------------------------------------------------------------------------------
Part Resources:
DSPs: 240 (col length:80)
BRAMs: 270 (col length: RAMB18 80 RAMB36 40)
---------------------------------------------------------------------------------
Finished Part Resource Summary
---------------------------------------------------------------------------------
---------------------------------------------------------------------------------
Start Cross Boundary and Area Optimization
---------------------------------------------------------------------------------
INFO: [Synth 8-3886] merging instance 'capture/frame_size_reg[0]' (FDRE) to 'capture/frame_size_reg[1]'
INFO: [Synth 8-3886] merging instance 'capture/frame_size_reg[1]' (FDRE) to 'capture/frame_size_reg[2]'
INFO: [Synth 8-3886] merging instance 'capture/frame_size_reg[2]' (FDRE) to 'capture/frame_size_reg[3]'
INFO: [Synth 8-3886] merging instance 'capture/frame_size_reg[3]' (FDRE) to 'capture/frame_size_reg[4]'
INFO: [Synth 8-3886] merging instance 'capture/frame_size_reg[4]' (FDRE) to 'capture/frame_size_reg[5]'
INFO: [Synth 8-3886] merging instance 'capture/frame_size_reg[5]' (FDRE) to 'capture/frame_size_reg[6]'
INFO: [Synth 8-3886] merging instance 'capture/frame_size_reg[6]' (FDRE) to 'capture/frame_size_reg[7]'
INFO: [Synth 8-3886] merging instance 'capture/frame_size_reg[7]' (FDRE) to 'capture/frame_size_reg[8]'
INFO: [Synth 8-3886] merging instance 'capture/frame_size_reg[8]' (FDRE) to 'capture/frame_size_reg[9]'
INFO: [Synth 8-3886] merging instance 'capture/frame_size_reg[9]' (FDRE) to 'capture/frame_size_reg[11]'
INFO: [Synth 8-3886] merging instance 'capture/frame_size_reg[11]' (FDRE) to 'capture/frame_size_reg[13]'
INFO: [Synth 8-3333] propagating constant 0 across sequential element (\capture/frame_size_reg[13] )
WARNING: [Synth 8-3332] Sequential element (capture/frame_size_reg[13]) is unused and will be removed from module cw305_rgb_top.
---------------------------------------------------------------------------------
Finished Cross Boundary and Area Optimization : Time (s): cpu = 00:00:16 ; elapsed = 00:00:21 . Memory (MB): peak = 629.949 ; gain = 419.434
---------------------------------------------------------------------------------
---------------------------------------------------------------------------------
Start ROM, RAM, DSP and Shift Register Reporting
---------------------------------------------------------------------------------

Block RAM: Preliminary Mapping  Report (see note below)
+------------------+------------------+------------------------+---+---+------------------------+---+---+------------------+--------+--------+
|Module Name       | RTL Object       | PORT A (Depth x Width) | W | R | PORT B (Depth x Width) | W | R | Ports driving FF | RAMB18 | RAMB36 | 
+------------------+------------------+------------------------+---+---+------------------------+---+---+------------------+--------+--------+
|rgb_bayer_capture | trace_memory_reg | 16 K x 8(READ_FIRST)   | W |   | 16 K x 8(WRITE_FIRST)  |   | R | Port A and B     | 0      | 4      | 
+------------------+------------------+------------------------+---+---+------------------------+---+---+------------------+--------+--------+

Note: The table above is a preliminary report that shows the Block RAMs at the current stage of the synthesis flow. Some Block RAMs may be reimplemented as non Block RAM primitives later in the synthesis flow. Multiple instantiated Block RAMs are reported only once. 
---------------------------------------------------------------------------------
Finished ROM, RAM, DSP and Shift Register Reporting
---------------------------------------------------------------------------------

Report RTL Partitions: 
+-+--------------+------------+----------+
| |RTL Partition |Replication |Instances |
+-+--------------+------------+----------+
+-+--------------+------------+----------+
---------------------------------------------------------------------------------
Start Timing Optimization
---------------------------------------------------------------------------------
---------------------------------------------------------------------------------
Start Applying XDC Timing Constraints
---------------------------------------------------------------------------------
---------------------------------------------------------------------------------
Finished Applying XDC Timing Constraints : Time (s): cpu = 00:00:26 ; elapsed = 00:00:31 . Memory (MB): peak = 629.949 ; gain = 419.434
---------------------------------------------------------------------------------
---------------------------------------------------------------------------------
Finished Timing Optimization : Time (s): cpu = 00:00:26 ; elapsed = 00:00:32 . Memory (MB): peak = 629.949 ; gain = 419.434
---------------------------------------------------------------------------------

Report RTL Partitions: 
+-+--------------+------------+----------+
| |RTL Partition |Replication |Instances |
+-+--------------+------------+----------+
+-+--------------+------------+----------+
---------------------------------------------------------------------------------
Start Technology Mapping
---------------------------------------------------------------------------------
INFO: [Synth 8-4480] The timing for the instance capture/trace_memory_reg_0 (implemented as a block RAM) might be sub-optimal as no optional output register could be merged into the block ram. Providing additional output register may help in improving timing.
INFO: [Synth 8-4480] The timing for the instance capture/trace_memory_reg_1 (implemented as a block RAM) might be sub-optimal as no optional output register could be merged into the block ram. Providing additional output register may help in improving timing.
INFO: [Synth 8-4480] The timing for the instance capture/trace_memory_reg_2 (implemented as a block RAM) might be sub-optimal as no optional output register could be merged into the block ram. Providing additional output register may help in improving timing.
INFO: [Synth 8-4480] The timing for the instance capture/trace_memory_reg_3 (implemented as a block RAM) might be sub-optimal as no optional output register could be merged into the block ram. Providing additional output register may help in improving timing.
---------------------------------------------------------------------------------
Finished Technology Mapping : Time (s): cpu = 00:00:26 ; elapsed = 00:00:32 . Memory (MB): peak = 629.949 ; gain = 419.434
---------------------------------------------------------------------------------

Report RTL Partitions: 
+-+--------------+------------+----------+
| |RTL Partition |Replication |Instances |
+-+--------------+------------+----------+
+-+--------------+------------+----------+
---------------------------------------------------------------------------------
Start IO Insertion
---------------------------------------------------------------------------------
---------------------------------------------------------------------------------
Start Flattening Before IO Insertion
---------------------------------------------------------------------------------
---------------------------------------------------------------------------------
Finished Flattening Before IO Insertion
---------------------------------------------------------------------------------
---------------------------------------------------------------------------------
Start Final Netlist Cleanup
---------------------------------------------------------------------------------
INFO: [Synth 8-5365] Flop capture/frame_size_reg[14] is being inverted and renamed to capture/frame_size_reg[14]_inv.
---------------------------------------------------------------------------------
Finished Final Netlist Cleanup
---------------------------------------------------------------------------------
---------------------------------------------------------------------------------
Finished IO Insertion : Time (s): cpu = 00:00:27 ; elapsed = 00:00:32 . Memory (MB): peak = 629.949 ; gain = 419.434
---------------------------------------------------------------------------------

Report Check Netlist: 
+------+------------------+-------+---------+-------+------------------+
|      |Item              |Errors |Warnings |Status |Description       |
+------+------------------+-------+---------+-------+------------------+
|1     |multi_driven_nets |      0|        0|Passed |Multi driven nets |
+------+------------------+-------+---------+-------+------------------+
---------------------------------------------------------------------------------
Start Renaming Generated Instances
---------------------------------------------------------------------------------
---------------------------------------------------------------------------------
Finished Renaming Generated Instances : Time (s): cpu = 00:00:27 ; elapsed = 00:00:32 . Memory (MB): peak = 629.949 ; gain = 419.434
---------------------------------------------------------------------------------

Report RTL Partitions: 
+-+--------------+------------+----------+
| |RTL Partition |Replication |Instances |
+-+--------------+------------+----------+
+-+--------------+------------+----------+
---------------------------------------------------------------------------------
Start Rebuilding User Hierarchy
---------------------------------------------------------------------------------
---------------------------------------------------------------------------------
Finished Rebuilding User Hierarchy : Time (s): cpu = 00:00:27 ; elapsed = 00:00:33 . Memory (MB): peak = 629.949 ; gain = 419.434
---------------------------------------------------------------------------------
---------------------------------------------------------------------------------
Start Renaming Generated Ports
---------------------------------------------------------------------------------
---------------------------------------------------------------------------------
Finished Renaming Generated Ports : Time (s): cpu = 00:00:27 ; elapsed = 00:00:33 . Memory (MB): peak = 629.949 ; gain = 419.434
---------------------------------------------------------------------------------
---------------------------------------------------------------------------------
Start Handling Custom Attributes
---------------------------------------------------------------------------------
---------------------------------------------------------------------------------
Finished Handling Custom Attributes : Time (s): cpu = 00:00:27 ; elapsed = 00:00:33 . Memory (MB): peak = 629.949 ; gain = 419.434
---------------------------------------------------------------------------------
---------------------------------------------------------------------------------
Start Renaming Generated Nets
---------------------------------------------------------------------------------
---------------------------------------------------------------------------------
Finished Renaming Generated Nets : Time (s): cpu = 00:00:27 ; elapsed = 00:00:33 . Memory (MB): peak = 629.949 ; gain = 419.434
---------------------------------------------------------------------------------
---------------------------------------------------------------------------------
Start Writing Synthesis Report
---------------------------------------------------------------------------------

Report BlackBoxes: 
+-+--------------+----------+
| |BlackBox name |Instances |
+-+--------------+----------+
+-+--------------+----------+

Report Cell Usage: 
+------+---------+------+
|      |Cell     |Count |
+------+---------+------+
|1     |BUFG     |     1|
|2     |CARRY4   |     9|
|3     |LUT1     |    18|
|4     |LUT2     |     8|
|5     |LUT3     |    15|
|6     |LUT4     |    21|
|7     |LUT5     |    19|
|8     |LUT6     |    44|
|9     |MUXF7    |     2|
|10    |MUXF8    |     1|
|11    |RAMB36E1 |     4|
|12    |FDRE     |   132|
|13    |FDSE     |     6|
|14    |IBUF     |    26|
|15    |IOBUF    |     8|
|16    |OBUF     |     3|
+------+---------+------+

Report Instance Areas: 
+------+-----------+------------------+------+
|      |Instance   |Module            |Cells |
+------+-----------+------------------+------+
|1     |top        |                  |   317|
|2     |  capture  |rgb_bayer_capture |    92|
|3     |  frontend |cw305_usb_reg_fe  |   103|
+------+-----------+------------------+------+
---------------------------------------------------------------------------------
Finished Writing Synthesis Report : Time (s): cpu = 00:00:27 ; elapsed = 00:00:33 . Memory (MB): peak = 629.949 ; gain = 419.434
---------------------------------------------------------------------------------
Synthesis finished with 0 errors, 0 critical warnings and 1 warnings.
Synthesis Optimization Runtime : Time (s): cpu = 00:00:15 ; elapsed = 00:00:22 . Memory (MB): peak = 629.949 ; gain = 110.063
Synthesis Optimization Complete : Time (s): cpu = 00:00:27 ; elapsed = 00:00:33 . Memory (MB): peak = 629.949 ; gain = 419.434
INFO: [Project 1-571] Translating synthesized netlist
INFO: [Netlist 29-17] Analyzing 47 Unisim elements for replacement
INFO: [Netlist 29-28] Unisim Transformation completed in 0 CPU seconds
INFO: [Project 1-570] Preparing netlist for logic optimization
Parsing XDC File [C:/Users/narut/OneDrive/Desktop/Project/bnn/experiments/rgb_instrumented/hardware/cw305_rgb.xdc]
CRITICAL WARNING: [Designutils 20-1307] Command 'foreach' is not supported in the xdc constraint file. [C:/Users/narut/OneDrive/Desktop/Project/bnn/experiments/rgb_instrumented/hardware/cw305_rgb.xdc:5]
CRITICAL WARNING: [Designutils 20-1307] Command 'for' is not supported in the xdc constraint file. [C:/Users/narut/OneDrive/Desktop/Project/bnn/experiments/rgb_instrumented/hardware/cw305_rgb.xdc:9]
CRITICAL WARNING: [Designutils 20-1307] Command 'for' is not supported in the xdc constraint file. [C:/Users/narut/OneDrive/Desktop/Project/bnn/experiments/rgb_instrumented/hardware/cw305_rgb.xdc:13]
Finished Parsing XDC File [C:/Users/narut/OneDrive/Desktop/Project/bnn/experiments/rgb_instrumented/hardware/cw305_rgb.xdc]
INFO: [Opt 31-138] Pushed 0 inverter(s) to 0 load pin(s).
INFO: [Project 1-111] Unisim Transformation Summary:
  A total of 8 instances were transformed.
  IOBUF => IOBUF (IBUF, OBUFT): 8 instances

INFO: [Common 17-83] Releasing license: Synthesis
45 Infos, 2 Warnings, 6 Critical Warnings and 0 Errors encountered.
synth_design completed successfully
synth_design: Time (s): cpu = 00:00:27 ; elapsed = 00:00:31 . Memory (MB): peak = 629.949 ; gain = 419.434
# opt_design
Command: opt_design
Attempting to get a license for feature 'Implementation' and/or device 'xc7a100t'
INFO: [Common 17-349] Got license for feature 'Implementation' and/or device 'xc7a100t'
Running DRC as a precondition to command opt_design

Starting DRC Task
INFO: [DRC 23-27] Running DRC with 2 threads
INFO: [Project 1-461] DRC finished with 0 Errors
INFO: [Project 1-462] Please refer to the DRC report (report_drc) for more information.

Time (s): cpu = 00:00:01 ; elapsed = 00:00:00.950 . Memory (MB): peak = 629.949 ; gain = 0.000
INFO: [Timing 38-35] Done setting XDC timing constraints.

Starting Logic Optimization Task
Implement Debug Cores | Checksum: 284b32771

Phase 1 Retarget
INFO: [Opt 31-138] Pushed 0 inverter(s) to 0 load pin(s).
INFO: [Opt 31-49] Retargeted 0 cell(s).
Phase 1 Retarget | Checksum: 20da86b4a

Time (s): cpu = 00:00:00 ; elapsed = 00:00:00.028 . Memory (MB): peak = 959.707 ; gain = 0.000

Phase 2 Constant propagation
INFO: [Opt 31-138] Pushed 0 inverter(s) to 0 load pin(s).
INFO: [Opt 31-10] Eliminated 0 cells.
Phase 2 Constant propagation | Checksum: 20da86b4a

Time (s): cpu = 00:00:00 ; elapsed = 00:00:00.039 . Memory (MB): peak = 959.707 ; gain = 0.000

Phase 3 Sweep
INFO: [Opt 31-12] Eliminated 20 unconnected nets.
INFO: [Opt 31-11] Eliminated 0 unconnected cells.
Phase 3 Sweep | Checksum: 1b2b5e053

Time (s): cpu = 00:00:00 ; elapsed = 00:00:00.069 . Memory (MB): peak = 959.707 ; gain = 0.000

Phase 4 BUFG optimization
INFO: [Opt 31-12] Eliminated 0 unconnected nets.
INFO: [Opt 31-11] Eliminated 0 unconnected cells.
Phase 4 BUFG optimization | Checksum: 1b2b5e053

Time (s): cpu = 00:00:00 ; elapsed = 00:00:00.106 . Memory (MB): peak = 959.707 ; gain = 0.000

Starting Connectivity Check Task

Time (s): cpu = 00:00:00 ; elapsed = 00:00:00 . Memory (MB): peak = 959.707 ; gain = 0.000
Ending Logic Optimization Task | Checksum: 1b2b5e053

Time (s): cpu = 00:00:00 ; elapsed = 00:00:00.110 . Memory (MB): peak = 959.707 ; gain = 0.000

Starting Power Optimization Task
INFO: [Pwropt 34-132] Skipping clock gating for clocks with a period < 2.00 ns.
INFO: [Timing 38-35] Done setting XDC timing constraints.
Running Vector-less Activity Propagation...
INFO: [Pwropt 34-9] Applying IDT optimizations ...
INFO: [Pwropt 34-10] Applying ODC optimizations ...

Finished Running Vector-less Activity Propagation


Starting PowerOpt Patch Enables Task
INFO: [Pwropt 34-162] WRITE_MODE attribute of 0 BRAM(s) out of a total of 4 has been updated to save power. Run report_power_opt to get a complete listing of the BRAMs updated.
INFO: [Pwropt 34-201] Structural ODC has moved 0 WE to EN ports
Number of BRAM Ports augmented: 8 newly gated: 0 Total Ports: 8
Ending PowerOpt Patch Enables Task | Checksum: 1c1812904

Time (s): cpu = 00:00:00 ; elapsed = 00:00:00.026 . Memory (MB): peak = 1098.750 ; gain = 0.000
Ending Power Optimization Task | Checksum: 1c1812904

Time (s): cpu = 00:00:00 ; elapsed = 00:00:00.574 . Memory (MB): peak = 1098.750 ; gain = 139.043
INFO: [Common 17-83] Releasing license: Implementation
20 Infos, 0 Warnings, 0 Critical Warnings and 0 Errors encountered.
opt_design completed successfully
opt_design: Time (s): cpu = 00:00:05 ; elapsed = 00:00:05 . Memory (MB): peak = 1098.750 ; gain = 468.801
# place_design
Command: place_design
Attempting to get a license for feature 'Implementation' and/or device 'xc7a100t'
INFO: [Common 17-349] Got license for feature 'Implementation' and/or device 'xc7a100t'
INFO: [DRC 23-27] Running DRC with 2 threads
INFO: [Vivado_Tcl 4-198] DRC finished with 0 Errors
INFO: [Vivado_Tcl 4-199] Please refer to the DRC report (report_drc) for more information.
Running DRC as a precondition to command place_design
INFO: [DRC 23-27] Running DRC with 2 threads
INFO: [Vivado_Tcl 4-198] DRC finished with 0 Errors
INFO: [Vivado_Tcl 4-199] Please refer to the DRC report (report_drc) for more information.

Starting Placer Task
INFO: [Place 30-611] Multithreading enabled for place_design using a maximum of 2 CPUs

Phase 1 Placer Initialization
Netlist sorting complete. Time (s): cpu = 00:00:00 ; elapsed = 00:00:00.001 . Memory (MB): peak = 1098.750 ; gain = 0.000
INFO: [Timing 38-35] Done setting XDC timing constraints.
INFO: [Opt 31-138] Pushed 0 inverter(s) to 0 load pin(s).
Netlist sorting complete. Time (s): cpu = 00:00:00 ; elapsed = 00:00:00 . Memory (MB): peak = 1098.750 ; gain = 0.000

Phase 1.1 IO Placement/ Clock Placement/ Build Placer Device
INFO: [Timing 38-35] Done setting XDC timing constraints.
Phase 1.1 IO Placement/ Clock Placement/ Build Placer Device | Checksum: 1260b45bc

Time (s): cpu = 00:00:01 ; elapsed = 00:00:00.956 . Memory (MB): peak = 1098.750 ; gain = 0.000

Phase 1.2 Build Placer Netlist Model
Phase 1.2 Build Placer Netlist Model | Checksum: 18c454e2c

Time (s): cpu = 00:00:01 ; elapsed = 00:00:01 . Memory (MB): peak = 1098.750 ; gain = 0.000

Phase 1.3 Constrain Clocks/Macros
Phase 1.3 Constrain Clocks/Macros | Checksum: 18c454e2c

Time (s): cpu = 00:00:01 ; elapsed = 00:00:01 . Memory (MB): peak = 1098.750 ; gain = 0.000
Phase 1 Placer Initialization | Checksum: 18c454e2c

Time (s): cpu = 00:00:01 ; elapsed = 00:00:01 . Memory (MB): peak = 1098.750 ; gain = 0.000

Phase 2 Global Placement
Phase 2 Global Placement | Checksum: 2160e9f44

Time (s): cpu = 00:00:03 ; elapsed = 00:00:02 . Memory (MB): peak = 1098.750 ; gain = 0.000

Phase 3 Detail Placement

Phase 3.1 Commit Multi Column Macros
Phase 3.1 Commit Multi Column Macros | Checksum: 2160e9f44

Time (s): cpu = 00:00:03 ; elapsed = 00:00:02 . Memory (MB): peak = 1098.750 ; gain = 0.000

Phase 3.2 Commit Most Macros & LUTRAMs
Phase 3.2 Commit Most Macros & LUTRAMs | Checksum: 155457eb5

Time (s): cpu = 00:00:03 ; elapsed = 00:00:02 . Memory (MB): peak = 1098.750 ; gain = 0.000

Phase 3.3 Area Swap Optimization
Phase 3.3 Area Swap Optimization | Checksum: 14a8d7cec

Time (s): cpu = 00:00:03 ; elapsed = 00:00:02 . Memory (MB): peak = 1098.750 ; gain = 0.000

Phase 3.4 Pipeline Register Optimization
Phase 3.4 Pipeline Register Optimization | Checksum: 14a8d7cec

Time (s): cpu = 00:00:03 ; elapsed = 00:00:02 . Memory (MB): peak = 1098.750 ; gain = 0.000

Phase 3.5 Timing Path Optimizer
Phase 3.5 Timing Path Optimizer | Checksum: 1b6cbebb1

Time (s): cpu = 00:00:03 ; elapsed = 00:00:02 . Memory (MB): peak = 1098.750 ; gain = 0.000

Phase 3.6 Fast Optimization
Phase 3.6 Fast Optimization | Checksum: 1e027b2cf

Time (s): cpu = 00:00:03 ; elapsed = 00:00:02 . Memory (MB): peak = 1098.750 ; gain = 0.000

Phase 3.7 Small Shape Detail Placement
Phase 3.7 Small Shape Detail Placement | Checksum: 2012a6c08

Time (s): cpu = 00:00:03 ; elapsed = 00:00:02 . Memory (MB): peak = 1098.750 ; gain = 0.000

Phase 3.8 Re-assign LUT pins
Phase 3.8 Re-assign LUT pins | Checksum: 18297dfa7

Time (s): cpu = 00:00:03 ; elapsed = 00:00:02 . Memory (MB): peak = 1098.750 ; gain = 0.000

Phase 3.9 Pipeline Register Optimization
Phase 3.9 Pipeline Register Optimization | Checksum: 18297dfa7

Time (s): cpu = 00:00:03 ; elapsed = 00:00:02 . Memory (MB): peak = 1098.750 ; gain = 0.000

Phase 3.10 Fast Optimization
Phase 3.10 Fast Optimization | Checksum: 299116b74

Time (s): cpu = 00:00:03 ; elapsed = 00:00:03 . Memory (MB): peak = 1098.750 ; gain = 0.000
Phase 3 Detail Placement | Checksum: 299116b74

Time (s): cpu = 00:00:03 ; elapsed = 00:00:03 . Memory (MB): peak = 1098.750 ; gain = 0.000

Phase 4 Post Placement Optimization and Clean-Up

Phase 4.1 Post Commit Optimization
INFO: [Timing 38-35] Done setting XDC timing constraints.

Phase 4.1.1 Post Placement Optimization
INFO: [Place 30-746] Post Placement Timing Summary WNS=-5.475. For the most accurate timing information please run report_timing.
Phase 4.1.1 Post Placement Optimization | Checksum: 206f1198a

Time (s): cpu = 00:00:11 ; elapsed = 00:00:10 . Memory (MB): peak = 1098.750 ; gain = 0.000
Phase 4.1 Post Commit Optimization | Checksum: 206f1198a

Time (s): cpu = 00:00:11 ; elapsed = 00:00:10 . Memory (MB): peak = 1098.750 ; gain = 0.000

Phase 4.2 Post Placement Cleanup
Phase 4.2 Post Placement Cleanup | Checksum: 206f1198a

Time (s): cpu = 00:00:11 ; elapsed = 00:00:10 . Memory (MB): peak = 1098.750 ; gain = 0.000

Phase 4.3 Placer Reporting
Phase 4.3 Placer Reporting | Checksum: 206f1198a

Time (s): cpu = 00:00:11 ; elapsed = 00:00:10 . Memory (MB): peak = 1098.750 ; gain = 0.000

Phase 4.4 Final Placement Cleanup
Phase 4.4 Final Placement Cleanup | Checksum: 212fe5240

Time (s): cpu = 00:00:11 ; elapsed = 00:00:10 . Memory (MB): peak = 1098.750 ; gain = 0.000
Phase 4 Post Placement Optimization and Clean-Up | Checksum: 212fe5240

Time (s): cpu = 00:00:11 ; elapsed = 00:00:10 . Memory (MB): peak = 1098.750 ; gain = 0.000
Ending Placer Task | Checksum: 171126a63

Time (s): cpu = 00:00:11 ; elapsed = 00:00:10 . Memory (MB): peak = 1098.750 ; gain = 0.000
INFO: [Common 17-83] Releasing license: Implementation
14 Infos, 0 Warnings, 0 Critical Warnings and 0 Errors encountered.
place_design completed successfully
place_design: Time (s): cpu = 00:00:13 ; elapsed = 00:00:11 . Memory (MB): peak = 1098.750 ; gain = 0.000
# route_design
Command: route_design
Attempting to get a license for feature 'Implementation' and/or device 'xc7a100t'
INFO: [Common 17-349] Got license for feature 'Implementation' and/or device 'xc7a100t'
Running DRC as a precondition to command route_design
INFO: [DRC 23-27] Running DRC with 2 threads
INFO: [Vivado_Tcl 4-198] DRC finished with 0 Errors
INFO: [Vivado_Tcl 4-199] Please refer to the DRC report (report_drc) for more information.


Starting Routing Task
INFO: [Route 35-254] Multithreading enabled for route_design using a maximum of 2 CPUs
Checksum: PlaceDB: ce73cb51 ConstDB: 0 ShapeSum: a29e9f12 RouteDB: 0

Phase 1 Build RT Design
Phase 1 Build RT Design | Checksum: 8f433bf4

Time (s): cpu = 00:00:30 ; elapsed = 00:00:25 . Memory (MB): peak = 1144.289 ; gain = 45.539

Phase 2 Router Initialization

Phase 2.1 Create Timer
Phase 2.1 Create Timer | Checksum: 8f433bf4

Time (s): cpu = 00:00:30 ; elapsed = 00:00:25 . Memory (MB): peak = 1144.289 ; gain = 45.539

Phase 2.2 Fix Topology Constraints
Phase 2.2 Fix Topology Constraints | Checksum: 8f433bf4

Time (s): cpu = 00:00:30 ; elapsed = 00:00:25 . Memory (MB): peak = 1144.289 ; gain = 45.539

Phase 2.3 Pre Route Cleanup
Phase 2.3 Pre Route Cleanup | Checksum: 8f433bf4

Time (s): cpu = 00:00:30 ; elapsed = 00:00:25 . Memory (MB): peak = 1144.289 ; gain = 45.539
 Number of Nodes with overlaps = 0

Phase 2.4 Update Timing
Phase 2.4 Update Timing | Checksum: 23e6a4db6

Time (s): cpu = 00:00:30 ; elapsed = 00:00:25 . Memory (MB): peak = 1155.109 ; gain = 56.359
INFO: [Route 35-416] Intermediate Timing Summary | WNS=-5.475 | TNS=-39.119| WHS=-0.191 | THS=-12.092|

Phase 2 Router Initialization | Checksum: 21676cee6

Time (s): cpu = 00:00:30 ; elapsed = 00:00:25 . Memory (MB): peak = 1155.109 ; gain = 56.359

Phase 3 Initial Routing
Phase 3 Initial Routing | Checksum: 10e67232b

Time (s): cpu = 00:00:30 ; elapsed = 00:00:25 . Memory (MB): peak = 1155.109 ; gain = 56.359

Phase 4 Rip-up And Reroute

Phase 4.1 Global Iteration 0
 Number of Nodes with overlaps = 37
 Number of Nodes with overlaps = 19
 Number of Nodes with overlaps = 5
 Number of Nodes with overlaps = 1
 Number of Nodes with overlaps = 0

Phase 4.1.1 Update Timing
Phase 4.1.1 Update Timing | Checksum: 1aec1caae

Time (s): cpu = 00:00:31 ; elapsed = 00:00:26 . Memory (MB): peak = 1155.109 ; gain = 56.359
INFO: [Route 35-416] Intermediate Timing Summary | WNS=-5.013 | TNS=-37.425| WHS=N/A    | THS=N/A    |


Phase 4.1.2 GlobIterForTiming

Phase 4.1.2.1 Update Timing
Phase 4.1.2.1 Update Timing | Checksum: 103bf4135

Time (s): cpu = 00:00:31 ; elapsed = 00:00:26 . Memory (MB): peak = 1155.109 ; gain = 56.359

Phase 4.1.2.2 Fast Budgeting
Phase 4.1.2.2 Fast Budgeting | Checksum: 167846234

Time (s): cpu = 00:00:31 ; elapsed = 00:00:26 . Memory (MB): peak = 1155.109 ; gain = 56.359
Phase 4.1.2 GlobIterForTiming | Checksum: d79b68f1

Time (s): cpu = 00:00:31 ; elapsed = 00:00:26 . Memory (MB): peak = 1155.109 ; gain = 56.359
Phase 4.1 Global Iteration 0 | Checksum: d79b68f1

Time (s): cpu = 00:00:31 ; elapsed = 00:00:26 . Memory (MB): peak = 1155.109 ; gain = 56.359

Phase 4.2 Global Iteration 1
 Number of Nodes with overlaps = 4
 Number of Nodes with overlaps = 2
 Number of Nodes with overlaps = 0

Phase 4.2.1 Update Timing
Phase 4.2.1 Update Timing | Checksum: 1db583728

Time (s): cpu = 00:00:31 ; elapsed = 00:00:26 . Memory (MB): peak = 1155.109 ; gain = 56.359
INFO: [Route 35-416] Intermediate Timing Summary | WNS=-5.013 | TNS=-36.501| WHS=N/A    | THS=N/A    |

Phase 4.2 Global Iteration 1 | Checksum: 2bc01a3e0

Time (s): cpu = 00:00:31 ; elapsed = 00:00:26 . Memory (MB): peak = 1155.109 ; gain = 56.359
Phase 4 Rip-up And Reroute | Checksum: 2bc01a3e0

Time (s): cpu = 00:00:31 ; elapsed = 00:00:26 . Memory (MB): peak = 1155.109 ; gain = 56.359

Phase 5 Delay and Skew Optimization

Phase 5.1 Delay CleanUp

Phase 5.1.1 Update Timing
Phase 5.1.1 Update Timing | Checksum: 1fbf6da8b

Time (s): cpu = 00:00:31 ; elapsed = 00:00:26 . Memory (MB): peak = 1155.109 ; gain = 56.359
INFO: [Route 35-416] Intermediate Timing Summary | WNS=-5.013 | TNS=-36.501| WHS=N/A    | THS=N/A    |

 Number of Nodes with overlaps = 0
Phase 5.1 Delay CleanUp | Checksum: 25d31de2a

Time (s): cpu = 00:00:31 ; elapsed = 00:00:26 . Memory (MB): peak = 1155.109 ; gain = 56.359

Phase 5.2 Clock Skew Optimization
Phase 5.2 Clock Skew Optimization | Checksum: 25d31de2a

Time (s): cpu = 00:00:31 ; elapsed = 00:00:26 . Memory (MB): peak = 1155.109 ; gain = 56.359
Phase 5 Delay and Skew Optimization | Checksum: 25d31de2a

Time (s): cpu = 00:00:31 ; elapsed = 00:00:26 . Memory (MB): peak = 1155.109 ; gain = 56.359

Phase 6 Post Hold Fix

Phase 6.1 Hold Fix Iter

Phase 6.1.1 Update Timing
Phase 6.1.1 Update Timing | Checksum: 23f4b0e86

Time (s): cpu = 00:00:31 ; elapsed = 00:00:26 . Memory (MB): peak = 1155.109 ; gain = 56.359
INFO: [Route 35-416] Intermediate Timing Summary | WNS=-5.013 | TNS=-36.501| WHS=-1.030 | THS=-19.450|

Phase 6.1 Hold Fix Iter | Checksum: 238846bfb

Time (s): cpu = 00:00:41 ; elapsed = 00:00:32 . Memory (MB): peak = 1478.023 ; gain = 379.273
Phase 6 Post Hold Fix | Checksum: 1d83bb1bd

Time (s): cpu = 00:00:41 ; elapsed = 00:00:32 . Memory (MB): peak = 1478.023 ; gain = 379.273

Phase 7 Route finalize

Router Utilization Summary
  Global Vertical Routing Utilization    = 0.106759 %
  Global Horizontal Routing Utilization  = 0.0799943 %
  Routable Net Status*
  *Does not include unroutable nets such as driverless and loadless.
  Run report_route_status for detailed report.
  Number of Failed Nets               = 0
  Number of Unrouted Nets             = 0
  Number of Partially Routed Nets     = 0
  Number of Node Overlaps             = 0

Congestion Report
North Dir 1x1 Area, Max Cong = 35.1351%, No Congested Regions.
South Dir 1x1 Area, Max Cong = 39.6396%, No Congested Regions.
East Dir 1x1 Area, Max Cong = 26.4706%, No Congested Regions.
West Dir 1x1 Area, Max Cong = 36.7647%, No Congested Regions.
Phase 7 Route finalize | Checksum: 1da71c9e6

Time (s): cpu = 00:00:41 ; elapsed = 00:00:32 . Memory (MB): peak = 1478.023 ; gain = 379.273

Phase 8 Verifying routed nets

 Verification completed successfully
Phase 8 Verifying routed nets | Checksum: 1da71c9e6

Time (s): cpu = 00:00:41 ; elapsed = 00:00:32 . Memory (MB): peak = 1478.023 ; gain = 379.273

Phase 9 Depositing Routes
Phase 9 Depositing Routes | Checksum: 2094c5ce7

Time (s): cpu = 00:00:41 ; elapsed = 00:00:32 . Memory (MB): peak = 1478.023 ; gain = 379.273

Phase 10 Post Router Timing

Phase 10.1 Update Timing
Phase 10.1 Update Timing | Checksum: 1f252957d

Time (s): cpu = 00:00:41 ; elapsed = 00:00:32 . Memory (MB): peak = 1478.023 ; gain = 379.273
INFO: [Route 35-57] Estimated Timing Summary | WNS=-5.013 | TNS=-36.501| WHS=0.119  | THS=0.000  |

WARNING: [Route 35-328] Router estimated timing not met.
Resolution: For a complete and accurate timing signoff, report_timing_summary must be run after route_design. Alternatively, route_design can be run with the -timing_summary option to enable a complete timing signoff at the end of route_design.
Phase 10 Post Router Timing | Checksum: 1f252957d

Time (s): cpu = 00:00:41 ; elapsed = 00:00:32 . Memory (MB): peak = 1478.023 ; gain = 379.273
INFO: [Route 35-16] Router Completed Successfully

Time (s): cpu = 00:00:41 ; elapsed = 00:00:32 . Memory (MB): peak = 1478.023 ; gain = 379.273

Routing Is Done.
INFO: [Common 17-83] Releasing license: Implementation
13 Infos, 1 Warnings, 0 Critical Warnings and 0 Errors encountered.
route_design completed successfully
route_design: Time (s): cpu = 00:00:42 ; elapsed = 00:00:33 . Memory (MB): peak = 1478.023 ; gain = 379.273
# report_timing_summary -file [file join $out timing.rpt]
INFO: [Timing 38-91] UpdateTimingParams: Speed grade: -2, Delay Type: min_max.
INFO: [Timing 38-191] Multithreading enabled for timing update using a maximum of 2 CPUs
# report_utilization -file [file join $out utilization.rpt]
report_utilization: Time (s): cpu = 00:00:00 ; elapsed = 00:00:00.051 . Memory (MB): peak = 1478.023 ; gain = 0.000
# report_drc -file [file join $out drc.rpt]
INFO: [DRC 23-27] Running DRC with 2 threads
INFO: [Coretcl 2-168] The results of DRC are in file C:/Users/narut/OneDrive/Desktop/Project/bnn/experiments/rgb_instrumented/build/drc.rpt.
# set worst [get_timing_paths -max_paths 1 -nworst 1]
# if {[llength $worst] == 0} { error "No timing path returned" }
# if {[get_property SLACK $worst] < 0} { error "Timing failure; bitstream not written" }
Timing failure; bitstream not written
    while executing
"error "Timing failure; bitstream not written" "
    invoked from within
"if {[get_property SLACK $worst] < 0} { error "Timing failure; bitstream not written" }"
    (file "C:/Users/narut/OneDrive/Desktop/Project/bnn/experiments/rgb_instrumented/hardware/build.tcl" line 22)
INFO: [Common 17-206] Exiting Vivado at Fri Sep 11 10:08:58 2026...
