Copyright 1986-2016 Xilinx, Inc. All Rights Reserved.
------------------------------------------------------------------------------------
| Tool Version : Vivado v.2016.4 (win64) Build 1756540 Mon Jan 23 19:11:23 MST 2017
| Date         : Mon Sep 07 21:30:02 2026
| Host         : kaz4n running 64-bit major release  (build 9200)
| Command      : report_timing_summary -file leakage_grey_d8_l1_timing.rpt
| Design       : cw305_leakage_grey_top
| Device       : 7a100t-ftg256
| Speed File   : -2  PRODUCTION 1.16 2016-11-09
------------------------------------------------------------------------------------

Timing Summary Report

------------------------------------------------------------------------------------------------
| Timer Settings
| --------------
------------------------------------------------------------------------------------------------

  Enable Multi Corner Analysis               :  Yes
  Enable Pessimism Removal                   :  Yes
  Pessimism Removal Resolution               :  Nearest Common Node
  Enable Input Delay Default Clock           :  No
  Enable Preset / Clear Arcs                 :  No
  Disable Flight Delays                      :  No
  Ignore I/O Paths                           :  No
  Timing Early Launch at Borrowing Latches   :  false

  Corner  Analyze    Analyze    
  Name    Max Paths  Min Paths  
  ------  ---------  ---------  
  Slow    Yes        Yes        
  Fast    Yes        Yes        



check_timing report

Table of Contents
-----------------
1. checking no_clock
2. checking constant_clock
3. checking pulse_width_clock
4. checking unconstrained_internal_endpoints
5. checking no_input_delay
6. checking no_output_delay
7. checking multiple_clock
8. checking generated_clocks
9. checking loops
10. checking partial_input_delay
11. checking partial_output_delay
12. checking latch_loops

1. checking no_clock
--------------------
 There are 0 register/latch pins with no clock.


2. checking constant_clock
--------------------------
 There are 0 register/latch pins with constant_clock.


3. checking pulse_width_clock
-----------------------------
 There are 0 register/latch pins which need pulse_width check


4. checking unconstrained_internal_endpoints
--------------------------------------------
 There are 0 pins that are not constrained for maximum delay.

 There are 0 pins that are not constrained for maximum delay due to constant clock.


5. checking no_input_delay
--------------------------
 There are 0 input ports with no input delay specified.

 There are 0 input ports with no input delay but user has a false path constraint.


6. checking no_output_delay
---------------------------
 There are 0 ports with no output delay specified.

 There are 0 ports with no output delay but user has a false path constraint

 There are 0 ports with no output delay but with a timing clock defined on it or propagating through it


7. checking multiple_clock
--------------------------
 There are 0 register/latch pins with multiple clocks.


8. checking generated_clocks
----------------------------
 There are 0 generated clocks that are not connected to a clock source.


9. checking loops
-----------------
 There are 0 combinational loops in the design.


10. checking partial_input_delay
--------------------------------
 There are 0 input ports with partial input delay specified.


11. checking partial_output_delay
---------------------------------
 There are 0 ports with partial output delay specified.


12. checking latch_loops
------------------------
 There are 0 combinational latch loops in the design through latch input



------------------------------------------------------------------------------------------------
| Design Timing Summary
| ---------------------
------------------------------------------------------------------------------------------------

    WNS(ns)      TNS(ns)  TNS Failing Endpoints  TNS Total Endpoints      WHS(ns)      THS(ns)  THS Failing Endpoints  THS Total Endpoints     WPWS(ns)     TPWS(ns)  TPWS Failing Endpoints  TPWS Total Endpoints  
    -------      -------  ---------------------  -------------------      -------      -------  ---------------------  -------------------     --------     --------  ----------------------  --------------------  
      1.312        0.000                      0                15008       -0.464       -0.464                      1                15008        4.500        0.000                       0                  6941  


Timing constraints are not met.


------------------------------------------------------------------------------------------------
| Clock Summary
| -------------
------------------------------------------------------------------------------------------------

Clock               Waveform(ns)       Period(ns)      Frequency(MHz)
-----               ------------       ----------      --------------
leakage_crypto_clk  {0.000 20.000}     40.000          25.000          
pll_clk1            {0.000 5.000}      10.000          100.000         
tio_clkin           {0.000 5.000}      10.000          100.000         
usb_clk             {0.000 5.000}      10.000          100.000         


------------------------------------------------------------------------------------------------
| Intra Clock Table
| -----------------
------------------------------------------------------------------------------------------------

Clock                   WNS(ns)      TNS(ns)  TNS Failing Endpoints  TNS Total Endpoints      WHS(ns)      THS(ns)  THS Failing Endpoints  THS Total Endpoints     WPWS(ns)     TPWS(ns)  TPWS Failing Endpoints  TPWS Total Endpoints  
-----                   -------      -------  ---------------------  -------------------      -------      -------  ---------------------  -------------------     --------     --------  ----------------------  --------------------  
leakage_crypto_clk       15.086        0.000                      0                 2219        0.121        0.000                      0                 2219       18.870        0.000                       0                   421  
pll_clk1                                                                                                                                                              8.408        0.000                       0                     1  
tio_clkin                                                                                                                                                             8.408        0.000                       0                     1  
usb_clk                   1.312        0.000                      0                12788       -0.464       -0.464                      1                12788        4.500        0.000                       0                  6518  


------------------------------------------------------------------------------------------------
| Inter Clock Table
| -----------------
------------------------------------------------------------------------------------------------

From Clock    To Clock          WNS(ns)      TNS(ns)  TNS Failing Endpoints  TNS Total Endpoints      WHS(ns)      THS(ns)  THS Failing Endpoints  THS Total Endpoints  
----------    --------          -------      -------  ---------------------  -------------------      -------      -------  ---------------------  -------------------  


------------------------------------------------------------------------------------------------
| Other Path Groups Table
| -----------------------
------------------------------------------------------------------------------------------------

Path Group         From Clock         To Clock               WNS(ns)      TNS(ns)  TNS Failing Endpoints  TNS Total Endpoints      WHS(ns)      THS(ns)  THS Failing Endpoints  THS Total Endpoints  
----------         ----------         --------               -------      -------  ---------------------  -------------------      -------      -------  ---------------------  -------------------  
**async_default**  usb_clk            usb_clk                  6.891        0.000                      0                    1        1.208        0.000                      0                    1  


------------------------------------------------------------------------------------------------
| Timing Details
| --------------
------------------------------------------------------------------------------------------------


---------------------------------------------------------------------------------------------------
From Clock:  leakage_crypto_clk
  To Clock:  leakage_crypto_clk

Setup :            0  Failing Endpoints,  Worst Slack       15.086ns,  Total Violation        0.000ns
Hold  :            0  Failing Endpoints,  Worst Slack        0.121ns,  Total Violation        0.000ns
PW    :            0  Failing Endpoints,  Worst Slack       18.870ns,  Total Violation        0.000ns
---------------------------------------------------------------------------------------------------


Max Delay Paths
--------------------------------------------------------------------------------------
Slack (MET) :             15.086ns  (required time - arrival time)
  Source:                 U_reg/U_core/col_reg[1]/C
                            (rising edge-triggered cell FDRE clocked by leakage_crypto_clk  {rise@0.000ns fall@20.000ns period=40.000ns})
  Destination:            U_reg/U_core/out_data_reg[13]/D
                            (rising edge-triggered cell FDRE clocked by leakage_crypto_clk  {rise@0.000ns fall@20.000ns period=40.000ns})
  Path Group:             leakage_crypto_clk
  Path Type:              Setup (Max at Slow Process Corner)
  Requirement:            40.000ns  (leakage_crypto_clk rise@40.000ns - leakage_crypto_clk rise@0.000ns)
  Data Path Delay:        24.761ns  (logic 4.040ns (16.316%)  route 20.721ns (83.684%))
  Logic Levels:           17  (CARRY4=6 LUT3=2 LUT4=1 LUT5=2 LUT6=4 MUXF7=2)
  Clock Path Skew:        -0.177ns (DCD - SCD + CPR)
    Destination Clock Delay (DCD):    1.255ns = ( 41.255 - 40.000 ) 
    Source Clock Delay      (SCD):    1.431ns
    Clock Pessimism Removal (CPR):    0.000ns
  Clock Uncertainty:      0.035ns  ((TSJ^2 + TIJ^2)^1/2 + DJ) / 2 + PE
    Total System Jitter     (TSJ):    0.071ns
    Total Input Jitter      (TIJ):    0.000ns
    Discrete Jitter          (DJ):    0.000ns
    Phase Error              (PE):    0.000ns

    Location             Delay type                Incr(ns)  Path(ns)    Netlist Resource(s)
  -------------------------------------------------------------------    -------------------
                         (clock leakage_crypto_clk rise edge)
                                                      0.000     0.000 r  
    BUFGCTRL_X0Y0        BUFGCTRL                     0.000     0.000 r  U_clocks/CCLK_MUX/O
                         net (fo=421, routed)         1.431     1.431    U_reg/U_core/crypto_clk
    SLICE_X75Y112        FDRE                                         r  U_reg/U_core/col_reg[1]/C
  -------------------------------------------------------------------    -------------------
    SLICE_X75Y112        FDRE (Prop_fdre_C_Q)         0.379     1.810 r  U_reg/U_core/col_reg[1]/Q
                         net (fo=6, routed)           0.247     2.057    U_reg/U_core/col[1]
    SLICE_X74Y112        CARRY4 (Prop_carry4_S[0]_O[0])
                                                      0.315     2.372 r  U_reg/U_core/leak_bank_reg[63]_i_24/O[0]
                         net (fo=3807, routed)        7.109     9.480    U_reg/U_core/win_base[1]
    SLICE_X59Y59         LUT4 (Prop_lut4_I1_O)        0.238     9.718 r  U_reg/U_core/leak_bank[39]_i_13/O
                         net (fo=392, routed)         7.272    16.991    U_reg/U_core/leak_bank[39]_i_13_n_0
    SLICE_X32Y119        LUT6 (Prop_lut6_I2_O)        0.105    17.096 r  U_reg/U_core/leak_bank[32]_i_89/O
                         net (fo=1, routed)           0.000    17.096    U_reg/U_core/leak_bank[32]_i_89_n_0
    SLICE_X32Y119        MUXF7 (Prop_muxf7_I1_O)      0.182    17.278 r  U_reg/U_core/leak_bank_reg[32]_i_41/O
                         net (fo=1, routed)           1.777    19.055    U_reg/U_core/leak_bank_reg[32]_i_41_n_0
    SLICE_X70Y115        LUT6 (Prop_lut6_I3_O)        0.252    19.307 r  U_reg/U_core/leak_bank[32]_i_15/O
                         net (fo=1, routed)           0.000    19.307    U_reg/U_core/leak_bank[32]_i_15_n_0
    SLICE_X70Y115        MUXF7 (Prop_muxf7_I1_O)      0.178    19.485 r  U_reg/U_core/leak_bank_reg[32]_i_8/O
                         net (fo=1, routed)           0.979    20.464    U_reg/U_core/leak_bank_reg[32]_i_8_n_0
    SLICE_X70Y95         LUT3 (Prop_lut3_I1_O)        0.241    20.705 r  U_reg/U_core/leak_bank[32]_i_4/O
                         net (fo=3, routed)           1.188    21.893    U_reg/U_core/leak_bank[32]_i_4_n_0
    SLICE_X65Y80         LUT6 (Prop_lut6_I2_O)        0.105    21.998 r  U_reg/U_core/out_data[7]_i_23/O
                         net (fo=2, routed)           0.252    22.250    U_reg/U_core/out_data[7]_i_23_n_0
    SLICE_X63Y80         LUT5 (Prop_lut5_I4_O)        0.105    22.355 r  U_reg/U_core/out_data[7]_i_26/O
                         net (fo=1, routed)           0.000    22.355    U_reg/U_core/out_data[7]_i_26_n_0
    SLICE_X63Y80         CARRY4 (Prop_carry4_S[1]_O[2])
                                                      0.481    22.836 r  U_reg/U_core/out_data_reg[7]_i_12/O[2]
                         net (fo=2, routed)           0.608    23.443    U_reg/U_core/out_data_reg[7]_i_12_n_5
    SLICE_X62Y77         LUT3 (Prop_lut3_I0_O)        0.275    23.718 r  U_reg/U_core/out_data[3]_i_11/O
                         net (fo=3, routed)           0.736    24.454    U_reg/U_core/out_data[3]_i_11_n_0
    SLICE_X60Y80         LUT5 (Prop_lut5_I4_O)        0.286    24.740 r  U_reg/U_core/out_data[3]_i_2/O
                         net (fo=2, routed)           0.554    25.294    U_reg/U_core/out_data[3]_i_2_n_0
    SLICE_X61Y80         LUT6 (Prop_lut6_I3_O)        0.105    25.399 r  U_reg/U_core/out_data[3]_i_6/O
                         net (fo=1, routed)           0.000    25.399    U_reg/U_core/out_data[3]_i_6_n_0
    SLICE_X61Y80         CARRY4 (Prop_carry4_S[3]_CO[3])
                                                      0.332    25.731 r  U_reg/U_core/out_data_reg[3]_i_1/CO[3]
                         net (fo=1, routed)           0.000    25.731    U_reg/U_core/out_data_reg[3]_i_1_n_0
    SLICE_X61Y81         CARRY4 (Prop_carry4_CI_CO[3])
                                                      0.098    25.829 r  U_reg/U_core/out_data_reg[7]_i_1/CO[3]
                         net (fo=1, routed)           0.000    25.829    U_reg/U_core/out_data_reg[7]_i_1_n_0
    SLICE_X61Y82         CARRY4 (Prop_carry4_CI_CO[3])
                                                      0.098    25.927 r  U_reg/U_core/out_data_reg[11]_i_1/CO[3]
                         net (fo=1, routed)           0.000    25.927    U_reg/U_core/out_data_reg[11]_i_1_n_0
    SLICE_X61Y83         CARRY4 (Prop_carry4_CI_O[1])
                                                      0.265    26.192 r  U_reg/U_core/out_data_reg[15]_i_2/O[1]
                         net (fo=1, routed)           0.000    26.192    U_reg/U_core/conv_value[13]
    SLICE_X61Y83         FDRE                                         r  U_reg/U_core/out_data_reg[13]/D
  -------------------------------------------------------------------    -------------------

                         (clock leakage_crypto_clk rise edge)
                                                     40.000    40.000 r  
    BUFGCTRL_X0Y0        BUFGCTRL                     0.000    40.000 r  U_clocks/CCLK_MUX/O
                         net (fo=421, routed)         1.255    41.255    U_reg/U_core/crypto_clk
    SLICE_X61Y83         FDRE                                         r  U_reg/U_core/out_data_reg[13]/C
                         clock pessimism              0.000    41.255    
                         clock uncertainty           -0.035    41.219    
    SLICE_X61Y83         FDRE (Setup_fdre_C_D)        0.059    41.278    U_reg/U_core/out_data_reg[13]
  -------------------------------------------------------------------
                         required time                         41.278    
                         arrival time                         -26.192    
  -------------------------------------------------------------------
                         slack                                 15.086    





Min Delay Paths
--------------------------------------------------------------------------------------
Slack (MET) :             0.121ns  (arrival time - required time)
  Source:                 U_reg/U_go/sync_reg[0]/C
                            (rising edge-triggered cell FDCE clocked by leakage_crypto_clk  {rise@0.000ns fall@20.000ns period=40.000ns})
  Destination:            U_reg/U_go/sync_reg[1]/D
                            (rising edge-triggered cell FDCE clocked by leakage_crypto_clk  {rise@0.000ns fall@20.000ns period=40.000ns})
  Path Group:             leakage_crypto_clk
  Path Type:              Hold (Min at Fast Process Corner)
  Requirement:            0.000ns  (leakage_crypto_clk rise@0.000ns - leakage_crypto_clk rise@0.000ns)
  Data Path Delay:        0.196ns  (logic 0.141ns (71.838%)  route 0.055ns (28.162%))
  Logic Levels:           0  
  Clock Path Skew:        0.000ns (DCD - SCD - CPR)
    Destination Clock Delay (DCD):    0.855ns
    Source Clock Delay      (SCD):    0.585ns
    Clock Pessimism Removal (CPR):    0.271ns

    Location             Delay type                Incr(ns)  Path(ns)    Netlist Resource(s)
  -------------------------------------------------------------------    -------------------
                         (clock leakage_crypto_clk rise edge)
                                                      0.000     0.000 r  
    BUFGCTRL_X0Y0        BUFGCTRL                     0.000     0.000 r  U_clocks/CCLK_MUX/O
                         net (fo=421, routed)         0.585     0.585    U_reg/U_go/crypto_clk
    SLICE_X75Y119        FDCE                                         r  U_reg/U_go/sync_reg[0]/C
  -------------------------------------------------------------------    -------------------
    SLICE_X75Y119        FDCE (Prop_fdce_C_Q)         0.141     0.726 r  U_reg/U_go/sync_reg[0]/Q
                         net (fo=1, routed)           0.055     0.781    U_reg/U_go/sync[0]
    SLICE_X75Y119        FDCE                                         r  U_reg/U_go/sync_reg[1]/D
  -------------------------------------------------------------------    -------------------

                         (clock leakage_crypto_clk rise edge)
                                                      0.000     0.000 r  
    BUFGCTRL_X0Y0        BUFGCTRL                     0.000     0.000 r  U_clocks/CCLK_MUX/O
                         net (fo=421, routed)         0.855     0.855    U_reg/U_go/crypto_clk
    SLICE_X75Y119        FDCE                                         r  U_reg/U_go/sync_reg[1]/C
                         clock pessimism             -0.271     0.585    
    SLICE_X75Y119        FDCE (Hold_fdce_C_D)         0.075     0.660    U_reg/U_go/sync_reg[1]
  -------------------------------------------------------------------
                         required time                         -0.660    
                         arrival time                           0.781    
  -------------------------------------------------------------------
                         slack                                  0.121    





Pulse Width Checks
--------------------------------------------------------------------------------------
Clock Name:         leakage_crypto_clk
Waveform(ns):       { 0.000 20.000 }
Period(ns):         40.000
Sources:            { U_clocks/CCLK_MUX/O }

Check Type        Corner  Lib Pin      Reference Pin  Required(ns)  Actual(ns)  Slack(ns)  Location       Pin
Min Period        n/a     ODDR/C       n/a            1.474         40.000      38.526     OLOGIC_X0Y86   U_clocks/CWOUT_ODDR/C
Low Pulse Width   Slow    RAMD64E/CLK  n/a            1.130         20.000      18.870     SLICE_X62Y108  U_reg/out_mem_reg_0_63_6_8/RAMB/CLK
High Pulse Width  Slow    RAMD64E/CLK  n/a            1.130         20.000      18.870     SLICE_X62Y108  U_reg/out_mem_reg_0_63_6_8/RAMB/CLK



---------------------------------------------------------------------------------------------------
From Clock:  pll_clk1
  To Clock:  pll_clk1

Setup :           NA  Failing Endpoints,  Worst Slack           NA  ,  Total Violation           NA
Hold  :           NA  Failing Endpoints,  Worst Slack           NA  ,  Total Violation           NA
PW    :            0  Failing Endpoints,  Worst Slack        8.408ns,  Total Violation        0.000ns
---------------------------------------------------------------------------------------------------


Pulse Width Checks
--------------------------------------------------------------------------------------
Clock Name:         pll_clk1
Waveform(ns):       { 0.000 5.000 }
Period(ns):         10.000
Sources:            { pll_clk1 }

Check Type  Corner  Lib Pin      Reference Pin  Required(ns)  Actual(ns)  Slack(ns)  Location       Pin
Min Period  n/a     BUFGCTRL/I0  n/a            1.592         10.000      8.408      BUFGCTRL_X0Y0  U_clocks/CCLK_MUX/I0



---------------------------------------------------------------------------------------------------
From Clock:  tio_clkin
  To Clock:  tio_clkin

Setup :           NA  Failing Endpoints,  Worst Slack           NA  ,  Total Violation           NA
Hold  :           NA  Failing Endpoints,  Worst Slack           NA  ,  Total Violation           NA
PW    :            0  Failing Endpoints,  Worst Slack        8.408ns,  Total Violation        0.000ns
---------------------------------------------------------------------------------------------------


Pulse Width Checks
--------------------------------------------------------------------------------------
Clock Name:         tio_clkin
Waveform(ns):       { 0.000 5.000 }
Period(ns):         10.000
Sources:            { tio_clkin }

Check Type  Corner  Lib Pin      Reference Pin  Required(ns)  Actual(ns)  Slack(ns)  Location       Pin
Min Period  n/a     BUFGCTRL/I1  n/a            1.592         10.000      8.408      BUFGCTRL_X0Y0  U_clocks/CCLK_MUX/I1



---------------------------------------------------------------------------------------------------
From Clock:  usb_clk
  To Clock:  usb_clk

Setup :            0  Failing Endpoints,  Worst Slack        1.312ns,  Total Violation        0.000ns
Hold  :            1  Failing Endpoint ,  Worst Slack       -0.464ns,  Total Violation       -0.464ns
PW    :            0  Failing Endpoints,  Worst Slack        4.500ns,  Total Violation        0.000ns
---------------------------------------------------------------------------------------------------


Max Delay Paths
--------------------------------------------------------------------------------------
Slack (MET) :             1.312ns  (required time - arrival time)
  Source:                 U_usb_reg_fe/usb_addr_r_reg[3]_rep/C
                            (rising edge-triggered cell FDRE clocked by usb_clk  {rise@0.000ns fall@5.000ns period=10.000ns})
  Destination:            U_reg/read_data_reg[1]/D
                            (rising edge-triggered cell FDRE clocked by usb_clk  {rise@0.000ns fall@5.000ns period=10.000ns})
  Path Group:             usb_clk
  Path Type:              Setup (Max at Slow Process Corner)
  Requirement:            10.000ns  (usb_clk rise@10.000ns - usb_clk rise@0.000ns)
  Data Path Delay:        8.636ns  (logic 1.514ns (17.532%)  route 7.122ns (82.468%))
  Logic Levels:           6  (LUT6=3 MUXF7=1 MUXF8=2)
  Clock Path Skew:        -0.050ns (DCD - SCD + CPR)
    Destination Clock Delay (DCD):    4.352ns = ( 14.352 - 10.000 ) 
    Source Clock Delay      (SCD):    4.625ns
    Clock Pessimism Removal (CPR):    0.224ns
  Clock Uncertainty:      0.035ns  ((TSJ^2 + TIJ^2)^1/2 + DJ) / 2 + PE
    Total System Jitter     (TSJ):    0.071ns
    Total Input Jitter      (TIJ):    0.000ns
    Discrete Jitter          (DJ):    0.000ns
    Phase Error              (PE):    0.000ns

    Location             Delay type                Incr(ns)  Path(ns)    Netlist Resource(s)
  -------------------------------------------------------------------    -------------------
                         (clock usb_clk rise edge)    0.000     0.000 r  
    F5                                                0.000     0.000 r  usb_clk (IN)
                         net (fo=0)                   0.000     0.000    U_clocks/usb_clk
    F5                   IBUF (Prop_ibuf_I_O)         1.392     1.392 r  U_clocks/clkibuf/O
                         net (fo=1, routed)           1.717     3.109    U_clocks/usb_clk_bufg
    BUFGCTRL_X0Y16       BUFG (Prop_bufg_I_O)         0.081     3.190 r  U_clocks/clkbuf/O
                         net (fo=6517, routed)        1.435     4.625    U_usb_reg_fe/usb_clk_buf
    SLICE_X81Y110        FDRE                                         r  U_usb_reg_fe/usb_addr_r_reg[3]_rep/C
  -------------------------------------------------------------------    -------------------
    SLICE_X81Y110        FDRE (Prop_fdre_C_Q)         0.379     5.004 r  U_usb_reg_fe/usb_addr_r_reg[3]_rep/Q
                         net (fo=102, routed)         3.054     8.058    U_reg/usb_addr_r_reg[3]_rep
    SLICE_X41Y31         MUXF8 (Prop_muxf8_S_O)       0.224     8.282 r  U_reg/read_data_reg[1]_i_61/O
                         net (fo=1, routed)           1.271     9.553    U_reg/read_data_reg[1]_i_61_n_0
    SLICE_X60Y37         LUT6 (Prop_lut6_I0_O)        0.264     9.817 r  U_reg/read_data[1]_i_33/O
                         net (fo=1, routed)           0.000     9.817    U_reg/read_data[1]_i_33_n_0
    SLICE_X60Y37         MUXF7 (Prop_muxf7_I0_O)      0.201    10.018 r  U_reg/read_data_reg[1]_i_15/O
                         net (fo=1, routed)           0.000    10.018    U_reg/read_data_reg[1]_i_15_n_0
    SLICE_X60Y37         MUXF8 (Prop_muxf8_I0_O)      0.082    10.100 r  U_reg/read_data_reg[1]_i_6/O
                         net (fo=1, routed)           1.542    11.642    U_reg/read_data_reg[1]_i_6_n_0
    SLICE_X67Y74         LUT6 (Prop_lut6_I3_O)        0.259    11.901 r  U_reg/read_data[1]_i_2/O
                         net (fo=1, routed)           1.255    13.156    U_reg/read_data[1]_i_2_n_0
    SLICE_X72Y105        LUT6 (Prop_lut6_I2_O)        0.105    13.261 r  U_reg/read_data[1]_i_1/O
                         net (fo=1, routed)           0.000    13.261    U_reg/read_data2_out[1]
    SLICE_X72Y105        FDRE                                         r  U_reg/read_data_reg[1]/D
  -------------------------------------------------------------------    -------------------

                         (clock usb_clk rise edge)   10.000    10.000 r  
    F5                                                0.000    10.000 r  usb_clk (IN)
                         net (fo=0)                   0.000    10.000    U_clocks/usb_clk
    F5                   IBUF (Prop_ibuf_I_O)         1.326    11.326 r  U_clocks/clkibuf/O
                         net (fo=1, routed)           1.628    12.954    U_clocks/usb_clk_bufg
    BUFGCTRL_X0Y16       BUFG (Prop_bufg_I_O)         0.077    13.031 r  U_clocks/clkbuf/O
                         net (fo=6517, routed)        1.320    14.352    U_reg/usb_clk_buf
    SLICE_X72Y105        FDRE                                         r  U_reg/read_data_reg[1]/C
                         clock pessimism              0.224    14.575    
                         clock uncertainty           -0.035    14.540    
    SLICE_X72Y105        FDRE (Setup_fdre_C_D)        0.033    14.573    U_reg/read_data_reg[1]
  -------------------------------------------------------------------
                         required time                         14.573    
                         arrival time                         -13.261    
  -------------------------------------------------------------------
                         slack                                  1.312    





Min Delay Paths
--------------------------------------------------------------------------------------
Slack (VIOLATED) :        -0.464ns  (arrival time - required time)
  Source:                 usb_addr[3]
                            (input port clocked by usb_clk  {rise@0.000ns fall@5.000ns period=10.000ns})
  Destination:            U_usb_reg_fe/usb_addr_r_reg[3]_rep__4/D
                            (rising edge-triggered cell FDRE clocked by usb_clk  {rise@0.000ns fall@5.000ns period=10.000ns})
  Path Group:             usb_clk
  Path Type:              Hold (Min at Slow Process Corner)
  Requirement:            0.000ns  (usb_clk rise@0.000ns - usb_clk rise@0.000ns)
  Data Path Delay:        2.346ns  (logic 1.335ns (56.903%)  route 1.011ns (43.097%))
  Logic Levels:           1  (IBUF=1)
  Input Delay:            2.000ns
  Clock Path Skew:        4.627ns (DCD - SCD - CPR)
    Destination Clock Delay (DCD):    4.627ns
    Source Clock Delay      (SCD):    0.000ns
    Clock Pessimism Removal (CPR):    -0.000ns
  Clock Uncertainty:      0.035ns  ((TSJ^2 + TIJ^2)^1/2 + DJ) / 2 + PE
    Total System Jitter     (TSJ):    0.071ns
    Total Input Jitter      (TIJ):    0.000ns
    Discrete Jitter          (DJ):    0.000ns
    Phase Error              (PE):    0.000ns

    Location             Delay type                Incr(ns)  Path(ns)    Netlist Resource(s)
  -------------------------------------------------------------------    -------------------
                         (clock usb_clk rise edge)    0.000     0.000 r  
                         input delay                  2.000     2.000    
    H1                                                0.000     2.000 r  usb_addr[3] (IN)
                         net (fo=0)                   0.000     2.000    usb_addr[3]
    H1                   IBUF (Prop_ibuf_I_O)         1.335     3.335 r  usb_addr_IBUF[3]_inst/O
                         net (fo=8, routed)           1.011     4.346    U_usb_reg_fe/usb_addr[20][3]
    SLICE_X81Y106        FDRE                                         r  U_usb_reg_fe/usb_addr_r_reg[3]_rep__4/D
  -------------------------------------------------------------------    -------------------

                         (clock usb_clk rise edge)    0.000     0.000 r  
    F5                                                0.000     0.000 r  usb_clk (IN)
                         net (fo=0)                   0.000     0.000    U_clocks/usb_clk
    F5                   IBUF (Prop_ibuf_I_O)         1.392     1.392 r  U_clocks/clkibuf/O
                         net (fo=1, routed)           1.717     3.109    U_clocks/usb_clk_bufg
    BUFGCTRL_X0Y16       BUFG (Prop_bufg_I_O)         0.081     3.190 r  U_clocks/clkbuf/O
                         net (fo=6517, routed)        1.437     4.627    U_usb_reg_fe/usb_clk_buf
    SLICE_X81Y106        FDRE                                         r  U_usb_reg_fe/usb_addr_r_reg[3]_rep__4/C
                         clock pessimism              0.000     4.627    
                         clock uncertainty            0.035     4.663    
    SLICE_X81Y106        FDRE (Hold_fdre_C_D)         0.148     4.811    U_usb_reg_fe/usb_addr_r_reg[3]_rep__4
  -------------------------------------------------------------------
                         required time                         -4.811    
                         arrival time                           4.346    
  -------------------------------------------------------------------
                         slack                                 -0.464    





Pulse Width Checks
--------------------------------------------------------------------------------------
Clock Name:         usb_clk
Waveform(ns):       { 0.000 5.000 }
Period(ns):         10.000
Sources:            { usb_clk }

Check Type        Corner  Lib Pin  Reference Pin  Required(ns)  Actual(ns)  Slack(ns)  Location        Pin
Min Period        n/a     BUFG/I   n/a            1.592         10.000      8.408      BUFGCTRL_X0Y16  U_clocks/clkbuf/I
Low Pulse Width   Slow    FDRE/C   n/a            0.500         5.000       4.500      SLICE_X88Y113   U_reg/image_mem_reg[524][0]/C
High Pulse Width  Fast    FDRE/C   n/a            0.500         5.000       4.500      SLICE_X39Y41    U_reg/image_mem_reg[211][1]/C



---------------------------------------------------------------------------------------------------
Path Group:  **async_default**
From Clock:  usb_clk
  To Clock:  usb_clk

Setup :            0  Failing Endpoints,  Worst Slack        6.891ns,  Total Violation        0.000ns
Hold  :            0  Failing Endpoints,  Worst Slack        1.208ns,  Total Violation        0.000ns
---------------------------------------------------------------------------------------------------


Max Delay Paths
--------------------------------------------------------------------------------------
Slack (MET) :             6.891ns  (required time - arrival time)
  Source:                 pushbutton
                            (input port clocked by usb_clk  {rise@0.000ns fall@5.000ns period=10.000ns})
  Destination:            U_reg/U_go/src_tog_reg/CLR
                            (recovery check against rising-edge clock usb_clk  {rise@0.000ns fall@5.000ns period=10.000ns})
  Path Group:             **async_default**
  Path Type:              Recovery (Max at Slow Process Corner)
  Requirement:            10.000ns  (usb_clk rise@10.000ns - usb_clk rise@0.000ns)
  Data Path Delay:        6.587ns  (logic 1.537ns (23.334%)  route 5.050ns (76.666%))
  Logic Levels:           2  (IBUF=1 LUT1=1)
  Input Delay:            0.500ns
  Clock Path Skew:        4.345ns (DCD - SCD + CPR)
    Destination Clock Delay (DCD):    4.345ns = ( 14.345 - 10.000 ) 
    Source Clock Delay      (SCD):    0.000ns
    Clock Pessimism Removal (CPR):    0.000ns
  Clock Uncertainty:      0.035ns  ((TSJ^2 + TIJ^2)^1/2 + DJ) / 2 + PE
    Total System Jitter     (TSJ):    0.071ns
    Total Input Jitter      (TIJ):    0.000ns
    Discrete Jitter          (DJ):    0.000ns
    Phase Error              (PE):    0.000ns

    Location             Delay type                Incr(ns)  Path(ns)    Netlist Resource(s)
  -------------------------------------------------------------------    -------------------
                         (clock usb_clk rise edge)    0.000     0.000 r  
                         input delay                  0.500     0.500    
    R1                                                0.000     0.500 r  pushbutton (IN)
                         net (fo=0)                   0.000     0.500    pushbutton
    R1                   IBUF (Prop_ibuf_I_O)         1.432     1.932 r  pushbutton_IBUF_inst/O
                         net (fo=60, routed)          4.236     6.168    U_reg/U_core/pushbutton_IBUF
    SLICE_X79Y119        LUT1 (Prop_lut1_I0_O)        0.105     6.273 f  U_reg/U_core/go_count_usb[7]_i_1/O
                         net (fo=101, routed)         0.814     7.087    U_reg/U_go/SR[0]
    SLICE_X77Y119        FDCE                                         f  U_reg/U_go/src_tog_reg/CLR
  -------------------------------------------------------------------    -------------------

                         (clock usb_clk rise edge)   10.000    10.000 r  
    F5                                                0.000    10.000 r  usb_clk (IN)
                         net (fo=0)                   0.000    10.000    U_clocks/usb_clk
    F5                   IBUF (Prop_ibuf_I_O)         1.326    11.326 r  U_clocks/clkibuf/O
                         net (fo=1, routed)           1.628    12.954    U_clocks/usb_clk_bufg
    BUFGCTRL_X0Y16       BUFG (Prop_bufg_I_O)         0.077    13.031 r  U_clocks/clkbuf/O
                         net (fo=6517, routed)        1.313    14.345    U_reg/U_go/usb_clk_buf
    SLICE_X77Y119        FDCE                                         r  U_reg/U_go/src_tog_reg/C
                         clock pessimism              0.000    14.345    
                         clock uncertainty           -0.035    14.309    
    SLICE_X77Y119        FDCE (Recov_fdce_C_CLR)     -0.331    13.978    U_reg/U_go/src_tog_reg
  -------------------------------------------------------------------
                         required time                         13.978    
                         arrival time                          -7.087    
  -------------------------------------------------------------------
                         slack                                  6.891    





Min Delay Paths
--------------------------------------------------------------------------------------
Slack (MET) :             1.208ns  (arrival time - required time)
  Source:                 pushbutton
                            (input port clocked by usb_clk  {rise@0.000ns fall@5.000ns period=10.000ns})
  Destination:            U_reg/U_go/src_tog_reg/CLR
                            (removal check against rising-edge clock usb_clk  {rise@0.000ns fall@5.000ns period=10.000ns})
  Path Group:             **async_default**
  Path Type:              Removal (Min at Fast Process Corner)
  Requirement:            0.000ns  (usb_clk rise@0.000ns - usb_clk rise@0.000ns)
  Data Path Delay:        2.649ns  (logic 0.314ns (11.842%)  route 2.335ns (88.158%))
  Logic Levels:           2  (IBUF=1 LUT1=1)
  Input Delay:            0.500ns
  Clock Path Skew:        1.998ns (DCD - SCD - CPR)
    Destination Clock Delay (DCD):    1.998ns
    Source Clock Delay      (SCD):    0.000ns
    Clock Pessimism Removal (CPR):    -0.000ns
  Clock Uncertainty:      0.035ns  ((TSJ^2 + TIJ^2)^1/2 + DJ) / 2 + PE
    Total System Jitter     (TSJ):    0.071ns
    Total Input Jitter      (TIJ):    0.000ns
    Discrete Jitter          (DJ):    0.000ns
    Phase Error              (PE):    0.000ns

    Location             Delay type                Incr(ns)  Path(ns)    Netlist Resource(s)
  -------------------------------------------------------------------    -------------------
                         (clock usb_clk rise edge)    0.000     0.000 r  
                         input delay                  0.500     0.500    
    R1                                                0.000     0.500 r  pushbutton (IN)
                         net (fo=0)                   0.000     0.500    pushbutton
    R1                   IBUF (Prop_ibuf_I_O)         0.269     0.769 r  pushbutton_IBUF_inst/O
                         net (fo=60, routed)          1.969     2.738    U_reg/U_core/pushbutton_IBUF
    SLICE_X79Y119        LUT1 (Prop_lut1_I0_O)        0.045     2.783 f  U_reg/U_core/go_count_usb[7]_i_1/O
                         net (fo=101, routed)         0.366     3.149    U_reg/U_go/SR[0]
    SLICE_X77Y119        FDCE                                         f  U_reg/U_go/src_tog_reg/CLR
  -------------------------------------------------------------------    -------------------

                         (clock usb_clk rise edge)    0.000     0.000 r  
    F5                                                0.000     0.000 r  usb_clk (IN)
                         net (fo=0)                   0.000     0.000    U_clocks/usb_clk
    F5                   IBUF (Prop_ibuf_I_O)         0.417     0.417 r  U_clocks/clkibuf/O
                         net (fo=1, routed)           0.699     1.115    U_clocks/usb_clk_bufg
    BUFGCTRL_X0Y16       BUFG (Prop_bufg_I_O)         0.029     1.144 r  U_clocks/clkbuf/O
                         net (fo=6517, routed)        0.854     1.998    U_reg/U_go/usb_clk_buf
    SLICE_X77Y119        FDCE                                         r  U_reg/U_go/src_tog_reg/C
                         clock pessimism              0.000     1.998    
                         clock uncertainty            0.035     2.033    
    SLICE_X77Y119        FDCE (Remov_fdce_C_CLR)     -0.092     1.941    U_reg/U_go/src_tog_reg
  -------------------------------------------------------------------
                         required time                         -1.941    
                         arrival time                           3.149    
  -------------------------------------------------------------------
                         slack                                  1.208    





