Copyright 1986-2016 Xilinx, Inc. All Rights Reserved.
------------------------------------------------------------------------------------
| Tool Version : Vivado v.2016.4 (win64) Build 1756540 Mon Jan 23 19:11:23 MST 2017
| Date         : Wed Sep 09 07:02:43 2026
| Host         : kaz4n running 64-bit major release  (build 9200)
| Command      : report_timing_summary -file leakage_greynoamp_d2_timing.rpt
| Design       : cw305_leakage_grey_top
| Device       : 7a100t-ftg256
| Speed File   : -2  PRODUCTION 1.16 2016-11-09
------------------------------------------------------------------------------------

Timing Summary Report

------------------------------------------------------------------------------------------------
| Timer Settings
| --------------
------------------------------------------------------------------------------------------------

  Enable Multi Corner Analysis               :  Yes
  Enable Pessimism Removal                   :  Yes
  Pessimism Removal Resolution               :  Nearest Common Node
  Enable Input Delay Default Clock           :  No
  Enable Preset / Clear Arcs                 :  No
  Disable Flight Delays                      :  No
  Ignore I/O Paths                           :  No
  Timing Early Launch at Borrowing Latches   :  false

  Corner  Analyze    Analyze    
  Name    Max Paths  Min Paths  
  ------  ---------  ---------  
  Slow    Yes        Yes        
  Fast    Yes        Yes        



check_timing report

Table of Contents
-----------------
1. checking no_clock
2. checking constant_clock
3. checking pulse_width_clock
4. checking unconstrained_internal_endpoints
5. checking no_input_delay
6. checking no_output_delay
7. checking multiple_clock
8. checking generated_clocks
9. checking loops
10. checking partial_input_delay
11. checking partial_output_delay
12. checking latch_loops

1. checking no_clock
--------------------
 There are 0 register/latch pins with no clock.


2. checking constant_clock
--------------------------
 There are 0 register/latch pins with constant_clock.


3. checking pulse_width_clock
-----------------------------
 There are 0 register/latch pins which need pulse_width check


4. checking unconstrained_internal_endpoints
--------------------------------------------
 There are 0 pins that are not constrained for maximum delay.

 There are 0 pins that are not constrained for maximum delay due to constant clock.


5. checking no_input_delay
--------------------------
 There are 0 input ports with no input delay specified.

 There are 0 input ports with no input delay but user has a false path constraint.


6. checking no_output_delay
---------------------------
 There are 0 ports with no output delay specified.

 There are 0 ports with no output delay but user has a false path constraint

 There are 0 ports with no output delay but with a timing clock defined on it or propagating through it


7. checking multiple_clock
--------------------------
 There are 0 register/latch pins with multiple clocks.


8. checking generated_clocks
----------------------------
 There are 0 generated clocks that are not connected to a clock source.


9. checking loops
-----------------
 There are 0 combinational loops in the design.


10. checking partial_input_delay
--------------------------------
 There are 0 input ports with partial input delay specified.


11. checking partial_output_delay
---------------------------------
 There are 0 ports with partial output delay specified.


12. checking latch_loops
------------------------
 There are 0 combinational latch loops in the design through latch input



------------------------------------------------------------------------------------------------
| Design Timing Summary
| ---------------------
------------------------------------------------------------------------------------------------

    WNS(ns)      TNS(ns)  TNS Failing Endpoints  TNS Total Endpoints      WHS(ns)      THS(ns)  THS Failing Endpoints  THS Total Endpoints     WPWS(ns)     TPWS(ns)  TPWS Failing Endpoints  TPWS Total Endpoints  
    -------      -------  ---------------------  -------------------      -------      -------  ---------------------  -------------------     --------     --------  ----------------------  --------------------  
      1.195        0.000                      0                14863        0.069        0.000                      0                14863        4.500        0.000                       0                  6868  


All user specified timing constraints are met.


------------------------------------------------------------------------------------------------
| Clock Summary
| -------------
------------------------------------------------------------------------------------------------

Clock               Waveform(ns)       Period(ns)      Frequency(MHz)
-----               ------------       ----------      --------------
leakage_crypto_clk  {0.000 20.000}     40.000          25.000          
pll_clk1            {0.000 5.000}      10.000          100.000         
tio_clkin           {0.000 5.000}      10.000          100.000         
usb_clk             {0.000 5.000}      10.000          100.000         


------------------------------------------------------------------------------------------------
| Intra Clock Table
| -----------------
------------------------------------------------------------------------------------------------

Clock                   WNS(ns)      TNS(ns)  TNS Failing Endpoints  TNS Total Endpoints      WHS(ns)      THS(ns)  THS Failing Endpoints  THS Total Endpoints     WPWS(ns)     TPWS(ns)  TPWS Failing Endpoints  TPWS Total Endpoints  
-----                   -------      -------  ---------------------  -------------------      -------      -------  ---------------------  -------------------     --------     --------  ----------------------  --------------------  
leakage_crypto_clk       15.925        0.000                      0                 2074        0.084        0.000                      0                 2074       18.870        0.000                       0                   348  
pll_clk1                                                                                                                                                              8.408        0.000                       0                     1  
tio_clkin                                                                                                                                                             8.408        0.000                       0                     1  
usb_clk                   1.195        0.000                      0                12788        0.069        0.000                      0                12788        4.500        0.000                       0                  6518  


------------------------------------------------------------------------------------------------
| Inter Clock Table
| -----------------
------------------------------------------------------------------------------------------------

From Clock    To Clock          WNS(ns)      TNS(ns)  TNS Failing Endpoints  TNS Total Endpoints      WHS(ns)      THS(ns)  THS Failing Endpoints  THS Total Endpoints  
----------    --------          -------      -------  ---------------------  -------------------      -------      -------  ---------------------  -------------------  


------------------------------------------------------------------------------------------------
| Other Path Groups Table
| -----------------------
------------------------------------------------------------------------------------------------

Path Group         From Clock         To Clock               WNS(ns)      TNS(ns)  TNS Failing Endpoints  TNS Total Endpoints      WHS(ns)      THS(ns)  THS Failing Endpoints  THS Total Endpoints  
----------         ----------         --------               -------      -------  ---------------------  -------------------      -------      -------  ---------------------  -------------------  
**async_default**  usb_clk            usb_clk                  6.370        0.000                      0                    1        1.632        0.000                      0                    1  


------------------------------------------------------------------------------------------------
| Timing Details
| --------------
------------------------------------------------------------------------------------------------


---------------------------------------------------------------------------------------------------
From Clock:  leakage_crypto_clk
  To Clock:  leakage_crypto_clk

Setup :            0  Failing Endpoints,  Worst Slack       15.925ns,  Total Violation        0.000ns
Hold  :            0  Failing Endpoints,  Worst Slack        0.084ns,  Total Violation        0.000ns
PW    :            0  Failing Endpoints,  Worst Slack       18.870ns,  Total Violation        0.000ns
---------------------------------------------------------------------------------------------------


Max Delay Paths
--------------------------------------------------------------------------------------
Slack (MET) :             15.925ns  (required time - arrival time)
  Source:                 U_reg/U_core/row_reg[2]/C
                            (rising edge-triggered cell FDRE clocked by leakage_crypto_clk  {rise@0.000ns fall@20.000ns period=40.000ns})
  Destination:            U_reg/U_core/leak_reg_reg/D
                            (rising edge-triggered cell FDRE clocked by leakage_crypto_clk  {rise@0.000ns fall@20.000ns period=40.000ns})
  Path Group:             leakage_crypto_clk
  Path Type:              Setup (Max at Slow Process Corner)
  Requirement:            40.000ns  (leakage_crypto_clk rise@40.000ns - leakage_crypto_clk rise@0.000ns)
  Data Path Delay:        24.074ns  (logic 4.170ns (17.322%)  route 19.904ns (82.678%))
  Logic Levels:           18  (CARRY4=5 LUT4=2 LUT5=5 LUT6=3 MUXF7=2 MUXF8=1)
  Clock Path Skew:        -0.038ns (DCD - SCD + CPR)
    Destination Clock Delay (DCD):    1.256ns = ( 41.256 - 40.000 ) 
    Source Clock Delay      (SCD):    1.360ns
    Clock Pessimism Removal (CPR):    0.066ns
  Clock Uncertainty:      0.035ns  ((TSJ^2 + TIJ^2)^1/2 + DJ) / 2 + PE
    Total System Jitter     (TSJ):    0.071ns
    Total Input Jitter      (TIJ):    0.000ns
    Discrete Jitter          (DJ):    0.000ns
    Phase Error              (PE):    0.000ns

    Location             Delay type                Incr(ns)  Path(ns)    Netlist Resource(s)
  -------------------------------------------------------------------    -------------------
                         (clock leakage_crypto_clk rise edge)
                                                      0.000     0.000 r  
    BUFGCTRL_X0Y0        BUFGCTRL                     0.000     0.000 r  U_clocks/CCLK_MUX/O
                         net (fo=348, routed)         1.360     1.360    U_reg/U_core/crypto_clk
    SLICE_X43Y75         FDRE                                         r  U_reg/U_core/row_reg[2]/C
  -------------------------------------------------------------------    -------------------
    SLICE_X43Y75         FDRE (Prop_fdre_C_Q)         0.348     1.708 r  U_reg/U_core/row_reg[2]/Q
                         net (fo=9, routed)           1.107     2.815    U_reg/U_core/row_reg__0[2]
    SLICE_X43Y72         LUT4 (Prop_lut4_I0_O)        0.242     3.057 r  U_reg/U_core/out_data[3]_i_242/O
                         net (fo=1, routed)           0.000     3.057    U_reg/U_core/out_data[3]_i_242_n_0
    SLICE_X43Y72         CARRY4 (Prop_carry4_S[3]_O[3])
                                                      0.206     3.263 r  U_reg/U_core/out_data_reg[3]_i_98/O[3]
                         net (fo=229, routed)         5.497     8.760    U_reg/U_core/window_base[3]
    SLICE_X63Y22         LUT5 (Prop_lut5_I0_O)        0.257     9.017 r  U_reg/U_core/out_data[3]_i_353/O
                         net (fo=192, routed)         7.656    16.674    U_reg/U_core/out_data[3]_i_353_n_0
    SLICE_X55Y71         LUT6 (Prop_lut6_I2_O)        0.105    16.779 r  U_reg/U_core/out_data[11]_i_952/O
                         net (fo=1, routed)           0.000    16.779    U_reg/U_core/out_data[11]_i_952_n_0
    SLICE_X55Y71         MUXF7 (Prop_muxf7_I1_O)      0.206    16.985 r  U_reg/U_core/out_data_reg[11]_i_433/O
                         net (fo=1, routed)           0.000    16.985    U_reg/U_core/out_data_reg[11]_i_433_n_0
    SLICE_X55Y71         MUXF8 (Prop_muxf8_I0_O)      0.085    17.070 r  U_reg/U_core/out_data_reg[11]_i_177/O
                         net (fo=1, routed)           1.277    18.347    U_reg/U_core/out_data_reg[11]_i_177_n_0
    SLICE_X42Y57         LUT5 (Prop_lut5_I2_O)        0.264    18.611 r  U_reg/U_core/out_data[11]_i_70/O
                         net (fo=2, routed)           0.000    18.611    U_reg/U_core/out_data[11]_i_70_n_0
    SLICE_X42Y57         MUXF7 (Prop_muxf7_I0_O)      0.173    18.784 r  U_reg/U_core/out_data_reg[11]_i_76/O
                         net (fo=1, routed)           0.734    19.518    U_reg/U_core/out_data_reg[11]_i_76_n_0
    SLICE_X45Y56         LUT5 (Prop_lut5_I4_O)        0.241    19.759 r  U_reg/U_core/out_data[11]_i_31/O
                         net (fo=1, routed)           0.000    19.759    U_reg/U_core/out_data[11]_i_31_n_0
    SLICE_X45Y56         CARRY4 (Prop_carry4_S[0]_CO[3])
                                                      0.440    20.199 r  U_reg/U_core/out_data_reg[11]_i_11/CO[3]
                         net (fo=1, routed)           0.000    20.199    U_reg/U_core/out_data_reg[11]_i_11_n_0
    SLICE_X45Y57         CARRY4 (Prop_carry4_CI_O[0])
                                                      0.180    20.379 r  U_reg/U_core/out_data_reg[15]_i_12/O[0]
                         net (fo=4, routed)           1.563    21.942    U_reg/U_core/out_data_reg[15]_i_12_n_7
    SLICE_X44Y68         LUT6 (Prop_lut6_I1_O)        0.249    22.191 r  U_reg/U_core/out_data[11]_i_3/O
                         net (fo=2, routed)           0.693    22.883    U_reg/U_core/out_data[11]_i_3_n_0
    SLICE_X45Y68         LUT5 (Prop_lut5_I0_O)        0.105    22.988 r  U_reg/U_core/out_data[11]_i_7/O
                         net (fo=1, routed)           0.000    22.988    U_reg/U_core/out_data[11]_i_7_n_0
    SLICE_X45Y68         CARRY4 (Prop_carry4_S[2]_CO[3])
                                                      0.332    23.320 r  U_reg/U_core/out_data_reg[11]_i_1/CO[3]
                         net (fo=1, routed)           0.000    23.320    U_reg/U_core/out_data_reg[11]_i_1_n_0
    SLICE_X45Y69         CARRY4 (Prop_carry4_CI_O[1])
                                                      0.277    23.597 r  U_reg/U_core/out_data_reg[15]_i_2/O[1]
                         net (fo=2, routed)           0.661    24.259    U_reg/U_core/conv_value[13]
    SLICE_X44Y69         LUT4 (Prop_lut4_I2_O)        0.250    24.509 r  U_reg/U_core/leak_reg_i_4/O
                         net (fo=1, routed)           0.229    24.737    U_reg/U_core/leak_reg_i_4_n_0
    SLICE_X44Y68         LUT5 (Prop_lut5_I4_O)        0.105    24.842 r  U_reg/U_core/leak_reg_i_3/O
                         net (fo=1, routed)           0.486    25.328    U_reg/U_core/leak_reg_i_3_n_0
    SLICE_X46Y68         LUT6 (Prop_lut6_I5_O)        0.105    25.433 r  U_reg/U_core/leak_reg_i_1/O
                         net (fo=1, routed)           0.000    25.433    U_reg/U_core/p_0_in
    SLICE_X46Y68         FDRE                                         r  U_reg/U_core/leak_reg_reg/D
  -------------------------------------------------------------------    -------------------

                         (clock leakage_crypto_clk rise edge)
                                                     40.000    40.000 r  
    BUFGCTRL_X0Y0        BUFGCTRL                     0.000    40.000 r  U_clocks/CCLK_MUX/O
                         net (fo=348, routed)         1.256    41.256    U_reg/U_core/crypto_clk
    SLICE_X46Y68         FDRE                                         r  U_reg/U_core/leak_reg_reg/C
                         clock pessimism              0.066    41.322    
                         clock uncertainty           -0.035    41.286    
    SLICE_X46Y68         FDRE (Setup_fdre_C_D)        0.072    41.358    U_reg/U_core/leak_reg_reg
  -------------------------------------------------------------------
                         required time                         41.358    
                         arrival time                         -25.433    
  -------------------------------------------------------------------
                         slack                                 15.925    





Min Delay Paths
--------------------------------------------------------------------------------------
Slack (MET) :             0.084ns  (arrival time - required time)
  Source:                 U_reg/U_core/out_addr_reg[1]/C
                            (rising edge-triggered cell FDRE clocked by leakage_crypto_clk  {rise@0.000ns fall@20.000ns period=40.000ns})
  Destination:            U_reg/out_mem_reg_128_191_9_11/RAMA/WADR1
                            (rising edge-triggered cell RAMD64E clocked by leakage_crypto_clk  {rise@0.000ns fall@20.000ns period=40.000ns})
  Path Group:             leakage_crypto_clk
  Path Type:              Hold (Min at Fast Process Corner)
  Requirement:            0.000ns  (leakage_crypto_clk rise@0.000ns - leakage_crypto_clk rise@0.000ns)
  Data Path Delay:        0.425ns  (logic 0.141ns (33.159%)  route 0.284ns (66.841%))
  Logic Levels:           0  
  Clock Path Skew:        0.032ns (DCD - SCD - CPR)
    Destination Clock Delay (DCD):    0.823ns
    Source Clock Delay      (SCD):    0.557ns
    Clock Pessimism Removal (CPR):    0.234ns

    Location             Delay type                Incr(ns)  Path(ns)    Netlist Resource(s)
  -------------------------------------------------------------------    -------------------
                         (clock leakage_crypto_clk rise edge)
                                                      0.000     0.000 r  
    BUFGCTRL_X0Y0        BUFGCTRL                     0.000     0.000 r  U_clocks/CCLK_MUX/O
                         net (fo=348, routed)         0.557     0.557    U_reg/U_core/crypto_clk
    SLICE_X44Y79         FDRE                                         r  U_reg/U_core/out_addr_reg[1]/C
  -------------------------------------------------------------------    -------------------
    SLICE_X44Y79         FDRE (Prop_fdre_C_Q)         0.141     0.698 r  U_reg/U_core/out_addr_reg[1]/Q
                         net (fo=318, routed)         0.284     0.982    U_reg/out_mem_reg_128_191_9_11/ADDRD1
    SLICE_X46Y78         RAMD64E                                      r  U_reg/out_mem_reg_128_191_9_11/RAMA/WADR1
  -------------------------------------------------------------------    -------------------

                         (clock leakage_crypto_clk rise edge)
                                                      0.000     0.000 r  
    BUFGCTRL_X0Y0        BUFGCTRL                     0.000     0.000 r  U_clocks/CCLK_MUX/O
                         net (fo=348, routed)         0.823     0.823    U_reg/out_mem_reg_128_191_9_11/WCLK
    SLICE_X46Y78         RAMD64E                                      r  U_reg/out_mem_reg_128_191_9_11/RAMA/CLK
                         clock pessimism             -0.234     0.589    
    SLICE_X46Y78         RAMD64E (Hold_ramd64e_CLK_WADR1)
                                                      0.309     0.898    U_reg/out_mem_reg_128_191_9_11/RAMA
  -------------------------------------------------------------------
                         required time                         -0.898    
                         arrival time                           0.982    
  -------------------------------------------------------------------
                         slack                                  0.084    





Pulse Width Checks
--------------------------------------------------------------------------------------
Clock Name:         leakage_crypto_clk
Waveform(ns):       { 0.000 20.000 }
Period(ns):         40.000
Sources:            { U_clocks/CCLK_MUX/O }

Check Type        Corner  Lib Pin      Reference Pin  Required(ns)  Actual(ns)  Slack(ns)  Location      Pin
Min Period        n/a     ODDR/C       n/a            1.474         40.000      38.526     OLOGIC_X0Y86  U_clocks/CWOUT_ODDR/C
Low Pulse Width   Slow    RAMD64E/CLK  n/a            1.130         20.000      18.870     SLICE_X46Y78  U_reg/out_mem_reg_128_191_9_11/RAMD/CLK
High Pulse Width  Fast    RAMD64E/CLK  n/a            1.130         20.000      18.870     SLICE_X42Y80  U_reg/out_mem_reg_256_319_9_11/RAMD/CLK



---------------------------------------------------------------------------------------------------
From Clock:  pll_clk1
  To Clock:  pll_clk1

Setup :           NA  Failing Endpoints,  Worst Slack           NA  ,  Total Violation           NA
Hold  :           NA  Failing Endpoints,  Worst Slack           NA  ,  Total Violation           NA
PW    :            0  Failing Endpoints,  Worst Slack        8.408ns,  Total Violation        0.000ns
---------------------------------------------------------------------------------------------------


Pulse Width Checks
--------------------------------------------------------------------------------------
Clock Name:         pll_clk1
Waveform(ns):       { 0.000 5.000 }
Period(ns):         10.000
Sources:            { pll_clk1 }

Check Type  Corner  Lib Pin      Reference Pin  Required(ns)  Actual(ns)  Slack(ns)  Location       Pin
Min Period  n/a     BUFGCTRL/I0  n/a            1.592         10.000      8.408      BUFGCTRL_X0Y0  U_clocks/CCLK_MUX/I0



---------------------------------------------------------------------------------------------------
From Clock:  tio_clkin
  To Clock:  tio_clkin

Setup :           NA  Failing Endpoints,  Worst Slack           NA  ,  Total Violation           NA
Hold  :           NA  Failing Endpoints,  Worst Slack           NA  ,  Total Violation           NA
PW    :            0  Failing Endpoints,  Worst Slack        8.408ns,  Total Violation        0.000ns
---------------------------------------------------------------------------------------------------


Pulse Width Checks
--------------------------------------------------------------------------------------
Clock Name:         tio_clkin
Waveform(ns):       { 0.000 5.000 }
Period(ns):         10.000
Sources:            { tio_clkin }

Check Type  Corner  Lib Pin      Reference Pin  Required(ns)  Actual(ns)  Slack(ns)  Location       Pin
Min Period  n/a     BUFGCTRL/I1  n/a            1.592         10.000      8.408      BUFGCTRL_X0Y0  U_clocks/CCLK_MUX/I1



---------------------------------------------------------------------------------------------------
From Clock:  usb_clk
  To Clock:  usb_clk

Setup :            0  Failing Endpoints,  Worst Slack        1.195ns,  Total Violation        0.000ns
Hold  :            0  Failing Endpoints,  Worst Slack        0.069ns,  Total Violation        0.000ns
PW    :            0  Failing Endpoints,  Worst Slack        4.500ns,  Total Violation        0.000ns
---------------------------------------------------------------------------------------------------


Max Delay Paths
--------------------------------------------------------------------------------------
Slack (MET) :             1.195ns  (required time - arrival time)
  Source:                 U_usb_reg_fe/usb_cen_r_reg/C
                            (rising edge-triggered cell FDRE clocked by usb_clk  {rise@0.000ns fall@5.000ns period=10.000ns})
  Destination:            U_reg/image_mem_reg[640][7]/CE
                            (rising edge-triggered cell FDRE clocked by usb_clk  {rise@0.000ns fall@5.000ns period=10.000ns})
  Path Group:             usb_clk
  Path Type:              Setup (Max at Slow Process Corner)
  Requirement:            10.000ns  (usb_clk rise@10.000ns - usb_clk rise@0.000ns)
  Data Path Delay:        8.506ns  (logic 0.916ns (10.769%)  route 7.590ns (89.231%))
  Logic Levels:           3  (LUT2=1 LUT4=1 LUT6=1)
  Clock Path Skew:        -0.095ns (DCD - SCD + CPR)
    Destination Clock Delay (DCD):    4.375ns = ( 14.375 - 10.000 ) 
    Source Clock Delay      (SCD):    4.629ns
    Clock Pessimism Removal (CPR):    0.158ns
  Clock Uncertainty:      0.035ns  ((TSJ^2 + TIJ^2)^1/2 + DJ) / 2 + PE
    Total System Jitter     (TSJ):    0.071ns
    Total Input Jitter      (TIJ):    0.000ns
    Discrete Jitter          (DJ):    0.000ns
    Phase Error              (PE):    0.000ns

    Location             Delay type                Incr(ns)  Path(ns)    Netlist Resource(s)
  -------------------------------------------------------------------    -------------------
                         (clock usb_clk rise edge)    0.000     0.000 r  
    F5                                                0.000     0.000 r  usb_clk (IN)
                         net (fo=0)                   0.000     0.000    U_clocks/usb_clk
    F5                   IBUF (Prop_ibuf_I_O)         1.392     1.392 r  U_clocks/clkibuf/O
                         net (fo=1, routed)           1.717     3.109    U_clocks/usb_clk_bufg
    BUFGCTRL_X0Y16       BUFG (Prop_bufg_I_O)         0.081     3.190 r  U_clocks/clkbuf/O
                         net (fo=6517, routed)        1.439     4.629    U_usb_reg_fe/usb_clk_buf
    SLICE_X88Y135        FDRE                                         r  U_usb_reg_fe/usb_cen_r_reg/C
  -------------------------------------------------------------------    -------------------
    SLICE_X88Y135        FDRE (Prop_fdre_C_Q)         0.433     5.062 f  U_usb_reg_fe/usb_cen_r_reg/Q
                         net (fo=1, routed)           0.379     5.441    U_usb_reg_fe/usb_cen_r
    SLICE_X88Y135        LUT2 (Prop_lut2_I0_O)        0.105     5.546 r  U_usb_reg_fe/image_mem[160][7]_i_2/O
                         net (fo=55, routed)          4.211     9.757    U_usb_reg_fe/reg_write
    SLICE_X25Y28         LUT4 (Prop_lut4_I1_O)        0.110     9.867 r  U_usb_reg_fe/image_mem[51][7]_i_2/O
                         net (fo=14, routed)          0.911    10.778    U_usb_reg_fe/image_mem[51][7]_i_2_n_0
    SLICE_X45Y28         LUT6 (Prop_lut6_I2_O)        0.268    11.046 r  U_usb_reg_fe/image_mem[640][7]_i_1/O
                         net (fo=8, routed)           2.089    13.135    U_reg/usb_addr_r_reg[7]_rep__1_31[0]
    SLICE_X81Y61         FDRE                                         r  U_reg/image_mem_reg[640][7]/CE
  -------------------------------------------------------------------    -------------------

                         (clock usb_clk rise edge)   10.000    10.000 r  
    F5                                                0.000    10.000 r  usb_clk (IN)
                         net (fo=0)                   0.000    10.000    U_clocks/usb_clk
    F5                   IBUF (Prop_ibuf_I_O)         1.326    11.326 r  U_clocks/clkibuf/O
                         net (fo=1, routed)           1.628    12.954    U_clocks/usb_clk_bufg
    BUFGCTRL_X0Y16       BUFG (Prop_bufg_I_O)         0.077    13.031 r  U_clocks/clkbuf/O
                         net (fo=6517, routed)        1.344    14.375    U_reg/usb_clk_buf
    SLICE_X81Y61         FDRE                                         r  U_reg/image_mem_reg[640][7]/C
                         clock pessimism              0.158    14.534    
                         clock uncertainty           -0.035    14.498    
    SLICE_X81Y61         FDRE (Setup_fdre_C_CE)      -0.168    14.330    U_reg/image_mem_reg[640][7]
  -------------------------------------------------------------------
                         required time                         14.330    
                         arrival time                         -13.135    
  -------------------------------------------------------------------
                         slack                                  1.195    





Min Delay Paths
--------------------------------------------------------------------------------------
Slack (MET) :             0.069ns  (arrival time - required time)
  Source:                 usb_addr[2]
                            (input port clocked by usb_clk  {rise@0.000ns fall@5.000ns period=10.000ns})
  Destination:            U_usb_reg_fe/usb_addr_r_reg[2]_rep__7/D
                            (rising edge-triggered cell FDRE clocked by usb_clk  {rise@0.000ns fall@5.000ns period=10.000ns})
  Path Group:             usb_clk
  Path Type:              Hold (Min at Slow Process Corner)
  Requirement:            0.000ns  (usb_clk rise@0.000ns - usb_clk rise@0.000ns)
  Data Path Delay:        2.944ns  (logic 1.336ns (45.372%)  route 1.608ns (54.628%))
  Logic Levels:           1  (IBUF=1)
  Input Delay:            2.000ns
  Clock Path Skew:        4.645ns (DCD - SCD - CPR)
    Destination Clock Delay (DCD):    4.645ns
    Source Clock Delay      (SCD):    0.000ns
    Clock Pessimism Removal (CPR):    -0.000ns
  Clock Uncertainty:      0.035ns  ((TSJ^2 + TIJ^2)^1/2 + DJ) / 2 + PE
    Total System Jitter     (TSJ):    0.071ns
    Total Input Jitter      (TIJ):    0.000ns
    Discrete Jitter          (DJ):    0.000ns
    Phase Error              (PE):    0.000ns

    Location             Delay type                Incr(ns)  Path(ns)    Netlist Resource(s)
  -------------------------------------------------------------------    -------------------
                         (clock usb_clk rise edge)    0.000     0.000 r  
                         input delay                  2.000     2.000    
    J1                                                0.000     2.000 r  usb_addr[2] (IN)
                         net (fo=0)                   0.000     2.000    usb_addr[2]
    J1                   IBUF (Prop_ibuf_I_O)         1.336     3.336 r  usb_addr_IBUF[2]_inst/O
                         net (fo=11, routed)          1.608     4.944    U_usb_reg_fe/usb_addr[20][2]
    SLICE_X78Y56         FDRE                                         r  U_usb_reg_fe/usb_addr_r_reg[2]_rep__7/D
  -------------------------------------------------------------------    -------------------

                         (clock usb_clk rise edge)    0.000     0.000 r  
    F5                                                0.000     0.000 r  usb_clk (IN)
                         net (fo=0)                   0.000     0.000    U_clocks/usb_clk
    F5                   IBUF (Prop_ibuf_I_O)         1.392     1.392 r  U_clocks/clkibuf/O
                         net (fo=1, routed)           1.717     3.109    U_clocks/usb_clk_bufg
    BUFGCTRL_X0Y16       BUFG (Prop_bufg_I_O)         0.081     3.190 r  U_clocks/clkbuf/O
                         net (fo=6517, routed)        1.455     4.645    U_usb_reg_fe/usb_clk_buf
    SLICE_X78Y56         FDRE                                         r  U_usb_reg_fe/usb_addr_r_reg[2]_rep__7/C
                         clock pessimism              0.000     4.645    
                         clock uncertainty            0.035     4.680    
    SLICE_X78Y56         FDRE (Hold_fdre_C_D)         0.195     4.875    U_usb_reg_fe/usb_addr_r_reg[2]_rep__7
  -------------------------------------------------------------------
                         required time                         -4.875    
                         arrival time                           4.944    
  -------------------------------------------------------------------
                         slack                                  0.069    





Pulse Width Checks
--------------------------------------------------------------------------------------
Clock Name:         usb_clk
Waveform(ns):       { 0.000 5.000 }
Period(ns):         10.000
Sources:            { usb_clk }

Check Type        Corner  Lib Pin  Reference Pin  Required(ns)  Actual(ns)  Slack(ns)  Location        Pin
Min Period        n/a     BUFG/I   n/a            1.592         10.000      8.408      BUFGCTRL_X0Y16  U_clocks/clkbuf/I
Low Pulse Width   Slow    FDRE/C   n/a            0.500         5.000       4.500      SLICE_X7Y40     U_reg/image_mem_reg[21][7]/C
High Pulse Width  Fast    FDRE/C   n/a            0.500         5.000       4.500      SLICE_X32Y19    U_reg/image_mem_reg[218][2]/C



---------------------------------------------------------------------------------------------------
Path Group:  **async_default**
From Clock:  usb_clk
  To Clock:  usb_clk

Setup :            0  Failing Endpoints,  Worst Slack        6.370ns,  Total Violation        0.000ns
Hold  :            0  Failing Endpoints,  Worst Slack        1.632ns,  Total Violation        0.000ns
---------------------------------------------------------------------------------------------------


Max Delay Paths
--------------------------------------------------------------------------------------
Slack (MET) :             6.370ns  (required time - arrival time)
  Source:                 pushbutton
                            (input port clocked by usb_clk  {rise@0.000ns fall@5.000ns period=10.000ns})
  Destination:            U_reg/U_go/src_tog_reg/CLR
                            (recovery check against rising-edge clock usb_clk  {rise@0.000ns fall@5.000ns period=10.000ns})
  Path Group:             **async_default**
  Path Type:              Recovery (Max at Slow Process Corner)
  Requirement:            10.000ns  (usb_clk rise@10.000ns - usb_clk rise@0.000ns)
  Data Path Delay:        7.125ns  (logic 1.537ns (21.572%)  route 5.588ns (78.428%))
  Logic Levels:           2  (IBUF=1 LUT1=1)
  Input Delay:            0.500ns
  Clock Path Skew:        4.288ns (DCD - SCD + CPR)
    Destination Clock Delay (DCD):    4.288ns = ( 14.288 - 10.000 ) 
    Source Clock Delay      (SCD):    0.000ns
    Clock Pessimism Removal (CPR):    0.000ns
  Clock Uncertainty:      0.035ns  ((TSJ^2 + TIJ^2)^1/2 + DJ) / 2 + PE
    Total System Jitter     (TSJ):    0.071ns
    Total Input Jitter      (TIJ):    0.000ns
    Discrete Jitter          (DJ):    0.000ns
    Phase Error              (PE):    0.000ns

    Location             Delay type                Incr(ns)  Path(ns)    Netlist Resource(s)
  -------------------------------------------------------------------    -------------------
                         (clock usb_clk rise edge)    0.000     0.000 r  
                         input delay                  0.500     0.500    
    R1                                                0.000     0.500 r  pushbutton (IN)
                         net (fo=0)                   0.000     0.500    pushbutton
    R1                   IBUF (Prop_ibuf_I_O)         1.432     1.932 r  pushbutton_IBUF_inst/O
                         net (fo=59, routed)          4.166     6.098    U_reg/U_core/pushbutton_IBUF
    SLICE_X37Y79         LUT1 (Prop_lut1_I0_O)        0.105     6.203 f  U_reg/U_core/go_count_usb[7]_i_1/O
                         net (fo=102, routed)         1.423     7.625    U_reg/U_go/SR[0]
    SLICE_X38Y76         FDCE                                         f  U_reg/U_go/src_tog_reg/CLR
  -------------------------------------------------------------------    -------------------

                         (clock usb_clk rise edge)   10.000    10.000 r  
    F5                                                0.000    10.000 r  usb_clk (IN)
                         net (fo=0)                   0.000    10.000    U_clocks/usb_clk
    F5                   IBUF (Prop_ibuf_I_O)         1.326    11.326 r  U_clocks/clkibuf/O
                         net (fo=1, routed)           1.628    12.954    U_clocks/usb_clk_bufg
    BUFGCTRL_X0Y16       BUFG (Prop_bufg_I_O)         0.077    13.031 r  U_clocks/clkbuf/O
                         net (fo=6517, routed)        1.257    14.288    U_reg/U_go/usb_clk_buf
    SLICE_X38Y76         FDCE                                         r  U_reg/U_go/src_tog_reg/C
                         clock pessimism              0.000    14.288    
                         clock uncertainty           -0.035    14.253    
    SLICE_X38Y76         FDCE (Recov_fdce_C_CLR)     -0.258    13.995    U_reg/U_go/src_tog_reg
  -------------------------------------------------------------------
                         required time                         13.995    
                         arrival time                          -7.625    
  -------------------------------------------------------------------
                         slack                                  6.370    





Min Delay Paths
--------------------------------------------------------------------------------------
Slack (MET) :             1.632ns  (arrival time - required time)
  Source:                 pushbutton
                            (input port clocked by usb_clk  {rise@0.000ns fall@5.000ns period=10.000ns})
  Destination:            U_reg/U_go/src_tog_reg/CLR
                            (removal check against rising-edge clock usb_clk  {rise@0.000ns fall@5.000ns period=10.000ns})
  Path Group:             **async_default**
  Path Type:              Removal (Min at Fast Process Corner)
  Requirement:            0.000ns  (usb_clk rise@0.000ns - usb_clk rise@0.000ns)
  Data Path Delay:        3.069ns  (logic 0.314ns (10.221%)  route 2.755ns (89.779%))
  Logic Levels:           2  (IBUF=1 LUT1=1)
  Input Delay:            0.500ns
  Clock Path Skew:        1.969ns (DCD - SCD - CPR)
    Destination Clock Delay (DCD):    1.969ns
    Source Clock Delay      (SCD):    0.000ns
    Clock Pessimism Removal (CPR):    -0.000ns
  Clock Uncertainty:      0.035ns  ((TSJ^2 + TIJ^2)^1/2 + DJ) / 2 + PE
    Total System Jitter     (TSJ):    0.071ns
    Total Input Jitter      (TIJ):    0.000ns
    Discrete Jitter          (DJ):    0.000ns
    Phase Error              (PE):    0.000ns

    Location             Delay type                Incr(ns)  Path(ns)    Netlist Resource(s)
  -------------------------------------------------------------------    -------------------
                         (clock usb_clk rise edge)    0.000     0.000 r  
                         input delay                  0.500     0.500    
    R1                                                0.000     0.500 r  pushbutton (IN)
                         net (fo=0)                   0.000     0.500    pushbutton
    R1                   IBUF (Prop_ibuf_I_O)         0.269     0.769 r  pushbutton_IBUF_inst/O
                         net (fo=59, routed)          2.043     2.811    U_reg/U_core/pushbutton_IBUF
    SLICE_X37Y79         LUT1 (Prop_lut1_I0_O)        0.045     2.856 f  U_reg/U_core/go_count_usb[7]_i_1/O
                         net (fo=102, routed)         0.713     3.569    U_reg/U_go/SR[0]
    SLICE_X38Y76         FDCE                                         f  U_reg/U_go/src_tog_reg/CLR
  -------------------------------------------------------------------    -------------------

                         (clock usb_clk rise edge)    0.000     0.000 r  
    F5                                                0.000     0.000 r  usb_clk (IN)
                         net (fo=0)                   0.000     0.000    U_clocks/usb_clk
    F5                   IBUF (Prop_ibuf_I_O)         0.417     0.417 r  U_clocks/clkibuf/O
                         net (fo=1, routed)           0.699     1.115    U_clocks/usb_clk_bufg
    BUFGCTRL_X0Y16       BUFG (Prop_bufg_I_O)         0.029     1.144 r  U_clocks/clkbuf/O
                         net (fo=6517, routed)        0.825     1.969    U_reg/U_go/usb_clk_buf
    SLICE_X38Y76         FDCE                                         r  U_reg/U_go/src_tog_reg/C
                         clock pessimism              0.000     1.969    
                         clock uncertainty            0.035     2.004    
    SLICE_X38Y76         FDCE (Remov_fdce_C_CLR)     -0.067     1.937    U_reg/U_go/src_tog_reg
  -------------------------------------------------------------------
                         required time                         -1.937    
                         arrival time                           3.569    
  -------------------------------------------------------------------
                         slack                                  1.632    





