Copyright 1986-2016 Xilinx, Inc. All Rights Reserved.
------------------------------------------------------------------------------------
| Tool Version : Vivado v.2016.4 (win64) Build 1756540 Mon Jan 23 19:11:23 MST 2017
| Date         : Mon Aug 31 23:59:37 2026
| Host         : kaz4n running 64-bit major release  (build 9200)
| Command      : report_timing_summary -file leakage_wide_d8_l63_timing.rpt
| Design       : cw305_leakage_wide_top
| Device       : 7a100t-ftg256
| Speed File   : -2  PRODUCTION 1.16 2016-11-09
------------------------------------------------------------------------------------

Timing Summary Report

------------------------------------------------------------------------------------------------
| Timer Settings
| --------------
------------------------------------------------------------------------------------------------

  Enable Multi Corner Analysis               :  Yes
  Enable Pessimism Removal                   :  Yes
  Pessimism Removal Resolution               :  Nearest Common Node
  Enable Input Delay Default Clock           :  No
  Enable Preset / Clear Arcs                 :  No
  Disable Flight Delays                      :  No
  Ignore I/O Paths                           :  No
  Timing Early Launch at Borrowing Latches   :  false

  Corner  Analyze    Analyze    
  Name    Max Paths  Min Paths  
  ------  ---------  ---------  
  Slow    Yes        Yes        
  Fast    Yes        Yes        



check_timing report

Table of Contents
-----------------
1. checking no_clock
2. checking constant_clock
3. checking pulse_width_clock
4. checking unconstrained_internal_endpoints
5. checking no_input_delay
6. checking no_output_delay
7. checking multiple_clock
8. checking generated_clocks
9. checking loops
10. checking partial_input_delay
11. checking partial_output_delay
12. checking latch_loops

1. checking no_clock
--------------------
 There are 0 register/latch pins with no clock.


2. checking constant_clock
--------------------------
 There are 0 register/latch pins with constant_clock.


3. checking pulse_width_clock
-----------------------------
 There are 0 register/latch pins which need pulse_width check


4. checking unconstrained_internal_endpoints
--------------------------------------------
 There are 0 pins that are not constrained for maximum delay.

 There are 0 pins that are not constrained for maximum delay due to constant clock.


5. checking no_input_delay
--------------------------
 There are 0 input ports with no input delay specified.

 There are 0 input ports with no input delay but user has a false path constraint.


6. checking no_output_delay
---------------------------
 There are 0 ports with no output delay specified.

 There are 0 ports with no output delay but user has a false path constraint

 There are 0 ports with no output delay but with a timing clock defined on it or propagating through it


7. checking multiple_clock
--------------------------
 There are 0 register/latch pins with multiple clocks.


8. checking generated_clocks
----------------------------
 There are 0 generated clocks that are not connected to a clock source.


9. checking loops
-----------------
 There are 0 combinational loops in the design.


10. checking partial_input_delay
--------------------------------
 There are 0 input ports with partial input delay specified.


11. checking partial_output_delay
---------------------------------
 There are 0 ports with partial output delay specified.


12. checking latch_loops
------------------------
 There are 0 combinational latch loops in the design through latch input



------------------------------------------------------------------------------------------------
| Design Timing Summary
| ---------------------
------------------------------------------------------------------------------------------------

    WNS(ns)      TNS(ns)  TNS Failing Endpoints  TNS Total Endpoints      WHS(ns)      THS(ns)  THS Failing Endpoints  THS Total Endpoints     WPWS(ns)     TPWS(ns)  TPWS Failing Endpoints  TPWS Total Endpoints  
    -------      -------  ---------------------  -------------------      -------      -------  ---------------------  -------------------     --------     --------  ----------------------  --------------------  
      2.526        0.000                      0                11813        0.081        0.000                      0                11813        4.500        0.000                       0                  5656  


All user specified timing constraints are met.


------------------------------------------------------------------------------------------------
| Clock Summary
| -------------
------------------------------------------------------------------------------------------------

Clock               Waveform(ns)       Period(ns)      Frequency(MHz)
-----               ------------       ----------      --------------
leakage_crypto_clk  {0.000 20.000}     40.000          25.000          
pll_clk1            {0.000 5.000}      10.000          100.000         
tio_clkin           {0.000 5.000}      10.000          100.000         
usb_clk             {0.000 5.000}      10.000          100.000         


------------------------------------------------------------------------------------------------
| Intra Clock Table
| -----------------
------------------------------------------------------------------------------------------------

Clock                   WNS(ns)      TNS(ns)  TNS Failing Endpoints  TNS Total Endpoints      WHS(ns)      THS(ns)  THS Failing Endpoints  THS Total Endpoints     WPWS(ns)     TPWS(ns)  TPWS Failing Endpoints  TPWS Total Endpoints  
-----                   -------      -------  ---------------------  -------------------      -------      -------  ---------------------  -------------------     --------     --------  ----------------------  --------------------  
leakage_crypto_clk       21.937        0.000                      0                10132        0.081        0.000                      0                10132       18.870        0.000                       0                  4752  
pll_clk1                                                                                                                                                              8.408        0.000                       0                     1  
tio_clkin                                                                                                                                                             8.408        0.000                       0                     1  
usb_clk                   2.526        0.000                      0                 1680        0.121        0.000                      0                 1680        4.500        0.000                       0                   902  


------------------------------------------------------------------------------------------------
| Inter Clock Table
| -----------------
------------------------------------------------------------------------------------------------

From Clock    To Clock          WNS(ns)      TNS(ns)  TNS Failing Endpoints  TNS Total Endpoints      WHS(ns)      THS(ns)  THS Failing Endpoints  THS Total Endpoints  
----------    --------          -------      -------  ---------------------  -------------------      -------      -------  ---------------------  -------------------  


------------------------------------------------------------------------------------------------
| Other Path Groups Table
| -----------------------
------------------------------------------------------------------------------------------------

Path Group         From Clock         To Clock               WNS(ns)      TNS(ns)  TNS Failing Endpoints  TNS Total Endpoints      WHS(ns)      THS(ns)  THS Failing Endpoints  THS Total Endpoints  
----------         ----------         --------               -------      -------  ---------------------  -------------------      -------      -------  ---------------------  -------------------  
**async_default**  usb_clk            usb_clk                  6.651        0.000                      0                    1        1.566        0.000                      0                    1  


------------------------------------------------------------------------------------------------
| Timing Details
| --------------
------------------------------------------------------------------------------------------------


---------------------------------------------------------------------------------------------------
From Clock:  leakage_crypto_clk
  To Clock:  leakage_crypto_clk

Setup :            0  Failing Endpoints,  Worst Slack       21.937ns,  Total Violation        0.000ns
Hold  :            0  Failing Endpoints,  Worst Slack        0.081ns,  Total Violation        0.000ns
PW    :            0  Failing Endpoints,  Worst Slack       18.870ns,  Total Violation        0.000ns
---------------------------------------------------------------------------------------------------


Max Delay Paths
--------------------------------------------------------------------------------------
Slack (MET) :             21.937ns  (required time - arrival time)
  Source:                 U_reg/U_core/col_reg[2]/C
                            (rising edge-triggered cell FDRE clocked by leakage_crypto_clk  {rise@0.000ns fall@20.000ns period=40.000ns})
  Destination:            U_reg/U_core/leak_bank_reg[689]/D
                            (rising edge-triggered cell FDRE clocked by leakage_crypto_clk  {rise@0.000ns fall@20.000ns period=40.000ns})
  Path Group:             leakage_crypto_clk
  Path Type:              Setup (Max at Slow Process Corner)
  Requirement:            40.000ns  (leakage_crypto_clk rise@40.000ns - leakage_crypto_clk rise@0.000ns)
  Data Path Delay:        17.788ns  (logic 2.105ns (11.834%)  route 15.683ns (88.166%))
  Logic Levels:           10  (CARRY4=1 LUT2=3 LUT6=3 MUXF7=2 MUXF8=1)
  Clock Path Skew:        -0.180ns (DCD - SCD + CPR)
    Destination Clock Delay (DCD):    1.253ns = ( 41.253 - 40.000 ) 
    Source Clock Delay      (SCD):    1.440ns
    Clock Pessimism Removal (CPR):    0.007ns
  Clock Uncertainty:      0.035ns  ((TSJ^2 + TIJ^2)^1/2 + DJ) / 2 + PE
    Total System Jitter     (TSJ):    0.071ns
    Total Input Jitter      (TIJ):    0.000ns
    Discrete Jitter          (DJ):    0.000ns
    Phase Error              (PE):    0.000ns

    Location             Delay type                Incr(ns)  Path(ns)    Netlist Resource(s)
  -------------------------------------------------------------------    -------------------
                         (clock leakage_crypto_clk rise edge)
                                                      0.000     0.000 r  
    BUFGCTRL_X0Y0        BUFGCTRL                     0.000     0.000 r  U_clocks/CCLK_MUX/O
                         net (fo=4752, routed)        1.440     1.440    U_reg/U_core/crypto_clk
    SLICE_X80Y107        FDRE                                         r  U_reg/U_core/col_reg[2]/C
  -------------------------------------------------------------------    -------------------
    SLICE_X80Y107        FDRE (Prop_fdre_C_Q)         0.433     1.873 r  U_reg/U_core/col_reg[2]/Q
                         net (fo=6, routed)           0.787     2.660    U_reg/U_core/col[2]
    SLICE_X81Y108        LUT2 (Prop_lut2_I1_O)        0.105     2.765 r  U_reg/U_core/leak_bank[4535]_i_20/O
                         net (fo=1, routed)           0.000     2.765    U_reg/U_core/leak_bank[4535]_i_20_n_0
    SLICE_X81Y108        CARRY4 (Prop_carry4_S[1]_O[1])
                                                      0.187     2.952 r  U_reg/U_core/leak_bank_reg[4535]_i_8/O[1]
                         net (fo=222, routed)         3.572     6.524    U_reg/U_core/leak_bank_reg[4535]_i_8_n_6
    SLICE_X66Y89         LUT2 (Prop_lut2_I1_O)        0.250     6.774 r  U_reg/U_core/leak_bank[4535]_i_68/O
                         net (fo=147, routed)         2.456     9.230    U_reg/U_core/leak_bank[4535]_i_68_n_0
    SLICE_X84Y90         LUT6 (Prop_lut6_I4_O)        0.105     9.335 r  U_reg/U_core/leak_bank[4532]_i_64/O
                         net (fo=1, routed)           0.000     9.335    U_reg/U_core/leak_bank[4532]_i_64_n_0
    SLICE_X84Y90         MUXF7 (Prop_muxf7_I0_O)      0.173     9.508 r  U_reg/U_core/leak_bank_reg[4532]_i_33/O
                         net (fo=1, routed)           0.000     9.508    U_reg/U_core/leak_bank_reg[4532]_i_33_n_0
    SLICE_X84Y90         MUXF8 (Prop_muxf8_I1_O)      0.074     9.582 r  U_reg/U_core/leak_bank_reg[4532]_i_14/O
                         net (fo=1, routed)           1.211    10.794    U_reg/U_core/leak_bank_reg[4532]_i_14_n_0
    SLICE_X78Y101        LUT6 (Prop_lut6_I3_O)        0.259    11.053 r  U_reg/U_core/leak_bank[4532]_i_7/O
                         net (fo=1, routed)           0.000    11.053    U_reg/U_core/leak_bank[4532]_i_7_n_0
    SLICE_X78Y101        MUXF7 (Prop_muxf7_I0_O)      0.173    11.226 r  U_reg/U_core/leak_bank_reg[4532]_i_4/O
                         net (fo=1, routed)           0.969    12.195    U_reg/U_core/leak_bank_reg[4532]_i_4_n_0
    SLICE_X79Y107        LUT6 (Prop_lut6_I3_O)        0.241    12.436 f  U_reg/U_core/leak_bank[4532]_i_2/O
                         net (fo=6, routed)           1.689    14.125    U_reg/U_core/leak_bank[4532]_i_2_n_0
    SLICE_X68Y132        LUT2 (Prop_lut2_I0_O)        0.105    14.230 r  U_reg/U_core/leak_bank[1994]_i_1/O
                         net (fo=144, routed)         4.998    19.228    U_reg/U_core/leak_bank[1994]_i_1_n_0
    SLICE_X41Y139        FDRE                                         r  U_reg/U_core/leak_bank_reg[689]/D
  -------------------------------------------------------------------    -------------------

                         (clock leakage_crypto_clk rise edge)
                                                     40.000    40.000 r  
    BUFGCTRL_X0Y0        BUFGCTRL                     0.000    40.000 r  U_clocks/CCLK_MUX/O
                         net (fo=4752, routed)        1.253    41.253    U_reg/U_core/crypto_clk
    SLICE_X41Y139        FDRE                                         r  U_reg/U_core/leak_bank_reg[689]/C
                         clock pessimism              0.007    41.260    
                         clock uncertainty           -0.035    41.225    
    SLICE_X41Y139        FDRE (Setup_fdre_C_D)       -0.059    41.166    U_reg/U_core/leak_bank_reg[689]
  -------------------------------------------------------------------
                         required time                         41.166    
                         arrival time                         -19.228    
  -------------------------------------------------------------------
                         slack                                 21.937    





Min Delay Paths
--------------------------------------------------------------------------------------
Slack (MET) :             0.081ns  (arrival time - required time)
  Source:                 U_reg/U_core/out_addr_reg[3]/C
                            (rising edge-triggered cell FDRE clocked by leakage_crypto_clk  {rise@0.000ns fall@20.000ns period=40.000ns})
  Destination:            U_reg/out_mem_reg_384_447_3_5/RAMA/WADR3
                            (rising edge-triggered cell RAMD64E clocked by leakage_crypto_clk  {rise@0.000ns fall@20.000ns period=40.000ns})
  Path Group:             leakage_crypto_clk
  Path Type:              Hold (Min at Fast Process Corner)
  Requirement:            0.000ns  (leakage_crypto_clk rise@0.000ns - leakage_crypto_clk rise@0.000ns)
  Data Path Delay:        0.356ns  (logic 0.141ns (39.661%)  route 0.215ns (60.339%))
  Logic Levels:           0  
  Clock Path Skew:        0.035ns (DCD - SCD - CPR)
    Destination Clock Delay (DCD):    0.859ns
    Source Clock Delay      (SCD):    0.590ns
    Clock Pessimism Removal (CPR):    0.234ns

    Location             Delay type                Incr(ns)  Path(ns)    Netlist Resource(s)
  -------------------------------------------------------------------    -------------------
                         (clock leakage_crypto_clk rise edge)
                                                      0.000     0.000 r  
    BUFGCTRL_X0Y0        BUFGCTRL                     0.000     0.000 r  U_clocks/CCLK_MUX/O
                         net (fo=4752, routed)        0.590     0.590    U_reg/U_core/crypto_clk
    SLICE_X81Y119        FDRE                                         r  U_reg/U_core/out_addr_reg[3]/C
  -------------------------------------------------------------------    -------------------
    SLICE_X81Y119        FDRE (Prop_fdre_C_Q)         0.141     0.731 r  U_reg/U_core/out_addr_reg[3]/Q
                         net (fo=150, routed)         0.215     0.945    U_reg/out_mem_reg_384_447_3_5/ADDRD3
    SLICE_X78Y118        RAMD64E                                      r  U_reg/out_mem_reg_384_447_3_5/RAMA/WADR3
  -------------------------------------------------------------------    -------------------

                         (clock leakage_crypto_clk rise edge)
                                                      0.000     0.000 r  
    BUFGCTRL_X0Y0        BUFGCTRL                     0.000     0.000 r  U_clocks/CCLK_MUX/O
                         net (fo=4752, routed)        0.859     0.859    U_reg/out_mem_reg_384_447_3_5/WCLK
    SLICE_X78Y118        RAMD64E                                      r  U_reg/out_mem_reg_384_447_3_5/RAMA/CLK
                         clock pessimism             -0.234     0.625    
    SLICE_X78Y118        RAMD64E (Hold_ramd64e_CLK_WADR3)
                                                      0.240     0.865    U_reg/out_mem_reg_384_447_3_5/RAMA
  -------------------------------------------------------------------
                         required time                         -0.865    
                         arrival time                           0.945    
  -------------------------------------------------------------------
                         slack                                  0.081    





Pulse Width Checks
--------------------------------------------------------------------------------------
Clock Name:         leakage_crypto_clk
Waveform(ns):       { 0.000 20.000 }
Period(ns):         40.000
Sources:            { U_clocks/CCLK_MUX/O }

Check Type        Corner  Lib Pin      Reference Pin  Required(ns)  Actual(ns)  Slack(ns)  Location       Pin
Min Period        n/a     ODDR/C       n/a            1.474         40.000      38.526     OLOGIC_X0Y86   U_clocks/CWOUT_ODDR/C
Low Pulse Width   Slow    RAMD64E/CLK  n/a            1.130         20.000      18.870     SLICE_X80Y118  U_reg/out_mem_reg_448_511_3_5/RAMC/CLK
High Pulse Width  Slow    RAMD64E/CLK  n/a            1.130         20.000      18.870     SLICE_X80Y121  U_reg/out_mem_reg_64_127_3_5/RAMD/CLK



---------------------------------------------------------------------------------------------------
From Clock:  pll_clk1
  To Clock:  pll_clk1

Setup :           NA  Failing Endpoints,  Worst Slack           NA  ,  Total Violation           NA
Hold  :           NA  Failing Endpoints,  Worst Slack           NA  ,  Total Violation           NA
PW    :            0  Failing Endpoints,  Worst Slack        8.408ns,  Total Violation        0.000ns
---------------------------------------------------------------------------------------------------


Pulse Width Checks
--------------------------------------------------------------------------------------
Clock Name:         pll_clk1
Waveform(ns):       { 0.000 5.000 }
Period(ns):         10.000
Sources:            { pll_clk1 }

Check Type  Corner  Lib Pin      Reference Pin  Required(ns)  Actual(ns)  Slack(ns)  Location       Pin
Min Period  n/a     BUFGCTRL/I0  n/a            1.592         10.000      8.408      BUFGCTRL_X0Y0  U_clocks/CCLK_MUX/I0



---------------------------------------------------------------------------------------------------
From Clock:  tio_clkin
  To Clock:  tio_clkin

Setup :           NA  Failing Endpoints,  Worst Slack           NA  ,  Total Violation           NA
Hold  :           NA  Failing Endpoints,  Worst Slack           NA  ,  Total Violation           NA
PW    :            0  Failing Endpoints,  Worst Slack        8.408ns,  Total Violation        0.000ns
---------------------------------------------------------------------------------------------------


Pulse Width Checks
--------------------------------------------------------------------------------------
Clock Name:         tio_clkin
Waveform(ns):       { 0.000 5.000 }
Period(ns):         10.000
Sources:            { tio_clkin }

Check Type  Corner  Lib Pin      Reference Pin  Required(ns)  Actual(ns)  Slack(ns)  Location       Pin
Min Period  n/a     BUFGCTRL/I1  n/a            1.592         10.000      8.408      BUFGCTRL_X0Y0  U_clocks/CCLK_MUX/I1



---------------------------------------------------------------------------------------------------
From Clock:  usb_clk
  To Clock:  usb_clk

Setup :            0  Failing Endpoints,  Worst Slack        2.526ns,  Total Violation        0.000ns
Hold  :            0  Failing Endpoints,  Worst Slack        0.121ns,  Total Violation        0.000ns
PW    :            0  Failing Endpoints,  Worst Slack        4.500ns,  Total Violation        0.000ns
---------------------------------------------------------------------------------------------------


Max Delay Paths
--------------------------------------------------------------------------------------
Slack (MET) :             2.526ns  (required time - arrival time)
  Source:                 U_usb_reg_fe/usb_addr_r_reg[1]/C
                            (rising edge-triggered cell FDRE clocked by usb_clk  {rise@0.000ns fall@5.000ns period=10.000ns})
  Destination:            U_reg/read_data_reg[0]/D
                            (rising edge-triggered cell FDRE clocked by usb_clk  {rise@0.000ns fall@5.000ns period=10.000ns})
  Path Group:             usb_clk
  Path Type:              Setup (Max at Slow Process Corner)
  Requirement:            10.000ns  (usb_clk rise@10.000ns - usb_clk rise@0.000ns)
  Data Path Delay:        7.445ns  (logic 1.670ns (22.430%)  route 5.775ns (77.570%))
  Logic Levels:           8  (LUT6=5 MUXF7=2 MUXF8=1)
  Clock Path Skew:        -0.023ns (DCD - SCD + CPR)
    Destination Clock Delay (DCD):    4.362ns = ( 14.362 - 10.000 ) 
    Source Clock Delay      (SCD):    4.625ns
    Clock Pessimism Removal (CPR):    0.241ns
  Clock Uncertainty:      0.035ns  ((TSJ^2 + TIJ^2)^1/2 + DJ) / 2 + PE
    Total System Jitter     (TSJ):    0.071ns
    Total Input Jitter      (TIJ):    0.000ns
    Discrete Jitter          (DJ):    0.000ns
    Phase Error              (PE):    0.000ns

    Location             Delay type                Incr(ns)  Path(ns)    Netlist Resource(s)
  -------------------------------------------------------------------    -------------------
                         (clock usb_clk rise edge)    0.000     0.000 r  
    F5                                                0.000     0.000 r  usb_clk (IN)
                         net (fo=0)                   0.000     0.000    U_clocks/usb_clk
    F5                   IBUF (Prop_ibuf_I_O)         1.392     1.392 r  U_clocks/clkibuf/O
                         net (fo=1, routed)           1.717     3.109    U_clocks/usb_clk_bufg
    BUFGCTRL_X0Y16       BUFG (Prop_bufg_I_O)         0.081     3.190 r  U_clocks/clkbuf/O
                         net (fo=901, routed)         1.435     4.625    U_usb_reg_fe/usb_clk_buf
    SLICE_X89Y118        FDRE                                         r  U_usb_reg_fe/usb_addr_r_reg[1]/C
  -------------------------------------------------------------------    -------------------
    SLICE_X89Y118        FDRE (Prop_fdre_C_Q)         0.379     5.004 r  U_usb_reg_fe/usb_addr_r_reg[1]/Q
                         net (fo=333, routed)         2.578     7.582    U_reg/usb_addr_r_reg[9][1]
    SLICE_X66Y83         LUT6 (Prop_lut6_I2_O)        0.105     7.687 r  U_reg/read_data[0]_i_266/O
                         net (fo=1, routed)           0.000     7.687    U_reg/read_data[0]_i_266_n_0
    SLICE_X66Y83         MUXF7 (Prop_muxf7_I0_O)      0.201     7.888 r  U_reg/read_data_reg[0]_i_130/O
                         net (fo=1, routed)           0.000     7.888    U_reg/read_data_reg[0]_i_130_n_0
    SLICE_X66Y83         MUXF8 (Prop_muxf8_I0_O)      0.082     7.970 r  U_reg/read_data_reg[0]_i_58/O
                         net (fo=1, routed)           0.997     8.967    U_reg/read_data_reg[0]_i_58_n_0
    SLICE_X75Y92         LUT6 (Prop_lut6_I0_O)        0.259     9.226 r  U_reg/read_data[0]_i_28/O
                         net (fo=1, routed)           0.000     9.226    U_reg/read_data[0]_i_28_n_0
    SLICE_X75Y92         MUXF7 (Prop_muxf7_I1_O)      0.182     9.408 r  U_reg/read_data_reg[0]_i_13/O
                         net (fo=1, routed)           0.712    10.120    U_reg/read_data_reg[0]_i_13_n_0
    SLICE_X76Y96         LUT6 (Prop_lut6_I3_O)        0.252    10.372 r  U_reg/read_data[0]_i_5/O
                         net (fo=1, routed)           1.088    11.459    U_reg/read_data[0]_i_5_n_0
    SLICE_X87Y116        LUT6 (Prop_lut6_I0_O)        0.105    11.564 r  U_reg/read_data[0]_i_2/O
                         net (fo=1, routed)           0.401    11.966    U_reg/read_data[0]_i_2_n_0
    SLICE_X86Y116        LUT6 (Prop_lut6_I0_O)        0.105    12.071 r  U_reg/read_data[0]_i_1/O
                         net (fo=1, routed)           0.000    12.071    U_reg/read_data2_out[0]
    SLICE_X86Y116        FDRE                                         r  U_reg/read_data_reg[0]/D
  -------------------------------------------------------------------    -------------------

                         (clock usb_clk rise edge)   10.000    10.000 r  
    F5                                                0.000    10.000 r  usb_clk (IN)
                         net (fo=0)                   0.000    10.000    U_clocks/usb_clk
    F5                   IBUF (Prop_ibuf_I_O)         1.326    11.326 r  U_clocks/clkibuf/O
                         net (fo=1, routed)           1.628    12.954    U_clocks/usb_clk_bufg
    BUFGCTRL_X0Y16       BUFG (Prop_bufg_I_O)         0.077    13.031 r  U_clocks/clkbuf/O
                         net (fo=901, routed)         1.330    14.362    U_reg/usb_clk_buf
    SLICE_X86Y116        FDRE                                         r  U_reg/read_data_reg[0]/C
                         clock pessimism              0.241    14.602    
                         clock uncertainty           -0.035    14.567    
    SLICE_X86Y116        FDRE (Setup_fdre_C_D)        0.030    14.597    U_reg/read_data_reg[0]
  -------------------------------------------------------------------
                         required time                         14.597    
                         arrival time                         -12.071    
  -------------------------------------------------------------------
                         slack                                  2.526    





Min Delay Paths
--------------------------------------------------------------------------------------
Slack (MET) :             0.121ns  (arrival time - required time)
  Source:                 U_reg/busy_sync_reg[0]/C
                            (rising edge-triggered cell FDRE clocked by usb_clk  {rise@0.000ns fall@5.000ns period=10.000ns})
  Destination:            U_reg/busy_sync_reg[1]/D
                            (rising edge-triggered cell FDRE clocked by usb_clk  {rise@0.000ns fall@5.000ns period=10.000ns})
  Path Group:             usb_clk
  Path Type:              Hold (Min at Fast Process Corner)
  Requirement:            0.000ns  (usb_clk rise@0.000ns - usb_clk rise@0.000ns)
  Data Path Delay:        0.196ns  (logic 0.141ns (71.838%)  route 0.055ns (28.162%))
  Logic Levels:           0  
  Clock Path Skew:        0.000ns (DCD - SCD - CPR)
    Destination Clock Delay (DCD):    2.006ns
    Source Clock Delay      (SCD):    1.491ns
    Clock Pessimism Removal (CPR):    0.515ns

    Location             Delay type                Incr(ns)  Path(ns)    Netlist Resource(s)
  -------------------------------------------------------------------    -------------------
                         (clock usb_clk rise edge)    0.000     0.000 r  
    F5                                                0.000     0.000 r  usb_clk (IN)
                         net (fo=0)                   0.000     0.000    U_clocks/usb_clk
    F5                   IBUF (Prop_ibuf_I_O)         0.229     0.229 r  U_clocks/clkibuf/O
                         net (fo=1, routed)           0.644     0.873    U_clocks/usb_clk_bufg
    BUFGCTRL_X0Y16       BUFG (Prop_bufg_I_O)         0.026     0.899 r  U_clocks/clkbuf/O
                         net (fo=901, routed)         0.592     1.491    U_reg/usb_clk_buf
    SLICE_X83Y119        FDRE                                         r  U_reg/busy_sync_reg[0]/C
  -------------------------------------------------------------------    -------------------
    SLICE_X83Y119        FDRE (Prop_fdre_C_Q)         0.141     1.632 r  U_reg/busy_sync_reg[0]/Q
                         net (fo=1, routed)           0.055     1.687    U_reg/busy_sync[0]
    SLICE_X83Y119        FDRE                                         r  U_reg/busy_sync_reg[1]/D
  -------------------------------------------------------------------    -------------------

                         (clock usb_clk rise edge)    0.000     0.000 r  
    F5                                                0.000     0.000 r  usb_clk (IN)
                         net (fo=0)                   0.000     0.000    U_clocks/usb_clk
    F5                   IBUF (Prop_ibuf_I_O)         0.417     0.417 r  U_clocks/clkibuf/O
                         net (fo=1, routed)           0.699     1.115    U_clocks/usb_clk_bufg
    BUFGCTRL_X0Y16       BUFG (Prop_bufg_I_O)         0.029     1.144 r  U_clocks/clkbuf/O
                         net (fo=901, routed)         0.861     2.006    U_reg/usb_clk_buf
    SLICE_X83Y119        FDRE                                         r  U_reg/busy_sync_reg[1]/C
                         clock pessimism             -0.515     1.491    
    SLICE_X83Y119        FDRE (Hold_fdre_C_D)         0.075     1.566    U_reg/busy_sync_reg[1]
  -------------------------------------------------------------------
                         required time                         -1.566    
                         arrival time                           1.687    
  -------------------------------------------------------------------
                         slack                                  0.121    





Pulse Width Checks
--------------------------------------------------------------------------------------
Clock Name:         usb_clk
Waveform(ns):       { 0.000 5.000 }
Period(ns):         10.000
Sources:            { usb_clk }

Check Type        Corner  Lib Pin  Reference Pin  Required(ns)  Actual(ns)  Slack(ns)  Location        Pin
Min Period        n/a     BUFG/I   n/a            1.592         10.000      8.408      BUFGCTRL_X0Y16  U_clocks/clkbuf/I
Low Pulse Width   Slow    FDRE/C   n/a            0.500         5.000       4.500      SLICE_X68Y101   U_reg/image_bits_reg[740]/C
High Pulse Width  Fast    FDRE/C   n/a            0.500         5.000       4.500      SLICE_X72Y99    U_reg/image_bits_reg[548]/C



---------------------------------------------------------------------------------------------------
Path Group:  **async_default**
From Clock:  usb_clk
  To Clock:  usb_clk

Setup :            0  Failing Endpoints,  Worst Slack        6.651ns,  Total Violation        0.000ns
Hold  :            0  Failing Endpoints,  Worst Slack        1.566ns,  Total Violation        0.000ns
---------------------------------------------------------------------------------------------------


Max Delay Paths
--------------------------------------------------------------------------------------
Slack (MET) :             6.651ns  (required time - arrival time)
  Source:                 pushbutton
                            (input port clocked by usb_clk  {rise@0.000ns fall@5.000ns period=10.000ns})
  Destination:            U_reg/U_go/src_tog_reg/CLR
                            (recovery check against rising-edge clock usb_clk  {rise@0.000ns fall@5.000ns period=10.000ns})
  Path Group:             **async_default**
  Path Type:              Recovery (Max at Slow Process Corner)
  Requirement:            10.000ns  (usb_clk rise@10.000ns - usb_clk rise@0.000ns)
  Data Path Delay:        6.911ns  (logic 1.537ns (22.242%)  route 5.374ns (77.758%))
  Logic Levels:           2  (IBUF=1 LUT1=1)
  Input Delay:            0.500ns
  Clock Path Skew:        4.355ns (DCD - SCD + CPR)
    Destination Clock Delay (DCD):    4.355ns = ( 14.355 - 10.000 ) 
    Source Clock Delay      (SCD):    0.000ns
    Clock Pessimism Removal (CPR):    0.000ns
  Clock Uncertainty:      0.035ns  ((TSJ^2 + TIJ^2)^1/2 + DJ) / 2 + PE
    Total System Jitter     (TSJ):    0.071ns
    Total Input Jitter      (TIJ):    0.000ns
    Discrete Jitter          (DJ):    0.000ns
    Phase Error              (PE):    0.000ns

    Location             Delay type                Incr(ns)  Path(ns)    Netlist Resource(s)
  -------------------------------------------------------------------    -------------------
                         (clock usb_clk rise edge)    0.000     0.000 r  
                         input delay                  0.500     0.500    
    R1                                                0.000     0.500 r  pushbutton (IN)
                         net (fo=0)                   0.000     0.500    pushbutton
    R1                   IBUF (Prop_ibuf_I_O)         1.432     1.932 r  pushbutton_IBUF_inst/O
                         net (fo=5, routed)           2.969     4.901    U_reg/U_core/pushbutton_IBUF
    SLICE_X87Y107        LUT1 (Prop_lut1_I0_O)        0.105     5.006 f  U_reg/U_core/busy_i_1/O
                         net (fo=878, routed)         2.405     7.411    U_reg/U_go/AR[0]
    SLICE_X80Y116        FDCE                                         f  U_reg/U_go/src_tog_reg/CLR
  -------------------------------------------------------------------    -------------------

                         (clock usb_clk rise edge)   10.000    10.000 r  
    F5                                                0.000    10.000 r  usb_clk (IN)
                         net (fo=0)                   0.000    10.000    U_clocks/usb_clk
    F5                   IBUF (Prop_ibuf_I_O)         1.326    11.326 r  U_clocks/clkibuf/O
                         net (fo=1, routed)           1.628    12.954    U_clocks/usb_clk_bufg
    BUFGCTRL_X0Y16       BUFG (Prop_bufg_I_O)         0.077    13.031 r  U_clocks/clkbuf/O
                         net (fo=901, routed)         1.323    14.355    U_reg/U_go/usb_clk_buf
    SLICE_X80Y116        FDCE                                         r  U_reg/U_go/src_tog_reg/C
                         clock pessimism              0.000    14.355    
                         clock uncertainty           -0.035    14.319    
    SLICE_X80Y116        FDCE (Recov_fdce_C_CLR)     -0.258    14.061    U_reg/U_go/src_tog_reg
  -------------------------------------------------------------------
                         required time                         14.061    
                         arrival time                          -7.411    
  -------------------------------------------------------------------
                         slack                                  6.651    





Min Delay Paths
--------------------------------------------------------------------------------------
Slack (MET) :             1.566ns  (arrival time - required time)
  Source:                 pushbutton
                            (input port clocked by usb_clk  {rise@0.000ns fall@5.000ns period=10.000ns})
  Destination:            U_reg/U_go/src_tog_reg/CLR
                            (removal check against rising-edge clock usb_clk  {rise@0.000ns fall@5.000ns period=10.000ns})
  Path Group:             **async_default**
  Path Type:              Removal (Min at Fast Process Corner)
  Requirement:            0.000ns  (usb_clk rise@0.000ns - usb_clk rise@0.000ns)
  Data Path Delay:        3.039ns  (logic 0.314ns (10.321%)  route 2.726ns (89.679%))
  Logic Levels:           2  (IBUF=1 LUT1=1)
  Input Delay:            0.500ns
  Clock Path Skew:        2.005ns (DCD - SCD - CPR)
    Destination Clock Delay (DCD):    2.005ns
    Source Clock Delay      (SCD):    0.000ns
    Clock Pessimism Removal (CPR):    -0.000ns
  Clock Uncertainty:      0.035ns  ((TSJ^2 + TIJ^2)^1/2 + DJ) / 2 + PE
    Total System Jitter     (TSJ):    0.071ns
    Total Input Jitter      (TIJ):    0.000ns
    Discrete Jitter          (DJ):    0.000ns
    Phase Error              (PE):    0.000ns

    Location             Delay type                Incr(ns)  Path(ns)    Netlist Resource(s)
  -------------------------------------------------------------------    -------------------
                         (clock usb_clk rise edge)    0.000     0.000 r  
                         input delay                  0.500     0.500    
    R1                                                0.000     0.500 r  pushbutton (IN)
                         net (fo=0)                   0.000     0.500    pushbutton
    R1                   IBUF (Prop_ibuf_I_O)         0.269     0.769 r  pushbutton_IBUF_inst/O
                         net (fo=5, routed)           1.396     2.164    U_reg/U_core/pushbutton_IBUF
    SLICE_X87Y107        LUT1 (Prop_lut1_I0_O)        0.045     2.209 f  U_reg/U_core/busy_i_1/O
                         net (fo=878, routed)         1.330     3.539    U_reg/U_go/AR[0]
    SLICE_X80Y116        FDCE                                         f  U_reg/U_go/src_tog_reg/CLR
  -------------------------------------------------------------------    -------------------

                         (clock usb_clk rise edge)    0.000     0.000 r  
    F5                                                0.000     0.000 r  usb_clk (IN)
                         net (fo=0)                   0.000     0.000    U_clocks/usb_clk
    F5                   IBUF (Prop_ibuf_I_O)         0.417     0.417 r  U_clocks/clkibuf/O
                         net (fo=1, routed)           0.699     1.115    U_clocks/usb_clk_bufg
    BUFGCTRL_X0Y16       BUFG (Prop_bufg_I_O)         0.029     1.144 r  U_clocks/clkbuf/O
                         net (fo=901, routed)         0.860     2.005    U_reg/U_go/usb_clk_buf
    SLICE_X80Y116        FDCE                                         r  U_reg/U_go/src_tog_reg/C
                         clock pessimism              0.000     2.005    
                         clock uncertainty            0.035     2.040    
    SLICE_X80Y116        FDCE (Remov_fdce_C_CLR)     -0.067     1.973    U_reg/U_go/src_tog_reg
  -------------------------------------------------------------------
                         required time                         -1.973    
                         arrival time                           3.539    
  -------------------------------------------------------------------
                         slack                                  1.566    





