Copyright 1986-2016 Xilinx, Inc. All Rights Reserved.
------------------------------------------------------------------------------------
| Tool Version : Vivado v.2016.4 (win64) Build 1756540 Mon Jan 23 19:11:23 MST 2017
| Date         : Fri Sep 11 14:39:01 2026
| Host         : kaz4n running 64-bit major release  (build 9200)
| Command      : report_timing_summary -file leakage_rgblb_d8_s32_timing.rpt
| Design       : cw305_leakage_rgb_top
| Device       : 7a100t-ftg256
| Speed File   : -2  PRODUCTION 1.16 2016-11-09
------------------------------------------------------------------------------------

Timing Summary Report

------------------------------------------------------------------------------------------------
| Timer Settings
| --------------
------------------------------------------------------------------------------------------------

  Enable Multi Corner Analysis               :  Yes
  Enable Pessimism Removal                   :  Yes
  Pessimism Removal Resolution               :  Nearest Common Node
  Enable Input Delay Default Clock           :  No
  Enable Preset / Clear Arcs                 :  No
  Disable Flight Delays                      :  No
  Ignore I/O Paths                           :  No
  Timing Early Launch at Borrowing Latches   :  false

  Corner  Analyze    Analyze    
  Name    Max Paths  Min Paths  
  ------  ---------  ---------  
  Slow    Yes        Yes        
  Fast    Yes        Yes        



check_timing report

Table of Contents
-----------------
1. checking no_clock
2. checking constant_clock
3. checking pulse_width_clock
4. checking unconstrained_internal_endpoints
5. checking no_input_delay
6. checking no_output_delay
7. checking multiple_clock
8. checking generated_clocks
9. checking loops
10. checking partial_input_delay
11. checking partial_output_delay
12. checking latch_loops

1. checking no_clock
--------------------
 There are 0 register/latch pins with no clock.


2. checking constant_clock
--------------------------
 There are 0 register/latch pins with constant_clock.


3. checking pulse_width_clock
-----------------------------
 There are 0 register/latch pins which need pulse_width check


4. checking unconstrained_internal_endpoints
--------------------------------------------
 There are 0 pins that are not constrained for maximum delay.

 There are 0 pins that are not constrained for maximum delay due to constant clock.


5. checking no_input_delay
--------------------------
 There are 0 input ports with no input delay specified.

 There are 0 input ports with no input delay but user has a false path constraint.


6. checking no_output_delay
---------------------------
 There are 0 ports with no output delay specified.

 There are 0 ports with no output delay but user has a false path constraint

 There are 0 ports with no output delay but with a timing clock defined on it or propagating through it


7. checking multiple_clock
--------------------------
 There are 0 register/latch pins with multiple clocks.


8. checking generated_clocks
----------------------------
 There are 0 generated clocks that are not connected to a clock source.


9. checking loops
-----------------
 There are 0 combinational loops in the design.


10. checking partial_input_delay
--------------------------------
 There are 0 input ports with partial input delay specified.


11. checking partial_output_delay
---------------------------------
 There are 0 ports with partial output delay specified.


12. checking latch_loops
------------------------
 There are 0 combinational latch loops in the design through latch input



------------------------------------------------------------------------------------------------
| Design Timing Summary
| ---------------------
------------------------------------------------------------------------------------------------

    WNS(ns)      TNS(ns)  TNS Failing Endpoints  TNS Total Endpoints      WHS(ns)      THS(ns)  THS Failing Endpoints  THS Total Endpoints     WPWS(ns)     TPWS(ns)  TPWS Failing Endpoints  TPWS Total Endpoints  
    -------      -------  ---------------------  -------------------      -------      -------  ---------------------  -------------------     --------     --------  ----------------------  --------------------  
      3.829        0.000                      0                 4378        0.065        0.000                      0                 4378        4.500        0.000                       0                  1287  


All user specified timing constraints are met.


------------------------------------------------------------------------------------------------
| Clock Summary
| -------------
------------------------------------------------------------------------------------------------

Clock               Waveform(ns)       Period(ns)      Frequency(MHz)
-----               ------------       ----------      --------------
leakage_crypto_clk  {0.000 20.000}     40.000          25.000          
pll_clk1            {0.000 5.000}      10.000          100.000         
tio_clkin           {0.000 5.000}      10.000          100.000         
usb_clk             {0.000 5.000}      10.000          100.000         


------------------------------------------------------------------------------------------------
| Intra Clock Table
| -----------------
------------------------------------------------------------------------------------------------

Clock                   WNS(ns)      TNS(ns)  TNS Failing Endpoints  TNS Total Endpoints      WHS(ns)      THS(ns)  THS Failing Endpoints  THS Total Endpoints     WPWS(ns)     TPWS(ns)  TPWS Failing Endpoints  TPWS Total Endpoints  
-----                   -------      -------  ---------------------  -------------------      -------      -------  ---------------------  -------------------     --------     --------  ----------------------  --------------------  
leakage_crypto_clk       28.698        0.000                      0                 3993        0.065        0.000                      0                 3993       18.870        0.000                       0                  1089  
pll_clk1                                                                                                                                                              8.408        0.000                       0                     1  
tio_clkin                                                                                                                                                             8.408        0.000                       0                     1  
usb_clk                   3.829        0.000                      0                  384        0.124        0.000                      0                  384        4.500        0.000                       0                   196  


------------------------------------------------------------------------------------------------
| Inter Clock Table
| -----------------
------------------------------------------------------------------------------------------------

From Clock    To Clock          WNS(ns)      TNS(ns)  TNS Failing Endpoints  TNS Total Endpoints      WHS(ns)      THS(ns)  THS Failing Endpoints  THS Total Endpoints  
----------    --------          -------      -------  ---------------------  -------------------      -------      -------  ---------------------  -------------------  


------------------------------------------------------------------------------------------------
| Other Path Groups Table
| -----------------------
------------------------------------------------------------------------------------------------

Path Group         From Clock         To Clock               WNS(ns)      TNS(ns)  TNS Failing Endpoints  TNS Total Endpoints      WHS(ns)      THS(ns)  THS Failing Endpoints  THS Total Endpoints  
----------         ----------         --------               -------      -------  ---------------------  -------------------      -------      -------  ---------------------  -------------------  
**async_default**  usb_clk            usb_clk                  7.685        0.000                      0                    1        1.113        0.000                      0                    1  


------------------------------------------------------------------------------------------------
| Timing Details
| --------------
------------------------------------------------------------------------------------------------


---------------------------------------------------------------------------------------------------
From Clock:  leakage_crypto_clk
  To Clock:  leakage_crypto_clk

Setup :            0  Failing Endpoints,  Worst Slack       28.698ns,  Total Violation        0.000ns
Hold  :            0  Failing Endpoints,  Worst Slack        0.065ns,  Total Violation        0.000ns
PW    :            0  Failing Endpoints,  Worst Slack       18.870ns,  Total Violation        0.000ns
---------------------------------------------------------------------------------------------------


Max Delay Paths
--------------------------------------------------------------------------------------
Slack (MET) :             28.698ns  (required time - arrival time)
  Source:                 U_reg/image_mem_reg_1/CLKBWRCLK
                            (rising edge-triggered cell RAMB18E1 clocked by leakage_crypto_clk  {rise@0.000ns fall@20.000ns period=40.000ns})
  Destination:            U_reg/U_core/acc_reg[11]/D
                            (rising edge-triggered cell FDRE clocked by leakage_crypto_clk  {rise@0.000ns fall@20.000ns period=40.000ns})
  Path Group:             leakage_crypto_clk
  Path Type:              Setup (Max at Slow Process Corner)
  Requirement:            40.000ns  (leakage_crypto_clk rise@40.000ns - leakage_crypto_clk rise@0.000ns)
  Data Path Delay:        11.233ns  (logic 3.911ns (34.818%)  route 7.322ns (65.182%))
  Logic Levels:           13  (CARRY4=4 LUT3=4 LUT4=3 LUT5=1 LUT6=1)
  Clock Path Skew:        -0.064ns (DCD - SCD + CPR)
    Destination Clock Delay (DCD):    1.324ns = ( 41.324 - 40.000 ) 
    Source Clock Delay      (SCD):    1.454ns
    Clock Pessimism Removal (CPR):    0.066ns
  Clock Uncertainty:      0.035ns  ((TSJ^2 + TIJ^2)^1/2 + DJ) / 2 + PE
    Total System Jitter     (TSJ):    0.071ns
    Total Input Jitter      (TIJ):    0.000ns
    Discrete Jitter          (DJ):    0.000ns
    Phase Error              (PE):    0.000ns

    Location             Delay type                Incr(ns)  Path(ns)    Netlist Resource(s)
  -------------------------------------------------------------------    -------------------
                         (clock leakage_crypto_clk rise edge)
                                                      0.000     0.000 r  
    BUFGCTRL_X0Y0        BUFGCTRL                     0.000     0.000 r  U_clocks/CCLK_MUX/O
                         net (fo=1089, routed)        1.454     1.454    U_reg/crypto_clk
    RAMB18_X2Y51         RAMB18E1                                     r  U_reg/image_mem_reg_1/CLKBWRCLK
  -------------------------------------------------------------------    -------------------
    RAMB18_X2Y51         RAMB18E1 (Prop_ramb18e1_CLKBWRCLK_DOBDO[0])
                                                      0.734     2.188 r  U_reg/image_mem_reg_1/DOBDO[0]
                         net (fo=14, routed)          1.553     3.741    U_reg/U_core/pix_data[8]
    SLICE_X66Y137        LUT5 (Prop_lut5_I3_O)        0.105     3.846 r  U_reg/U_core/prod_reg[17][5]_i_3/O
                         net (fo=1, routed)           0.660     4.506    U_reg/U_core/prod_reg[17][5]_i_3_n_0
    SLICE_X66Y138        LUT3 (Prop_lut3_I1_O)        0.105     4.611 r  U_reg/U_core/prod_reg[17][5]_i_2/O
                         net (fo=4, routed)           1.188     5.799    U_reg/U_core/data17[5]
    SLICE_X67Y140        LUT3 (Prop_lut3_I2_O)        0.119     5.918 r  U_reg/U_core/out_data[15]_i_122/O
                         net (fo=2, routed)           0.220     6.138    U_reg/U_core/out_data[15]_i_122_n_0
    SLICE_X67Y140        LUT4 (Prop_lut4_I3_O)        0.275     6.413 r  U_reg/U_core/out_data[15]_i_126/O
                         net (fo=1, routed)           0.000     6.413    U_reg/U_core/out_data[15]_i_126_n_0
    SLICE_X67Y140        CARRY4 (Prop_carry4_S[2]_O[2])
                                                      0.207     6.620 r  U_reg/U_core/out_data_reg[15]_i_55/O[2]
                         net (fo=2, routed)           1.157     7.777    U_reg_n_37
    SLICE_X65Y143        LUT3 (Prop_lut3_I0_O)        0.269     8.046 r  out_data[11]_i_12/O
                         net (fo=2, routed)           0.613     8.659    out_data[11]_i_12_n_0
    SLICE_X65Y143        LUT4 (Prop_lut4_I3_O)        0.268     8.927 r  out_data[11]_i_16/O
                         net (fo=1, routed)           0.000     8.927    out_data[11]_i_16_n_0
    SLICE_X65Y143        CARRY4 (Prop_carry4_S[3]_CO[3])
                                                      0.332     9.259 r  out_data_reg[11]_i_10/CO[3]
                         net (fo=1, routed)           0.000     9.259    out_data_reg[11]_i_10_n_0
    SLICE_X65Y144        CARRY4 (Prop_carry4_CI_O[0])
                                                      0.180     9.439 r  out_data_reg[15]_i_11/O[0]
                         net (fo=3, routed)           0.993    10.432    U_reg/U_core/chan_sum[1]_1[8]
    SLICE_X74Y144        LUT3 (Prop_lut3_I1_O)        0.269    10.701 r  U_reg/U_core/out_data[11]_i_4/O
                         net (fo=2, routed)           0.352    11.053    U_reg/U_core/out_data[11]_i_4_n_0
    SLICE_X74Y144        LUT4 (Prop_lut4_I3_O)        0.264    11.317 r  U_reg/U_core/out_data[11]_i_8/O
                         net (fo=1, routed)           0.000    11.317    U_reg/U_core/out_data[11]_i_8_n_0
    SLICE_X74Y144        CARRY4 (Prop_carry4_S[1]_O[3])
                                                      0.534    11.851 r  U_reg/U_core/out_data_reg[11]_i_1/O[3]
                         net (fo=2, routed)           0.586    12.437    U_reg/U_core/full_sum[11]
    SLICE_X77Y143        LUT6 (Prop_lut6_I5_O)        0.250    12.687 r  U_reg/U_core/acc[11]_i_1/O
                         net (fo=1, routed)           0.000    12.687    U_reg/U_core/acc[11]_i_1_n_0
    SLICE_X77Y143        FDRE                                         r  U_reg/U_core/acc_reg[11]/D
  -------------------------------------------------------------------    -------------------

                         (clock leakage_crypto_clk rise edge)
                                                     40.000    40.000 r  
    BUFGCTRL_X0Y0        BUFGCTRL                     0.000    40.000 r  U_clocks/CCLK_MUX/O
                         net (fo=1089, routed)        1.324    41.324    U_reg/U_core/crypto_clk
    SLICE_X77Y143        FDRE                                         r  U_reg/U_core/acc_reg[11]/C
                         clock pessimism              0.066    41.390    
                         clock uncertainty           -0.035    41.355    
    SLICE_X77Y143        FDRE (Setup_fdre_C_D)        0.030    41.385    U_reg/U_core/acc_reg[11]
  -------------------------------------------------------------------
                         required time                         41.385    
                         arrival time                         -12.687    
  -------------------------------------------------------------------
                         slack                                 28.698    





Min Delay Paths
--------------------------------------------------------------------------------------
Slack (MET) :             0.065ns  (arrival time - required time)
  Source:                 U_reg/U_core/win_reg[2][0][14]/C
                            (rising edge-triggered cell FDRE clocked by leakage_crypto_clk  {rise@0.000ns fall@20.000ns period=40.000ns})
  Destination:            U_reg/U_core/lb1_reg[30][14]_srl28___U_reg_U_core_lb1_reg_r_26/D
                            (rising edge-triggered cell SRLC32E clocked by leakage_crypto_clk  {rise@0.000ns fall@20.000ns period=40.000ns})
  Path Group:             leakage_crypto_clk
  Path Type:              Hold (Min at Fast Process Corner)
  Requirement:            0.000ns  (leakage_crypto_clk rise@0.000ns - leakage_crypto_clk rise@0.000ns)
  Data Path Delay:        0.261ns  (logic 0.141ns (54.019%)  route 0.120ns (45.981%))
  Logic Levels:           0  
  Clock Path Skew:        0.013ns (DCD - SCD - CPR)
    Destination Clock Delay (DCD):    0.835ns
    Source Clock Delay      (SCD):    0.563ns
    Clock Pessimism Removal (CPR):    0.259ns

    Location             Delay type                Incr(ns)  Path(ns)    Netlist Resource(s)
  -------------------------------------------------------------------    -------------------
                         (clock leakage_crypto_clk rise edge)
                                                      0.000     0.000 r  
    BUFGCTRL_X0Y0        BUFGCTRL                     0.000     0.000 r  U_clocks/CCLK_MUX/O
                         net (fo=1089, routed)        0.563     0.563    U_reg/U_core/crypto_clk
    SLICE_X67Y141        FDRE                                         r  U_reg/U_core/win_reg[2][0][14]/C
  -------------------------------------------------------------------    -------------------
    SLICE_X67Y141        FDRE (Prop_fdre_C_Q)         0.141     0.704 r  U_reg/U_core/win_reg[2][0][14]/Q
                         net (fo=5, routed)           0.120     0.824    U_reg/U_core/win_reg[2][0]_4[14]
    SLICE_X66Y141        SRLC32E                                      r  U_reg/U_core/lb1_reg[30][14]_srl28___U_reg_U_core_lb1_reg_r_26/D
  -------------------------------------------------------------------    -------------------

                         (clock leakage_crypto_clk rise edge)
                                                      0.000     0.000 r  
    BUFGCTRL_X0Y0        BUFGCTRL                     0.000     0.000 r  U_clocks/CCLK_MUX/O
                         net (fo=1089, routed)        0.835     0.835    U_reg/U_core/crypto_clk
    SLICE_X66Y141        SRLC32E                                      r  U_reg/U_core/lb1_reg[30][14]_srl28___U_reg_U_core_lb1_reg_r_26/CLK
                         clock pessimism             -0.259     0.576    
    SLICE_X66Y141        SRLC32E (Hold_srlc32e_CLK_D)
                                                      0.183     0.759    U_reg/U_core/lb1_reg[30][14]_srl28___U_reg_U_core_lb1_reg_r_26
  -------------------------------------------------------------------
                         required time                         -0.759    
                         arrival time                           0.824    
  -------------------------------------------------------------------
                         slack                                  0.065    





Pulse Width Checks
--------------------------------------------------------------------------------------
Clock Name:         leakage_crypto_clk
Waveform(ns):       { 0.000 20.000 }
Period(ns):         40.000
Sources:            { U_clocks/CCLK_MUX/O }

Check Type        Corner  Lib Pin             Reference Pin  Required(ns)  Actual(ns)  Slack(ns)  Location       Pin
Min Period        n/a     RAMB18E1/CLKBWRCLK  n/a            2.170         40.000      37.830     RAMB18_X2Y50   U_reg/image_mem_reg_0/CLKBWRCLK
Low Pulse Width   Slow    RAMD64E/CLK         n/a            1.130         20.000      18.870     SLICE_X78Y101  U_reg/out_mem_reg_128_191_9_11/RAMB/CLK
High Pulse Width  Slow    RAMD64E/CLK         n/a            1.130         20.000      18.870     SLICE_X78Y120  U_reg/out_mem_reg_896_959_12_14/RAMB/CLK



---------------------------------------------------------------------------------------------------
From Clock:  pll_clk1
  To Clock:  pll_clk1

Setup :           NA  Failing Endpoints,  Worst Slack           NA  ,  Total Violation           NA
Hold  :           NA  Failing Endpoints,  Worst Slack           NA  ,  Total Violation           NA
PW    :            0  Failing Endpoints,  Worst Slack        8.408ns,  Total Violation        0.000ns
---------------------------------------------------------------------------------------------------


Pulse Width Checks
--------------------------------------------------------------------------------------
Clock Name:         pll_clk1
Waveform(ns):       { 0.000 5.000 }
Period(ns):         10.000
Sources:            { pll_clk1 }

Check Type  Corner  Lib Pin      Reference Pin  Required(ns)  Actual(ns)  Slack(ns)  Location       Pin
Min Period  n/a     BUFGCTRL/I0  n/a            1.592         10.000      8.408      BUFGCTRL_X0Y0  U_clocks/CCLK_MUX/I0



---------------------------------------------------------------------------------------------------
From Clock:  tio_clkin
  To Clock:  tio_clkin

Setup :           NA  Failing Endpoints,  Worst Slack           NA  ,  Total Violation           NA
Hold  :           NA  Failing Endpoints,  Worst Slack           NA  ,  Total Violation           NA
PW    :            0  Failing Endpoints,  Worst Slack        8.408ns,  Total Violation        0.000ns
---------------------------------------------------------------------------------------------------


Pulse Width Checks
--------------------------------------------------------------------------------------
Clock Name:         tio_clkin
Waveform(ns):       { 0.000 5.000 }
Period(ns):         10.000
Sources:            { tio_clkin }

Check Type  Corner  Lib Pin      Reference Pin  Required(ns)  Actual(ns)  Slack(ns)  Location       Pin
Min Period  n/a     BUFGCTRL/I1  n/a            1.592         10.000      8.408      BUFGCTRL_X0Y0  U_clocks/CCLK_MUX/I1



---------------------------------------------------------------------------------------------------
From Clock:  usb_clk
  To Clock:  usb_clk

Setup :            0  Failing Endpoints,  Worst Slack        3.829ns,  Total Violation        0.000ns
Hold  :            0  Failing Endpoints,  Worst Slack        0.124ns,  Total Violation        0.000ns
PW    :            0  Failing Endpoints,  Worst Slack        4.500ns,  Total Violation        0.000ns
---------------------------------------------------------------------------------------------------


Max Delay Paths
--------------------------------------------------------------------------------------
Slack (MET) :             3.829ns  (required time - arrival time)
  Source:                 U_usb_reg_fe/usb_addr_r_reg[1]_rep/C
                            (rising edge-triggered cell FDRE clocked by usb_clk  {rise@0.000ns fall@5.000ns period=10.000ns})
  Destination:            U_reg/read_data_reg[6]/D
                            (rising edge-triggered cell FDRE clocked by usb_clk  {rise@0.000ns fall@5.000ns period=10.000ns})
  Path Group:             usb_clk
  Path Type:              Setup (Max at Slow Process Corner)
  Requirement:            10.000ns  (usb_clk rise@10.000ns - usb_clk rise@0.000ns)
  Data Path Delay:        6.142ns  (logic 1.215ns (19.781%)  route 4.927ns (80.219%))
  Logic Levels:           6  (LUT5=1 LUT6=2 MUXF7=1 MUXF8=1 RAMD64E=1)
  Clock Path Skew:        -0.025ns (DCD - SCD + CPR)
    Destination Clock Delay (DCD):    4.354ns = ( 14.354 - 10.000 ) 
    Source Clock Delay      (SCD):    4.620ns
    Clock Pessimism Removal (CPR):    0.242ns
  Clock Uncertainty:      0.035ns  ((TSJ^2 + TIJ^2)^1/2 + DJ) / 2 + PE
    Total System Jitter     (TSJ):    0.071ns
    Total Input Jitter      (TIJ):    0.000ns
    Discrete Jitter          (DJ):    0.000ns
    Phase Error              (PE):    0.000ns

    Location             Delay type                Incr(ns)  Path(ns)    Netlist Resource(s)
  -------------------------------------------------------------------    -------------------
                         (clock usb_clk rise edge)    0.000     0.000 r  
    F5                                                0.000     0.000 r  usb_clk (IN)
                         net (fo=0)                   0.000     0.000    U_clocks/usb_clk
    F5                   IBUF (Prop_ibuf_I_O)         1.392     1.392 r  U_clocks/clkibuf/O
                         net (fo=1, routed)           1.717     3.109    U_clocks/usb_clk_bufg
    BUFGCTRL_X0Y16       BUFG (Prop_bufg_I_O)         0.081     3.190 r  U_clocks/clkbuf/O
                         net (fo=195, routed)         1.430     4.620    U_usb_reg_fe/usb_clk_buf
    SLICE_X85Y121        FDRE                                         r  U_usb_reg_fe/usb_addr_r_reg[1]_rep/C
  -------------------------------------------------------------------    -------------------
    SLICE_X85Y121        FDRE (Prop_fdre_C_Q)         0.379     4.999 r  U_usb_reg_fe/usb_addr_r_reg[1]_rep/Q
                         net (fo=113, routed)         2.597     7.596    U_reg/out_mem_reg_576_639_6_8/ADDRA0
    SLICE_X76Y95         RAMD64E (Prop_ramd64e_RADR0_O)
                                                      0.105     7.701 r  U_reg/out_mem_reg_576_639_6_8/RAMA/O
                         net (fo=1, routed)           0.782     8.483    U_reg/out_mem_reg_576_639_6_8_n_0
    SLICE_X81Y98         LUT6 (Prop_lut6_I3_O)        0.105     8.588 r  U_reg/read_data[6]_i_24/O
                         net (fo=1, routed)           0.000     8.588    U_reg/read_data[6]_i_24_n_0
    SLICE_X81Y98         MUXF7 (Prop_muxf7_I0_O)      0.178     8.766 r  U_reg/read_data_reg[6]_i_15/O
                         net (fo=1, routed)           0.000     8.766    U_reg/read_data_reg[6]_i_15_n_0
    SLICE_X81Y98         MUXF8 (Prop_muxf8_I1_O)      0.079     8.845 r  U_reg/read_data_reg[6]_i_6/O
                         net (fo=1, routed)           1.125     9.970    U_reg/p_16_in[6]
    SLICE_X82Y119        LUT5 (Prop_lut5_I2_O)        0.264    10.234 r  U_reg/read_data[6]_i_3/O
                         net (fo=1, routed)           0.423    10.657    U_reg/read_data[6]_i_3_n_0
    SLICE_X83Y121        LUT6 (Prop_lut6_I2_O)        0.105    10.762 r  U_reg/read_data[6]_i_1/O
                         net (fo=1, routed)           0.000    10.762    U_reg/read_data3_out[6]
    SLICE_X83Y121        FDRE                                         r  U_reg/read_data_reg[6]/D
  -------------------------------------------------------------------    -------------------

                         (clock usb_clk rise edge)   10.000    10.000 r  
    F5                                                0.000    10.000 r  usb_clk (IN)
                         net (fo=0)                   0.000    10.000    U_clocks/usb_clk
    F5                   IBUF (Prop_ibuf_I_O)         1.326    11.326 r  U_clocks/clkibuf/O
                         net (fo=1, routed)           1.628    12.954    U_clocks/usb_clk_bufg
    BUFGCTRL_X0Y16       BUFG (Prop_bufg_I_O)         0.077    13.031 r  U_clocks/clkbuf/O
                         net (fo=195, routed)         1.322    14.354    U_reg/usb_clk_buf
    SLICE_X83Y121        FDRE                                         r  U_reg/read_data_reg[6]/C
                         clock pessimism              0.242    14.595    
                         clock uncertainty           -0.035    14.560    
    SLICE_X83Y121        FDRE (Setup_fdre_C_D)        0.032    14.592    U_reg/read_data_reg[6]
  -------------------------------------------------------------------
                         required time                         14.592    
                         arrival time                         -10.762    
  -------------------------------------------------------------------
                         slack                                  3.829    





Min Delay Paths
--------------------------------------------------------------------------------------
Slack (MET) :             0.124ns  (arrival time - required time)
  Source:                 usb_addr[1]
                            (input port clocked by usb_clk  {rise@0.000ns fall@5.000ns period=10.000ns})
  Destination:            U_reg/image_mem_reg_2/ENARDEN
                            (rising edge-triggered cell RAMB18E1 clocked by usb_clk  {rise@0.000ns fall@5.000ns period=10.000ns})
  Path Group:             usb_clk
  Path Type:              Hold (Min at Slow Process Corner)
  Requirement:            0.000ns  (usb_clk rise@0.000ns - usb_clk rise@0.000ns)
  Data Path Delay:        3.005ns  (logic 1.422ns (47.328%)  route 1.583ns (52.672%))
  Logic Levels:           2  (IBUF=1 LUT4=1)
  Input Delay:            2.000ns
  Clock Path Skew:        4.641ns (DCD - SCD - CPR)
    Destination Clock Delay (DCD):    4.641ns
    Source Clock Delay      (SCD):    0.000ns
    Clock Pessimism Removal (CPR):    -0.000ns
  Clock Uncertainty:      0.035ns  ((TSJ^2 + TIJ^2)^1/2 + DJ) / 2 + PE
    Total System Jitter     (TSJ):    0.071ns
    Total Input Jitter      (TIJ):    0.000ns
    Discrete Jitter          (DJ):    0.000ns
    Phase Error              (PE):    0.000ns

    Location             Delay type                Incr(ns)  Path(ns)    Netlist Resource(s)
  -------------------------------------------------------------------    -------------------
                         (clock usb_clk rise edge)    0.000     0.000 r  
                         input delay                  2.000     2.000    
    G5                                                0.000     2.000 r  usb_addr[1] (IN)
                         net (fo=0)                   0.000     2.000    usb_addr[1]
    G5                   IBUF (Prop_ibuf_I_O)         1.338     3.338 r  usb_addr_IBUF[1]_inst/O
                         net (fo=6, routed)           1.069     4.407    U_reg/pwropt_2
    SLICE_X76Y122        LUT4 (Prop_lut4_I0_O)        0.084     4.491 r  U_reg/image_mem_reg_2_ENARDEN_cooolgate_en_gate_5/O
                         net (fo=1, routed)           0.514     5.005    U_reg/image_mem_reg_2_ENARDEN_cooolgate_en_sig_3
    RAMB18_X2Y48         RAMB18E1                                     r  U_reg/image_mem_reg_2/ENARDEN
  -------------------------------------------------------------------    -------------------

                         (clock usb_clk rise edge)    0.000     0.000 r  
    F5                                                0.000     0.000 r  usb_clk (IN)
                         net (fo=0)                   0.000     0.000    U_clocks/usb_clk
    F5                   IBUF (Prop_ibuf_I_O)         1.392     1.392 r  U_clocks/clkibuf/O
                         net (fo=1, routed)           1.717     3.109    U_clocks/usb_clk_bufg
    BUFGCTRL_X0Y16       BUFG (Prop_bufg_I_O)         0.081     3.190 r  U_clocks/clkbuf/O
                         net (fo=195, routed)         1.451     4.641    U_reg/usb_clk_buf
    RAMB18_X2Y48         RAMB18E1                                     r  U_reg/image_mem_reg_2/CLKARDCLK
                         clock pessimism              0.000     4.641    
                         clock uncertainty            0.035     4.676    
    RAMB18_X2Y48         RAMB18E1 (Hold_ramb18e1_CLKARDCLK_ENARDEN)
                                                      0.205     4.881    U_reg/image_mem_reg_2
  -------------------------------------------------------------------
                         required time                         -4.881    
                         arrival time                           5.005    
  -------------------------------------------------------------------
                         slack                                  0.124    





Pulse Width Checks
--------------------------------------------------------------------------------------
Clock Name:         usb_clk
Waveform(ns):       { 0.000 5.000 }
Period(ns):         10.000
Sources:            { usb_clk }

Check Type        Corner  Lib Pin             Reference Pin  Required(ns)  Actual(ns)  Slack(ns)  Location       Pin
Min Period        n/a     RAMB18E1/CLKARDCLK  n/a            2.472         10.000      7.528      RAMB18_X2Y50   U_reg/image_mem_reg_0/CLKARDCLK
Low Pulse Width   Slow    FDRE/C              n/a            0.500         5.000       4.500      SLICE_X82Y136  U_reg/img_checksum_reg[12]/C
High Pulse Width  Fast    FDRE/C              n/a            0.500         5.000       4.500      SLICE_X82Y135  U_reg/img_checksum_reg[10]/C



---------------------------------------------------------------------------------------------------
Path Group:  **async_default**
From Clock:  usb_clk
  To Clock:  usb_clk

Setup :            0  Failing Endpoints,  Worst Slack        7.685ns,  Total Violation        0.000ns
Hold  :            0  Failing Endpoints,  Worst Slack        1.113ns,  Total Violation        0.000ns
---------------------------------------------------------------------------------------------------


Max Delay Paths
--------------------------------------------------------------------------------------
Slack (MET) :             7.685ns  (required time - arrival time)
  Source:                 pushbutton
                            (input port clocked by usb_clk  {rise@0.000ns fall@5.000ns period=10.000ns})
  Destination:            U_reg/U_go/src_tog_reg/CLR
                            (recovery check against rising-edge clock usb_clk  {rise@0.000ns fall@5.000ns period=10.000ns})
  Path Group:             **async_default**
  Path Type:              Recovery (Max at Slow Process Corner)
  Requirement:            10.000ns  (usb_clk rise@10.000ns - usb_clk rise@0.000ns)
  Data Path Delay:        5.793ns  (logic 1.537ns (26.532%)  route 4.256ns (73.468%))
  Logic Levels:           2  (IBUF=1 LUT1=1)
  Input Delay:            0.500ns
  Clock Path Skew:        4.345ns (DCD - SCD + CPR)
    Destination Clock Delay (DCD):    4.345ns = ( 14.345 - 10.000 ) 
    Source Clock Delay      (SCD):    0.000ns
    Clock Pessimism Removal (CPR):    0.000ns
  Clock Uncertainty:      0.035ns  ((TSJ^2 + TIJ^2)^1/2 + DJ) / 2 + PE
    Total System Jitter     (TSJ):    0.071ns
    Total Input Jitter      (TIJ):    0.000ns
    Discrete Jitter          (DJ):    0.000ns
    Phase Error              (PE):    0.000ns

    Location             Delay type                Incr(ns)  Path(ns)    Netlist Resource(s)
  -------------------------------------------------------------------    -------------------
                         (clock usb_clk rise edge)    0.000     0.000 r  
                         input delay                  0.500     0.500    
    R1                                                0.000     0.500 r  pushbutton (IN)
                         net (fo=0)                   0.000     0.500    pushbutton
    R1                   IBUF (Prop_ibuf_I_O)         1.432     1.932 r  pushbutton_IBUF_inst/O
                         net (fo=14, routed)          2.826     4.758    U_reg/U_core/pushbutton_IBUF
    SLICE_X85Y131        LUT1 (Prop_lut1_I0_O)        0.105     4.863 f  U_reg/U_core/busy_i_1/O
                         net (fo=716, routed)         1.430     6.293    U_reg/U_go/AR[0]
    SLICE_X79Y127        FDCE                                         f  U_reg/U_go/src_tog_reg/CLR
  -------------------------------------------------------------------    -------------------

                         (clock usb_clk rise edge)   10.000    10.000 r  
    F5                                                0.000    10.000 r  usb_clk (IN)
                         net (fo=0)                   0.000    10.000    U_clocks/usb_clk
    F5                   IBUF (Prop_ibuf_I_O)         1.326    11.326 r  U_clocks/clkibuf/O
                         net (fo=1, routed)           1.628    12.954    U_clocks/usb_clk_bufg
    BUFGCTRL_X0Y16       BUFG (Prop_bufg_I_O)         0.077    13.031 r  U_clocks/clkbuf/O
                         net (fo=195, routed)         1.313    14.345    U_reg/U_go/usb_clk_buf
    SLICE_X79Y127        FDCE                                         r  U_reg/U_go/src_tog_reg/C
                         clock pessimism              0.000    14.345    
                         clock uncertainty           -0.035    14.309    
    SLICE_X79Y127        FDCE (Recov_fdce_C_CLR)     -0.331    13.978    U_reg/U_go/src_tog_reg
  -------------------------------------------------------------------
                         required time                         13.978    
                         arrival time                          -6.293    
  -------------------------------------------------------------------
                         slack                                  7.685    





Min Delay Paths
--------------------------------------------------------------------------------------
Slack (MET) :             1.113ns  (arrival time - required time)
  Source:                 pushbutton
                            (input port clocked by usb_clk  {rise@0.000ns fall@5.000ns period=10.000ns})
  Destination:            U_reg/U_go/src_tog_reg/CLR
                            (removal check against rising-edge clock usb_clk  {rise@0.000ns fall@5.000ns period=10.000ns})
  Path Group:             **async_default**
  Path Type:              Removal (Min at Fast Process Corner)
  Requirement:            0.000ns  (usb_clk rise@0.000ns - usb_clk rise@0.000ns)
  Data Path Delay:        2.554ns  (logic 0.314ns (12.284%)  route 2.240ns (87.716%))
  Logic Levels:           2  (IBUF=1 LUT1=1)
  Input Delay:            0.500ns
  Clock Path Skew:        1.997ns (DCD - SCD - CPR)
    Destination Clock Delay (DCD):    1.997ns
    Source Clock Delay      (SCD):    0.000ns
    Clock Pessimism Removal (CPR):    -0.000ns
  Clock Uncertainty:      0.035ns  ((TSJ^2 + TIJ^2)^1/2 + DJ) / 2 + PE
    Total System Jitter     (TSJ):    0.071ns
    Total Input Jitter      (TIJ):    0.000ns
    Discrete Jitter          (DJ):    0.000ns
    Phase Error              (PE):    0.000ns

    Location             Delay type                Incr(ns)  Path(ns)    Netlist Resource(s)
  -------------------------------------------------------------------    -------------------
                         (clock usb_clk rise edge)    0.000     0.000 r  
                         input delay                  0.500     0.500    
    R1                                                0.000     0.500 r  pushbutton (IN)
                         net (fo=0)                   0.000     0.500    pushbutton
    R1                   IBUF (Prop_ibuf_I_O)         0.269     0.769 r  pushbutton_IBUF_inst/O
                         net (fo=14, routed)          1.475     2.244    U_reg/U_core/pushbutton_IBUF
    SLICE_X85Y131        LUT1 (Prop_lut1_I0_O)        0.045     2.289 f  U_reg/U_core/busy_i_1/O
                         net (fo=716, routed)         0.765     3.054    U_reg/U_go/AR[0]
    SLICE_X79Y127        FDCE                                         f  U_reg/U_go/src_tog_reg/CLR
  -------------------------------------------------------------------    -------------------

                         (clock usb_clk rise edge)    0.000     0.000 r  
    F5                                                0.000     0.000 r  usb_clk (IN)
                         net (fo=0)                   0.000     0.000    U_clocks/usb_clk
    F5                   IBUF (Prop_ibuf_I_O)         0.417     0.417 r  U_clocks/clkibuf/O
                         net (fo=1, routed)           0.699     1.115    U_clocks/usb_clk_bufg
    BUFGCTRL_X0Y16       BUFG (Prop_bufg_I_O)         0.029     1.144 r  U_clocks/clkbuf/O
                         net (fo=195, routed)         0.853     1.997    U_reg/U_go/usb_clk_buf
    SLICE_X79Y127        FDCE                                         r  U_reg/U_go/src_tog_reg/C
                         clock pessimism              0.000     1.997    
                         clock uncertainty            0.035     2.032    
    SLICE_X79Y127        FDCE (Remov_fdce_C_CLR)     -0.092     1.940    U_reg/U_go/src_tog_reg
  -------------------------------------------------------------------
                         required time                         -1.940    
                         arrival time                           3.054    
  -------------------------------------------------------------------
                         slack                                  1.113    





