Copyright 1986-2016 Xilinx, Inc. All Rights Reserved.
------------------------------------------------------------------------------------------
| Tool Version : Vivado v.2016.4 (win64) Build 1756540 Mon Jan 23 19:11:23 MST 2017
| Date         : Mon Aug 31 23:59:38 2026
| Host         : kaz4n running 64-bit major release  (build 9200)
| Command      : report_clock_interaction -file leakage_wide_d8_l63_clock_interaction.rpt
| Design       : cw305_leakage_wide_top
| Device       : 7a100t-ftg256
| Speed File   : -2  PRODUCTION 1.16 2016-11-09
------------------------------------------------------------------------------------------

Clock Interaction Report

Clock Interaction Table
-----------------------

                                        WNS                            TNS Failing  TNS Total    WNS Path         Clock-Pair           Inter-Clock          
From Clock          To Clock            Clock Edges  WNS(ns)  TNS(ns)    Endpoints    Endpoints  Requirement(ns)  Classification       Constraints          
------------------  ------------------  -----------  -------  -------  -----------  -----------  ---------------  -------------------  -------------------  
leakage_crypto_clk  leakage_crypto_clk  rise - rise    21.94     0.00            0        10132            40.00  Clean                Timed                
leakage_crypto_clk  usb_clk                                                      0           54                   Ignored              Asynchronous Groups  
usb_clk             leakage_crypto_clk                                           0         9183                   Ignored              Asynchronous Groups  
usb_clk             usb_clk             rise - rise     2.53     0.00            0         1689            10.00  Clean                Partial False Path   


