Copyright 1986-2016 Xilinx, Inc. All Rights Reserved.
------------------------------------------------------------------------------------
| Tool Version : Vivado v.2016.4 (win64) Build 1756540 Mon Jan 23 19:11:23 MST 2017
| Date         : Wed Aug 26 23:03:31 2026
| Host         : kaz4n running 64-bit major release  (build 9200)
| Command      : report_timing_summary -file leakage_d8_l63_timing.rpt
| Design       : cw305_leakage_top
| Device       : 7a100t-ftg256
| Speed File   : -2  PRODUCTION 1.16 2016-11-09
------------------------------------------------------------------------------------

Timing Summary Report

------------------------------------------------------------------------------------------------
| Timer Settings
| --------------
------------------------------------------------------------------------------------------------

  Enable Multi Corner Analysis               :  Yes
  Enable Pessimism Removal                   :  Yes
  Pessimism Removal Resolution               :  Nearest Common Node
  Enable Input Delay Default Clock           :  No
  Enable Preset / Clear Arcs                 :  No
  Disable Flight Delays                      :  No
  Ignore I/O Paths                           :  No
  Timing Early Launch at Borrowing Latches   :  false

  Corner  Analyze    Analyze    
  Name    Max Paths  Min Paths  
  ------  ---------  ---------  
  Slow    Yes        Yes        
  Fast    Yes        Yes        



check_timing report

Table of Contents
-----------------
1. checking no_clock
2. checking constant_clock
3. checking pulse_width_clock
4. checking unconstrained_internal_endpoints
5. checking no_input_delay
6. checking no_output_delay
7. checking multiple_clock
8. checking generated_clocks
9. checking loops
10. checking partial_input_delay
11. checking partial_output_delay
12. checking latch_loops

1. checking no_clock
--------------------
 There are 0 register/latch pins with no clock.


2. checking constant_clock
--------------------------
 There are 0 register/latch pins with constant_clock.


3. checking pulse_width_clock
-----------------------------
 There are 0 register/latch pins which need pulse_width check


4. checking unconstrained_internal_endpoints
--------------------------------------------
 There are 0 pins that are not constrained for maximum delay.

 There are 0 pins that are not constrained for maximum delay due to constant clock.


5. checking no_input_delay
--------------------------
 There are 0 input ports with no input delay specified.

 There are 0 input ports with no input delay but user has a false path constraint.


6. checking no_output_delay
---------------------------
 There are 0 ports with no output delay specified.

 There are 0 ports with no output delay but user has a false path constraint

 There are 0 ports with no output delay but with a timing clock defined on it or propagating through it


7. checking multiple_clock
--------------------------
 There are 0 register/latch pins with multiple clocks.


8. checking generated_clocks
----------------------------
 There are 0 generated clocks that are not connected to a clock source.


9. checking loops
-----------------
 There are 0 combinational loops in the design.


10. checking partial_input_delay
--------------------------------
 There are 0 input ports with partial input delay specified.


11. checking partial_output_delay
---------------------------------
 There are 0 ports with partial output delay specified.


12. checking latch_loops
------------------------
 There are 0 combinational latch loops in the design through latch input



------------------------------------------------------------------------------------------------
| Design Timing Summary
| ---------------------
------------------------------------------------------------------------------------------------

    WNS(ns)      TNS(ns)  TNS Failing Endpoints  TNS Total Endpoints      WHS(ns)      THS(ns)  THS Failing Endpoints  THS Total Endpoints     WPWS(ns)     TPWS(ns)  TPWS Failing Endpoints  TPWS Total Endpoints  
    -------      -------  ---------------------  -------------------      -------      -------  ---------------------  -------------------     --------     --------  ----------------------  --------------------  
      3.326        0.000                      0                 3770        0.071        0.000                      0                 3770        4.500        0.000                       0                  1584  


All user specified timing constraints are met.


------------------------------------------------------------------------------------------------
| Clock Summary
| -------------
------------------------------------------------------------------------------------------------

Clock               Waveform(ns)       Period(ns)      Frequency(MHz)
-----               ------------       ----------      --------------
leakage_crypto_clk  {0.000 20.000}     40.000          25.000          
pll_clk1            {0.000 5.000}      10.000          100.000         
tio_clkin           {0.000 5.000}      10.000          100.000         
usb_clk             {0.000 5.000}      10.000          100.000         


------------------------------------------------------------------------------------------------
| Intra Clock Table
| -----------------
------------------------------------------------------------------------------------------------

Clock                   WNS(ns)      TNS(ns)  TNS Failing Endpoints  TNS Total Endpoints      WHS(ns)      THS(ns)  THS Failing Endpoints  THS Total Endpoints     WPWS(ns)     TPWS(ns)  TPWS Failing Endpoints  TPWS Total Endpoints  
-----                   -------      -------  ---------------------  -------------------      -------      -------  ---------------------  -------------------     --------     --------  ----------------------  --------------------  
leakage_crypto_clk       23.427        0.000                      0                 2102        0.071        0.000                      0                 2102       18.870        0.000                       0                   725  
pll_clk1                                                                                                                                                              8.408        0.000                       0                     1  
tio_clkin                                                                                                                                                             8.408        0.000                       0                     1  
usb_clk                   3.326        0.000                      0                 1667        0.104        0.000                      0                 1667        4.500        0.000                       0                   857  


------------------------------------------------------------------------------------------------
| Inter Clock Table
| -----------------
------------------------------------------------------------------------------------------------

From Clock    To Clock          WNS(ns)      TNS(ns)  TNS Failing Endpoints  TNS Total Endpoints      WHS(ns)      THS(ns)  THS Failing Endpoints  THS Total Endpoints  
----------    --------          -------      -------  ---------------------  -------------------      -------      -------  ---------------------  -------------------  


------------------------------------------------------------------------------------------------
| Other Path Groups Table
| -----------------------
------------------------------------------------------------------------------------------------

Path Group         From Clock         To Clock               WNS(ns)      TNS(ns)  TNS Failing Endpoints  TNS Total Endpoints      WHS(ns)      THS(ns)  THS Failing Endpoints  THS Total Endpoints  
----------         ----------         --------               -------      -------  ---------------------  -------------------      -------      -------  ---------------------  -------------------  
**async_default**  usb_clk            usb_clk                  7.365        0.000                      0                    1        1.064        0.000                      0                    1  


------------------------------------------------------------------------------------------------
| Timing Details
| --------------
------------------------------------------------------------------------------------------------


---------------------------------------------------------------------------------------------------
From Clock:  leakage_crypto_clk
  To Clock:  leakage_crypto_clk

Setup :            0  Failing Endpoints,  Worst Slack       23.427ns,  Total Violation        0.000ns
Hold  :            0  Failing Endpoints,  Worst Slack        0.071ns,  Total Violation        0.000ns
PW    :            0  Failing Endpoints,  Worst Slack       18.870ns,  Total Violation        0.000ns
---------------------------------------------------------------------------------------------------


Max Delay Paths
--------------------------------------------------------------------------------------
Slack (MET) :             23.427ns  (required time - arrival time)
  Source:                 U_reg/U_core/col_reg[0]_rep__3/C
                            (rising edge-triggered cell FDRE clocked by leakage_crypto_clk  {rise@0.000ns fall@20.000ns period=40.000ns})
  Destination:            U_reg/U_core/leak_bank_reg[499]/D
                            (rising edge-triggered cell FDRE clocked by leakage_crypto_clk  {rise@0.000ns fall@20.000ns period=40.000ns})
  Path Group:             leakage_crypto_clk
  Path Type:              Setup (Max at Slow Process Corner)
  Requirement:            40.000ns  (leakage_crypto_clk rise@40.000ns - leakage_crypto_clk rise@0.000ns)
  Data Path Delay:        16.384ns  (logic 2.021ns (12.335%)  route 14.363ns (87.665%))
  Logic Levels:           9  (LUT2=1 LUT3=1 LUT6=3 MUXF7=2 MUXF8=2)
  Clock Path Skew:        -0.142ns (DCD - SCD + CPR)
    Destination Clock Delay (DCD):    1.309ns = ( 41.309 - 40.000 ) 
    Source Clock Delay      (SCD):    1.451ns
    Clock Pessimism Removal (CPR):    0.000ns
  Clock Uncertainty:      0.035ns  ((TSJ^2 + TIJ^2)^1/2 + DJ) / 2 + PE
    Total System Jitter     (TSJ):    0.071ns
    Total Input Jitter      (TIJ):    0.000ns
    Discrete Jitter          (DJ):    0.000ns
    Phase Error              (PE):    0.000ns

    Location             Delay type                Incr(ns)  Path(ns)    Netlist Resource(s)
  -------------------------------------------------------------------    -------------------
                         (clock leakage_crypto_clk rise edge)
                                                      0.000     0.000 r  
    BUFGCTRL_X0Y0        BUFGCTRL                     0.000     0.000 r  U_clocks/CCLK_MUX/O
                         net (fo=725, routed)         1.451     1.451    U_reg/U_core/crypto_clk
    SLICE_X78Y91         FDRE                                         r  U_reg/U_core/col_reg[0]_rep__3/C
  -------------------------------------------------------------------    -------------------
    SLICE_X78Y91         FDRE (Prop_fdre_C_Q)         0.433     1.884 r  U_reg/U_core/col_reg[0]_rep__3/Q
                         net (fo=123, routed)         5.824     7.708    U_reg/U_core/col_reg[0]_rep__3_n_0
    SLICE_X83Y73         LUT3 (Prop_lut3_I1_O)        0.119     7.827 r  U_reg/U_core/out_data[7]_i_562/O
                         net (fo=2, routed)           0.988     8.814    U_reg/U_core/out_data[7]_i_562_n_0
    SLICE_X84Y75         LUT6 (Prop_lut6_I1_O)        0.267     9.081 r  U_reg/U_core/out_data[7]_i_683/O
                         net (fo=1, routed)           0.000     9.081    U_reg/U_core/out_data[7]_i_683_n_0
    SLICE_X84Y75         MUXF7 (Prop_muxf7_I0_O)      0.201     9.282 r  U_reg/U_core/out_data_reg[7]_i_237/O
                         net (fo=1, routed)           0.000     9.282    U_reg/U_core/out_data_reg[7]_i_237_n_0
    SLICE_X84Y75         MUXF8 (Prop_muxf8_I0_O)      0.082     9.364 r  U_reg/U_core/out_data_reg[7]_i_110/O
                         net (fo=1, routed)           1.082    10.447    U_reg/U_core/out_data_reg[7]_i_110_n_0
    SLICE_X73Y90         LUT6 (Prop_lut6_I3_O)        0.259    10.706 r  U_reg/U_core/out_data[7]_i_39/O
                         net (fo=1, routed)           0.000    10.706    U_reg/U_core/out_data[7]_i_39_n_0
    SLICE_X73Y90         MUXF7 (Prop_muxf7_I1_O)      0.206    10.912 r  U_reg/U_core/out_data_reg[7]_i_17/O
                         net (fo=2, routed)           0.000    10.912    U_reg/U_core/out_data_reg[7]_i_17_n_0
    SLICE_X73Y90         MUXF8 (Prop_muxf8_I0_O)      0.085    10.997 r  U_reg/U_core/leak_bank_reg[562]_i_4/O
                         net (fo=1, routed)           0.857    11.854    U_reg/U_core/leak_bank_reg[562]_i_4_n_0
    SLICE_X77Y94         LUT6 (Prop_lut6_I1_O)        0.264    12.118 f  U_reg/U_core/leak_bank[562]_i_2/O
                         net (fo=1, routed)           0.983    13.100    U_reg/U_core/leak_bank[562]_i_2_n_0
    SLICE_X77Y105        LUT2 (Prop_lut2_I0_O)        0.105    13.205 r  U_reg/U_core/leak_bank[562]_i_1/O
                         net (fo=63, routed)          4.630    17.835    U_reg/U_core/leak_bank[562]_i_1_n_0
    SLICE_X76Y124        FDRE                                         r  U_reg/U_core/leak_bank_reg[499]/D
  -------------------------------------------------------------------    -------------------

                         (clock leakage_crypto_clk rise edge)
                                                     40.000    40.000 r  
    BUFGCTRL_X0Y0        BUFGCTRL                     0.000    40.000 r  U_clocks/CCLK_MUX/O
                         net (fo=725, routed)         1.309    41.309    U_reg/U_core/crypto_clk
    SLICE_X76Y124        FDRE                                         r  U_reg/U_core/leak_bank_reg[499]/C
                         clock pessimism              0.000    41.309    
                         clock uncertainty           -0.035    41.274    
    SLICE_X76Y124        FDRE (Setup_fdre_C_D)       -0.012    41.262    U_reg/U_core/leak_bank_reg[499]
  -------------------------------------------------------------------
                         required time                         41.262    
                         arrival time                         -17.835    
  -------------------------------------------------------------------
                         slack                                 23.427    





Min Delay Paths
--------------------------------------------------------------------------------------
Slack (MET) :             0.071ns  (arrival time - required time)
  Source:                 U_reg/U_core/out_data_reg[0]/C
                            (rising edge-triggered cell FDRE clocked by leakage_crypto_clk  {rise@0.000ns fall@20.000ns period=40.000ns})
  Destination:            U_reg/out_mem_reg_192_255_0_2/RAMA/I
                            (rising edge-triggered cell RAMD64E clocked by leakage_crypto_clk  {rise@0.000ns fall@20.000ns period=40.000ns})
  Path Group:             leakage_crypto_clk
  Path Type:              Hold (Min at Fast Process Corner)
  Requirement:            0.000ns  (leakage_crypto_clk rise@0.000ns - leakage_crypto_clk rise@0.000ns)
  Data Path Delay:        0.231ns  (logic 0.141ns (60.988%)  route 0.090ns (39.012%))
  Logic Levels:           0  
  Clock Path Skew:        0.013ns (DCD - SCD - CPR)
    Destination Clock Delay (DCD):    0.867ns
    Source Clock Delay      (SCD):    0.596ns
    Clock Pessimism Removal (CPR):    0.259ns

    Location             Delay type                Incr(ns)  Path(ns)    Netlist Resource(s)
  -------------------------------------------------------------------    -------------------
                         (clock leakage_crypto_clk rise edge)
                                                      0.000     0.000 r  
    BUFGCTRL_X0Y0        BUFGCTRL                     0.000     0.000 r  U_clocks/CCLK_MUX/O
                         net (fo=725, routed)         0.596     0.596    U_reg/U_core/crypto_clk
    SLICE_X79Y105        FDRE                                         r  U_reg/U_core/out_data_reg[0]/C
  -------------------------------------------------------------------    -------------------
    SLICE_X79Y105        FDRE (Prop_fdre_C_Q)         0.141     0.737 r  U_reg/U_core/out_data_reg[0]/Q
                         net (fo=11, routed)          0.090     0.827    U_reg/out_mem_reg_192_255_0_2/DIA
    SLICE_X78Y105        RAMD64E                                      r  U_reg/out_mem_reg_192_255_0_2/RAMA/I
  -------------------------------------------------------------------    -------------------

                         (clock leakage_crypto_clk rise edge)
                                                      0.000     0.000 r  
    BUFGCTRL_X0Y0        BUFGCTRL                     0.000     0.000 r  U_clocks/CCLK_MUX/O
                         net (fo=725, routed)         0.867     0.867    U_reg/out_mem_reg_192_255_0_2/WCLK
    SLICE_X78Y105        RAMD64E                                      r  U_reg/out_mem_reg_192_255_0_2/RAMA/CLK
                         clock pessimism             -0.259     0.609    
    SLICE_X78Y105        RAMD64E (Hold_ramd64e_CLK_I)
                                                      0.147     0.756    U_reg/out_mem_reg_192_255_0_2/RAMA
  -------------------------------------------------------------------
                         required time                         -0.756    
                         arrival time                           0.827    
  -------------------------------------------------------------------
                         slack                                  0.071    





Pulse Width Checks
--------------------------------------------------------------------------------------
Clock Name:         leakage_crypto_clk
Waveform(ns):       { 0.000 20.000 }
Period(ns):         40.000
Sources:            { U_clocks/CCLK_MUX/O }

Check Type        Corner  Lib Pin      Reference Pin  Required(ns)  Actual(ns)  Slack(ns)  Location       Pin
Min Period        n/a     ODDR/C       n/a            1.474         40.000      38.526     OLOGIC_X0Y86   U_clocks/CWOUT_ODDR/C
Low Pulse Width   Slow    RAMD64E/CLK  n/a            1.130         20.000      18.870     SLICE_X78Y106  U_reg/out_mem_reg_384_447_0_2/RAMA/CLK
High Pulse Width  Slow    RAMD64E/CLK  n/a            1.130         20.000      18.870     SLICE_X84Y110  U_reg/out_mem_reg_192_255_3_5/RAMD/CLK



---------------------------------------------------------------------------------------------------
From Clock:  pll_clk1
  To Clock:  pll_clk1

Setup :           NA  Failing Endpoints,  Worst Slack           NA  ,  Total Violation           NA
Hold  :           NA  Failing Endpoints,  Worst Slack           NA  ,  Total Violation           NA
PW    :            0  Failing Endpoints,  Worst Slack        8.408ns,  Total Violation        0.000ns
---------------------------------------------------------------------------------------------------


Pulse Width Checks
--------------------------------------------------------------------------------------
Clock Name:         pll_clk1
Waveform(ns):       { 0.000 5.000 }
Period(ns):         10.000
Sources:            { pll_clk1 }

Check Type  Corner  Lib Pin      Reference Pin  Required(ns)  Actual(ns)  Slack(ns)  Location       Pin
Min Period  n/a     BUFGCTRL/I0  n/a            1.592         10.000      8.408      BUFGCTRL_X0Y0  U_clocks/CCLK_MUX/I0



---------------------------------------------------------------------------------------------------
From Clock:  tio_clkin
  To Clock:  tio_clkin

Setup :           NA  Failing Endpoints,  Worst Slack           NA  ,  Total Violation           NA
Hold  :           NA  Failing Endpoints,  Worst Slack           NA  ,  Total Violation           NA
PW    :            0  Failing Endpoints,  Worst Slack        8.408ns,  Total Violation        0.000ns
---------------------------------------------------------------------------------------------------


Pulse Width Checks
--------------------------------------------------------------------------------------
Clock Name:         tio_clkin
Waveform(ns):       { 0.000 5.000 }
Period(ns):         10.000
Sources:            { tio_clkin }

Check Type  Corner  Lib Pin      Reference Pin  Required(ns)  Actual(ns)  Slack(ns)  Location       Pin
Min Period  n/a     BUFGCTRL/I1  n/a            1.592         10.000      8.408      BUFGCTRL_X0Y0  U_clocks/CCLK_MUX/I1



---------------------------------------------------------------------------------------------------
From Clock:  usb_clk
  To Clock:  usb_clk

Setup :            0  Failing Endpoints,  Worst Slack        3.326ns,  Total Violation        0.000ns
Hold  :            0  Failing Endpoints,  Worst Slack        0.104ns,  Total Violation        0.000ns
PW    :            0  Failing Endpoints,  Worst Slack        4.500ns,  Total Violation        0.000ns
---------------------------------------------------------------------------------------------------


Max Delay Paths
--------------------------------------------------------------------------------------
Slack (MET) :             3.326ns  (required time - arrival time)
  Source:                 U_usb_reg_fe/usb_addr_r_reg[3]/C
                            (rising edge-triggered cell FDRE clocked by usb_clk  {rise@0.000ns fall@5.000ns period=10.000ns})
  Destination:            U_reg/read_data_reg[0]/D
                            (rising edge-triggered cell FDRE clocked by usb_clk  {rise@0.000ns fall@5.000ns period=10.000ns})
  Path Group:             usb_clk
  Path Type:              Setup (Max at Slow Process Corner)
  Requirement:            10.000ns  (usb_clk rise@10.000ns - usb_clk rise@0.000ns)
  Data Path Delay:        6.654ns  (logic 1.570ns (23.595%)  route 5.084ns (76.405%))
  Logic Levels:           6  (LUT6=2 MUXF7=2 MUXF8=2)
  Clock Path Skew:        -0.045ns (DCD - SCD + CPR)
    Destination Clock Delay (DCD):    4.366ns = ( 14.366 - 10.000 ) 
    Source Clock Delay      (SCD):    4.634ns
    Clock Pessimism Removal (CPR):    0.224ns
  Clock Uncertainty:      0.035ns  ((TSJ^2 + TIJ^2)^1/2 + DJ) / 2 + PE
    Total System Jitter     (TSJ):    0.071ns
    Total Input Jitter      (TIJ):    0.000ns
    Discrete Jitter          (DJ):    0.000ns
    Phase Error              (PE):    0.000ns

    Location             Delay type                Incr(ns)  Path(ns)    Netlist Resource(s)
  -------------------------------------------------------------------    -------------------
                         (clock usb_clk rise edge)    0.000     0.000 r  
    F5                                                0.000     0.000 r  usb_clk (IN)
                         net (fo=0)                   0.000     0.000    U_clocks/usb_clk
    F5                   IBUF (Prop_ibuf_I_O)         1.392     1.392 r  U_clocks/clkibuf/O
                         net (fo=1, routed)           1.717     3.109    U_clocks/usb_clk_bufg
    BUFGCTRL_X0Y16       BUFG (Prop_bufg_I_O)         0.081     3.190 r  U_clocks/clkbuf/O
                         net (fo=856, routed)         1.444     4.634    U_usb_reg_fe/usb_clk_buf
    SLICE_X89Y109        FDRE                                         r  U_usb_reg_fe/usb_addr_r_reg[3]/C
  -------------------------------------------------------------------    -------------------
    SLICE_X89Y109        FDRE (Prop_fdre_C_Q)         0.379     5.013 r  U_usb_reg_fe/usb_addr_r_reg[3]/Q
                         net (fo=159, routed)         2.208     7.221    U_reg/Q[3]
    SLICE_X86Y74         MUXF8 (Prop_muxf8_S_O)       0.224     7.445 r  U_reg/read_data_reg[0]_i_80/O
                         net (fo=1, routed)           1.170     8.615    U_reg/read_data_reg[0]_i_80_n_0
    SLICE_X71Y79         LUT6 (Prop_lut6_I0_O)        0.264     8.879 r  U_reg/read_data[0]_i_34/O
                         net (fo=1, routed)           0.000     8.879    U_reg/read_data[0]_i_34_n_0
    SLICE_X71Y79         MUXF7 (Prop_muxf7_I0_O)      0.178     9.057 r  U_reg/read_data_reg[0]_i_21/O
                         net (fo=1, routed)           0.000     9.057    U_reg/read_data_reg[0]_i_21_n_0
    SLICE_X71Y79         MUXF8 (Prop_muxf8_I1_O)      0.079     9.136 r  U_reg/read_data_reg[0]_i_10/O
                         net (fo=1, routed)           1.706    10.842    U_usb_reg_fe/usb_addr_r_reg[7]_2
    SLICE_X85Y106        LUT6 (Prop_lut6_I5_O)        0.264    11.106 r  U_usb_reg_fe/read_data[0]_i_3/O
                         net (fo=1, routed)           0.000    11.106    U_usb_reg_fe/U_reg/p_2_in
    SLICE_X85Y106        MUXF7 (Prop_muxf7_I1_O)      0.182    11.288 r  U_usb_reg_fe/read_data_reg[0]_i_1/O
                         net (fo=1, routed)           0.000    11.288    U_reg/D[0]
    SLICE_X85Y106        FDRE                                         r  U_reg/read_data_reg[0]/D
  -------------------------------------------------------------------    -------------------

                         (clock usb_clk rise edge)   10.000    10.000 r  
    F5                                                0.000    10.000 r  usb_clk (IN)
                         net (fo=0)                   0.000    10.000    U_clocks/usb_clk
    F5                   IBUF (Prop_ibuf_I_O)         1.326    11.326 r  U_clocks/clkibuf/O
                         net (fo=1, routed)           1.628    12.954    U_clocks/usb_clk_bufg
    BUFGCTRL_X0Y16       BUFG (Prop_bufg_I_O)         0.077    13.031 r  U_clocks/clkbuf/O
                         net (fo=856, routed)         1.334    14.366    U_reg/usb_clk_buf
    SLICE_X85Y106        FDRE                                         r  U_reg/read_data_reg[0]/C
                         clock pessimism              0.224    14.589    
                         clock uncertainty           -0.035    14.554    
    SLICE_X85Y106        FDRE (Setup_fdre_C_D)        0.060    14.614    U_reg/read_data_reg[0]
  -------------------------------------------------------------------
                         required time                         14.614    
                         arrival time                         -11.288    
  -------------------------------------------------------------------
                         slack                                  3.326    





Min Delay Paths
--------------------------------------------------------------------------------------
Slack (MET) :             0.104ns  (arrival time - required time)
  Source:                 usb_data[0]
                            (input port clocked by usb_clk  {rise@0.000ns fall@5.000ns period=10.000ns})
  Destination:            U_usb_reg_fe/reg_datao_reg[0]_rep__10/D
                            (rising edge-triggered cell FDRE clocked by usb_clk  {rise@0.000ns fall@5.000ns period=10.000ns})
  Path Group:             usb_clk
  Path Type:              Hold (Min at Slow Process Corner)
  Requirement:            0.000ns  (usb_clk rise@0.000ns - usb_clk rise@0.000ns)
  Data Path Delay:        2.952ns  (logic 1.353ns (45.842%)  route 1.599ns (54.158%))
  Logic Levels:           1  (IBUF=1)
  Input Delay:            2.000ns
  Clock Path Skew:        4.655ns (DCD - SCD - CPR)
    Destination Clock Delay (DCD):    4.655ns
    Source Clock Delay      (SCD):    0.000ns
    Clock Pessimism Removal (CPR):    -0.000ns
  Clock Uncertainty:      0.035ns  ((TSJ^2 + TIJ^2)^1/2 + DJ) / 2 + PE
    Total System Jitter     (TSJ):    0.071ns
    Total Input Jitter      (TIJ):    0.000ns
    Discrete Jitter          (DJ):    0.000ns
    Phase Error              (PE):    0.000ns

    Location             Delay type                Incr(ns)  Path(ns)    Netlist Resource(s)
  -------------------------------------------------------------------    -------------------
                         (clock usb_clk rise edge)    0.000     0.000 r  
                         input delay                  2.000     2.000    
    A7                                                0.000     2.000 r  usb_data[0] (INOUT)
                         net (fo=1, unset)            0.000     2.000    usb_data_IOBUF[0]_inst/IO
    A7                   IBUF (Prop_ibuf_I_O)         1.353     3.353 r  usb_data_IOBUF[0]_inst/IBUF/O
                         net (fo=13, routed)          1.599     4.952    U_usb_reg_fe/read_data_reg[7]_1[0]
    SLICE_X85Y99         FDRE                                         r  U_usb_reg_fe/reg_datao_reg[0]_rep__10/D
  -------------------------------------------------------------------    -------------------

                         (clock usb_clk rise edge)    0.000     0.000 r  
    F5                                                0.000     0.000 r  usb_clk (IN)
                         net (fo=0)                   0.000     0.000    U_clocks/usb_clk
    F5                   IBUF (Prop_ibuf_I_O)         1.392     1.392 r  U_clocks/clkibuf/O
                         net (fo=1, routed)           1.717     3.109    U_clocks/usb_clk_bufg
    BUFGCTRL_X0Y16       BUFG (Prop_bufg_I_O)         0.081     3.190 r  U_clocks/clkbuf/O
                         net (fo=856, routed)         1.465     4.655    U_usb_reg_fe/usb_clk_buf
    SLICE_X85Y99         FDRE                                         r  U_usb_reg_fe/reg_datao_reg[0]_rep__10/C
                         clock pessimism              0.000     4.655    
                         clock uncertainty            0.035     4.690    
    SLICE_X85Y99         FDRE (Hold_fdre_C_D)         0.158     4.848    U_usb_reg_fe/reg_datao_reg[0]_rep__10
  -------------------------------------------------------------------
                         required time                         -4.848    
                         arrival time                           4.952    
  -------------------------------------------------------------------
                         slack                                  0.104    





Pulse Width Checks
--------------------------------------------------------------------------------------
Clock Name:         usb_clk
Waveform(ns):       { 0.000 5.000 }
Period(ns):         10.000
Sources:            { usb_clk }

Check Type        Corner  Lib Pin  Reference Pin  Required(ns)  Actual(ns)  Slack(ns)  Location        Pin
Min Period        n/a     BUFG/I   n/a            1.592         10.000      8.408      BUFGCTRL_X0Y16  U_clocks/clkbuf/I
Low Pulse Width   Slow    FDRE/C   n/a            0.500         5.000       4.500      SLICE_X69Y103   U_reg/image_bits_reg[560]/C
High Pulse Width  Fast    FDRE/C   n/a            0.500         5.000       4.500      SLICE_X72Y87    U_reg/image_bits_reg[280]/C



---------------------------------------------------------------------------------------------------
Path Group:  **async_default**
From Clock:  usb_clk
  To Clock:  usb_clk

Setup :            0  Failing Endpoints,  Worst Slack        7.365ns,  Total Violation        0.000ns
Hold  :            0  Failing Endpoints,  Worst Slack        1.064ns,  Total Violation        0.000ns
---------------------------------------------------------------------------------------------------


Max Delay Paths
--------------------------------------------------------------------------------------
Slack (MET) :             7.365ns  (required time - arrival time)
  Source:                 pushbutton
                            (input port clocked by usb_clk  {rise@0.000ns fall@5.000ns period=10.000ns})
  Destination:            U_reg/U_go/src_tog_reg/CLR
                            (recovery check against rising-edge clock usb_clk  {rise@0.000ns fall@5.000ns period=10.000ns})
  Path Group:             **async_default**
  Path Type:              Recovery (Max at Slow Process Corner)
  Requirement:            10.000ns  (usb_clk rise@10.000ns - usb_clk rise@0.000ns)
  Data Path Delay:        6.134ns  (logic 1.537ns (25.057%)  route 4.597ns (74.943%))
  Logic Levels:           2  (IBUF=1 LUT1=1)
  Input Delay:            0.500ns
  Clock Path Skew:        4.366ns (DCD - SCD + CPR)
    Destination Clock Delay (DCD):    4.366ns = ( 14.366 - 10.000 ) 
    Source Clock Delay      (SCD):    0.000ns
    Clock Pessimism Removal (CPR):    0.000ns
  Clock Uncertainty:      0.035ns  ((TSJ^2 + TIJ^2)^1/2 + DJ) / 2 + PE
    Total System Jitter     (TSJ):    0.071ns
    Total Input Jitter      (TIJ):    0.000ns
    Discrete Jitter          (DJ):    0.000ns
    Phase Error              (PE):    0.000ns

    Location             Delay type                Incr(ns)  Path(ns)    Netlist Resource(s)
  -------------------------------------------------------------------    -------------------
                         (clock usb_clk rise edge)    0.000     0.000 r  
                         input delay                  0.500     0.500    
    R1                                                0.000     0.500 r  pushbutton (IN)
                         net (fo=0)                   0.000     0.500    pushbutton
    R1                   IBUF (Prop_ibuf_I_O)         1.432     1.932 r  pushbutton_IBUF_inst/O
                         net (fo=5, routed)           2.590     4.522    U_reg/U_core/pushbutton_IBUF
    SLICE_X86Y102        LUT1 (Prop_lut1_I0_O)        0.105     4.627 f  U_reg/U_core/trigger_i_1/O
                         net (fo=811, routed)         2.008     6.634    U_reg/U_go/AR[0]
    SLICE_X83Y103        FDCE                                         f  U_reg/U_go/src_tog_reg/CLR
  -------------------------------------------------------------------    -------------------

                         (clock usb_clk rise edge)   10.000    10.000 r  
    F5                                                0.000    10.000 r  usb_clk (IN)
                         net (fo=0)                   0.000    10.000    U_clocks/usb_clk
    F5                   IBUF (Prop_ibuf_I_O)         1.326    11.326 r  U_clocks/clkibuf/O
                         net (fo=1, routed)           1.628    12.954    U_clocks/usb_clk_bufg
    BUFGCTRL_X0Y16       BUFG (Prop_bufg_I_O)         0.077    13.031 r  U_clocks/clkbuf/O
                         net (fo=856, routed)         1.334    14.366    U_reg/U_go/usb_clk_buf
    SLICE_X83Y103        FDCE                                         r  U_reg/U_go/src_tog_reg/C
                         clock pessimism              0.000    14.366    
                         clock uncertainty           -0.035    14.330    
    SLICE_X83Y103        FDCE (Recov_fdce_C_CLR)     -0.331    13.999    U_reg/U_go/src_tog_reg
  -------------------------------------------------------------------
                         required time                         13.999    
                         arrival time                          -6.634    
  -------------------------------------------------------------------
                         slack                                  7.365    





Min Delay Paths
--------------------------------------------------------------------------------------
Slack (MET) :             1.064ns  (arrival time - required time)
  Source:                 pushbutton
                            (input port clocked by usb_clk  {rise@0.000ns fall@5.000ns period=10.000ns})
  Destination:            U_reg/U_go/src_tog_reg/CLR
                            (removal check against rising-edge clock usb_clk  {rise@0.000ns fall@5.000ns period=10.000ns})
  Path Group:             **async_default**
  Path Type:              Removal (Min at Fast Process Corner)
  Requirement:            0.000ns  (usb_clk rise@0.000ns - usb_clk rise@0.000ns)
  Data Path Delay:        2.524ns  (logic 0.314ns (12.429%)  route 2.210ns (87.571%))
  Logic Levels:           2  (IBUF=1 LUT1=1)
  Input Delay:            0.500ns
  Clock Path Skew:        2.016ns (DCD - SCD - CPR)
    Destination Clock Delay (DCD):    2.016ns
    Source Clock Delay      (SCD):    0.000ns
    Clock Pessimism Removal (CPR):    -0.000ns
  Clock Uncertainty:      0.035ns  ((TSJ^2 + TIJ^2)^1/2 + DJ) / 2 + PE
    Total System Jitter     (TSJ):    0.071ns
    Total Input Jitter      (TIJ):    0.000ns
    Discrete Jitter          (DJ):    0.000ns
    Phase Error              (PE):    0.000ns

    Location             Delay type                Incr(ns)  Path(ns)    Netlist Resource(s)
  -------------------------------------------------------------------    -------------------
                         (clock usb_clk rise edge)    0.000     0.000 r  
                         input delay                  0.500     0.500    
    R1                                                0.000     0.500 r  pushbutton (IN)
                         net (fo=0)                   0.000     0.500    pushbutton
    R1                   IBUF (Prop_ibuf_I_O)         0.269     0.769 r  pushbutton_IBUF_inst/O
                         net (fo=5, routed)           1.164     1.932    U_reg/U_core/pushbutton_IBUF
    SLICE_X86Y102        LUT1 (Prop_lut1_I0_O)        0.045     1.977 f  U_reg/U_core/trigger_i_1/O
                         net (fo=811, routed)         1.047     3.024    U_reg/U_go/AR[0]
    SLICE_X83Y103        FDCE                                         f  U_reg/U_go/src_tog_reg/CLR
  -------------------------------------------------------------------    -------------------

                         (clock usb_clk rise edge)    0.000     0.000 r  
    F5                                                0.000     0.000 r  usb_clk (IN)
                         net (fo=0)                   0.000     0.000    U_clocks/usb_clk
    F5                   IBUF (Prop_ibuf_I_O)         0.417     0.417 r  U_clocks/clkibuf/O
                         net (fo=1, routed)           0.699     1.115    U_clocks/usb_clk_bufg
    BUFGCTRL_X0Y16       BUFG (Prop_bufg_I_O)         0.029     1.144 r  U_clocks/clkbuf/O
                         net (fo=856, routed)         0.871     2.016    U_reg/U_go/usb_clk_buf
    SLICE_X83Y103        FDCE                                         r  U_reg/U_go/src_tog_reg/C
                         clock pessimism              0.000     2.016    
                         clock uncertainty            0.035     2.051    
    SLICE_X83Y103        FDCE (Remov_fdce_C_CLR)     -0.092     1.959    U_reg/U_go/src_tog_reg
  -------------------------------------------------------------------
                         required time                         -1.959    
                         arrival time                           3.024    
  -------------------------------------------------------------------
                         slack                                  1.064    





