Copyright 1986-2016 Xilinx, Inc. All Rights Reserved.
------------------------------------------------------------------------------------
| Tool Version : Vivado v.2016.4 (win64) Build 1756540 Mon Jan 23 19:11:23 MST 2017
| Date         : Tue Sep 08 21:40:56 2026
| Host         : kaz4n running 64-bit major release  (build 9200)
| Command      : report_timing_summary -file leakage_greynoamp_d8_timing.rpt
| Design       : cw305_leakage_grey_top
| Device       : 7a100t-ftg256
| Speed File   : -2  PRODUCTION 1.16 2016-11-09
------------------------------------------------------------------------------------

Timing Summary Report

------------------------------------------------------------------------------------------------
| Timer Settings
| --------------
------------------------------------------------------------------------------------------------

  Enable Multi Corner Analysis               :  Yes
  Enable Pessimism Removal                   :  Yes
  Pessimism Removal Resolution               :  Nearest Common Node
  Enable Input Delay Default Clock           :  No
  Enable Preset / Clear Arcs                 :  No
  Disable Flight Delays                      :  No
  Ignore I/O Paths                           :  No
  Timing Early Launch at Borrowing Latches   :  false

  Corner  Analyze    Analyze    
  Name    Max Paths  Min Paths  
  ------  ---------  ---------  
  Slow    Yes        Yes        
  Fast    Yes        Yes        



check_timing report

Table of Contents
-----------------
1. checking no_clock
2. checking constant_clock
3. checking pulse_width_clock
4. checking unconstrained_internal_endpoints
5. checking no_input_delay
6. checking no_output_delay
7. checking multiple_clock
8. checking generated_clocks
9. checking loops
10. checking partial_input_delay
11. checking partial_output_delay
12. checking latch_loops

1. checking no_clock
--------------------
 There are 0 register/latch pins with no clock.


2. checking constant_clock
--------------------------
 There are 0 register/latch pins with constant_clock.


3. checking pulse_width_clock
-----------------------------
 There are 0 register/latch pins which need pulse_width check


4. checking unconstrained_internal_endpoints
--------------------------------------------
 There are 0 pins that are not constrained for maximum delay.

 There are 0 pins that are not constrained for maximum delay due to constant clock.


5. checking no_input_delay
--------------------------
 There are 0 input ports with no input delay specified.

 There are 0 input ports with no input delay but user has a false path constraint.


6. checking no_output_delay
---------------------------
 There are 0 ports with no output delay specified.

 There are 0 ports with no output delay but user has a false path constraint

 There are 0 ports with no output delay but with a timing clock defined on it or propagating through it


7. checking multiple_clock
--------------------------
 There are 0 register/latch pins with multiple clocks.


8. checking generated_clocks
----------------------------
 There are 0 generated clocks that are not connected to a clock source.


9. checking loops
-----------------
 There are 0 combinational loops in the design.


10. checking partial_input_delay
--------------------------------
 There are 0 input ports with partial input delay specified.


11. checking partial_output_delay
---------------------------------
 There are 0 ports with partial output delay specified.


12. checking latch_loops
------------------------
 There are 0 combinational latch loops in the design through latch input



------------------------------------------------------------------------------------------------
| Design Timing Summary
| ---------------------
------------------------------------------------------------------------------------------------

    WNS(ns)      TNS(ns)  TNS Failing Endpoints  TNS Total Endpoints      WHS(ns)      THS(ns)  THS Failing Endpoints  THS Total Endpoints     WPWS(ns)     TPWS(ns)  TPWS Failing Endpoints  TPWS Total Endpoints  
    -------      -------  ---------------------  -------------------      -------      -------  ---------------------  -------------------     --------     --------  ----------------------  --------------------  
      0.874        0.000                      0                14865        0.064        0.000                      0                14865        4.500        0.000                       0                  6870  


All user specified timing constraints are met.


------------------------------------------------------------------------------------------------
| Clock Summary
| -------------
------------------------------------------------------------------------------------------------

Clock               Waveform(ns)       Period(ns)      Frequency(MHz)
-----               ------------       ----------      --------------
leakage_crypto_clk  {0.000 20.000}     40.000          25.000          
pll_clk1            {0.000 5.000}      10.000          100.000         
tio_clkin           {0.000 5.000}      10.000          100.000         
usb_clk             {0.000 5.000}      10.000          100.000         


------------------------------------------------------------------------------------------------
| Intra Clock Table
| -----------------
------------------------------------------------------------------------------------------------

Clock                   WNS(ns)      TNS(ns)  TNS Failing Endpoints  TNS Total Endpoints      WHS(ns)      THS(ns)  THS Failing Endpoints  THS Total Endpoints     WPWS(ns)     TPWS(ns)  TPWS Failing Endpoints  TPWS Total Endpoints  
-----                   -------      -------  ---------------------  -------------------      -------      -------  ---------------------  -------------------     --------     --------  ----------------------  --------------------  
leakage_crypto_clk       13.494        0.000                      0                 2076        0.159        0.000                      0                 2076       18.870        0.000                       0                   350  
pll_clk1                                                                                                                                                              8.408        0.000                       0                     1  
tio_clkin                                                                                                                                                             8.408        0.000                       0                     1  
usb_clk                   0.874        0.000                      0                12788        0.064        0.000                      0                12788        4.500        0.000                       0                  6518  


------------------------------------------------------------------------------------------------
| Inter Clock Table
| -----------------
------------------------------------------------------------------------------------------------

From Clock    To Clock          WNS(ns)      TNS(ns)  TNS Failing Endpoints  TNS Total Endpoints      WHS(ns)      THS(ns)  THS Failing Endpoints  THS Total Endpoints  
----------    --------          -------      -------  ---------------------  -------------------      -------      -------  ---------------------  -------------------  


------------------------------------------------------------------------------------------------
| Other Path Groups Table
| -----------------------
------------------------------------------------------------------------------------------------

Path Group         From Clock         To Clock               WNS(ns)      TNS(ns)  TNS Failing Endpoints  TNS Total Endpoints      WHS(ns)      THS(ns)  THS Failing Endpoints  THS Total Endpoints  
----------         ----------         --------               -------      -------  ---------------------  -------------------      -------      -------  ---------------------  -------------------  
**async_default**  usb_clk            usb_clk                  7.578        0.000                      0                    1        0.937        0.000                      0                    1  


------------------------------------------------------------------------------------------------
| Timing Details
| --------------
------------------------------------------------------------------------------------------------


---------------------------------------------------------------------------------------------------
From Clock:  leakage_crypto_clk
  To Clock:  leakage_crypto_clk

Setup :            0  Failing Endpoints,  Worst Slack       13.494ns,  Total Violation        0.000ns
Hold  :            0  Failing Endpoints,  Worst Slack        0.159ns,  Total Violation        0.000ns
PW    :            0  Failing Endpoints,  Worst Slack       18.870ns,  Total Violation        0.000ns
---------------------------------------------------------------------------------------------------


Max Delay Paths
--------------------------------------------------------------------------------------
Slack (MET) :             13.494ns  (required time - arrival time)
  Source:                 U_reg/U_core/col_reg[1]/C
                            (rising edge-triggered cell FDRE clocked by leakage_crypto_clk  {rise@0.000ns fall@20.000ns period=40.000ns})
  Destination:            U_reg/U_core/leak_reg_reg/D
                            (rising edge-triggered cell FDRE clocked by leakage_crypto_clk  {rise@0.000ns fall@20.000ns period=40.000ns})
  Path Group:             leakage_crypto_clk
  Path Type:              Setup (Max at Slow Process Corner)
  Requirement:            40.000ns  (leakage_crypto_clk rise@40.000ns - leakage_crypto_clk rise@0.000ns)
  Data Path Delay:        26.374ns  (logic 4.374ns (16.585%)  route 22.000ns (83.415%))
  Logic Levels:           19  (CARRY4=5 LUT3=1 LUT4=2 LUT5=3 LUT6=5 MUXF7=2 MUXF8=1)
  Clock Path Skew:        -0.127ns (DCD - SCD + CPR)
    Destination Clock Delay (DCD):    1.249ns = ( 41.249 - 40.000 ) 
    Source Clock Delay      (SCD):    1.442ns
    Clock Pessimism Removal (CPR):    0.066ns
  Clock Uncertainty:      0.035ns  ((TSJ^2 + TIJ^2)^1/2 + DJ) / 2 + PE
    Total System Jitter     (TSJ):    0.071ns
    Total Input Jitter      (TIJ):    0.000ns
    Discrete Jitter          (DJ):    0.000ns
    Phase Error              (PE):    0.000ns

    Location             Delay type                Incr(ns)  Path(ns)    Netlist Resource(s)
  -------------------------------------------------------------------    -------------------
                         (clock leakage_crypto_clk rise edge)
                                                      0.000     0.000 r  
    BUFGCTRL_X0Y0        BUFGCTRL                     0.000     0.000 r  U_clocks/CCLK_MUX/O
                         net (fo=350, routed)         1.442     1.442    U_reg/U_core/crypto_clk
    SLICE_X74Y85         FDRE                                         r  U_reg/U_core/col_reg[1]/C
  -------------------------------------------------------------------    -------------------
    SLICE_X74Y85         FDRE (Prop_fdre_C_Q)         0.433     1.875 r  U_reg/U_core/col_reg[1]/Q
                         net (fo=6, routed)           0.235     2.110    U_reg/U_core/col[1]
    SLICE_X75Y85         CARRY4 (Prop_carry4_S[0]_O[0])
                                                      0.312     2.422 r  U_reg/U_core/out_data_reg[3]_i_98/O[0]
                         net (fo=3821, routed)        8.746    11.168    win_base[1]
    SLICE_X9Y34          LUT3 (Prop_lut3_I1_O)        0.249    11.417 r  out_data[15]_i_120/O
                         net (fo=392, routed)         6.789    18.206    U_reg/U_core/col_reg[4]_5
    SLICE_X68Y81         LUT6 (Prop_lut6_I2_O)        0.105    18.311 r  U_reg/U_core/out_data[11]_i_5263/O
                         net (fo=1, routed)           0.000    18.311    U_reg/U_core/out_data[11]_i_5263_n_0
    SLICE_X68Y81         MUXF7 (Prop_muxf7_I1_O)      0.206    18.517 r  U_reg/U_core/out_data_reg[11]_i_2159/O
                         net (fo=1, routed)           0.000    18.517    U_reg/U_core/out_data_reg[11]_i_2159_n_0
    SLICE_X68Y81         MUXF8 (Prop_muxf8_I0_O)      0.085    18.602 r  U_reg/U_core/out_data_reg[11]_i_1018/O
                         net (fo=1, routed)           1.524    20.126    U_reg/U_core/out_data_reg[11]_i_1018_n_0
    SLICE_X53Y70         LUT6 (Prop_lut6_I5_O)        0.264    20.390 r  U_reg/U_core/out_data[11]_i_469/O
                         net (fo=1, routed)           0.000    20.390    U_reg/U_core/out_data[11]_i_469_n_0
    SLICE_X53Y70         MUXF7 (Prop_muxf7_I0_O)      0.178    20.568 r  U_reg/U_core/out_data_reg[11]_i_193/O
                         net (fo=1, routed)           0.853    21.421    U_reg/U_core/out_data_reg[11]_i_193_n_0
    SLICE_X68Y72         LUT6 (Prop_lut6_I1_O)        0.252    21.673 f  U_reg/U_core/out_data[11]_i_78/O
                         net (fo=2, routed)           0.842    22.515    U_reg/U_core/out_data[11]_i_78_n_0
    SLICE_X66Y72         LUT4 (Prop_lut4_I1_O)        0.119    22.634 r  U_reg/U_core/out_data[11]_i_32/O
                         net (fo=2, routed)           0.581    23.215    U_reg/U_core/out_data[11]_i_32_n_0
    SLICE_X66Y72         LUT5 (Prop_lut5_I0_O)        0.268    23.483 r  U_reg/U_core/out_data[11]_i_36/O
                         net (fo=1, routed)           0.000    23.483    U_reg/U_core/out_data[11]_i_36_n_0
    SLICE_X66Y72         CARRY4 (Prop_carry4_S[3]_CO[3])
                                                      0.314    23.797 r  U_reg/U_core/out_data_reg[11]_i_12/CO[3]
                         net (fo=1, routed)           0.000    23.797    U_reg/U_core/out_data_reg[11]_i_12_n_0
    SLICE_X66Y73         CARRY4 (Prop_carry4_CI_O[1])
                                                      0.257    24.054 r  U_reg/U_core/out_data_reg[15]_i_11/O[1]
                         net (fo=5, routed)           0.832    24.886    U_reg/U_core/out_data_reg[15]_i_11_n_6
    SLICE_X65Y75         LUT6 (Prop_lut6_I5_O)        0.245    25.131 r  U_reg/U_core/out_data[11]_i_3/O
                         net (fo=2, routed)           0.375    25.506    U_reg/U_core/out_data[11]_i_3_n_0
    SLICE_X64Y73         LUT5 (Prop_lut5_I0_O)        0.105    25.611 r  U_reg/U_core/out_data[11]_i_7/O
                         net (fo=1, routed)           0.000    25.611    U_reg/U_core/out_data[11]_i_7_n_0
    SLICE_X64Y73         CARRY4 (Prop_carry4_S[2]_CO[3])
                                                      0.332    25.943 r  U_reg/U_core/out_data_reg[11]_i_1/CO[3]
                         net (fo=1, routed)           0.000    25.943    U_reg/U_core/out_data_reg[11]_i_1_n_0
    SLICE_X64Y74         CARRY4 (Prop_carry4_CI_O[0])
                                                      0.191    26.134 r  U_reg/U_core/out_data_reg[15]_i_2/O[0]
                         net (fo=2, routed)           0.544    26.679    U_reg/U_core/conv_value[12]
    SLICE_X65Y74         LUT4 (Prop_lut4_I3_O)        0.249    26.928 r  U_reg/U_core/leak_reg_i_4/O
                         net (fo=1, routed)           0.451    27.379    U_reg/U_core/leak_reg_i_4_n_0
    SLICE_X65Y73         LUT5 (Prop_lut5_I4_O)        0.105    27.484 r  U_reg/U_core/leak_reg_i_3/O
                         net (fo=1, routed)           0.227    27.710    U_reg/U_core/leak_reg_i_3_n_0
    SLICE_X65Y74         LUT6 (Prop_lut6_I5_O)        0.105    27.815 r  U_reg/U_core/leak_reg_i_1/O
                         net (fo=1, routed)           0.000    27.815    U_reg/U_core/p_0_in
    SLICE_X65Y74         FDRE                                         r  U_reg/U_core/leak_reg_reg/D
  -------------------------------------------------------------------    -------------------

                         (clock leakage_crypto_clk rise edge)
                                                     40.000    40.000 r  
    BUFGCTRL_X0Y0        BUFGCTRL                     0.000    40.000 r  U_clocks/CCLK_MUX/O
                         net (fo=350, routed)         1.249    41.249    U_reg/U_core/crypto_clk
    SLICE_X65Y74         FDRE                                         r  U_reg/U_core/leak_reg_reg/C
                         clock pessimism              0.066    41.315    
                         clock uncertainty           -0.035    41.279    
    SLICE_X65Y74         FDRE (Setup_fdre_C_D)        0.030    41.309    U_reg/U_core/leak_reg_reg
  -------------------------------------------------------------------
                         required time                         41.309    
                         arrival time                         -27.815    
  -------------------------------------------------------------------
                         slack                                 13.494    





Min Delay Paths
--------------------------------------------------------------------------------------
Slack (MET) :             0.159ns  (arrival time - required time)
  Source:                 U_reg/U_go/sync_reg[0]/C
                            (rising edge-triggered cell FDCE clocked by leakage_crypto_clk  {rise@0.000ns fall@20.000ns period=40.000ns})
  Destination:            U_reg/U_go/sync_reg[1]/D
                            (rising edge-triggered cell FDCE clocked by leakage_crypto_clk  {rise@0.000ns fall@20.000ns period=40.000ns})
  Path Group:             leakage_crypto_clk
  Path Type:              Hold (Min at Fast Process Corner)
  Requirement:            0.000ns  (leakage_crypto_clk rise@0.000ns - leakage_crypto_clk rise@0.000ns)
  Data Path Delay:        0.219ns  (logic 0.164ns (74.792%)  route 0.055ns (25.208%))
  Logic Levels:           0  
  Clock Path Skew:        0.000ns (DCD - SCD - CPR)
    Destination Clock Delay (DCD):    0.868ns
    Source Clock Delay      (SCD):    0.596ns
    Clock Pessimism Removal (CPR):    0.272ns

    Location             Delay type                Incr(ns)  Path(ns)    Netlist Resource(s)
  -------------------------------------------------------------------    -------------------
                         (clock leakage_crypto_clk rise edge)
                                                      0.000     0.000 r  
    BUFGCTRL_X0Y0        BUFGCTRL                     0.000     0.000 r  U_clocks/CCLK_MUX/O
                         net (fo=350, routed)         0.596     0.596    U_reg/U_go/crypto_clk
    SLICE_X78Y89         FDCE                                         r  U_reg/U_go/sync_reg[0]/C
  -------------------------------------------------------------------    -------------------
    SLICE_X78Y89         FDCE (Prop_fdce_C_Q)         0.164     0.760 r  U_reg/U_go/sync_reg[0]/Q
                         net (fo=1, routed)           0.055     0.815    U_reg/U_go/sync[0]
    SLICE_X78Y89         FDCE                                         r  U_reg/U_go/sync_reg[1]/D
  -------------------------------------------------------------------    -------------------

                         (clock leakage_crypto_clk rise edge)
                                                      0.000     0.000 r  
    BUFGCTRL_X0Y0        BUFGCTRL                     0.000     0.000 r  U_clocks/CCLK_MUX/O
                         net (fo=350, routed)         0.868     0.868    U_reg/U_go/crypto_clk
    SLICE_X78Y89         FDCE                                         r  U_reg/U_go/sync_reg[1]/C
                         clock pessimism             -0.272     0.596    
    SLICE_X78Y89         FDCE (Hold_fdce_C_D)         0.060     0.656    U_reg/U_go/sync_reg[1]
  -------------------------------------------------------------------
                         required time                         -0.656    
                         arrival time                           0.815    
  -------------------------------------------------------------------
                         slack                                  0.159    





Pulse Width Checks
--------------------------------------------------------------------------------------
Clock Name:         leakage_crypto_clk
Waveform(ns):       { 0.000 20.000 }
Period(ns):         40.000
Sources:            { U_clocks/CCLK_MUX/O }

Check Type        Corner  Lib Pin      Reference Pin  Required(ns)  Actual(ns)  Slack(ns)  Location      Pin
Min Period        n/a     ODDR/C       n/a            1.474         40.000      38.526     OLOGIC_X0Y86  U_clocks/CWOUT_ODDR/C
Low Pulse Width   Fast    RAMD64E/CLK  n/a            1.130         20.000      18.870     SLICE_X56Y92  U_reg/out_mem_reg_128_191_12_14/RAMD/CLK
High Pulse Width  Slow    RAMD64E/CLK  n/a            1.130         20.000      18.870     SLICE_X70Y93  U_reg/out_mem_reg_512_575_15_15/DP/CLK



---------------------------------------------------------------------------------------------------
From Clock:  pll_clk1
  To Clock:  pll_clk1

Setup :           NA  Failing Endpoints,  Worst Slack           NA  ,  Total Violation           NA
Hold  :           NA  Failing Endpoints,  Worst Slack           NA  ,  Total Violation           NA
PW    :            0  Failing Endpoints,  Worst Slack        8.408ns,  Total Violation        0.000ns
---------------------------------------------------------------------------------------------------


Pulse Width Checks
--------------------------------------------------------------------------------------
Clock Name:         pll_clk1
Waveform(ns):       { 0.000 5.000 }
Period(ns):         10.000
Sources:            { pll_clk1 }

Check Type  Corner  Lib Pin      Reference Pin  Required(ns)  Actual(ns)  Slack(ns)  Location       Pin
Min Period  n/a     BUFGCTRL/I0  n/a            1.592         10.000      8.408      BUFGCTRL_X0Y0  U_clocks/CCLK_MUX/I0



---------------------------------------------------------------------------------------------------
From Clock:  tio_clkin
  To Clock:  tio_clkin

Setup :           NA  Failing Endpoints,  Worst Slack           NA  ,  Total Violation           NA
Hold  :           NA  Failing Endpoints,  Worst Slack           NA  ,  Total Violation           NA
PW    :            0  Failing Endpoints,  Worst Slack        8.408ns,  Total Violation        0.000ns
---------------------------------------------------------------------------------------------------


Pulse Width Checks
--------------------------------------------------------------------------------------
Clock Name:         tio_clkin
Waveform(ns):       { 0.000 5.000 }
Period(ns):         10.000
Sources:            { tio_clkin }

Check Type  Corner  Lib Pin      Reference Pin  Required(ns)  Actual(ns)  Slack(ns)  Location       Pin
Min Period  n/a     BUFGCTRL/I1  n/a            1.592         10.000      8.408      BUFGCTRL_X0Y0  U_clocks/CCLK_MUX/I1



---------------------------------------------------------------------------------------------------
From Clock:  usb_clk
  To Clock:  usb_clk

Setup :            0  Failing Endpoints,  Worst Slack        0.874ns,  Total Violation        0.000ns
Hold  :            0  Failing Endpoints,  Worst Slack        0.064ns,  Total Violation        0.000ns
PW    :            0  Failing Endpoints,  Worst Slack        4.500ns,  Total Violation        0.000ns
---------------------------------------------------------------------------------------------------


Max Delay Paths
--------------------------------------------------------------------------------------
Slack (MET) :             0.874ns  (required time - arrival time)
  Source:                 U_usb_reg_fe/usb_addr_r_reg[18]/C
                            (rising edge-triggered cell FDRE clocked by usb_clk  {rise@0.000ns fall@5.000ns period=10.000ns})
  Destination:            U_reg/image_mem_reg[536][6]/CE
                            (rising edge-triggered cell FDRE clocked by usb_clk  {rise@0.000ns fall@5.000ns period=10.000ns})
  Path Group:             usb_clk
  Path Type:              Setup (Max at Slow Process Corner)
  Requirement:            10.000ns  (usb_clk rise@10.000ns - usb_clk rise@0.000ns)
  Data Path Delay:        8.818ns  (logic 1.231ns (13.960%)  route 7.587ns (86.040%))
  Logic Levels:           6  (LUT3=1 LUT5=3 LUT6=2)
  Clock Path Skew:        -0.104ns (DCD - SCD + CPR)
    Destination Clock Delay (DCD):    4.357ns = ( 14.357 - 10.000 ) 
    Source Clock Delay      (SCD):    4.620ns
    Clock Pessimism Removal (CPR):    0.158ns
  Clock Uncertainty:      0.035ns  ((TSJ^2 + TIJ^2)^1/2 + DJ) / 2 + PE
    Total System Jitter     (TSJ):    0.071ns
    Total Input Jitter      (TIJ):    0.000ns
    Discrete Jitter          (DJ):    0.000ns
    Phase Error              (PE):    0.000ns

    Location             Delay type                Incr(ns)  Path(ns)    Netlist Resource(s)
  -------------------------------------------------------------------    -------------------
                         (clock usb_clk rise edge)    0.000     0.000 r  
    F5                                                0.000     0.000 r  usb_clk (IN)
                         net (fo=0)                   0.000     0.000    U_clocks/usb_clk
    F5                   IBUF (Prop_ibuf_I_O)         1.392     1.392 r  U_clocks/clkibuf/O
                         net (fo=1, routed)           1.717     3.109    U_clocks/usb_clk_bufg
    BUFGCTRL_X0Y16       BUFG (Prop_bufg_I_O)         0.081     3.190 r  U_clocks/clkbuf/O
                         net (fo=6517, routed)        1.430     4.620    U_usb_reg_fe/usb_clk_buf
    SLICE_X80Y115        FDRE                                         r  U_usb_reg_fe/usb_addr_r_reg[18]/C
  -------------------------------------------------------------------    -------------------
    SLICE_X80Y115        FDRE (Prop_fdre_C_Q)         0.433     5.053 f  U_usb_reg_fe/usb_addr_r_reg[18]/Q
                         net (fo=2, routed)           0.551     5.604    U_usb_reg_fe/reg_address[11]
    SLICE_X80Y115        LUT5 (Prop_lut5_I4_O)        0.105     5.709 f  U_usb_reg_fe/read_data[7]_i_4/O
                         net (fo=4, routed)           1.036     6.745    U_usb_reg_fe/read_data[7]_i_4_n_0
    SLICE_X75Y92         LUT6 (Prop_lut6_I5_O)        0.105     6.850 r  U_usb_reg_fe/image_mem[63][7]_i_4/O
                         net (fo=2, routed)           0.877     7.728    U_usb_reg_fe/image_mem[63][7]_i_4_n_0
    SLICE_X71Y80         LUT5 (Prop_lut5_I0_O)        0.105     7.833 r  U_usb_reg_fe/image_mem[63][7]_i_3/O
                         net (fo=97, routed)          1.791     9.623    U_usb_reg_fe/image_mem_reg[782][7]
    SLICE_X57Y45         LUT3 (Prop_lut3_I1_O)        0.110     9.733 f  U_usb_reg_fe/image_mem[515][7]_i_2/O
                         net (fo=14, routed)          0.786    10.519    U_usb_reg_fe/image_mem[515][7]_i_2_n_0
    SLICE_X41Y40         LUT6 (Prop_lut6_I5_O)        0.268    10.787 r  U_usb_reg_fe/image_mem[536][7]_i_2/O
                         net (fo=4, routed)           0.483    11.271    U_usb_reg_fe/image_mem[536][7]_i_2_n_0
    SLICE_X41Y38         LUT5 (Prop_lut5_I0_O)        0.105    11.376 r  U_usb_reg_fe/image_mem[536][7]_i_1/O
                         net (fo=8, routed)           2.063    13.438    U_reg/usb_addr_r_reg[1]_rep__8_2[0]
    SLICE_X72Y71         FDRE                                         r  U_reg/image_mem_reg[536][6]/CE
  -------------------------------------------------------------------    -------------------

                         (clock usb_clk rise edge)   10.000    10.000 r  
    F5                                                0.000    10.000 r  usb_clk (IN)
                         net (fo=0)                   0.000    10.000    U_clocks/usb_clk
    F5                   IBUF (Prop_ibuf_I_O)         1.326    11.326 r  U_clocks/clkibuf/O
                         net (fo=1, routed)           1.628    12.954    U_clocks/usb_clk_bufg
    BUFGCTRL_X0Y16       BUFG (Prop_bufg_I_O)         0.077    13.031 r  U_clocks/clkbuf/O
                         net (fo=6517, routed)        1.326    14.357    U_reg/usb_clk_buf
    SLICE_X72Y71         FDRE                                         r  U_reg/image_mem_reg[536][6]/C
                         clock pessimism              0.158    14.516    
                         clock uncertainty           -0.035    14.480    
    SLICE_X72Y71         FDRE (Setup_fdre_C_CE)      -0.168    14.312    U_reg/image_mem_reg[536][6]
  -------------------------------------------------------------------
                         required time                         14.312    
                         arrival time                         -13.438    
  -------------------------------------------------------------------
                         slack                                  0.874    





Min Delay Paths
--------------------------------------------------------------------------------------
Slack (MET) :             0.064ns  (arrival time - required time)
  Source:                 usb_addr[3]
                            (input port clocked by usb_clk  {rise@0.000ns fall@5.000ns period=10.000ns})
  Destination:            U_usb_reg_fe/usb_addr_r_reg[3]/D
                            (rising edge-triggered cell FDRE clocked by usb_clk  {rise@0.000ns fall@5.000ns period=10.000ns})
  Path Group:             usb_clk
  Path Type:              Hold (Min at Slow Process Corner)
  Requirement:            0.000ns  (usb_clk rise@0.000ns - usb_clk rise@0.000ns)
  Data Path Delay:        2.831ns  (logic 1.335ns (47.161%)  route 1.496ns (52.839%))
  Logic Levels:           1  (IBUF=1)
  Input Delay:            2.000ns
  Clock Path Skew:        4.570ns (DCD - SCD - CPR)
    Destination Clock Delay (DCD):    4.570ns
    Source Clock Delay      (SCD):    0.000ns
    Clock Pessimism Removal (CPR):    -0.000ns
  Clock Uncertainty:      0.035ns  ((TSJ^2 + TIJ^2)^1/2 + DJ) / 2 + PE
    Total System Jitter     (TSJ):    0.071ns
    Total Input Jitter      (TIJ):    0.000ns
    Discrete Jitter          (DJ):    0.000ns
    Phase Error              (PE):    0.000ns

    Location             Delay type                Incr(ns)  Path(ns)    Netlist Resource(s)
  -------------------------------------------------------------------    -------------------
                         (clock usb_clk rise edge)    0.000     0.000 r  
                         input delay                  2.000     2.000    
    H1                                                0.000     2.000 r  usb_addr[3] (IN)
                         net (fo=0)                   0.000     2.000    usb_addr[3]
    H1                   IBUF (Prop_ibuf_I_O)         1.335     3.335 r  usb_addr_IBUF[3]_inst/O
                         net (fo=8, routed)           1.496     4.831    U_usb_reg_fe/usb_addr[20][3]
    SLICE_X71Y93         FDRE                                         r  U_usb_reg_fe/usb_addr_r_reg[3]/D
  -------------------------------------------------------------------    -------------------

                         (clock usb_clk rise edge)    0.000     0.000 r  
    F5                                                0.000     0.000 r  usb_clk (IN)
                         net (fo=0)                   0.000     0.000    U_clocks/usb_clk
    F5                   IBUF (Prop_ibuf_I_O)         1.392     1.392 r  U_clocks/clkibuf/O
                         net (fo=1, routed)           1.717     3.109    U_clocks/usb_clk_bufg
    BUFGCTRL_X0Y16       BUFG (Prop_bufg_I_O)         0.081     3.190 r  U_clocks/clkbuf/O
                         net (fo=6517, routed)        1.380     4.570    U_usb_reg_fe/usb_clk_buf
    SLICE_X71Y93         FDRE                                         r  U_usb_reg_fe/usb_addr_r_reg[3]/C
                         clock pessimism              0.000     4.570    
                         clock uncertainty            0.035     4.605    
    SLICE_X71Y93         FDRE (Hold_fdre_C_D)         0.162     4.767    U_usb_reg_fe/usb_addr_r_reg[3]
  -------------------------------------------------------------------
                         required time                         -4.767    
                         arrival time                           4.831    
  -------------------------------------------------------------------
                         slack                                  0.064    





Pulse Width Checks
--------------------------------------------------------------------------------------
Clock Name:         usb_clk
Waveform(ns):       { 0.000 5.000 }
Period(ns):         10.000
Sources:            { usb_clk }

Check Type        Corner  Lib Pin  Reference Pin  Required(ns)  Actual(ns)  Slack(ns)  Location        Pin
Min Period        n/a     BUFG/I   n/a            1.592         10.000      8.408      BUFGCTRL_X0Y16  U_clocks/clkbuf/I
Low Pulse Width   Slow    FDRE/C   n/a            0.500         5.000       4.500      SLICE_X59Y23    U_reg/image_mem_reg[368][6]/C
High Pulse Width  Fast    FDRE/C   n/a            0.500         5.000       4.500      SLICE_X29Y80    U_reg/image_mem_reg[218][6]/C



---------------------------------------------------------------------------------------------------
Path Group:  **async_default**
From Clock:  usb_clk
  To Clock:  usb_clk

Setup :            0  Failing Endpoints,  Worst Slack        7.578ns,  Total Violation        0.000ns
Hold  :            0  Failing Endpoints,  Worst Slack        0.937ns,  Total Violation        0.000ns
---------------------------------------------------------------------------------------------------


Max Delay Paths
--------------------------------------------------------------------------------------
Slack (MET) :             7.578ns  (required time - arrival time)
  Source:                 pushbutton
                            (input port clocked by usb_clk  {rise@0.000ns fall@5.000ns period=10.000ns})
  Destination:            U_reg/U_go/src_tog_reg/CLR
                            (recovery check against rising-edge clock usb_clk  {rise@0.000ns fall@5.000ns period=10.000ns})
  Path Group:             **async_default**
  Path Type:              Recovery (Max at Slow Process Corner)
  Requirement:            10.000ns  (usb_clk rise@10.000ns - usb_clk rise@0.000ns)
  Data Path Delay:        6.000ns  (logic 1.537ns (25.617%)  route 4.463ns (74.382%))
  Logic Levels:           2  (IBUF=1 LUT1=1)
  Input Delay:            0.500ns
  Clock Path Skew:        4.371ns (DCD - SCD + CPR)
    Destination Clock Delay (DCD):    4.371ns = ( 14.371 - 10.000 ) 
    Source Clock Delay      (SCD):    0.000ns
    Clock Pessimism Removal (CPR):    0.000ns
  Clock Uncertainty:      0.035ns  ((TSJ^2 + TIJ^2)^1/2 + DJ) / 2 + PE
    Total System Jitter     (TSJ):    0.071ns
    Total Input Jitter      (TIJ):    0.000ns
    Discrete Jitter          (DJ):    0.000ns
    Phase Error              (PE):    0.000ns

    Location             Delay type                Incr(ns)  Path(ns)    Netlist Resource(s)
  -------------------------------------------------------------------    -------------------
                         (clock usb_clk rise edge)    0.000     0.000 r  
                         input delay                  0.500     0.500    
    R1                                                0.000     0.500 r  pushbutton (IN)
                         net (fo=0)                   0.000     0.500    pushbutton
    R1                   IBUF (Prop_ibuf_I_O)         1.432     1.932 r  pushbutton_IBUF_inst/O
                         net (fo=59, routed)          2.542     4.474    U_reg/U_core/pushbutton_IBUF
    SLICE_X86Y80         LUT1 (Prop_lut1_I0_O)        0.105     4.579 f  U_reg/U_core/go_count_usb[7]_i_1/O
                         net (fo=102, routed)         1.921     6.500    U_reg/U_go/SR[0]
    SLICE_X78Y88         FDCE                                         f  U_reg/U_go/src_tog_reg/CLR
  -------------------------------------------------------------------    -------------------

                         (clock usb_clk rise edge)   10.000    10.000 r  
    F5                                                0.000    10.000 r  usb_clk (IN)
                         net (fo=0)                   0.000    10.000    U_clocks/usb_clk
    F5                   IBUF (Prop_ibuf_I_O)         1.326    11.326 r  U_clocks/clkibuf/O
                         net (fo=1, routed)           1.628    12.954    U_clocks/usb_clk_bufg
    BUFGCTRL_X0Y16       BUFG (Prop_bufg_I_O)         0.077    13.031 r  U_clocks/clkbuf/O
                         net (fo=6517, routed)        1.340    14.371    U_reg/U_go/usb_clk_buf
    SLICE_X78Y88         FDCE                                         r  U_reg/U_go/src_tog_reg/C
                         clock pessimism              0.000    14.371    
                         clock uncertainty           -0.035    14.336    
    SLICE_X78Y88         FDCE (Recov_fdce_C_CLR)     -0.258    14.078    U_reg/U_go/src_tog_reg
  -------------------------------------------------------------------
                         required time                         14.078    
                         arrival time                          -6.500    
  -------------------------------------------------------------------
                         slack                                  7.578    





Min Delay Paths
--------------------------------------------------------------------------------------
Slack (MET) :             0.937ns  (arrival time - required time)
  Source:                 pushbutton
                            (input port clocked by usb_clk  {rise@0.000ns fall@5.000ns period=10.000ns})
  Destination:            U_reg/U_go/src_tog_reg/CLR
                            (removal check against rising-edge clock usb_clk  {rise@0.000ns fall@5.000ns period=10.000ns})
  Path Group:             **async_default**
  Path Type:              Removal (Min at Fast Process Corner)
  Requirement:            0.000ns  (usb_clk rise@0.000ns - usb_clk rise@0.000ns)
  Data Path Delay:        2.420ns  (logic 0.314ns (12.964%)  route 2.106ns (87.036%))
  Logic Levels:           2  (IBUF=1 LUT1=1)
  Input Delay:            0.500ns
  Clock Path Skew:        2.014ns (DCD - SCD - CPR)
    Destination Clock Delay (DCD):    2.014ns
    Source Clock Delay      (SCD):    0.000ns
    Clock Pessimism Removal (CPR):    -0.000ns
  Clock Uncertainty:      0.035ns  ((TSJ^2 + TIJ^2)^1/2 + DJ) / 2 + PE
    Total System Jitter     (TSJ):    0.071ns
    Total Input Jitter      (TIJ):    0.000ns
    Discrete Jitter          (DJ):    0.000ns
    Phase Error              (PE):    0.000ns

    Location             Delay type                Incr(ns)  Path(ns)    Netlist Resource(s)
  -------------------------------------------------------------------    -------------------
                         (clock usb_clk rise edge)    0.000     0.000 r  
                         input delay                  0.500     0.500    
    R1                                                0.000     0.500 r  pushbutton (IN)
                         net (fo=0)                   0.000     0.500    pushbutton
    R1                   IBUF (Prop_ibuf_I_O)         0.269     0.769 r  pushbutton_IBUF_inst/O
                         net (fo=59, routed)          1.107     1.875    U_reg/U_core/pushbutton_IBUF
    SLICE_X86Y80         LUT1 (Prop_lut1_I0_O)        0.045     1.920 f  U_reg/U_core/go_count_usb[7]_i_1/O
                         net (fo=102, routed)         0.999     2.920    U_reg/U_go/SR[0]
    SLICE_X78Y88         FDCE                                         f  U_reg/U_go/src_tog_reg/CLR
  -------------------------------------------------------------------    -------------------

                         (clock usb_clk rise edge)    0.000     0.000 r  
    F5                                                0.000     0.000 r  usb_clk (IN)
                         net (fo=0)                   0.000     0.000    U_clocks/usb_clk
    F5                   IBUF (Prop_ibuf_I_O)         0.417     0.417 r  U_clocks/clkibuf/O
                         net (fo=1, routed)           0.699     1.115    U_clocks/usb_clk_bufg
    BUFGCTRL_X0Y16       BUFG (Prop_bufg_I_O)         0.029     1.144 r  U_clocks/clkbuf/O
                         net (fo=6517, routed)        0.870     2.014    U_reg/U_go/usb_clk_buf
    SLICE_X78Y88         FDCE                                         r  U_reg/U_go/src_tog_reg/C
                         clock pessimism              0.000     2.014    
                         clock uncertainty            0.035     2.049    
    SLICE_X78Y88         FDCE (Remov_fdce_C_CLR)     -0.067     1.982    U_reg/U_go/src_tog_reg
  -------------------------------------------------------------------
                         required time                         -1.982    
                         arrival time                           2.920    
  -------------------------------------------------------------------
                         slack                                  0.937    





