Copyright 1986-2016 Xilinx, Inc. All Rights Reserved.
------------------------------------------------------------------------------------
| Tool Version : Vivado v.2016.4 (win64) Build 1756540 Mon Jan 23 19:11:23 MST 2017
| Date         : Sun Sep 06 23:05:29 2026
| Host         : kaz4n running 64-bit major release  (build 9200)
| Command      : report_timing_summary -file leakage_grey_d8_l15_timing.rpt
| Design       : cw305_leakage_grey_top
| Device       : 7a100t-ftg256
| Speed File   : -2  PRODUCTION 1.16 2016-11-09
------------------------------------------------------------------------------------

Timing Summary Report

------------------------------------------------------------------------------------------------
| Timer Settings
| --------------
------------------------------------------------------------------------------------------------

  Enable Multi Corner Analysis               :  Yes
  Enable Pessimism Removal                   :  Yes
  Pessimism Removal Resolution               :  Nearest Common Node
  Enable Input Delay Default Clock           :  No
  Enable Preset / Clear Arcs                 :  No
  Disable Flight Delays                      :  No
  Ignore I/O Paths                           :  No
  Timing Early Launch at Borrowing Latches   :  false

  Corner  Analyze    Analyze    
  Name    Max Paths  Min Paths  
  ------  ---------  ---------  
  Slow    Yes        Yes        
  Fast    Yes        Yes        



check_timing report

Table of Contents
-----------------
1. checking no_clock
2. checking constant_clock
3. checking pulse_width_clock
4. checking unconstrained_internal_endpoints
5. checking no_input_delay
6. checking no_output_delay
7. checking multiple_clock
8. checking generated_clocks
9. checking loops
10. checking partial_input_delay
11. checking partial_output_delay
12. checking latch_loops

1. checking no_clock
--------------------
 There are 0 register/latch pins with no clock.


2. checking constant_clock
--------------------------
 There are 0 register/latch pins with constant_clock.


3. checking pulse_width_clock
-----------------------------
 There are 0 register/latch pins which need pulse_width check


4. checking unconstrained_internal_endpoints
--------------------------------------------
 There are 0 pins that are not constrained for maximum delay.

 There are 0 pins that are not constrained for maximum delay due to constant clock.


5. checking no_input_delay
--------------------------
 There are 0 input ports with no input delay specified.

 There are 0 input ports with no input delay but user has a false path constraint.


6. checking no_output_delay
---------------------------
 There are 0 ports with no output delay specified.

 There are 0 ports with no output delay but user has a false path constraint

 There are 0 ports with no output delay but with a timing clock defined on it or propagating through it


7. checking multiple_clock
--------------------------
 There are 0 register/latch pins with multiple clocks.


8. checking generated_clocks
----------------------------
 There are 0 generated clocks that are not connected to a clock source.


9. checking loops
-----------------
 There are 0 combinational loops in the design.


10. checking partial_input_delay
--------------------------------
 There are 0 input ports with partial input delay specified.


11. checking partial_output_delay
---------------------------------
 There are 0 ports with partial output delay specified.


12. checking latch_loops
------------------------
 There are 0 combinational latch loops in the design through latch input



------------------------------------------------------------------------------------------------
| Design Timing Summary
| ---------------------
------------------------------------------------------------------------------------------------

    WNS(ns)      TNS(ns)  TNS Failing Endpoints  TNS Total Endpoints      WHS(ns)      THS(ns)  THS Failing Endpoints  THS Total Endpoints     WPWS(ns)     TPWS(ns)  TPWS Failing Endpoints  TPWS Total Endpoints  
    -------      -------  ---------------------  -------------------      -------      -------  ---------------------  -------------------     --------     --------  ----------------------  --------------------  
      1.184        0.000                      0                17024        0.091        0.000                      0                17024        4.500        0.000                       0                  7947  


All user specified timing constraints are met.


------------------------------------------------------------------------------------------------
| Clock Summary
| -------------
------------------------------------------------------------------------------------------------

Clock               Waveform(ns)       Period(ns)      Frequency(MHz)
-----               ------------       ----------      --------------
leakage_crypto_clk  {0.000 20.000}     40.000          25.000          
pll_clk1            {0.000 5.000}      10.000          100.000         
tio_clkin           {0.000 5.000}      10.000          100.000         
usb_clk             {0.000 5.000}      10.000          100.000         


------------------------------------------------------------------------------------------------
| Intra Clock Table
| -----------------
------------------------------------------------------------------------------------------------

Clock                   WNS(ns)      TNS(ns)  TNS Failing Endpoints  TNS Total Endpoints      WHS(ns)      THS(ns)  THS Failing Endpoints  THS Total Endpoints     WPWS(ns)     TPWS(ns)  TPWS Failing Endpoints  TPWS Total Endpoints  
-----                   -------      -------  ---------------------  -------------------      -------      -------  ---------------------  -------------------     --------     --------  ----------------------  --------------------  
leakage_crypto_clk       15.918        0.000                      0                 4235        0.099        0.000                      0                 4235       18.870        0.000                       0                  1429  
pll_clk1                                                                                                                                                              8.408        0.000                       0                     1  
tio_clkin                                                                                                                                                             8.408        0.000                       0                     1  
usb_clk                   1.184        0.000                      0                12788        0.091        0.000                      0                12788        4.500        0.000                       0                  6516  


------------------------------------------------------------------------------------------------
| Inter Clock Table
| -----------------
------------------------------------------------------------------------------------------------

From Clock    To Clock          WNS(ns)      TNS(ns)  TNS Failing Endpoints  TNS Total Endpoints      WHS(ns)      THS(ns)  THS Failing Endpoints  THS Total Endpoints  
----------    --------          -------      -------  ---------------------  -------------------      -------      -------  ---------------------  -------------------  


------------------------------------------------------------------------------------------------
| Other Path Groups Table
| -----------------------
------------------------------------------------------------------------------------------------

Path Group         From Clock         To Clock               WNS(ns)      TNS(ns)  TNS Failing Endpoints  TNS Total Endpoints      WHS(ns)      THS(ns)  THS Failing Endpoints  THS Total Endpoints  
----------         ----------         --------               -------      -------  ---------------------  -------------------      -------      -------  ---------------------  -------------------  
**async_default**  usb_clk            usb_clk                  7.715        0.000                      0                    1        0.886        0.000                      0                    1  


------------------------------------------------------------------------------------------------
| Timing Details
| --------------
------------------------------------------------------------------------------------------------


---------------------------------------------------------------------------------------------------
From Clock:  leakage_crypto_clk
  To Clock:  leakage_crypto_clk

Setup :            0  Failing Endpoints,  Worst Slack       15.918ns,  Total Violation        0.000ns
Hold  :            0  Failing Endpoints,  Worst Slack        0.099ns,  Total Violation        0.000ns
PW    :            0  Failing Endpoints,  Worst Slack       18.870ns,  Total Violation        0.000ns
---------------------------------------------------------------------------------------------------


Max Delay Paths
--------------------------------------------------------------------------------------
Slack (MET) :             15.918ns  (required time - arrival time)
  Source:                 U_reg/U_core/col_reg[1]/C
                            (rising edge-triggered cell FDRE clocked by leakage_crypto_clk  {rise@0.000ns fall@20.000ns period=40.000ns})
  Destination:            U_reg/U_core/out_data_reg[15]/D
                            (rising edge-triggered cell FDRE clocked by leakage_crypto_clk  {rise@0.000ns fall@20.000ns period=40.000ns})
  Path Group:             leakage_crypto_clk
  Path Type:              Setup (Max at Slow Process Corner)
  Requirement:            40.000ns  (leakage_crypto_clk rise@40.000ns - leakage_crypto_clk rise@0.000ns)
  Data Path Delay:        24.107ns  (logic 3.883ns (16.108%)  route 20.224ns (83.892%))
  Logic Levels:           15  (CARRY4=6 LUT3=1 LUT4=1 LUT5=2 LUT6=2 MUXF7=2 MUXF8=1)
  Clock Path Skew:        -0.041ns (DCD - SCD + CPR)
    Destination Clock Delay (DCD):    1.269ns = ( 41.269 - 40.000 ) 
    Source Clock Delay      (SCD):    1.376ns
    Clock Pessimism Removal (CPR):    0.066ns
  Clock Uncertainty:      0.035ns  ((TSJ^2 + TIJ^2)^1/2 + DJ) / 2 + PE
    Total System Jitter     (TSJ):    0.071ns
    Total Input Jitter      (TIJ):    0.000ns
    Discrete Jitter          (DJ):    0.000ns
    Phase Error              (PE):    0.000ns

    Location             Delay type                Incr(ns)  Path(ns)    Netlist Resource(s)
  -------------------------------------------------------------------    -------------------
                         (clock leakage_crypto_clk rise edge)
                                                      0.000     0.000 r  
    BUFGCTRL_X0Y0        BUFGCTRL                     0.000     0.000 r  U_clocks/CCLK_MUX/O
                         net (fo=1429, routed)        1.376     1.376    U_reg/U_core/crypto_clk
    SLICE_X37Y63         FDRE                                         r  U_reg/U_core/col_reg[1]/C
  -------------------------------------------------------------------    -------------------
    SLICE_X37Y63         FDRE (Prop_fdre_C_Q)         0.379     1.755 r  U_reg/U_core/col_reg[1]/Q
                         net (fo=6, routed)           0.385     2.140    U_reg/U_core/col[1]
    SLICE_X36Y63         CARRY4 (Prop_carry4_S[0]_O[0])
                                                      0.312     2.452 r  U_reg/U_core/leak_bank_reg[1071]_i_26/O[0]
                         net (fo=3798, routed)        7.343     9.796    U_reg/U_core/win_base[1]
    SLICE_X80Y27         LUT4 (Prop_lut4_I0_O)        0.249    10.045 r  U_reg/U_core/leak_bank[1019]_i_11/O
                         net (fo=100, routed)         8.949    18.994    U_reg/U_core/leak_bank[1019]_i_11_n_0
    SLICE_X11Y78         LUT6 (Prop_lut6_I4_O)        0.105    19.099 r  U_reg/U_core/leak_bank[1017]_i_46/O
                         net (fo=1, routed)           0.000    19.099    U_reg/U_core/leak_bank[1017]_i_46_n_0
    SLICE_X11Y78         MUXF7 (Prop_muxf7_I1_O)      0.182    19.281 r  U_reg/U_core/leak_bank_reg[1017]_i_22/O
                         net (fo=1, routed)           0.000    19.281    U_reg/U_core/leak_bank_reg[1017]_i_22_n_0
    SLICE_X11Y78         MUXF8 (Prop_muxf8_I1_O)      0.079    19.360 r  U_reg/U_core/leak_bank_reg[1017]_i_10/O
                         net (fo=1, routed)           1.944    21.304    U_reg/U_core/leak_bank_reg[1017]_i_10_n_0
    SLICE_X36Y51         LUT6 (Prop_lut6_I5_O)        0.264    21.568 r  U_reg/U_core/leak_bank[1017]_i_3/O
                         net (fo=3, routed)           0.000    21.568    U_reg/U_core/leak_bank[1017]_i_3_n_0
    SLICE_X36Y51         MUXF7 (Prop_muxf7_I0_O)      0.178    21.746 r  U_reg/U_core/out_data_reg[3]_i_22/O
                         net (fo=1, routed)           0.234    21.980    U_reg/U_core/out_data_reg[3]_i_22_n_0
    SLICE_X36Y52         LUT5 (Prop_lut5_I4_O)        0.252    22.232 r  U_reg/U_core/out_data[3]_i_16/O
                         net (fo=1, routed)           0.000    22.232    U_reg/U_core/out_data[3]_i_16_n_0
    SLICE_X36Y52         CARRY4 (Prop_carry4_S[1]_CO[3])
                                                      0.457    22.689 r  U_reg/U_core/out_data_reg[3]_i_5/CO[3]
                         net (fo=1, routed)           0.000    22.689    U_reg/U_core/out_data_reg[3]_i_5_n_0
    SLICE_X36Y53         CARRY4 (Prop_carry4_CI_O[1])
                                                      0.265    22.954 r  U_reg/U_core/out_data_reg[11]_i_12/O[1]
                         net (fo=4, routed)           0.716    23.670    U_reg/U_core/out_data_reg[11]_i_12_n_6
    SLICE_X39Y54         LUT3 (Prop_lut3_I0_O)        0.250    23.920 r  U_reg/U_core/out_data[7]_i_20/O
                         net (fo=1, routed)           0.651    24.571    U_reg/U_core/out_data[7]_i_20_n_0
    SLICE_X38Y54         LUT5 (Prop_lut5_I1_O)        0.105    24.676 r  U_reg/U_core/out_data[7]_i_8/O
                         net (fo=1, routed)           0.000    24.676    U_reg/U_core/out_data[7]_i_8_n_0
    SLICE_X38Y54         CARRY4 (Prop_carry4_S[1]_CO[3])
                                                      0.444    25.120 r  U_reg/U_core/out_data_reg[7]_i_1/CO[3]
                         net (fo=1, routed)           0.000    25.120    U_reg/U_core/out_data_reg[7]_i_1_n_0
    SLICE_X38Y55         CARRY4 (Prop_carry4_CI_CO[3])
                                                      0.100    25.220 r  U_reg/U_core/out_data_reg[11]_i_1/CO[3]
                         net (fo=1, routed)           0.000    25.220    U_reg/U_core/out_data_reg[11]_i_1_n_0
    SLICE_X38Y56         CARRY4 (Prop_carry4_CI_O[3])
                                                      0.262    25.482 r  U_reg/U_core/out_data_reg[15]_i_2/O[3]
                         net (fo=1, routed)           0.000    25.482    U_reg/U_core/conv_value[15]
    SLICE_X38Y56         FDRE                                         r  U_reg/U_core/out_data_reg[15]/D
  -------------------------------------------------------------------    -------------------

                         (clock leakage_crypto_clk rise edge)
                                                     40.000    40.000 r  
    BUFGCTRL_X0Y0        BUFGCTRL                     0.000    40.000 r  U_clocks/CCLK_MUX/O
                         net (fo=1429, routed)        1.269    41.269    U_reg/U_core/crypto_clk
    SLICE_X38Y56         FDRE                                         r  U_reg/U_core/out_data_reg[15]/C
                         clock pessimism              0.066    41.335    
                         clock uncertainty           -0.035    41.299    
    SLICE_X38Y56         FDRE (Setup_fdre_C_D)        0.101    41.400    U_reg/U_core/out_data_reg[15]
  -------------------------------------------------------------------
                         required time                         41.400    
                         arrival time                         -25.483    
  -------------------------------------------------------------------
                         slack                                 15.918    





Min Delay Paths
--------------------------------------------------------------------------------------
Slack (MET) :             0.099ns  (arrival time - required time)
  Source:                 U_reg/U_core/out_addr_reg[0]/C
                            (rising edge-triggered cell FDRE clocked by leakage_crypto_clk  {rise@0.000ns fall@20.000ns period=40.000ns})
  Destination:            U_reg/out_mem_reg_0_63_9_11/RAMA/WADR0
                            (rising edge-triggered cell RAMD64E clocked by leakage_crypto_clk  {rise@0.000ns fall@20.000ns period=40.000ns})
  Path Group:             leakage_crypto_clk
  Path Type:              Hold (Min at Fast Process Corner)
  Requirement:            0.000ns  (leakage_crypto_clk rise@0.000ns - leakage_crypto_clk rise@0.000ns)
  Data Path Delay:        0.425ns  (logic 0.141ns (33.160%)  route 0.284ns (66.840%))
  Logic Levels:           0  
  Clock Path Skew:        0.016ns (DCD - SCD - CPR)
    Destination Clock Delay (DCD):    0.833ns
    Source Clock Delay      (SCD):    0.563ns
    Clock Pessimism Removal (CPR):    0.254ns

    Location             Delay type                Incr(ns)  Path(ns)    Netlist Resource(s)
  -------------------------------------------------------------------    -------------------
                         (clock leakage_crypto_clk rise edge)
                                                      0.000     0.000 r  
    BUFGCTRL_X0Y0        BUFGCTRL                     0.000     0.000 r  U_clocks/CCLK_MUX/O
                         net (fo=1429, routed)        0.563     0.563    U_reg/U_core/crypto_clk
    SLICE_X53Y99         FDRE                                         r  U_reg/U_core/out_addr_reg[0]/C
  -------------------------------------------------------------------    -------------------
    SLICE_X53Y99         FDRE (Prop_fdre_C_Q)         0.141     0.704 r  U_reg/U_core/out_addr_reg[0]/Q
                         net (fo=319, routed)         0.284     0.988    U_reg/out_mem_reg_0_63_9_11/ADDRD0
    SLICE_X54Y99         RAMD64E                                      r  U_reg/out_mem_reg_0_63_9_11/RAMA/WADR0
  -------------------------------------------------------------------    -------------------

                         (clock leakage_crypto_clk rise edge)
                                                      0.000     0.000 r  
    BUFGCTRL_X0Y0        BUFGCTRL                     0.000     0.000 r  U_clocks/CCLK_MUX/O
                         net (fo=1429, routed)        0.833     0.833    U_reg/out_mem_reg_0_63_9_11/WCLK
    SLICE_X54Y99         RAMD64E                                      r  U_reg/out_mem_reg_0_63_9_11/RAMA/CLK
                         clock pessimism             -0.254     0.579    
    SLICE_X54Y99         RAMD64E (Hold_ramd64e_CLK_WADR0)
                                                      0.310     0.889    U_reg/out_mem_reg_0_63_9_11/RAMA
  -------------------------------------------------------------------
                         required time                         -0.889    
                         arrival time                           0.988    
  -------------------------------------------------------------------
                         slack                                  0.099    





Pulse Width Checks
--------------------------------------------------------------------------------------
Clock Name:         leakage_crypto_clk
Waveform(ns):       { 0.000 20.000 }
Period(ns):         40.000
Sources:            { U_clocks/CCLK_MUX/O }

Check Type        Corner  Lib Pin      Reference Pin  Required(ns)  Actual(ns)  Slack(ns)  Location      Pin
Min Period        n/a     ODDR/C       n/a            1.474         40.000      38.526     OLOGIC_X0Y86  U_clocks/CWOUT_ODDR/C
Low Pulse Width   Slow    RAMD64E/CLK  n/a            1.130         20.000      18.870     SLICE_X58Y91  U_reg/out_mem_reg_0_63_0_2/RAMD/CLK
High Pulse Width  Slow    RAMD64E/CLK  n/a            1.130         20.000      18.870     SLICE_X58Y91  U_reg/out_mem_reg_0_63_0_2/RAMD/CLK



---------------------------------------------------------------------------------------------------
From Clock:  pll_clk1
  To Clock:  pll_clk1

Setup :           NA  Failing Endpoints,  Worst Slack           NA  ,  Total Violation           NA
Hold  :           NA  Failing Endpoints,  Worst Slack           NA  ,  Total Violation           NA
PW    :            0  Failing Endpoints,  Worst Slack        8.408ns,  Total Violation        0.000ns
---------------------------------------------------------------------------------------------------


Pulse Width Checks
--------------------------------------------------------------------------------------
Clock Name:         pll_clk1
Waveform(ns):       { 0.000 5.000 }
Period(ns):         10.000
Sources:            { pll_clk1 }

Check Type  Corner  Lib Pin      Reference Pin  Required(ns)  Actual(ns)  Slack(ns)  Location       Pin
Min Period  n/a     BUFGCTRL/I0  n/a            1.592         10.000      8.408      BUFGCTRL_X0Y0  U_clocks/CCLK_MUX/I0



---------------------------------------------------------------------------------------------------
From Clock:  tio_clkin
  To Clock:  tio_clkin

Setup :           NA  Failing Endpoints,  Worst Slack           NA  ,  Total Violation           NA
Hold  :           NA  Failing Endpoints,  Worst Slack           NA  ,  Total Violation           NA
PW    :            0  Failing Endpoints,  Worst Slack        8.408ns,  Total Violation        0.000ns
---------------------------------------------------------------------------------------------------


Pulse Width Checks
--------------------------------------------------------------------------------------
Clock Name:         tio_clkin
Waveform(ns):       { 0.000 5.000 }
Period(ns):         10.000
Sources:            { tio_clkin }

Check Type  Corner  Lib Pin      Reference Pin  Required(ns)  Actual(ns)  Slack(ns)  Location       Pin
Min Period  n/a     BUFGCTRL/I1  n/a            1.592         10.000      8.408      BUFGCTRL_X0Y0  U_clocks/CCLK_MUX/I1



---------------------------------------------------------------------------------------------------
From Clock:  usb_clk
  To Clock:  usb_clk

Setup :            0  Failing Endpoints,  Worst Slack        1.184ns,  Total Violation        0.000ns
Hold  :            0  Failing Endpoints,  Worst Slack        0.091ns,  Total Violation        0.000ns
PW    :            0  Failing Endpoints,  Worst Slack        4.500ns,  Total Violation        0.000ns
---------------------------------------------------------------------------------------------------


Max Delay Paths
--------------------------------------------------------------------------------------
Slack (MET) :             1.184ns  (required time - arrival time)
  Source:                 U_usb_reg_fe/usb_cen_r_reg/C
                            (rising edge-triggered cell FDRE clocked by usb_clk  {rise@0.000ns fall@5.000ns period=10.000ns})
  Destination:            U_reg/image_mem_reg[314][6]/CE
                            (rising edge-triggered cell FDRE clocked by usb_clk  {rise@0.000ns fall@5.000ns period=10.000ns})
  Path Group:             usb_clk
  Path Type:              Setup (Max at Slow Process Corner)
  Requirement:            10.000ns  (usb_clk rise@10.000ns - usb_clk rise@0.000ns)
  Data Path Delay:        8.683ns  (logic 0.748ns (8.614%)  route 7.935ns (91.386%))
  Logic Levels:           3  (LUT2=1 LUT5=1 LUT6=1)
  Clock Path Skew:        0.039ns (DCD - SCD + CPR)
    Destination Clock Delay (DCD):    4.509ns = ( 14.509 - 10.000 ) 
    Source Clock Delay      (SCD):    4.629ns
    Clock Pessimism Removal (CPR):    0.158ns
  Clock Uncertainty:      0.035ns  ((TSJ^2 + TIJ^2)^1/2 + DJ) / 2 + PE
    Total System Jitter     (TSJ):    0.071ns
    Total Input Jitter      (TIJ):    0.000ns
    Discrete Jitter          (DJ):    0.000ns
    Phase Error              (PE):    0.000ns

    Location             Delay type                Incr(ns)  Path(ns)    Netlist Resource(s)
  -------------------------------------------------------------------    -------------------
                         (clock usb_clk rise edge)    0.000     0.000 r  
    F5                                                0.000     0.000 r  usb_clk (IN)
                         net (fo=0)                   0.000     0.000    U_clocks/usb_clk
    F5                   IBUF (Prop_ibuf_I_O)         1.392     1.392 r  U_clocks/clkibuf/O
                         net (fo=1, routed)           1.717     3.109    U_clocks/usb_clk_bufg
    BUFGCTRL_X0Y16       BUFG (Prop_bufg_I_O)         0.081     3.190 r  U_clocks/clkbuf/O
                         net (fo=6515, routed)        1.439     4.629    U_usb_reg_fe/usb_clk_buf
    SLICE_X88Y135        FDRE                                         r  U_usb_reg_fe/usb_cen_r_reg/C
  -------------------------------------------------------------------    -------------------
    SLICE_X88Y135        FDRE (Prop_fdre_C_Q)         0.433     5.062 f  U_usb_reg_fe/usb_cen_r_reg/Q
                         net (fo=1, routed)           0.415     5.478    U_usb_reg_fe/usb_cen_r
    SLICE_X88Y135        LUT2 (Prop_lut2_I0_O)        0.105     5.583 r  U_usb_reg_fe/image_mem[100][7]_i_3/O
                         net (fo=58, routed)          3.776     9.359    U_usb_reg_fe/reg_write
    SLICE_X72Y34         LUT5 (Prop_lut5_I0_O)        0.105     9.464 r  U_usb_reg_fe/image_mem[283][7]_i_2/O
                         net (fo=37, routed)          2.035    11.499    U_usb_reg_fe/image_mem[283][7]_i_2_n_0
    SLICE_X39Y45         LUT6 (Prop_lut6_I0_O)        0.105    11.604 r  U_usb_reg_fe/image_mem[314][7]_i_1/O
                         net (fo=8, routed)           1.708    13.312    U_reg/usb_addr_r_reg[3]_rep__0_9[0]
    SLICE_X2Y31          FDRE                                         r  U_reg/image_mem_reg[314][6]/CE
  -------------------------------------------------------------------    -------------------

                         (clock usb_clk rise edge)   10.000    10.000 r  
    F5                                                0.000    10.000 r  usb_clk (IN)
                         net (fo=0)                   0.000    10.000    U_clocks/usb_clk
    F5                   IBUF (Prop_ibuf_I_O)         1.326    11.326 r  U_clocks/clkibuf/O
                         net (fo=1, routed)           1.628    12.954    U_clocks/usb_clk_bufg
    BUFGCTRL_X0Y16       BUFG (Prop_bufg_I_O)         0.077    13.031 r  U_clocks/clkbuf/O
                         net (fo=6515, routed)        1.478    14.509    U_reg/usb_clk_buf
    SLICE_X2Y31          FDRE                                         r  U_reg/image_mem_reg[314][6]/C
                         clock pessimism              0.158    14.668    
                         clock uncertainty           -0.035    14.632    
    SLICE_X2Y31          FDRE (Setup_fdre_C_CE)      -0.136    14.496    U_reg/image_mem_reg[314][6]
  -------------------------------------------------------------------
                         required time                         14.496    
                         arrival time                         -13.312    
  -------------------------------------------------------------------
                         slack                                  1.184    





Min Delay Paths
--------------------------------------------------------------------------------------
Slack (MET) :             0.091ns  (arrival time - required time)
  Source:                 usb_addr[1]
                            (input port clocked by usb_clk  {rise@0.000ns fall@5.000ns period=10.000ns})
  Destination:            U_usb_reg_fe/usb_addr_r_reg[1]_rep__14/D
                            (rising edge-triggered cell FDRE clocked by usb_clk  {rise@0.000ns fall@5.000ns period=10.000ns})
  Path Group:             usb_clk
  Path Type:              Hold (Min at Slow Process Corner)
  Requirement:            0.000ns  (usb_clk rise@0.000ns - usb_clk rise@0.000ns)
  Data Path Delay:        2.860ns  (logic 1.338ns (46.791%)  route 1.522ns (53.209%))
  Logic Levels:           1  (IBUF=1)
  Input Delay:            2.000ns
  Clock Path Skew:        4.571ns (DCD - SCD - CPR)
    Destination Clock Delay (DCD):    4.571ns
    Source Clock Delay      (SCD):    0.000ns
    Clock Pessimism Removal (CPR):    -0.000ns
  Clock Uncertainty:      0.035ns  ((TSJ^2 + TIJ^2)^1/2 + DJ) / 2 + PE
    Total System Jitter     (TSJ):    0.071ns
    Total Input Jitter      (TIJ):    0.000ns
    Discrete Jitter          (DJ):    0.000ns
    Phase Error              (PE):    0.000ns

    Location             Delay type                Incr(ns)  Path(ns)    Netlist Resource(s)
  -------------------------------------------------------------------    -------------------
                         (clock usb_clk rise edge)    0.000     0.000 r  
                         input delay                  2.000     2.000    
    G5                                                0.000     2.000 r  usb_addr[1] (IN)
                         net (fo=0)                   0.000     2.000    usb_addr[1]
    G5                   IBUF (Prop_ibuf_I_O)         1.338     3.338 r  usb_addr_IBUF[1]_inst/O
                         net (fo=17, routed)          1.522     4.860    U_usb_reg_fe/usb_addr[20][1]
    SLICE_X69Y97         FDRE                                         r  U_usb_reg_fe/usb_addr_r_reg[1]_rep__14/D
  -------------------------------------------------------------------    -------------------

                         (clock usb_clk rise edge)    0.000     0.000 r  
    F5                                                0.000     0.000 r  usb_clk (IN)
                         net (fo=0)                   0.000     0.000    U_clocks/usb_clk
    F5                   IBUF (Prop_ibuf_I_O)         1.392     1.392 r  U_clocks/clkibuf/O
                         net (fo=1, routed)           1.717     3.109    U_clocks/usb_clk_bufg
    BUFGCTRL_X0Y16       BUFG (Prop_bufg_I_O)         0.081     3.190 r  U_clocks/clkbuf/O
                         net (fo=6515, routed)        1.381     4.571    U_usb_reg_fe/usb_clk_buf
    SLICE_X69Y97         FDRE                                         r  U_usb_reg_fe/usb_addr_r_reg[1]_rep__14/C
                         clock pessimism              0.000     4.571    
                         clock uncertainty            0.035     4.606    
    SLICE_X69Y97         FDRE (Hold_fdre_C_D)         0.163     4.769    U_usb_reg_fe/usb_addr_r_reg[1]_rep__14
  -------------------------------------------------------------------
                         required time                         -4.769    
                         arrival time                           4.860    
  -------------------------------------------------------------------
                         slack                                  0.091    





Pulse Width Checks
--------------------------------------------------------------------------------------
Clock Name:         usb_clk
Waveform(ns):       { 0.000 5.000 }
Period(ns):         10.000
Sources:            { usb_clk }

Check Type        Corner  Lib Pin  Reference Pin  Required(ns)  Actual(ns)  Slack(ns)  Location        Pin
Min Period        n/a     BUFG/I   n/a            1.592         10.000      8.408      BUFGCTRL_X0Y16  U_clocks/clkbuf/I
Low Pulse Width   Slow    FDRE/C   n/a            0.500         5.000       4.500      SLICE_X80Y36    U_reg/image_mem_reg[480][0]/C
High Pulse Width  Fast    FDRE/C   n/a            0.500         5.000       4.500      SLICE_X30Y96    U_reg/image_mem_reg[155][1]/C



---------------------------------------------------------------------------------------------------
Path Group:  **async_default**
From Clock:  usb_clk
  To Clock:  usb_clk

Setup :            0  Failing Endpoints,  Worst Slack        7.715ns,  Total Violation        0.000ns
Hold  :            0  Failing Endpoints,  Worst Slack        0.886ns,  Total Violation        0.000ns
---------------------------------------------------------------------------------------------------


Max Delay Paths
--------------------------------------------------------------------------------------
Slack (MET) :             7.715ns  (required time - arrival time)
  Source:                 pushbutton
                            (input port clocked by usb_clk  {rise@0.000ns fall@5.000ns period=10.000ns})
  Destination:            U_reg/U_go/src_tog_reg/CLR
                            (recovery check against rising-edge clock usb_clk  {rise@0.000ns fall@5.000ns period=10.000ns})
  Path Group:             **async_default**
  Path Type:              Recovery (Max at Slow Process Corner)
  Requirement:            10.000ns  (usb_clk rise@10.000ns - usb_clk rise@0.000ns)
  Data Path Delay:        5.789ns  (logic 1.537ns (26.553%)  route 4.252ns (73.447%))
  Logic Levels:           2  (IBUF=1 LUT1=1)
  Input Delay:            0.500ns
  Clock Path Skew:        4.297ns (DCD - SCD + CPR)
    Destination Clock Delay (DCD):    4.297ns = ( 14.297 - 10.000 ) 
    Source Clock Delay      (SCD):    0.000ns
    Clock Pessimism Removal (CPR):    0.000ns
  Clock Uncertainty:      0.035ns  ((TSJ^2 + TIJ^2)^1/2 + DJ) / 2 + PE
    Total System Jitter     (TSJ):    0.071ns
    Total Input Jitter      (TIJ):    0.000ns
    Discrete Jitter          (DJ):    0.000ns
    Phase Error              (PE):    0.000ns

    Location             Delay type                Incr(ns)  Path(ns)    Netlist Resource(s)
  -------------------------------------------------------------------    -------------------
                         (clock usb_clk rise edge)    0.000     0.000 r  
                         input delay                  0.500     0.500    
    R1                                                0.000     0.500 r  pushbutton (IN)
                         net (fo=0)                   0.000     0.500    pushbutton
    R1                   IBUF (Prop_ibuf_I_O)         1.432     1.932 r  pushbutton_IBUF_inst/O
                         net (fo=61, routed)          2.928     4.860    U_reg/U_core/pushbutton_IBUF
    SLICE_X66Y98         LUT1 (Prop_lut1_I0_O)        0.105     4.965 f  U_reg/U_core/go_count_usb[7]_i_1/O
                         net (fo=103, routed)         1.324     6.289    U_reg/U_go/SR[0]
    SLICE_X66Y99         FDCE                                         f  U_reg/U_go/src_tog_reg/CLR
  -------------------------------------------------------------------    -------------------

                         (clock usb_clk rise edge)   10.000    10.000 r  
    F5                                                0.000    10.000 r  usb_clk (IN)
                         net (fo=0)                   0.000    10.000    U_clocks/usb_clk
    F5                   IBUF (Prop_ibuf_I_O)         1.326    11.326 r  U_clocks/clkibuf/O
                         net (fo=1, routed)           1.628    12.954    U_clocks/usb_clk_bufg
    BUFGCTRL_X0Y16       BUFG (Prop_bufg_I_O)         0.077    13.031 r  U_clocks/clkbuf/O
                         net (fo=6515, routed)        1.266    14.297    U_reg/U_go/usb_clk_buf
    SLICE_X66Y99         FDCE                                         r  U_reg/U_go/src_tog_reg/C
                         clock pessimism              0.000    14.297    
                         clock uncertainty           -0.035    14.262    
    SLICE_X66Y99         FDCE (Recov_fdce_C_CLR)     -0.258    14.004    U_reg/U_go/src_tog_reg
  -------------------------------------------------------------------
                         required time                         14.004    
                         arrival time                          -6.289    
  -------------------------------------------------------------------
                         slack                                  7.715    





Min Delay Paths
--------------------------------------------------------------------------------------
Slack (MET) :             0.886ns  (arrival time - required time)
  Source:                 pushbutton
                            (input port clocked by usb_clk  {rise@0.000ns fall@5.000ns period=10.000ns})
  Destination:            U_reg/U_go/src_tog_reg/CLR
                            (removal check against rising-edge clock usb_clk  {rise@0.000ns fall@5.000ns period=10.000ns})
  Path Group:             **async_default**
  Path Type:              Removal (Min at Fast Process Corner)
  Requirement:            0.000ns  (usb_clk rise@0.000ns - usb_clk rise@0.000ns)
  Data Path Delay:        2.339ns  (logic 0.314ns (13.410%)  route 2.026ns (86.590%))
  Logic Levels:           2  (IBUF=1 LUT1=1)
  Input Delay:            0.500ns
  Clock Path Skew:        1.985ns (DCD - SCD - CPR)
    Destination Clock Delay (DCD):    1.985ns
    Source Clock Delay      (SCD):    0.000ns
    Clock Pessimism Removal (CPR):    -0.000ns
  Clock Uncertainty:      0.035ns  ((TSJ^2 + TIJ^2)^1/2 + DJ) / 2 + PE
    Total System Jitter     (TSJ):    0.071ns
    Total Input Jitter      (TIJ):    0.000ns
    Discrete Jitter          (DJ):    0.000ns
    Phase Error              (PE):    0.000ns

    Location             Delay type                Incr(ns)  Path(ns)    Netlist Resource(s)
  -------------------------------------------------------------------    -------------------
                         (clock usb_clk rise edge)    0.000     0.000 r  
                         input delay                  0.500     0.500    
    R1                                                0.000     0.500 r  pushbutton (IN)
                         net (fo=0)                   0.000     0.500    pushbutton
    R1                   IBUF (Prop_ibuf_I_O)         0.269     0.769 r  pushbutton_IBUF_inst/O
                         net (fo=61, routed)          1.389     2.158    U_reg/U_core/pushbutton_IBUF
    SLICE_X66Y98         LUT1 (Prop_lut1_I0_O)        0.045     2.203 f  U_reg/U_core/go_count_usb[7]_i_1/O
                         net (fo=103, routed)         0.637     2.839    U_reg/U_go/SR[0]
    SLICE_X66Y99         FDCE                                         f  U_reg/U_go/src_tog_reg/CLR
  -------------------------------------------------------------------    -------------------

                         (clock usb_clk rise edge)    0.000     0.000 r  
    F5                                                0.000     0.000 r  usb_clk (IN)
                         net (fo=0)                   0.000     0.000    U_clocks/usb_clk
    F5                   IBUF (Prop_ibuf_I_O)         0.417     0.417 r  U_clocks/clkibuf/O
                         net (fo=1, routed)           0.699     1.115    U_clocks/usb_clk_bufg
    BUFGCTRL_X0Y16       BUFG (Prop_bufg_I_O)         0.029     1.144 r  U_clocks/clkbuf/O
                         net (fo=6515, routed)        0.841     1.985    U_reg/U_go/usb_clk_buf
    SLICE_X66Y99         FDCE                                         r  U_reg/U_go/src_tog_reg/C
                         clock pessimism              0.000     1.985    
                         clock uncertainty            0.035     2.020    
    SLICE_X66Y99         FDCE (Remov_fdce_C_CLR)     -0.067     1.953    U_reg/U_go/src_tog_reg
  -------------------------------------------------------------------
                         required time                         -1.953    
                         arrival time                           2.839    
  -------------------------------------------------------------------
                         slack                                  0.886    





