Copyright 1986-2016 Xilinx, Inc. All Rights Reserved.
------------------------------------------------------------------------------------
| Tool Version : Vivado v.2016.4 (win64) Build 1756540 Mon Jan 23 19:11:23 MST 2017
| Date         : Sun Sep 06 13:43:14 2026
| Host         : kaz4n running 64-bit major release  (build 9200)
| Command      : report_timing_summary -file leakage_grey_d8_l3_timing.rpt
| Design       : cw305_leakage_grey_top
| Device       : 7a100t-ftg256
| Speed File   : -2  PRODUCTION 1.16 2016-11-09
------------------------------------------------------------------------------------

Timing Summary Report

------------------------------------------------------------------------------------------------
| Timer Settings
| --------------
------------------------------------------------------------------------------------------------

  Enable Multi Corner Analysis               :  Yes
  Enable Pessimism Removal                   :  Yes
  Pessimism Removal Resolution               :  Nearest Common Node
  Enable Input Delay Default Clock           :  No
  Enable Preset / Clear Arcs                 :  No
  Disable Flight Delays                      :  No
  Ignore I/O Paths                           :  No
  Timing Early Launch at Borrowing Latches   :  false

  Corner  Analyze    Analyze    
  Name    Max Paths  Min Paths  
  ------  ---------  ---------  
  Slow    Yes        Yes        
  Fast    Yes        Yes        



check_timing report

Table of Contents
-----------------
1. checking no_clock
2. checking constant_clock
3. checking pulse_width_clock
4. checking unconstrained_internal_endpoints
5. checking no_input_delay
6. checking no_output_delay
7. checking multiple_clock
8. checking generated_clocks
9. checking loops
10. checking partial_input_delay
11. checking partial_output_delay
12. checking latch_loops

1. checking no_clock
--------------------
 There are 0 register/latch pins with no clock.


2. checking constant_clock
--------------------------
 There are 0 register/latch pins with constant_clock.


3. checking pulse_width_clock
-----------------------------
 There are 0 register/latch pins which need pulse_width check


4. checking unconstrained_internal_endpoints
--------------------------------------------
 There are 0 pins that are not constrained for maximum delay.

 There are 0 pins that are not constrained for maximum delay due to constant clock.


5. checking no_input_delay
--------------------------
 There are 0 input ports with no input delay specified.

 There are 0 input ports with no input delay but user has a false path constraint.


6. checking no_output_delay
---------------------------
 There are 0 ports with no output delay specified.

 There are 0 ports with no output delay but user has a false path constraint

 There are 0 ports with no output delay but with a timing clock defined on it or propagating through it


7. checking multiple_clock
--------------------------
 There are 0 register/latch pins with multiple clocks.


8. checking generated_clocks
----------------------------
 There are 0 generated clocks that are not connected to a clock source.


9. checking loops
-----------------
 There are 0 combinational loops in the design.


10. checking partial_input_delay
--------------------------------
 There are 0 input ports with partial input delay specified.


11. checking partial_output_delay
---------------------------------
 There are 0 ports with partial output delay specified.


12. checking latch_loops
------------------------
 There are 0 combinational latch loops in the design through latch input



------------------------------------------------------------------------------------------------
| Design Timing Summary
| ---------------------
------------------------------------------------------------------------------------------------

    WNS(ns)      TNS(ns)  TNS Failing Endpoints  TNS Total Endpoints      WHS(ns)      THS(ns)  THS Failing Endpoints  THS Total Endpoints     WPWS(ns)     TPWS(ns)  TPWS Failing Endpoints  TPWS Total Endpoints  
    -------      -------  ---------------------  -------------------      -------      -------  ---------------------  -------------------     --------     --------  ----------------------  --------------------  
      1.136        0.000                      0                15295        0.068        0.000                      0                15295        4.500        0.000                       0                  7084  


All user specified timing constraints are met.


------------------------------------------------------------------------------------------------
| Clock Summary
| -------------
------------------------------------------------------------------------------------------------

Clock               Waveform(ns)       Period(ns)      Frequency(MHz)
-----               ------------       ----------      --------------
leakage_crypto_clk  {0.000 20.000}     40.000          25.000          
pll_clk1            {0.000 5.000}      10.000          100.000         
tio_clkin           {0.000 5.000}      10.000          100.000         
usb_clk             {0.000 5.000}      10.000          100.000         


------------------------------------------------------------------------------------------------
| Intra Clock Table
| -----------------
------------------------------------------------------------------------------------------------

Clock                   WNS(ns)      TNS(ns)  TNS Failing Endpoints  TNS Total Endpoints      WHS(ns)      THS(ns)  THS Failing Endpoints  THS Total Endpoints     WPWS(ns)     TPWS(ns)  TPWS Failing Endpoints  TPWS Total Endpoints  
-----                   -------      -------  ---------------------  -------------------      -------      -------  ---------------------  -------------------     --------     --------  ----------------------  --------------------  
leakage_crypto_clk       16.593        0.000                      0                 2507        0.082        0.000                      0                 2507       18.870        0.000                       0                   565  
pll_clk1                                                                                                                                                              8.408        0.000                       0                     1  
tio_clkin                                                                                                                                                             8.408        0.000                       0                     1  
usb_clk                   1.136        0.000                      0                12787        0.068        0.000                      0                12787        4.500        0.000                       0                  6517  


------------------------------------------------------------------------------------------------
| Inter Clock Table
| -----------------
------------------------------------------------------------------------------------------------

From Clock    To Clock          WNS(ns)      TNS(ns)  TNS Failing Endpoints  TNS Total Endpoints      WHS(ns)      THS(ns)  THS Failing Endpoints  THS Total Endpoints  
----------    --------          -------      -------  ---------------------  -------------------      -------      -------  ---------------------  -------------------  


------------------------------------------------------------------------------------------------
| Other Path Groups Table
| -----------------------
------------------------------------------------------------------------------------------------

Path Group         From Clock         To Clock               WNS(ns)      TNS(ns)  TNS Failing Endpoints  TNS Total Endpoints      WHS(ns)      THS(ns)  THS Failing Endpoints  THS Total Endpoints  
----------         ----------         --------               -------      -------  ---------------------  -------------------      -------      -------  ---------------------  -------------------  
**async_default**  usb_clk            usb_clk                  6.928        0.000                      0                    1        1.293        0.000                      0                    1  


------------------------------------------------------------------------------------------------
| Timing Details
| --------------
------------------------------------------------------------------------------------------------


---------------------------------------------------------------------------------------------------
From Clock:  leakage_crypto_clk
  To Clock:  leakage_crypto_clk

Setup :            0  Failing Endpoints,  Worst Slack       16.593ns,  Total Violation        0.000ns
Hold  :            0  Failing Endpoints,  Worst Slack        0.082ns,  Total Violation        0.000ns
PW    :            0  Failing Endpoints,  Worst Slack       18.870ns,  Total Violation        0.000ns
---------------------------------------------------------------------------------------------------


Max Delay Paths
--------------------------------------------------------------------------------------
Slack (MET) :             16.593ns  (required time - arrival time)
  Source:                 U_reg/U_core/col_reg[3]/C
                            (rising edge-triggered cell FDRE clocked by leakage_crypto_clk  {rise@0.000ns fall@20.000ns period=40.000ns})
  Destination:            U_reg/U_core/out_data_reg[15]/D
                            (rising edge-triggered cell FDRE clocked by leakage_crypto_clk  {rise@0.000ns fall@20.000ns period=40.000ns})
  Path Group:             leakage_crypto_clk
  Path Type:              Setup (Max at Slow Process Corner)
  Requirement:            40.000ns  (leakage_crypto_clk rise@40.000ns - leakage_crypto_clk rise@0.000ns)
  Data Path Delay:        23.451ns  (logic 3.492ns (14.891%)  route 19.959ns (85.109%))
  Logic Levels:           15  (CARRY4=5 LUT3=3 LUT5=2 LUT6=3 MUXF7=1 MUXF8=1)
  Clock Path Skew:        -0.022ns (DCD - SCD + CPR)
    Destination Clock Delay (DCD):    1.258ns = ( 41.258 - 40.000 ) 
    Source Clock Delay      (SCD):    1.363ns
    Clock Pessimism Removal (CPR):    0.083ns
  Clock Uncertainty:      0.035ns  ((TSJ^2 + TIJ^2)^1/2 + DJ) / 2 + PE
    Total System Jitter     (TSJ):    0.071ns
    Total Input Jitter      (TIJ):    0.000ns
    Discrete Jitter          (DJ):    0.000ns
    Phase Error              (PE):    0.000ns

    Location             Delay type                Incr(ns)  Path(ns)    Netlist Resource(s)
  -------------------------------------------------------------------    -------------------
                         (clock leakage_crypto_clk rise edge)
                                                      0.000     0.000 r  
    BUFGCTRL_X0Y0        BUFGCTRL                     0.000     0.000 r  U_clocks/CCLK_MUX/O
                         net (fo=565, routed)         1.363     1.363    U_reg/U_core/crypto_clk
    SLICE_X68Y71         FDRE                                         r  U_reg/U_core/col_reg[3]/C
  -------------------------------------------------------------------    -------------------
    SLICE_X68Y71         FDRE (Prop_fdre_C_Q)         0.348     1.711 r  U_reg/U_core/col_reg[3]/Q
                         net (fo=6, routed)           0.866     2.576    U_reg/U_core/col[3]
    SLICE_X69Y71         LUT3 (Prop_lut3_I2_O)        0.239     2.815 r  U_reg/U_core/g_amp.leak_bank[199]_i_38/O
                         net (fo=1, routed)           0.000     2.815    U_reg/U_core/g_amp.leak_bank[199]_i_38_n_0
    SLICE_X69Y71         CARRY4 (Prop_carry4_S[2]_O[2])
                                                      0.207     3.022 r  U_reg/U_core/g_amp.leak_bank_reg[199]_i_16/O[2]
                         net (fo=928, routed)         4.851     7.874    U_reg/U_core/win_base[3]
    SLICE_X14Y73         LUT5 (Prop_lut5_I2_O)        0.253     8.127 r  U_reg/U_core/g_amp.leak_bank[183]_i_33/O
                         net (fo=192, routed)         8.175    16.302    U_reg/U_core/g_amp.leak_bank[183]_i_33_n_0
    SLICE_X76Y45         LUT6 (Prop_lut6_I2_O)        0.105    16.407 r  U_reg/U_core/g_amp.leak_bank[176]_i_54/O
                         net (fo=1, routed)           1.262    17.669    U_reg/U_core/g_amp.leak_bank[176]_i_54_n_0
    SLICE_X56Y42         LUT6 (Prop_lut6_I3_O)        0.105    17.774 r  U_reg/U_core/g_amp.leak_bank[176]_i_23/O
                         net (fo=1, routed)           0.000    17.774    U_reg/U_core/g_amp.leak_bank[176]_i_23_n_0
    SLICE_X56Y42         MUXF7 (Prop_muxf7_I1_O)      0.178    17.952 r  U_reg/U_core/g_amp.leak_bank_reg[176]_i_11/O
                         net (fo=1, routed)           0.000    17.952    U_reg/U_core/g_amp.leak_bank_reg[176]_i_11_n_0
    SLICE_X56Y42         MUXF8 (Prop_muxf8_I1_O)      0.074    18.026 r  U_reg/U_core/g_amp.leak_bank_reg[176]_i_4/O
                         net (fo=1, routed)           1.350    19.376    U_reg/U_core/g_amp.leak_bank_reg[176]_i_4_n_0
    SLICE_X59Y65         LUT6 (Prop_lut6_I4_O)        0.259    19.635 r  U_reg/U_core/g_amp.leak_bank[176]_i_1/O
                         net (fo=6, routed)           0.952    20.587    U_reg/U_core/match_bytes[32]
    SLICE_X71Y66         LUT3 (Prop_lut3_I2_O)        0.105    20.692 r  U_reg/U_core/out_data[7]_i_30/O
                         net (fo=1, routed)           0.429    21.121    U_reg/U_core/out_data[7]_i_30_n_0
    SLICE_X69Y66         CARRY4 (Prop_carry4_DI[1]_O[2])
                                                      0.442    21.563 r  U_reg/U_core/out_data_reg[7]_i_12/O[2]
                         net (fo=4, routed)           0.908    22.471    U_reg/U_core/out_data_reg[7]_i_12_n_5
    SLICE_X69Y69         LUT3 (Prop_lut3_I0_O)        0.253    22.724 r  U_reg/U_core/out_data[7]_i_13/O
                         net (fo=3, routed)           0.911    23.635    U_reg/U_core/out_data[7]_i_13_n_0
    SLICE_X71Y66         LUT5 (Prop_lut5_I3_O)        0.105    23.740 r  U_reg/U_core/out_data[7]_i_5/O
                         net (fo=1, routed)           0.255    23.995    U_reg/U_core/out_data[7]_i_5_n_0
    SLICE_X70Y67         CARRY4 (Prop_carry4_DI[0]_CO[3])
                                                      0.457    24.452 r  U_reg/U_core/out_data_reg[7]_i_1/CO[3]
                         net (fo=1, routed)           0.000    24.452    U_reg/U_core/out_data_reg[7]_i_1_n_0
    SLICE_X70Y68         CARRY4 (Prop_carry4_CI_CO[3])
                                                      0.100    24.552 r  U_reg/U_core/out_data_reg[11]_i_1/CO[3]
                         net (fo=1, routed)           0.000    24.552    U_reg/U_core/out_data_reg[11]_i_1_n_0
    SLICE_X70Y69         CARRY4 (Prop_carry4_CI_O[3])
                                                      0.262    24.814 r  U_reg/U_core/out_data_reg[15]_i_2/O[3]
                         net (fo=1, routed)           0.000    24.814    U_reg/U_core/conv_value[15]
    SLICE_X70Y69         FDRE                                         r  U_reg/U_core/out_data_reg[15]/D
  -------------------------------------------------------------------    -------------------

                         (clock leakage_crypto_clk rise edge)
                                                     40.000    40.000 r  
    BUFGCTRL_X0Y0        BUFGCTRL                     0.000    40.000 r  U_clocks/CCLK_MUX/O
                         net (fo=565, routed)         1.258    41.258    U_reg/U_core/crypto_clk
    SLICE_X70Y69         FDRE                                         r  U_reg/U_core/out_data_reg[15]/C
                         clock pessimism              0.083    41.341    
                         clock uncertainty           -0.035    41.305    
    SLICE_X70Y69         FDRE (Setup_fdre_C_D)        0.101    41.406    U_reg/U_core/out_data_reg[15]
  -------------------------------------------------------------------
                         required time                         41.406    
                         arrival time                         -24.814    
  -------------------------------------------------------------------
                         slack                                 16.593    





Min Delay Paths
--------------------------------------------------------------------------------------
Slack (MET) :             0.082ns  (arrival time - required time)
  Source:                 U_reg/U_core/out_addr_reg[5]/C
                            (rising edge-triggered cell FDRE clocked by leakage_crypto_clk  {rise@0.000ns fall@20.000ns period=40.000ns})
  Destination:            U_reg/out_mem_reg_640_703_9_11/RAMA/WADR5
                            (rising edge-triggered cell RAMD64E clocked by leakage_crypto_clk  {rise@0.000ns fall@20.000ns period=40.000ns})
  Path Group:             leakage_crypto_clk
  Path Type:              Hold (Min at Fast Process Corner)
  Requirement:            0.000ns  (leakage_crypto_clk rise@0.000ns - leakage_crypto_clk rise@0.000ns)
  Data Path Delay:        0.268ns  (logic 0.141ns (52.696%)  route 0.127ns (47.304%))
  Logic Levels:           0  
  Clock Path Skew:        0.016ns (DCD - SCD - CPR)
    Destination Clock Delay (DCD):    0.836ns
    Source Clock Delay      (SCD):    0.564ns
    Clock Pessimism Removal (CPR):    0.256ns

    Location             Delay type                Incr(ns)  Path(ns)    Netlist Resource(s)
  -------------------------------------------------------------------    -------------------
                         (clock leakage_crypto_clk rise edge)
                                                      0.000     0.000 r  
    BUFGCTRL_X0Y0        BUFGCTRL                     0.000     0.000 r  U_clocks/CCLK_MUX/O
                         net (fo=565, routed)         0.564     0.564    U_reg/U_core/crypto_clk
    SLICE_X68Y103        FDRE                                         r  U_reg/U_core/out_addr_reg[5]/C
  -------------------------------------------------------------------    -------------------
    SLICE_X68Y103        FDRE (Prop_fdre_C_Q)         0.141     0.705 r  U_reg/U_core/out_addr_reg[5]/Q
                         net (fo=313, routed)         0.127     0.831    U_reg/out_mem_reg_640_703_9_11/ADDRD5
    SLICE_X70Y103        RAMD64E                                      r  U_reg/out_mem_reg_640_703_9_11/RAMA/WADR5
  -------------------------------------------------------------------    -------------------

                         (clock leakage_crypto_clk rise edge)
                                                      0.000     0.000 r  
    BUFGCTRL_X0Y0        BUFGCTRL                     0.000     0.000 r  U_clocks/CCLK_MUX/O
                         net (fo=565, routed)         0.836     0.836    U_reg/out_mem_reg_640_703_9_11/WCLK
    SLICE_X70Y103        RAMD64E                                      r  U_reg/out_mem_reg_640_703_9_11/RAMA/CLK
                         clock pessimism             -0.256     0.580    
    SLICE_X70Y103        RAMD64E (Hold_ramd64e_CLK_WADR5)
                                                      0.170     0.750    U_reg/out_mem_reg_640_703_9_11/RAMA
  -------------------------------------------------------------------
                         required time                         -0.750    
                         arrival time                           0.831    
  -------------------------------------------------------------------
                         slack                                  0.082    





Pulse Width Checks
--------------------------------------------------------------------------------------
Clock Name:         leakage_crypto_clk
Waveform(ns):       { 0.000 20.000 }
Period(ns):         40.000
Sources:            { U_clocks/CCLK_MUX/O }

Check Type        Corner  Lib Pin      Reference Pin  Required(ns)  Actual(ns)  Slack(ns)  Location       Pin
Min Period        n/a     ODDR/C       n/a            1.474         40.000      38.526     OLOGIC_X0Y86   U_clocks/CWOUT_ODDR/C
Low Pulse Width   Slow    RAMD64E/CLK  n/a            1.130         20.000      18.870     SLICE_X58Y105  U_reg/out_mem_reg_256_319_12_14/RAMD/CLK
High Pulse Width  Slow    RAMD64E/CLK  n/a            1.130         20.000      18.870     SLICE_X58Y99   U_reg/out_mem_reg_128_191_9_11/RAMB/CLK



---------------------------------------------------------------------------------------------------
From Clock:  pll_clk1
  To Clock:  pll_clk1

Setup :           NA  Failing Endpoints,  Worst Slack           NA  ,  Total Violation           NA
Hold  :           NA  Failing Endpoints,  Worst Slack           NA  ,  Total Violation           NA
PW    :            0  Failing Endpoints,  Worst Slack        8.408ns,  Total Violation        0.000ns
---------------------------------------------------------------------------------------------------


Pulse Width Checks
--------------------------------------------------------------------------------------
Clock Name:         pll_clk1
Waveform(ns):       { 0.000 5.000 }
Period(ns):         10.000
Sources:            { pll_clk1 }

Check Type  Corner  Lib Pin      Reference Pin  Required(ns)  Actual(ns)  Slack(ns)  Location       Pin
Min Period  n/a     BUFGCTRL/I0  n/a            1.592         10.000      8.408      BUFGCTRL_X0Y0  U_clocks/CCLK_MUX/I0



---------------------------------------------------------------------------------------------------
From Clock:  tio_clkin
  To Clock:  tio_clkin

Setup :           NA  Failing Endpoints,  Worst Slack           NA  ,  Total Violation           NA
Hold  :           NA  Failing Endpoints,  Worst Slack           NA  ,  Total Violation           NA
PW    :            0  Failing Endpoints,  Worst Slack        8.408ns,  Total Violation        0.000ns
---------------------------------------------------------------------------------------------------


Pulse Width Checks
--------------------------------------------------------------------------------------
Clock Name:         tio_clkin
Waveform(ns):       { 0.000 5.000 }
Period(ns):         10.000
Sources:            { tio_clkin }

Check Type  Corner  Lib Pin      Reference Pin  Required(ns)  Actual(ns)  Slack(ns)  Location       Pin
Min Period  n/a     BUFGCTRL/I1  n/a            1.592         10.000      8.408      BUFGCTRL_X0Y0  U_clocks/CCLK_MUX/I1



---------------------------------------------------------------------------------------------------
From Clock:  usb_clk
  To Clock:  usb_clk

Setup :            0  Failing Endpoints,  Worst Slack        1.136ns,  Total Violation        0.000ns
Hold  :            0  Failing Endpoints,  Worst Slack        0.068ns,  Total Violation        0.000ns
PW    :            0  Failing Endpoints,  Worst Slack        4.500ns,  Total Violation        0.000ns
---------------------------------------------------------------------------------------------------


Max Delay Paths
--------------------------------------------------------------------------------------
Slack (MET) :             1.136ns  (required time - arrival time)
  Source:                 U_usb_reg_fe/usb_addr_r_reg[0]/C
                            (rising edge-triggered cell FDRE clocked by usb_clk  {rise@0.000ns fall@5.000ns period=10.000ns})
  Destination:            U_reg/read_data_reg[7]/D
                            (rising edge-triggered cell FDRE clocked by usb_clk  {rise@0.000ns fall@5.000ns period=10.000ns})
  Path Group:             usb_clk
  Path Type:              Setup (Max at Slow Process Corner)
  Requirement:            10.000ns  (usb_clk rise@10.000ns - usb_clk rise@0.000ns)
  Data Path Delay:        8.838ns  (logic 1.625ns (18.387%)  route 7.213ns (81.613%))
  Logic Levels:           8  (LUT6=4 MUXF7=2 MUXF8=2)
  Clock Path Skew:        -0.023ns (DCD - SCD + CPR)
    Destination Clock Delay (DCD):    4.365ns = ( 14.365 - 10.000 ) 
    Source Clock Delay      (SCD):    4.546ns
    Clock Pessimism Removal (CPR):    0.158ns
  Clock Uncertainty:      0.035ns  ((TSJ^2 + TIJ^2)^1/2 + DJ) / 2 + PE
    Total System Jitter     (TSJ):    0.071ns
    Total Input Jitter      (TIJ):    0.000ns
    Discrete Jitter          (DJ):    0.000ns
    Phase Error              (PE):    0.000ns

    Location             Delay type                Incr(ns)  Path(ns)    Netlist Resource(s)
  -------------------------------------------------------------------    -------------------
                         (clock usb_clk rise edge)    0.000     0.000 r  
    F5                                                0.000     0.000 r  usb_clk (IN)
                         net (fo=0)                   0.000     0.000    U_clocks/usb_clk
    F5                   IBUF (Prop_ibuf_I_O)         1.392     1.392 r  U_clocks/clkibuf/O
                         net (fo=1, routed)           1.717     3.109    U_clocks/usb_clk_bufg
    BUFGCTRL_X0Y16       BUFG (Prop_bufg_I_O)         0.081     3.190 r  U_clocks/clkbuf/O
                         net (fo=6516, routed)        1.356     4.546    U_usb_reg_fe/usb_clk_buf
    SLICE_X61Y105        FDRE                                         r  U_usb_reg_fe/usb_addr_r_reg[0]/C
  -------------------------------------------------------------------    -------------------
    SLICE_X61Y105        FDRE (Prop_fdre_C_Q)         0.379     4.925 r  U_usb_reg_fe/usb_addr_r_reg[0]/Q
                         net (fo=1931, routed)        3.581     8.507    U_reg/Q[0]
    SLICE_X14Y24         LUT6 (Prop_lut6_I4_O)        0.105     8.612 r  U_reg/read_data[7]_i_389/O
                         net (fo=1, routed)           0.000     8.612    U_reg/read_data[7]_i_389_n_0
    SLICE_X14Y24         MUXF7 (Prop_muxf7_I1_O)      0.178     8.790 r  U_reg/read_data_reg[7]_i_197/O
                         net (fo=1, routed)           0.000     8.790    U_reg/read_data_reg[7]_i_197_n_0
    SLICE_X14Y24         MUXF8 (Prop_muxf8_I1_O)      0.074     8.864 r  U_reg/read_data_reg[7]_i_101/O
                         net (fo=1, routed)           1.035     9.898    U_reg/read_data_reg[7]_i_101_n_0
    SLICE_X23Y38         LUT6 (Prop_lut6_I5_O)        0.259    10.157 r  U_reg/read_data[7]_i_49/O
                         net (fo=1, routed)           0.000    10.157    U_reg/read_data[7]_i_49_n_0
    SLICE_X23Y38         MUXF7 (Prop_muxf7_I1_O)      0.182    10.339 r  U_reg/read_data_reg[7]_i_27/O
                         net (fo=1, routed)           0.000    10.339    U_reg/read_data_reg[7]_i_27_n_0
    SLICE_X23Y38         MUXF8 (Prop_muxf8_I1_O)      0.079    10.418 r  U_reg/read_data_reg[7]_i_15/O
                         net (fo=1, routed)           1.615    12.033    U_reg/read_data_reg[7]_i_15_n_0
    SLICE_X65Y67         LUT6 (Prop_lut6_I5_O)        0.264    12.297 r  U_reg/read_data[7]_i_7/O
                         net (fo=1, routed)           0.982    13.279    U_reg/read_data[7]_i_7_n_0
    SLICE_X73Y86         LUT6 (Prop_lut6_I2_O)        0.105    13.384 r  U_reg/read_data[7]_i_2/O
                         net (fo=1, routed)           0.000    13.384    U_reg/read_data2_out[7]
    SLICE_X73Y86         FDRE                                         r  U_reg/read_data_reg[7]/D
  -------------------------------------------------------------------    -------------------

                         (clock usb_clk rise edge)   10.000    10.000 r  
    F5                                                0.000    10.000 r  usb_clk (IN)
                         net (fo=0)                   0.000    10.000    U_clocks/usb_clk
    F5                   IBUF (Prop_ibuf_I_O)         1.326    11.326 r  U_clocks/clkibuf/O
                         net (fo=1, routed)           1.628    12.954    U_clocks/usb_clk_bufg
    BUFGCTRL_X0Y16       BUFG (Prop_bufg_I_O)         0.077    13.031 r  U_clocks/clkbuf/O
                         net (fo=6516, routed)        1.334    14.365    U_reg/usb_clk_buf
    SLICE_X73Y86         FDRE                                         r  U_reg/read_data_reg[7]/C
                         clock pessimism              0.158    14.524    
                         clock uncertainty           -0.035    14.488    
    SLICE_X73Y86         FDRE (Setup_fdre_C_D)        0.032    14.520    U_reg/read_data_reg[7]
  -------------------------------------------------------------------
                         required time                         14.520    
                         arrival time                         -13.384    
  -------------------------------------------------------------------
                         slack                                  1.136    





Min Delay Paths
--------------------------------------------------------------------------------------
Slack (MET) :             0.068ns  (arrival time - required time)
  Source:                 U_usb_reg_fe/reg_datao_reg[5]_rep__2/C
                            (rising edge-triggered cell FDRE clocked by usb_clk  {rise@0.000ns fall@5.000ns period=10.000ns})
  Destination:            U_reg/image_mem_reg[354][5]/D
                            (rising edge-triggered cell FDRE clocked by usb_clk  {rise@0.000ns fall@5.000ns period=10.000ns})
  Path Group:             usb_clk
  Path Type:              Hold (Min at Fast Process Corner)
  Requirement:            0.000ns  (usb_clk rise@0.000ns - usb_clk rise@0.000ns)
  Data Path Delay:        0.379ns  (logic 0.164ns (43.295%)  route 0.215ns (56.705%))
  Logic Levels:           0  
  Clock Path Skew:        0.259ns (DCD - SCD - CPR)
    Destination Clock Delay (DCD):    2.039ns
    Source Clock Delay      (SCD):    1.526ns
    Clock Pessimism Removal (CPR):    0.254ns

    Location             Delay type                Incr(ns)  Path(ns)    Netlist Resource(s)
  -------------------------------------------------------------------    -------------------
                         (clock usb_clk rise edge)    0.000     0.000 r  
    F5                                                0.000     0.000 r  usb_clk (IN)
                         net (fo=0)                   0.000     0.000    U_clocks/usb_clk
    F5                   IBUF (Prop_ibuf_I_O)         0.229     0.229 r  U_clocks/clkibuf/O
                         net (fo=1, routed)           0.644     0.873    U_clocks/usb_clk_bufg
    BUFGCTRL_X0Y16       BUFG (Prop_bufg_I_O)         0.026     0.899 r  U_clocks/clkbuf/O
                         net (fo=6516, routed)        0.627     1.526    U_usb_reg_fe/usb_clk_buf
    SLICE_X50Y35         FDRE                                         r  U_usb_reg_fe/reg_datao_reg[5]_rep__2/C
  -------------------------------------------------------------------    -------------------
    SLICE_X50Y35         FDRE (Prop_fdre_C_Q)         0.164     1.690 r  U_usb_reg_fe/reg_datao_reg[5]_rep__2/Q
                         net (fo=64, routed)          0.215     1.905    U_reg/reg_datao_reg[7]_rep__2[5]
    SLICE_X54Y31         FDRE                                         r  U_reg/image_mem_reg[354][5]/D
  -------------------------------------------------------------------    -------------------

                         (clock usb_clk rise edge)    0.000     0.000 r  
    F5                                                0.000     0.000 r  usb_clk (IN)
                         net (fo=0)                   0.000     0.000    U_clocks/usb_clk
    F5                   IBUF (Prop_ibuf_I_O)         0.417     0.417 r  U_clocks/clkibuf/O
                         net (fo=1, routed)           0.699     1.115    U_clocks/usb_clk_bufg
    BUFGCTRL_X0Y16       BUFG (Prop_bufg_I_O)         0.029     1.144 r  U_clocks/clkbuf/O
                         net (fo=6516, routed)        0.895     2.039    U_reg/usb_clk_buf
    SLICE_X54Y31         FDRE                                         r  U_reg/image_mem_reg[354][5]/C
                         clock pessimism             -0.254     1.785    
    SLICE_X54Y31         FDRE (Hold_fdre_C_D)         0.052     1.837    U_reg/image_mem_reg[354][5]
  -------------------------------------------------------------------
                         required time                         -1.837    
                         arrival time                           1.905    
  -------------------------------------------------------------------
                         slack                                  0.068    





Pulse Width Checks
--------------------------------------------------------------------------------------
Clock Name:         usb_clk
Waveform(ns):       { 0.000 5.000 }
Period(ns):         10.000
Sources:            { usb_clk }

Check Type        Corner  Lib Pin  Reference Pin  Required(ns)  Actual(ns)  Slack(ns)  Location        Pin
Min Period        n/a     BUFG/I   n/a            1.592         10.000      8.408      BUFGCTRL_X0Y16  U_clocks/clkbuf/I
Low Pulse Width   Slow    FDRE/C   n/a            0.500         5.000       4.500      SLICE_X24Y20    U_reg/image_mem_reg[240][3]/C
High Pulse Width  Fast    FDRE/C   n/a            0.500         5.000       4.500      SLICE_X13Y60    U_reg/image_mem_reg[23][0]/C



---------------------------------------------------------------------------------------------------
Path Group:  **async_default**
From Clock:  usb_clk
  To Clock:  usb_clk

Setup :            0  Failing Endpoints,  Worst Slack        6.928ns,  Total Violation        0.000ns
Hold  :            0  Failing Endpoints,  Worst Slack        1.293ns,  Total Violation        0.000ns
---------------------------------------------------------------------------------------------------


Max Delay Paths
--------------------------------------------------------------------------------------
Slack (MET) :             6.928ns  (required time - arrival time)
  Source:                 pushbutton
                            (input port clocked by usb_clk  {rise@0.000ns fall@5.000ns period=10.000ns})
  Destination:            U_reg/U_go/src_tog_reg/CLR
                            (recovery check against rising-edge clock usb_clk  {rise@0.000ns fall@5.000ns period=10.000ns})
  Path Group:             **async_default**
  Path Type:              Recovery (Max at Slow Process Corner)
  Requirement:            10.000ns  (usb_clk rise@10.000ns - usb_clk rise@0.000ns)
  Data Path Delay:        6.633ns  (logic 1.537ns (23.174%)  route 5.096ns (76.826%))
  Logic Levels:           2  (IBUF=1 LUT1=1)
  Input Delay:            0.500ns
  Clock Path Skew:        4.354ns (DCD - SCD + CPR)
    Destination Clock Delay (DCD):    4.354ns = ( 14.354 - 10.000 ) 
    Source Clock Delay      (SCD):    0.000ns
    Clock Pessimism Removal (CPR):    0.000ns
  Clock Uncertainty:      0.035ns  ((TSJ^2 + TIJ^2)^1/2 + DJ) / 2 + PE
    Total System Jitter     (TSJ):    0.071ns
    Total Input Jitter      (TIJ):    0.000ns
    Discrete Jitter          (DJ):    0.000ns
    Phase Error              (PE):    0.000ns

    Location             Delay type                Incr(ns)  Path(ns)    Netlist Resource(s)
  -------------------------------------------------------------------    -------------------
                         (clock usb_clk rise edge)    0.000     0.000 r  
                         input delay                  0.500     0.500    
    R1                                                0.000     0.500 r  pushbutton (IN)
                         net (fo=0)                   0.000     0.500    pushbutton
    R1                   IBUF (Prop_ibuf_I_O)         1.432     1.932 r  pushbutton_IBUF_inst/O
                         net (fo=62, routed)          4.278     6.210    U_reg/U_core/pushbutton_IBUF
    SLICE_X74Y102        LUT1 (Prop_lut1_I0_O)        0.105     6.315 f  U_reg/U_core/go_count_usb[7]_i_1/O
                         net (fo=101, routed)         0.817     7.133    U_reg/U_go/SR[0]
    SLICE_X74Y103        FDCE                                         f  U_reg/U_go/src_tog_reg/CLR
  -------------------------------------------------------------------    -------------------

                         (clock usb_clk rise edge)   10.000    10.000 r  
    F5                                                0.000    10.000 r  usb_clk (IN)
                         net (fo=0)                   0.000    10.000    U_clocks/usb_clk
    F5                   IBUF (Prop_ibuf_I_O)         1.326    11.326 r  U_clocks/clkibuf/O
                         net (fo=1, routed)           1.628    12.954    U_clocks/usb_clk_bufg
    BUFGCTRL_X0Y16       BUFG (Prop_bufg_I_O)         0.077    13.031 r  U_clocks/clkbuf/O
                         net (fo=6516, routed)        1.322    14.354    U_reg/U_go/usb_clk_buf
    SLICE_X74Y103        FDCE                                         r  U_reg/U_go/src_tog_reg/C
                         clock pessimism              0.000    14.354    
                         clock uncertainty           -0.035    14.318    
    SLICE_X74Y103        FDCE (Recov_fdce_C_CLR)     -0.258    14.060    U_reg/U_go/src_tog_reg
  -------------------------------------------------------------------
                         required time                         14.060    
                         arrival time                          -7.133    
  -------------------------------------------------------------------
                         slack                                  6.928    





Min Delay Paths
--------------------------------------------------------------------------------------
Slack (MET) :             1.293ns  (arrival time - required time)
  Source:                 pushbutton
                            (input port clocked by usb_clk  {rise@0.000ns fall@5.000ns period=10.000ns})
  Destination:            U_reg/U_go/src_tog_reg/CLR
                            (removal check against rising-edge clock usb_clk  {rise@0.000ns fall@5.000ns period=10.000ns})
  Path Group:             **async_default**
  Path Type:              Removal (Min at Fast Process Corner)
  Requirement:            0.000ns  (usb_clk rise@0.000ns - usb_clk rise@0.000ns)
  Data Path Delay:        2.769ns  (logic 0.314ns (11.328%)  route 2.456ns (88.672%))
  Logic Levels:           2  (IBUF=1 LUT1=1)
  Input Delay:            0.500ns
  Clock Path Skew:        2.008ns (DCD - SCD - CPR)
    Destination Clock Delay (DCD):    2.008ns
    Source Clock Delay      (SCD):    0.000ns
    Clock Pessimism Removal (CPR):    -0.000ns
  Clock Uncertainty:      0.035ns  ((TSJ^2 + TIJ^2)^1/2 + DJ) / 2 + PE
    Total System Jitter     (TSJ):    0.071ns
    Total Input Jitter      (TIJ):    0.000ns
    Discrete Jitter          (DJ):    0.000ns
    Phase Error              (PE):    0.000ns

    Location             Delay type                Incr(ns)  Path(ns)    Netlist Resource(s)
  -------------------------------------------------------------------    -------------------
                         (clock usb_clk rise edge)    0.000     0.000 r  
                         input delay                  0.500     0.500    
    R1                                                0.000     0.500 r  pushbutton (IN)
                         net (fo=0)                   0.000     0.500    pushbutton
    R1                   IBUF (Prop_ibuf_I_O)         0.269     0.769 r  pushbutton_IBUF_inst/O
                         net (fo=62, routed)          2.070     2.839    U_reg/U_core/pushbutton_IBUF
    SLICE_X74Y102        LUT1 (Prop_lut1_I0_O)        0.045     2.884 f  U_reg/U_core/go_count_usb[7]_i_1/O
                         net (fo=101, routed)         0.385     3.269    U_reg/U_go/SR[0]
    SLICE_X74Y103        FDCE                                         f  U_reg/U_go/src_tog_reg/CLR
  -------------------------------------------------------------------    -------------------

                         (clock usb_clk rise edge)    0.000     0.000 r  
    F5                                                0.000     0.000 r  usb_clk (IN)
                         net (fo=0)                   0.000     0.000    U_clocks/usb_clk
    F5                   IBUF (Prop_ibuf_I_O)         0.417     0.417 r  U_clocks/clkibuf/O
                         net (fo=1, routed)           0.699     1.115    U_clocks/usb_clk_bufg
    BUFGCTRL_X0Y16       BUFG (Prop_bufg_I_O)         0.029     1.144 r  U_clocks/clkbuf/O
                         net (fo=6516, routed)        0.864     2.008    U_reg/U_go/usb_clk_buf
    SLICE_X74Y103        FDCE                                         r  U_reg/U_go/src_tog_reg/C
                         clock pessimism              0.000     2.008    
                         clock uncertainty            0.035     2.043    
    SLICE_X74Y103        FDCE (Remov_fdce_C_CLR)     -0.067     1.976    U_reg/U_go/src_tog_reg
  -------------------------------------------------------------------
                         required time                         -1.976    
                         arrival time                           3.269    
  -------------------------------------------------------------------
                         slack                                  1.293    





