Copyright 1986-2016 Xilinx, Inc. All Rights Reserved.
------------------------------------------------------------------------------------
| Tool Version : Vivado v.2016.4 (win64) Build 1756540 Mon Jan 23 19:11:23 MST 2017
| Date         : Sun Sep 06 13:08:46 2026
| Host         : kaz4n running 64-bit major release  (build 9200)
| Command      : report_timing_summary -file leakage_grey_d8_l0_timing.rpt
| Design       : cw305_leakage_grey_top
| Device       : 7a100t-ftg256
| Speed File   : -2  PRODUCTION 1.16 2016-11-09
------------------------------------------------------------------------------------

Timing Summary Report

------------------------------------------------------------------------------------------------
| Timer Settings
| --------------
------------------------------------------------------------------------------------------------

  Enable Multi Corner Analysis               :  Yes
  Enable Pessimism Removal                   :  Yes
  Pessimism Removal Resolution               :  Nearest Common Node
  Enable Input Delay Default Clock           :  No
  Enable Preset / Clear Arcs                 :  No
  Disable Flight Delays                      :  No
  Ignore I/O Paths                           :  No
  Timing Early Launch at Borrowing Latches   :  false

  Corner  Analyze    Analyze    
  Name    Max Paths  Min Paths  
  ------  ---------  ---------  
  Slow    Yes        Yes        
  Fast    Yes        Yes        



check_timing report

Table of Contents
-----------------
1. checking no_clock
2. checking constant_clock
3. checking pulse_width_clock
4. checking unconstrained_internal_endpoints
5. checking no_input_delay
6. checking no_output_delay
7. checking multiple_clock
8. checking generated_clocks
9. checking loops
10. checking partial_input_delay
11. checking partial_output_delay
12. checking latch_loops

1. checking no_clock
--------------------
 There are 0 register/latch pins with no clock.


2. checking constant_clock
--------------------------
 There are 0 register/latch pins with constant_clock.


3. checking pulse_width_clock
-----------------------------
 There are 0 register/latch pins which need pulse_width check


4. checking unconstrained_internal_endpoints
--------------------------------------------
 There are 0 pins that are not constrained for maximum delay.

 There are 0 pins that are not constrained for maximum delay due to constant clock.


5. checking no_input_delay
--------------------------
 There are 0 input ports with no input delay specified.

 There are 0 input ports with no input delay but user has a false path constraint.


6. checking no_output_delay
---------------------------
 There are 0 ports with no output delay specified.

 There are 0 ports with no output delay but user has a false path constraint

 There are 0 ports with no output delay but with a timing clock defined on it or propagating through it


7. checking multiple_clock
--------------------------
 There are 0 register/latch pins with multiple clocks.


8. checking generated_clocks
----------------------------
 There are 0 generated clocks that are not connected to a clock source.


9. checking loops
-----------------
 There are 0 combinational loops in the design.


10. checking partial_input_delay
--------------------------------
 There are 0 input ports with partial input delay specified.


11. checking partial_output_delay
---------------------------------
 There are 0 ports with partial output delay specified.


12. checking latch_loops
------------------------
 There are 0 combinational latch loops in the design through latch input



------------------------------------------------------------------------------------------------
| Design Timing Summary
| ---------------------
------------------------------------------------------------------------------------------------

    WNS(ns)      TNS(ns)  TNS Failing Endpoints  TNS Total Endpoints      WHS(ns)      THS(ns)  THS Failing Endpoints  THS Total Endpoints     WPWS(ns)     TPWS(ns)  TPWS Failing Endpoints  TPWS Total Endpoints  
    -------      -------  ---------------------  -------------------      -------      -------  ---------------------  -------------------     --------     --------  ----------------------  --------------------  
      1.590        0.000                      0                14864        0.078        0.000                      0                14864        4.500        0.000                       0                  6869  


All user specified timing constraints are met.


------------------------------------------------------------------------------------------------
| Clock Summary
| -------------
------------------------------------------------------------------------------------------------

Clock               Waveform(ns)       Period(ns)      Frequency(MHz)
-----               ------------       ----------      --------------
leakage_crypto_clk  {0.000 20.000}     40.000          25.000          
pll_clk1            {0.000 5.000}      10.000          100.000         
tio_clkin           {0.000 5.000}      10.000          100.000         
usb_clk             {0.000 5.000}      10.000          100.000         


------------------------------------------------------------------------------------------------
| Intra Clock Table
| -----------------
------------------------------------------------------------------------------------------------

Clock                   WNS(ns)      TNS(ns)  TNS Failing Endpoints  TNS Total Endpoints      WHS(ns)      THS(ns)  THS Failing Endpoints  THS Total Endpoints     WPWS(ns)     TPWS(ns)  TPWS Failing Endpoints  TPWS Total Endpoints  
-----                   -------      -------  ---------------------  -------------------      -------      -------  ---------------------  -------------------     --------     --------  ----------------------  --------------------  
leakage_crypto_clk       15.688        0.000                      0                 2075        0.121        0.000                      0                 2075       18.870        0.000                       0                   349  
pll_clk1                                                                                                                                                              8.408        0.000                       0                     1  
tio_clkin                                                                                                                                                             8.408        0.000                       0                     1  
usb_clk                   1.590        0.000                      0                12788        0.078        0.000                      0                12788        4.500        0.000                       0                  6518  


------------------------------------------------------------------------------------------------
| Inter Clock Table
| -----------------
------------------------------------------------------------------------------------------------

From Clock    To Clock          WNS(ns)      TNS(ns)  TNS Failing Endpoints  TNS Total Endpoints      WHS(ns)      THS(ns)  THS Failing Endpoints  THS Total Endpoints  
----------    --------          -------      -------  ---------------------  -------------------      -------      -------  ---------------------  -------------------  


------------------------------------------------------------------------------------------------
| Other Path Groups Table
| -----------------------
------------------------------------------------------------------------------------------------

Path Group         From Clock         To Clock               WNS(ns)      TNS(ns)  TNS Failing Endpoints  TNS Total Endpoints      WHS(ns)      THS(ns)  THS Failing Endpoints  THS Total Endpoints  
----------         ----------         --------               -------      -------  ---------------------  -------------------      -------      -------  ---------------------  -------------------  
**async_default**  usb_clk            usb_clk                  6.356        0.000                      0                    1        1.712        0.000                      0                    1  


------------------------------------------------------------------------------------------------
| Timing Details
| --------------
------------------------------------------------------------------------------------------------


---------------------------------------------------------------------------------------------------
From Clock:  leakage_crypto_clk
  To Clock:  leakage_crypto_clk

Setup :            0  Failing Endpoints,  Worst Slack       15.688ns,  Total Violation        0.000ns
Hold  :            0  Failing Endpoints,  Worst Slack        0.121ns,  Total Violation        0.000ns
PW    :            0  Failing Endpoints,  Worst Slack       18.870ns,  Total Violation        0.000ns
---------------------------------------------------------------------------------------------------


Max Delay Paths
--------------------------------------------------------------------------------------
Slack (MET) :             15.688ns  (required time - arrival time)
  Source:                 U_reg/U_core/col_reg[2]/C
                            (rising edge-triggered cell FDRE clocked by leakage_crypto_clk  {rise@0.000ns fall@20.000ns period=40.000ns})
  Destination:            U_reg/U_core/out_data_reg[15]/D
                            (rising edge-triggered cell FDRE clocked by leakage_crypto_clk  {rise@0.000ns fall@20.000ns period=40.000ns})
  Path Group:             leakage_crypto_clk
  Path Type:              Setup (Max at Slow Process Corner)
  Requirement:            40.000ns  (leakage_crypto_clk rise@40.000ns - leakage_crypto_clk rise@0.000ns)
  Data Path Delay:        24.343ns  (logic 4.260ns (17.500%)  route 20.083ns (82.500%))
  Logic Levels:           17  (CARRY4=6 LUT2=1 LUT3=1 LUT5=3 LUT6=4 MUXF7=1 MUXF8=1)
  Clock Path Skew:        -0.025ns (DCD - SCD + CPR)
    Destination Clock Delay (DCD):    1.399ns = ( 41.399 - 40.000 ) 
    Source Clock Delay      (SCD):    1.431ns
    Clock Pessimism Removal (CPR):    0.007ns
  Clock Uncertainty:      0.035ns  ((TSJ^2 + TIJ^2)^1/2 + DJ) / 2 + PE
    Total System Jitter     (TSJ):    0.071ns
    Total Input Jitter      (TIJ):    0.000ns
    Discrete Jitter          (DJ):    0.000ns
    Phase Error              (PE):    0.000ns

    Location             Delay type                Incr(ns)  Path(ns)    Netlist Resource(s)
  -------------------------------------------------------------------    -------------------
                         (clock leakage_crypto_clk rise edge)
                                                      0.000     0.000 r  
    BUFGCTRL_X0Y0        BUFGCTRL                     0.000     0.000 r  U_clocks/CCLK_MUX/O
                         net (fo=349, routed)         1.431     1.431    U_reg/U_core/crypto_clk
    SLICE_X79Y134        FDRE                                         r  U_reg/U_core/col_reg[2]/C
  -------------------------------------------------------------------    -------------------
    SLICE_X79Y134        FDRE (Prop_fdre_C_Q)         0.379     1.810 r  U_reg/U_core/col_reg[2]/Q
                         net (fo=6, routed)           1.237     3.047    U_reg/U_core/col[2]
    SLICE_X82Y137        LUT2 (Prop_lut2_I1_O)        0.105     3.152 r  U_reg/U_core/out_data[3]_i_244/O
                         net (fo=1, routed)           0.000     3.152    U_reg/U_core/out_data[3]_i_244_n_0
    SLICE_X82Y137        CARRY4 (Prop_carry4_S[1]_O[2])
                                                      0.481     3.633 r  U_reg/U_core/out_data_reg[3]_i_98/O[2]
                         net (fo=847, routed)         6.972    10.605    U_reg/U_core/window_base[2]
    SLICE_X17Y186        LUT5 (Prop_lut5_I3_O)        0.253    10.858 r  U_reg/U_core/out_data[15]_i_179/O
                         net (fo=96, routed)          6.049    16.907    U_reg/U_core/out_data[15]_i_179_n_0
    SLICE_X76Y140        MUXF8 (Prop_muxf8_S_O)       0.232    17.139 r  U_reg/U_core/out_data_reg[7]_i_608/O
                         net (fo=1, routed)           1.610    18.749    U_reg/U_core/out_data_reg[7]_i_608_n_0
    SLICE_X53Y152        LUT6 (Prop_lut6_I5_O)        0.259    19.008 r  U_reg/U_core/out_data[7]_i_289/O
                         net (fo=1, routed)           0.000    19.008    U_reg/U_core/out_data[7]_i_289_n_0
    SLICE_X53Y152        MUXF7 (Prop_muxf7_I1_O)      0.182    19.190 r  U_reg/U_core/out_data_reg[7]_i_126/O
                         net (fo=1, routed)           0.686    19.875    U_reg/U_core/out_data_reg[7]_i_126_n_0
    SLICE_X61Y162        LUT6 (Prop_lut6_I1_O)        0.252    20.127 f  U_reg/U_core/out_data[7]_i_57/O
                         net (fo=2, routed)           0.966    21.094    U_reg/U_core/out_data[7]_i_57_n_0
    SLICE_X54Y160        LUT6 (Prop_lut6_I4_O)        0.105    21.199 r  U_reg/U_core/out_data[7]_i_30/O
                         net (fo=2, routed)           0.571    21.770    U_reg/U_core/out_data[7]_i_30_n_0
    SLICE_X55Y160        LUT5 (Prop_lut5_I0_O)        0.105    21.875 r  U_reg/U_core/out_data[7]_i_33/O
                         net (fo=1, routed)           0.000    21.875    U_reg/U_core/out_data[7]_i_33_n_0
    SLICE_X55Y160        CARRY4 (Prop_carry4_S[1]_O[2])
                                                      0.481    22.356 r  U_reg/U_core/out_data_reg[7]_i_13/O[2]
                         net (fo=2, routed)           0.939    23.295    U_reg/U_core/out_data_reg[7]_i_13_n_5
    SLICE_X60Y158        LUT3 (Prop_lut3_I2_O)        0.266    23.561 r  U_reg/U_core/out_data[3]_i_11/O
                         net (fo=3, routed)           0.395    23.956    U_reg/U_core/out_data[3]_i_11_n_0
    SLICE_X59Y158        LUT5 (Prop_lut5_I4_O)        0.264    24.220 r  U_reg/U_core/out_data[3]_i_2/O
                         net (fo=2, routed)           0.658    24.879    U_reg/U_core/out_data[3]_i_2_n_0
    SLICE_X60Y159        LUT6 (Prop_lut6_I3_O)        0.105    24.984 r  U_reg/U_core/out_data[3]_i_6/O
                         net (fo=1, routed)           0.000    24.984    U_reg/U_core/out_data[3]_i_6_n_0
    SLICE_X60Y159        CARRY4 (Prop_carry4_S[3]_CO[3])
                                                      0.314    25.298 r  U_reg/U_core/out_data_reg[3]_i_1/CO[3]
                         net (fo=1, routed)           0.000    25.298    U_reg/U_core/out_data_reg[3]_i_1_n_0
    SLICE_X60Y160        CARRY4 (Prop_carry4_CI_CO[3])
                                                      0.100    25.398 r  U_reg/U_core/out_data_reg[7]_i_1/CO[3]
                         net (fo=1, routed)           0.000    25.398    U_reg/U_core/out_data_reg[7]_i_1_n_0
    SLICE_X60Y161        CARRY4 (Prop_carry4_CI_CO[3])
                                                      0.100    25.498 r  U_reg/U_core/out_data_reg[11]_i_1/CO[3]
                         net (fo=1, routed)           0.000    25.498    U_reg/U_core/out_data_reg[11]_i_1_n_0
    SLICE_X60Y162        CARRY4 (Prop_carry4_CI_O[3])
                                                      0.277    25.775 r  U_reg/U_core/out_data_reg[15]_i_2/O[3]
                         net (fo=2, routed)           0.000    25.775    U_reg/U_core/D[15]
    SLICE_X60Y162        FDRE                                         r  U_reg/U_core/out_data_reg[15]/D
  -------------------------------------------------------------------    -------------------

                         (clock leakage_crypto_clk rise edge)
                                                     40.000    40.000 r  
    BUFGCTRL_X0Y0        BUFGCTRL                     0.000    40.000 r  U_clocks/CCLK_MUX/O
                         net (fo=349, routed)         1.399    41.399    U_reg/U_core/crypto_clk
    SLICE_X60Y162        FDRE                                         r  U_reg/U_core/out_data_reg[15]/C
                         clock pessimism              0.007    41.406    
                         clock uncertainty           -0.035    41.371    
    SLICE_X60Y162        FDRE (Setup_fdre_C_D)        0.092    41.463    U_reg/U_core/out_data_reg[15]
  -------------------------------------------------------------------
                         required time                         41.463    
                         arrival time                         -25.775    
  -------------------------------------------------------------------
                         slack                                 15.688    





Min Delay Paths
--------------------------------------------------------------------------------------
Slack (MET) :             0.121ns  (arrival time - required time)
  Source:                 U_reg/U_go/sync_reg[0]/C
                            (rising edge-triggered cell FDCE clocked by leakage_crypto_clk  {rise@0.000ns fall@20.000ns period=40.000ns})
  Destination:            U_reg/U_go/sync_reg[1]/D
                            (rising edge-triggered cell FDCE clocked by leakage_crypto_clk  {rise@0.000ns fall@20.000ns period=40.000ns})
  Path Group:             leakage_crypto_clk
  Path Type:              Hold (Min at Fast Process Corner)
  Requirement:            0.000ns  (leakage_crypto_clk rise@0.000ns - leakage_crypto_clk rise@0.000ns)
  Data Path Delay:        0.196ns  (logic 0.141ns (71.838%)  route 0.055ns (28.162%))
  Logic Levels:           0  
  Clock Path Skew:        0.000ns (DCD - SCD - CPR)
    Destination Clock Delay (DCD):    0.869ns
    Source Clock Delay      (SCD):    0.599ns
    Clock Pessimism Removal (CPR):    0.271ns

    Location             Delay type                Incr(ns)  Path(ns)    Netlist Resource(s)
  -------------------------------------------------------------------    -------------------
                         (clock leakage_crypto_clk rise edge)
                                                      0.000     0.000 r  
    BUFGCTRL_X0Y0        BUFGCTRL                     0.000     0.000 r  U_clocks/CCLK_MUX/O
                         net (fo=349, routed)         0.599     0.599    U_reg/U_go/crypto_clk
    SLICE_X87Y136        FDCE                                         r  U_reg/U_go/sync_reg[0]/C
  -------------------------------------------------------------------    -------------------
    SLICE_X87Y136        FDCE (Prop_fdce_C_Q)         0.141     0.740 r  U_reg/U_go/sync_reg[0]/Q
                         net (fo=1, routed)           0.055     0.795    U_reg/U_go/sync[0]
    SLICE_X87Y136        FDCE                                         r  U_reg/U_go/sync_reg[1]/D
  -------------------------------------------------------------------    -------------------

                         (clock leakage_crypto_clk rise edge)
                                                      0.000     0.000 r  
    BUFGCTRL_X0Y0        BUFGCTRL                     0.000     0.000 r  U_clocks/CCLK_MUX/O
                         net (fo=349, routed)         0.869     0.869    U_reg/U_go/crypto_clk
    SLICE_X87Y136        FDCE                                         r  U_reg/U_go/sync_reg[1]/C
                         clock pessimism             -0.271     0.599    
    SLICE_X87Y136        FDCE (Hold_fdce_C_D)         0.075     0.674    U_reg/U_go/sync_reg[1]
  -------------------------------------------------------------------
                         required time                         -0.674    
                         arrival time                           0.795    
  -------------------------------------------------------------------
                         slack                                  0.121    





Pulse Width Checks
--------------------------------------------------------------------------------------
Clock Name:         leakage_crypto_clk
Waveform(ns):       { 0.000 20.000 }
Period(ns):         40.000
Sources:            { U_clocks/CCLK_MUX/O }

Check Type        Corner  Lib Pin      Reference Pin  Required(ns)  Actual(ns)  Slack(ns)  Location       Pin
Min Period        n/a     ODDR/C       n/a            1.474         40.000      38.526     OLOGIC_X0Y86   U_clocks/CWOUT_ODDR/C
Low Pulse Width   Slow    RAMD64E/CLK  n/a            1.130         20.000      18.870     SLICE_X56Y141  U_reg/out_mem_reg_128_191_6_8/RAMD/CLK
High Pulse Width  Slow    RAMD64E/CLK  n/a            1.130         20.000      18.870     SLICE_X60Y141  U_reg/out_mem_reg_128_191_0_2/RAMC/CLK



---------------------------------------------------------------------------------------------------
From Clock:  pll_clk1
  To Clock:  pll_clk1

Setup :           NA  Failing Endpoints,  Worst Slack           NA  ,  Total Violation           NA
Hold  :           NA  Failing Endpoints,  Worst Slack           NA  ,  Total Violation           NA
PW    :            0  Failing Endpoints,  Worst Slack        8.408ns,  Total Violation        0.000ns
---------------------------------------------------------------------------------------------------


Pulse Width Checks
--------------------------------------------------------------------------------------
Clock Name:         pll_clk1
Waveform(ns):       { 0.000 5.000 }
Period(ns):         10.000
Sources:            { pll_clk1 }

Check Type  Corner  Lib Pin      Reference Pin  Required(ns)  Actual(ns)  Slack(ns)  Location       Pin
Min Period  n/a     BUFGCTRL/I0  n/a            1.592         10.000      8.408      BUFGCTRL_X0Y0  U_clocks/CCLK_MUX/I0



---------------------------------------------------------------------------------------------------
From Clock:  tio_clkin
  To Clock:  tio_clkin

Setup :           NA  Failing Endpoints,  Worst Slack           NA  ,  Total Violation           NA
Hold  :           NA  Failing Endpoints,  Worst Slack           NA  ,  Total Violation           NA
PW    :            0  Failing Endpoints,  Worst Slack        8.408ns,  Total Violation        0.000ns
---------------------------------------------------------------------------------------------------


Pulse Width Checks
--------------------------------------------------------------------------------------
Clock Name:         tio_clkin
Waveform(ns):       { 0.000 5.000 }
Period(ns):         10.000
Sources:            { tio_clkin }

Check Type  Corner  Lib Pin      Reference Pin  Required(ns)  Actual(ns)  Slack(ns)  Location       Pin
Min Period  n/a     BUFGCTRL/I1  n/a            1.592         10.000      8.408      BUFGCTRL_X0Y0  U_clocks/CCLK_MUX/I1



---------------------------------------------------------------------------------------------------
From Clock:  usb_clk
  To Clock:  usb_clk

Setup :            0  Failing Endpoints,  Worst Slack        1.590ns,  Total Violation        0.000ns
Hold  :            0  Failing Endpoints,  Worst Slack        0.078ns,  Total Violation        0.000ns
PW    :            0  Failing Endpoints,  Worst Slack        4.500ns,  Total Violation        0.000ns
---------------------------------------------------------------------------------------------------


Max Delay Paths
--------------------------------------------------------------------------------------
Slack (MET) :             1.590ns  (required time - arrival time)
  Source:                 U_usb_reg_fe/usb_addr_r_reg[0]/C
                            (rising edge-triggered cell FDRE clocked by usb_clk  {rise@0.000ns fall@5.000ns period=10.000ns})
  Destination:            U_reg/read_data_reg[3]/D
                            (rising edge-triggered cell FDRE clocked by usb_clk  {rise@0.000ns fall@5.000ns period=10.000ns})
  Path Group:             usb_clk
  Path Type:              Setup (Max at Slow Process Corner)
  Requirement:            10.000ns  (usb_clk rise@10.000ns - usb_clk rise@0.000ns)
  Data Path Delay:        8.437ns  (logic 1.655ns (19.616%)  route 6.782ns (80.384%))
  Logic Levels:           8  (LUT6=4 MUXF7=2 MUXF8=2)
  Clock Path Skew:        0.032ns (DCD - SCD + CPR)
    Destination Clock Delay (DCD):    4.350ns = ( 14.350 - 10.000 ) 
    Source Clock Delay      (SCD):    4.541ns
    Clock Pessimism Removal (CPR):    0.224ns
  Clock Uncertainty:      0.035ns  ((TSJ^2 + TIJ^2)^1/2 + DJ) / 2 + PE
    Total System Jitter     (TSJ):    0.071ns
    Total Input Jitter      (TIJ):    0.000ns
    Discrete Jitter          (DJ):    0.000ns
    Phase Error              (PE):    0.000ns

    Location             Delay type                Incr(ns)  Path(ns)    Netlist Resource(s)
  -------------------------------------------------------------------    -------------------
                         (clock usb_clk rise edge)    0.000     0.000 r  
    F5                                                0.000     0.000 r  usb_clk (IN)
                         net (fo=0)                   0.000     0.000    U_clocks/usb_clk
    F5                   IBUF (Prop_ibuf_I_O)         1.392     1.392 r  U_clocks/clkibuf/O
                         net (fo=1, routed)           1.717     3.109    U_clocks/usb_clk_bufg
    BUFGCTRL_X0Y16       BUFG (Prop_bufg_I_O)         0.081     3.190 r  U_clocks/clkbuf/O
                         net (fo=6517, routed)        1.351     4.541    U_usb_reg_fe/usb_clk_buf
    SLICE_X71Y132        FDRE                                         r  U_usb_reg_fe/usb_addr_r_reg[0]/C
  -------------------------------------------------------------------    -------------------
    SLICE_X71Y132        FDRE (Prop_fdre_C_Q)         0.379     4.920 r  U_usb_reg_fe/usb_addr_r_reg[0]/Q
                         net (fo=1960, routed)        2.833     7.753    U_reg/Q[0]
    SLICE_X4Y179         LUT6 (Prop_lut6_I4_O)        0.105     7.858 r  U_reg/read_data[3]_i_366/O
                         net (fo=1, routed)           0.000     7.858    U_reg/read_data[3]_i_366_n_0
    SLICE_X4Y179         MUXF7 (Prop_muxf7_I1_O)      0.206     8.064 r  U_reg/read_data_reg[3]_i_181/O
                         net (fo=1, routed)           0.000     8.064    U_reg/read_data_reg[3]_i_181_n_0
    SLICE_X4Y179         MUXF8 (Prop_muxf8_I0_O)      0.085     8.149 r  U_reg/read_data_reg[3]_i_89/O
                         net (fo=1, routed)           1.196     9.345    U_reg/read_data_reg[3]_i_89_n_0
    SLICE_X8Y159         LUT6 (Prop_lut6_I0_O)        0.264     9.609 r  U_reg/read_data[3]_i_40/O
                         net (fo=1, routed)           0.000     9.609    U_reg/read_data[3]_i_40_n_0
    SLICE_X8Y159         MUXF7 (Prop_muxf7_I1_O)      0.178     9.787 r  U_reg/read_data_reg[3]_i_18/O
                         net (fo=1, routed)           0.000     9.787    U_reg/read_data_reg[3]_i_18_n_0
    SLICE_X8Y159         MUXF8 (Prop_muxf8_I1_O)      0.074     9.861 r  U_reg/read_data_reg[3]_i_7/O
                         net (fo=1, routed)           1.656    11.517    U_reg/read_data_reg[3]_i_7_n_0
    SLICE_X58Y144        LUT6 (Prop_lut6_I5_O)        0.259    11.776 r  U_reg/read_data[3]_i_2/O
                         net (fo=1, routed)           1.097    12.873    U_reg/read_data[3]_i_2_n_0
    SLICE_X77Y136        LUT6 (Prop_lut6_I2_O)        0.105    12.978 r  U_reg/read_data[3]_i_1/O
                         net (fo=1, routed)           0.000    12.978    U_reg/read_data2_out[3]
    SLICE_X77Y136        FDRE                                         r  U_reg/read_data_reg[3]/D
  -------------------------------------------------------------------    -------------------

                         (clock usb_clk rise edge)   10.000    10.000 r  
    F5                                                0.000    10.000 r  usb_clk (IN)
                         net (fo=0)                   0.000    10.000    U_clocks/usb_clk
    F5                   IBUF (Prop_ibuf_I_O)         1.326    11.326 r  U_clocks/clkibuf/O
                         net (fo=1, routed)           1.628    12.954    U_clocks/usb_clk_bufg
    BUFGCTRL_X0Y16       BUFG (Prop_bufg_I_O)         0.077    13.031 r  U_clocks/clkbuf/O
                         net (fo=6517, routed)        1.318    14.350    U_reg/usb_clk_buf
    SLICE_X77Y136        FDRE                                         r  U_reg/read_data_reg[3]/C
                         clock pessimism              0.224    14.573    
                         clock uncertainty           -0.035    14.538    
    SLICE_X77Y136        FDRE (Setup_fdre_C_D)        0.030    14.568    U_reg/read_data_reg[3]
  -------------------------------------------------------------------
                         required time                         14.568    
                         arrival time                         -12.978    
  -------------------------------------------------------------------
                         slack                                  1.590    





Min Delay Paths
--------------------------------------------------------------------------------------
Slack (MET) :             0.078ns  (arrival time - required time)
  Source:                 usb_data[0]
                            (input port clocked by usb_clk  {rise@0.000ns fall@5.000ns period=10.000ns})
  Destination:            U_usb_reg_fe/reg_datao_reg[0]_rep__5/D
                            (rising edge-triggered cell FDRE clocked by usb_clk  {rise@0.000ns fall@5.000ns period=10.000ns})
  Path Group:             usb_clk
  Path Type:              Hold (Min at Slow Process Corner)
  Requirement:            0.000ns  (usb_clk rise@0.000ns - usb_clk rise@0.000ns)
  Data Path Delay:        3.013ns  (logic 1.353ns (44.916%)  route 1.659ns (55.084%))
  Logic Levels:           1  (IBUF=1)
  Input Delay:            2.000ns
  Clock Path Skew:        4.741ns (DCD - SCD - CPR)
    Destination Clock Delay (DCD):    4.741ns
    Source Clock Delay      (SCD):    0.000ns
    Clock Pessimism Removal (CPR):    -0.000ns
  Clock Uncertainty:      0.035ns  ((TSJ^2 + TIJ^2)^1/2 + DJ) / 2 + PE
    Total System Jitter     (TSJ):    0.071ns
    Total Input Jitter      (TIJ):    0.000ns
    Discrete Jitter          (DJ):    0.000ns
    Phase Error              (PE):    0.000ns

    Location             Delay type                Incr(ns)  Path(ns)    Netlist Resource(s)
  -------------------------------------------------------------------    -------------------
                         (clock usb_clk rise edge)    0.000     0.000 r  
                         input delay                  2.000     2.000    
    A7                                                0.000     2.000 r  usb_data[0] (INOUT)
                         net (fo=1, unset)            0.000     2.000    usb_data_IOBUF[0]_inst/IO
    A7                   IBUF (Prop_ibuf_I_O)         1.353     3.353 r  usb_data_IOBUF[0]_inst/IBUF/O
                         net (fo=12, routed)          1.659     5.013    U_usb_reg_fe/read_data_reg[7]_1[0]
    SLICE_X81Y177        FDRE                                         r  U_usb_reg_fe/reg_datao_reg[0]_rep__5/D
  -------------------------------------------------------------------    -------------------

                         (clock usb_clk rise edge)    0.000     0.000 r  
    F5                                                0.000     0.000 r  usb_clk (IN)
                         net (fo=0)                   0.000     0.000    U_clocks/usb_clk
    F5                   IBUF (Prop_ibuf_I_O)         1.392     1.392 r  U_clocks/clkibuf/O
                         net (fo=1, routed)           1.717     3.109    U_clocks/usb_clk_bufg
    BUFGCTRL_X0Y16       BUFG (Prop_bufg_I_O)         0.081     3.190 r  U_clocks/clkbuf/O
                         net (fo=6517, routed)        1.551     4.741    U_usb_reg_fe/usb_clk_buf
    SLICE_X81Y177        FDRE                                         r  U_usb_reg_fe/reg_datao_reg[0]_rep__5/C
                         clock pessimism              0.000     4.741    
                         clock uncertainty            0.035     4.776    
    SLICE_X81Y177        FDRE (Hold_fdre_C_D)         0.158     4.934    U_usb_reg_fe/reg_datao_reg[0]_rep__5
  -------------------------------------------------------------------
                         required time                         -4.934    
                         arrival time                           5.013    
  -------------------------------------------------------------------
                         slack                                  0.078    





Pulse Width Checks
--------------------------------------------------------------------------------------
Clock Name:         usb_clk
Waveform(ns):       { 0.000 5.000 }
Period(ns):         10.000
Sources:            { usb_clk }

Check Type        Corner  Lib Pin  Reference Pin  Required(ns)  Actual(ns)  Slack(ns)  Location        Pin
Min Period        n/a     BUFG/I   n/a            1.592         10.000      8.408      BUFGCTRL_X0Y16  U_clocks/clkbuf/I
Low Pulse Width   Slow    FDRE/C   n/a            0.500         5.000       4.500      SLICE_X56Y150   U_reg/image_mem_reg[36][0]/C
High Pulse Width  Fast    FDRE/C   n/a            0.500         5.000       4.500      SLICE_X21Y178   U_reg/image_mem_reg[219][1]/C



---------------------------------------------------------------------------------------------------
Path Group:  **async_default**
From Clock:  usb_clk
  To Clock:  usb_clk

Setup :            0  Failing Endpoints,  Worst Slack        6.356ns,  Total Violation        0.000ns
Hold  :            0  Failing Endpoints,  Worst Slack        1.712ns,  Total Violation        0.000ns
---------------------------------------------------------------------------------------------------


Max Delay Paths
--------------------------------------------------------------------------------------
Slack (MET) :             6.356ns  (required time - arrival time)
  Source:                 pushbutton
                            (input port clocked by usb_clk  {rise@0.000ns fall@5.000ns period=10.000ns})
  Destination:            U_reg/U_go/src_tog_reg/CLR
                            (recovery check against rising-edge clock usb_clk  {rise@0.000ns fall@5.000ns period=10.000ns})
  Path Group:             **async_default**
  Path Type:              Recovery (Max at Slow Process Corner)
  Requirement:            10.000ns  (usb_clk rise@10.000ns - usb_clk rise@0.000ns)
  Data Path Delay:        7.214ns  (logic 1.537ns (21.306%)  route 5.677ns (78.694%))
  Logic Levels:           2  (IBUF=1 LUT1=1)
  Input Delay:            0.500ns
  Clock Path Skew:        4.364ns (DCD - SCD + CPR)
    Destination Clock Delay (DCD):    4.364ns = ( 14.364 - 10.000 ) 
    Source Clock Delay      (SCD):    0.000ns
    Clock Pessimism Removal (CPR):    0.000ns
  Clock Uncertainty:      0.035ns  ((TSJ^2 + TIJ^2)^1/2 + DJ) / 2 + PE
    Total System Jitter     (TSJ):    0.071ns
    Total Input Jitter      (TIJ):    0.000ns
    Discrete Jitter          (DJ):    0.000ns
    Phase Error              (PE):    0.000ns

    Location             Delay type                Incr(ns)  Path(ns)    Netlist Resource(s)
  -------------------------------------------------------------------    -------------------
                         (clock usb_clk rise edge)    0.000     0.000 r  
                         input delay                  0.500     0.500    
    R1                                                0.000     0.500 r  pushbutton (IN)
                         net (fo=0)                   0.000     0.500    pushbutton
    R1                   IBUF (Prop_ibuf_I_O)         1.432     1.932 r  pushbutton_IBUF_inst/O
                         net (fo=59, routed)          3.505     5.437    U_reg/U_core/pushbutton_IBUF
    SLICE_X79Y133        LUT1 (Prop_lut1_I0_O)        0.105     5.542 f  U_reg/U_core/go_count_usb[7]_i_1/O
                         net (fo=101, routed)         2.173     7.714    U_reg/U_go/SR[0]
    SLICE_X88Y136        FDCE                                         f  U_reg/U_go/src_tog_reg/CLR
  -------------------------------------------------------------------    -------------------

                         (clock usb_clk rise edge)   10.000    10.000 r  
    F5                                                0.000    10.000 r  usb_clk (IN)
                         net (fo=0)                   0.000    10.000    U_clocks/usb_clk
    F5                   IBUF (Prop_ibuf_I_O)         1.326    11.326 r  U_clocks/clkibuf/O
                         net (fo=1, routed)           1.628    12.954    U_clocks/usb_clk_bufg
    BUFGCTRL_X0Y16       BUFG (Prop_bufg_I_O)         0.077    13.031 r  U_clocks/clkbuf/O
                         net (fo=6517, routed)        1.332    14.364    U_reg/U_go/usb_clk_buf
    SLICE_X88Y136        FDCE                                         r  U_reg/U_go/src_tog_reg/C
                         clock pessimism              0.000    14.364    
                         clock uncertainty           -0.035    14.328    
    SLICE_X88Y136        FDCE (Recov_fdce_C_CLR)     -0.258    14.070    U_reg/U_go/src_tog_reg
  -------------------------------------------------------------------
                         required time                         14.070    
                         arrival time                          -7.714    
  -------------------------------------------------------------------
                         slack                                  6.356    





Min Delay Paths
--------------------------------------------------------------------------------------
Slack (MET) :             1.712ns  (arrival time - required time)
  Source:                 pushbutton
                            (input port clocked by usb_clk  {rise@0.000ns fall@5.000ns period=10.000ns})
  Destination:            U_reg/U_go/src_tog_reg/CLR
                            (removal check against rising-edge clock usb_clk  {rise@0.000ns fall@5.000ns period=10.000ns})
  Path Group:             **async_default**
  Path Type:              Removal (Min at Fast Process Corner)
  Requirement:            0.000ns  (usb_clk rise@0.000ns - usb_clk rise@0.000ns)
  Data Path Delay:        3.192ns  (logic 0.314ns (9.828%)  route 2.878ns (90.172%))
  Logic Levels:           2  (IBUF=1 LUT1=1)
  Input Delay:            0.500ns
  Clock Path Skew:        2.012ns (DCD - SCD - CPR)
    Destination Clock Delay (DCD):    2.012ns
    Source Clock Delay      (SCD):    0.000ns
    Clock Pessimism Removal (CPR):    -0.000ns
  Clock Uncertainty:      0.035ns  ((TSJ^2 + TIJ^2)^1/2 + DJ) / 2 + PE
    Total System Jitter     (TSJ):    0.071ns
    Total Input Jitter      (TIJ):    0.000ns
    Discrete Jitter          (DJ):    0.000ns
    Phase Error              (PE):    0.000ns

    Location             Delay type                Incr(ns)  Path(ns)    Netlist Resource(s)
  -------------------------------------------------------------------    -------------------
                         (clock usb_clk rise edge)    0.000     0.000 r  
                         input delay                  0.500     0.500    
    R1                                                0.000     0.500 r  pushbutton (IN)
                         net (fo=0)                   0.000     0.500    pushbutton
    R1                   IBUF (Prop_ibuf_I_O)         0.269     0.769 r  pushbutton_IBUF_inst/O
                         net (fo=59, routed)          1.797     2.565    U_reg/U_core/pushbutton_IBUF
    SLICE_X79Y133        LUT1 (Prop_lut1_I0_O)        0.045     2.610 f  U_reg/U_core/go_count_usb[7]_i_1/O
                         net (fo=101, routed)         1.082     3.692    U_reg/U_go/SR[0]
    SLICE_X88Y136        FDCE                                         f  U_reg/U_go/src_tog_reg/CLR
  -------------------------------------------------------------------    -------------------

                         (clock usb_clk rise edge)    0.000     0.000 r  
    F5                                                0.000     0.000 r  usb_clk (IN)
                         net (fo=0)                   0.000     0.000    U_clocks/usb_clk
    F5                   IBUF (Prop_ibuf_I_O)         0.417     0.417 r  U_clocks/clkibuf/O
                         net (fo=1, routed)           0.699     1.115    U_clocks/usb_clk_bufg
    BUFGCTRL_X0Y16       BUFG (Prop_bufg_I_O)         0.029     1.144 r  U_clocks/clkbuf/O
                         net (fo=6517, routed)        0.867     2.012    U_reg/U_go/usb_clk_buf
    SLICE_X88Y136        FDCE                                         r  U_reg/U_go/src_tog_reg/C
                         clock pessimism              0.000     2.012    
                         clock uncertainty            0.035     2.047    
    SLICE_X88Y136        FDCE (Remov_fdce_C_CLR)     -0.067     1.980    U_reg/U_go/src_tog_reg
  -------------------------------------------------------------------
                         required time                         -1.980    
                         arrival time                           3.692    
  -------------------------------------------------------------------
                         slack                                  1.712    





