
****** Vivado v2016.4 (64-bit)
  **** SW Build 1756540 on Mon Jan 23 19:11:23 MST 2017
  **** IP Build 1755317 on Mon Jan 23 20:30:07 MST 2017
    ** Copyright 1986-2016 Xilinx, Inc. All Rights Reserved.

source run_vivado_leakage_rgb.tcl
# set DWELL 8
# if {[info exists ::env(DWELL)]} { set DWELL $::env(DWELL) }
# set IMG_SIDE 32
# if {[info exists ::env(IMG_SIDE)]} { set IMG_SIDE $::env(IMG_SIDE) }
# set BUILD_NAME leakage_rgblb_d${DWELL}_s${IMG_SIDE}
# set part xc7a100tftg256-2
# set CWHDL "C:/Users/narut/ChipWhisperer/chipwhisperer/firmware/fpgas/aes/hdl"
# set CWXDC "C:/Users/narut/ChipWhisperer/chipwhisperer/firmware/fpgas/aes/vivado/cw305.xdc"
# if {[info exists ::env(CW305_SRC)]} { set CWHDL $::env(CW305_SRC) }
# foreach f [list \
#     "$CWHDL/cw305_usb_reg_fe.v" "$CWHDL/clocks.v" \
#     ../cw305/cdc_pulse.v ../cw305/rgb_linebuf_core.sv \
#     ../cw305/cw305_reg_linebuf_rgb.sv ../cw305/cw305_leakage_rgb_top.sv \
#     $CWXDC ../cw305/cw305_leakage_rgb.xdc] {
#     if {![file exists $f]} { error "Required input missing: $f" }
# }
# create_project -force cw305_${BUILD_NAME} ./vivado_${BUILD_NAME} -part $part
# add_files "$CWHDL/cw305_usb_reg_fe.v"
# add_files "$CWHDL/clocks.v"
# add_files ../cw305/cdc_pulse.v
# add_files -fileset sources_1 ../cw305/rgb_linebuf_core.sv
# add_files -fileset sources_1 ../cw305/cw305_reg_linebuf_rgb.sv
# add_files -fileset sources_1 ../cw305/cw305_leakage_rgb_top.sv
# set_property file_type SystemVerilog [get_files *.sv]
# set_property top cw305_leakage_rgb_top [current_fileset]
# set_property generic "DWELL=$DWELL IMG_SIDE=$IMG_SIDE" [current_fileset]
# add_files -fileset constrs_1 $CWXDC
# add_files -fileset constrs_1 ../cw305/cw305_leakage_rgb.xdc
# update_compile_order -fileset sources_1
# launch_runs synth_1 -jobs 4
[Fri Sep 11 14:33:59 2026] Launched synth_1...
Run output will be captured here: C:/Users/narut/OneDrive/Desktop/Project/bnn/build/vivado_leakage_rgblb_d8_s32/cw305_leakage_rgblb_d8_s32.runs/synth_1/runme.log
# wait_on_run synth_1
[Fri Sep 11 14:33:59 2026] Waiting for synth_1 to finish...

*** Running vivado
    with args -log cw305_leakage_rgb_top.vds -m64 -product Vivado -mode batch -messageDb vivado.pb -notrace -source cw305_leakage_rgb_top.tcl


****** Vivado v2016.4 (64-bit)
  **** SW Build 1756540 on Mon Jan 23 19:11:23 MST 2017
  **** IP Build 1755317 on Mon Jan 23 20:30:07 MST 2017
    ** Copyright 1986-2016 Xilinx, Inc. All Rights Reserved.

source cw305_leakage_rgb_top.tcl -notrace
Command: synth_design -top cw305_leakage_rgb_top -part xc7a100tftg256-2
Starting synth_design
Attempting to get a license for feature 'Synthesis' and/or device 'xc7a100t'
INFO: [Common 17-349] Got license for feature 'Synthesis' and/or device 'xc7a100t'
INFO: Launching helper process for spawning children vivado processes
INFO: Helper process launched with PID 24492 
---------------------------------------------------------------------------------
Starting RTL Elaboration : Time (s): cpu = 00:00:09 ; elapsed = 00:00:13 . Memory (MB): peak = 282.277 ; gain = 72.410
---------------------------------------------------------------------------------
INFO: [Synth 8-638] synthesizing module 'cw305_leakage_rgb_top' [C:/Users/narut/OneDrive/Desktop/Project/bnn/cw305/cw305_leakage_rgb_top.sv:13]
	Parameter pBYTECNT_SIZE bound to: 7 - type: integer 
	Parameter pADDR_WIDTH bound to: 21 - type: integer 
	Parameter DWELL bound to: 8 - type: integer 
	Parameter IMG_SIDE bound to: 32 - type: integer 
	Parameter CLOCK_SETTINGS bound to: 5'b01101 
INFO: [Synth 8-638] synthesizing module 'cw305_usb_reg_fe' [C:/Users/narut/ChipWhisperer/chipwhisperer/firmware/fpgas/aes/hdl/cw305_usb_reg_fe.v:31]
	Parameter pADDR_WIDTH bound to: 21 - type: integer 
	Parameter pBYTECNT_SIZE bound to: 7 - type: integer 
	Parameter pREG_RDDLY_LEN bound to: 3 - type: integer 
INFO: [Synth 8-256] done synthesizing module 'cw305_usb_reg_fe' (1#1) [C:/Users/narut/ChipWhisperer/chipwhisperer/firmware/fpgas/aes/hdl/cw305_usb_reg_fe.v:31]
INFO: [Synth 8-638] synthesizing module 'cw305_reg_linebuf_rgb' [C:/Users/narut/OneDrive/Desktop/Project/bnn/cw305/cw305_reg_linebuf_rgb.sv:28]
	Parameter pADDR_WIDTH bound to: 21 - type: integer 
	Parameter pBYTECNT_SIZE bound to: 7 - type: integer 
	Parameter DWELL bound to: 8 - type: integer 
	Parameter IMG_SIDE bound to: 32 - type: integer 
	Parameter PLANE bound to: 1024 - type: integer 
	Parameter IMG_BYTES bound to: 4096 - type: integer 
	Parameter OUT_SIDE bound to: 30 - type: integer 
	Parameter N_OUTPUT bound to: 900 - type: integer 
	Parameter N_OUT_BYTE bound to: 1800 - type: integer 
	Parameter PIX_W bound to: 10 - type: integer 
	Parameter OUT_BASE bound to: 21'b000000010000000000000 
	Parameter CTRL_BASE bound to: 21'b000000100000000000000 
	Parameter GO_ADDR bound to: 33 - type: integer 
	Parameter STAT_ADDR bound to: 34 - type: integer 
	Parameter SIG_ADDR bound to: 35 - type: integer 
INFO: [Synth 8-5534] Detected attribute (* ram_style = "block" *) [C:/Users/narut/OneDrive/Desktop/Project/bnn/cw305/cw305_reg_linebuf_rgb.sv:76]
INFO: [Synth 8-5534] Detected attribute (* ASYNC_REG = "TRUE" *) [C:/Users/narut/OneDrive/Desktop/Project/bnn/cw305/cw305_reg_linebuf_rgb.sv:98]
INFO: [Synth 8-5534] Detected attribute (* ASYNC_REG = "TRUE" *) [C:/Users/narut/OneDrive/Desktop/Project/bnn/cw305/cw305_reg_linebuf_rgb.sv:99]
INFO: [Synth 8-5534] Detected attribute (* ASYNC_REG = "TRUE" *) [C:/Users/narut/OneDrive/Desktop/Project/bnn/cw305/cw305_reg_linebuf_rgb.sv:100]
INFO: [Synth 8-5534] Detected attribute (* ASYNC_REG = "TRUE" *) [C:/Users/narut/OneDrive/Desktop/Project/bnn/cw305/cw305_reg_linebuf_rgb.sv:101]
INFO: [Synth 8-5534] Detected attribute (* ASYNC_REG = "TRUE" *) [C:/Users/narut/OneDrive/Desktop/Project/bnn/cw305/cw305_reg_linebuf_rgb.sv:222]
INFO: [Synth 8-5534] Detected attribute (* ASYNC_REG = "TRUE" *) [C:/Users/narut/OneDrive/Desktop/Project/bnn/cw305/cw305_reg_linebuf_rgb.sv:231]
INFO: [Synth 8-5534] Detected attribute (* ASYNC_REG = "TRUE" *) [C:/Users/narut/OneDrive/Desktop/Project/bnn/cw305/cw305_reg_linebuf_rgb.sv:232]
INFO: [Synth 8-5534] Detected attribute (* ASYNC_REG = "TRUE" *) [C:/Users/narut/OneDrive/Desktop/Project/bnn/cw305/cw305_reg_linebuf_rgb.sv:289]
INFO: [Synth 8-638] synthesizing module 'cdc_pulse' [C:/Users/narut/OneDrive/Desktop/Project/bnn/cw305/cdc_pulse.v:5]
INFO: [Synth 8-5534] Detected attribute (* ASYNC_REG = "TRUE" *) [C:/Users/narut/OneDrive/Desktop/Project/bnn/cw305/cdc_pulse.v:17]
INFO: [Synth 8-256] done synthesizing module 'cdc_pulse' (2#1) [C:/Users/narut/OneDrive/Desktop/Project/bnn/cw305/cdc_pulse.v:5]
INFO: [Synth 8-638] synthesizing module 'rgb_linebuf_core' [C:/Users/narut/OneDrive/Desktop/Project/bnn/cw305/rgb_linebuf_core.sv:55]
	Parameter DWELL bound to: 8 - type: integer 
	Parameter IMG_SIDE bound to: 32 - type: integer 
	Parameter OUT_SIDE bound to: 30 - type: integer 
	Parameter N_POS bound to: 1024 - type: integer 
	Parameter N_OUTPUT bound to: 900 - type: integer 
	Parameter DWELL_W bound to: 3 - type: integer 
	Parameter SIDE_W bound to: 5 - type: integer 
	Parameter MODE_SERIAL bound to: 2'b00 
	Parameter MODE_PARALLEL bound to: 2'b01 
	Parameter MODE_SUMMED bound to: 2'b10 
INFO: [Synth 8-256] done synthesizing module 'rgb_linebuf_core' (3#1) [C:/Users/narut/OneDrive/Desktop/Project/bnn/cw305/rgb_linebuf_core.sv:55]
WARNING: [Synth 8-3936] Found unconnected internal register 'img_rd_usb_reg' and it is trimmed from '32' to '24' bits. [C:/Users/narut/OneDrive/Desktop/Project/bnn/cw305/cw305_reg_linebuf_rgb.sv:106]
INFO: [Synth 8-256] done synthesizing module 'cw305_reg_linebuf_rgb' (4#1) [C:/Users/narut/OneDrive/Desktop/Project/bnn/cw305/cw305_reg_linebuf_rgb.sv:28]
INFO: [Synth 8-638] synthesizing module 'clocks' [C:/Users/narut/ChipWhisperer/chipwhisperer/firmware/fpgas/aes/hdl/clocks.v:32]
INFO: [Synth 8-638] synthesizing module 'BUFGMUX_CTRL' [C:/Xilinx/Vivado/2016.4/scripts/rt/data/unisim_comp.v:722]
INFO: [Synth 8-256] done synthesizing module 'BUFGMUX_CTRL' (5#1) [C:/Xilinx/Vivado/2016.4/scripts/rt/data/unisim_comp.v:722]
INFO: [Synth 8-638] synthesizing module 'ODDR' [C:/Xilinx/Vivado/2016.4/scripts/rt/data/unisim_comp.v:25305]
	Parameter DDR_CLK_EDGE bound to: OPPOSITE_EDGE - type: string 
	Parameter INIT bound to: 1'b0 
	Parameter IS_C_INVERTED bound to: 1'b0 
	Parameter IS_D1_INVERTED bound to: 1'b0 
	Parameter IS_D2_INVERTED bound to: 1'b0 
	Parameter SRTYPE bound to: SYNC - type: string 
INFO: [Synth 8-256] done synthesizing module 'ODDR' (6#1) [C:/Xilinx/Vivado/2016.4/scripts/rt/data/unisim_comp.v:25305]
INFO: [Synth 8-638] synthesizing module 'IBUFG' [C:/Xilinx/Vivado/2016.4/scripts/rt/data/unisim_comp.v:14570]
	Parameter CAPACITANCE bound to: DONT_CARE - type: string 
	Parameter IBUF_DELAY_VALUE bound to: 0 - type: string 
	Parameter IBUF_LOW_PWR bound to: TRUE - type: string 
	Parameter IOSTANDARD bound to: DEFAULT - type: string 
INFO: [Synth 8-256] done synthesizing module 'IBUFG' (7#1) [C:/Xilinx/Vivado/2016.4/scripts/rt/data/unisim_comp.v:14570]
INFO: [Synth 8-638] synthesizing module 'BUFG' [C:/Xilinx/Vivado/2016.4/scripts/rt/data/unisim_comp.v:607]
INFO: [Synth 8-256] done synthesizing module 'BUFG' (8#1) [C:/Xilinx/Vivado/2016.4/scripts/rt/data/unisim_comp.v:607]
INFO: [Synth 8-256] done synthesizing module 'clocks' (9#1) [C:/Users/narut/ChipWhisperer/chipwhisperer/firmware/fpgas/aes/hdl/clocks.v:32]
INFO: [Synth 8-256] done synthesizing module 'cw305_leakage_rgb_top' (10#1) [C:/Users/narut/OneDrive/Desktop/Project/bnn/cw305/cw305_leakage_rgb_top.sv:13]
WARNING: [Synth 8-3917] design cw305_leakage_rgb_top has port led2 driven by constant 0
WARNING: [Synth 8-3331] design cw305_reg_linebuf_rgb has unconnected port reg_read
WARNING: [Synth 8-3331] design cw305_usb_reg_fe has unconnected port usb_alen
WARNING: [Synth 8-3331] design cw305_leakage_rgb_top has unconnected port k15_sel
WARNING: [Synth 8-3331] design cw305_leakage_rgb_top has unconnected port l14_sel
---------------------------------------------------------------------------------
Finished RTL Elaboration : Time (s): cpu = 00:00:11 ; elapsed = 00:00:16 . Memory (MB): peak = 321.363 ; gain = 111.496
---------------------------------------------------------------------------------

Report Check Netlist: 
+------+------------------+-------+---------+-------+------------------+
|      |Item              |Errors |Warnings |Status |Description       |
+------+------------------+-------+---------+-------+------------------+
|1     |multi_driven_nets |      0|        0|Passed |Multi driven nets |
+------+------------------+-------+---------+-------+------------------+
---------------------------------------------------------------------------------
Finished RTL Optimization Phase 1 : Time (s): cpu = 00:00:12 ; elapsed = 00:00:16 . Memory (MB): peak = 321.363 ; gain = 111.496
---------------------------------------------------------------------------------
INFO: [Netlist 29-17] Analyzing 3 Unisim elements for replacement
INFO: [Netlist 29-28] Unisim Transformation completed in 0 CPU seconds
INFO: [Device 21-403] Loading part xc7a100tftg256-2
INFO: [Project 1-570] Preparing netlist for logic optimization

Processing XDC Constraints
Initializing timing engine
Parsing XDC File [C:/Users/narut/ChipWhisperer/chipwhisperer/firmware/fpgas/aes/vivado/cw305.xdc]
Finished Parsing XDC File [C:/Users/narut/ChipWhisperer/chipwhisperer/firmware/fpgas/aes/vivado/cw305.xdc]
INFO: [Project 1-236] Implementation specific constraints were found while reading constraint file [C:/Users/narut/ChipWhisperer/chipwhisperer/firmware/fpgas/aes/vivado/cw305.xdc]. These constraints will be ignored for synthesis but will be used in implementation. Impacted constraints are listed in the file [.Xil/cw305_leakage_rgb_top_propImpl.xdc].
Resolution: To avoid this warning, move constraints listed in [.Xil/cw305_leakage_rgb_top_propImpl.xdc] to another XDC file and exclude this new file from synthesis with the used_in_synthesis property (File Properties dialog in GUI) and re-run elaboration/synthesis.
Parsing XDC File [C:/Users/narut/OneDrive/Desktop/Project/bnn/cw305/cw305_leakage_rgb.xdc]
Finished Parsing XDC File [C:/Users/narut/OneDrive/Desktop/Project/bnn/cw305/cw305_leakage_rgb.xdc]
Completed Processing XDC Constraints

INFO: [Project 1-111] Unisim Transformation Summary:
  A total of 2 instances were transformed.
  BUFGMUX_CTRL => BUFGCTRL (inverted pins: S0): 1 instances
  IBUFG => IBUF: 1 instances

Constraint Validation Runtime : Time (s): cpu = 00:00:00 ; elapsed = 00:00:00.010 . Memory (MB): peak = 640.004 ; gain = 0.000
---------------------------------------------------------------------------------
Finished Constraint Validation : Time (s): cpu = 00:00:26 ; elapsed = 00:00:33 . Memory (MB): peak = 640.004 ; gain = 430.137
---------------------------------------------------------------------------------
---------------------------------------------------------------------------------
Start Loading Part and Timing Information
---------------------------------------------------------------------------------
Loading part: xc7a100tftg256-2
---------------------------------------------------------------------------------
Finished Loading Part and Timing Information : Time (s): cpu = 00:00:26 ; elapsed = 00:00:33 . Memory (MB): peak = 640.004 ; gain = 430.137
---------------------------------------------------------------------------------
---------------------------------------------------------------------------------
Start Applying 'set_property' XDC Constraints
---------------------------------------------------------------------------------
---------------------------------------------------------------------------------
Finished applying 'set_property' XDC Constraints : Time (s): cpu = 00:00:26 ; elapsed = 00:00:33 . Memory (MB): peak = 640.004 ; gain = 430.137
---------------------------------------------------------------------------------
INFO: [Synth 8-4471] merging register 'lb0_reg[0][23:0]' into 'win_reg[1][2][23:0]' [C:/Users/narut/OneDrive/Desktop/Project/bnn/cw305/rgb_linebuf_core.sv:105]
INFO: [Synth 8-4471] merging register 'lb1_reg[0][23:0]' into 'win_reg[2][2][23:0]' [C:/Users/narut/OneDrive/Desktop/Project/bnn/cw305/rgb_linebuf_core.sv:104]
INFO: [Synth 8-4471] merging register 'lb0_reg[1][23:0]' into 'win_reg[1][1][23:0]' [C:/Users/narut/OneDrive/Desktop/Project/bnn/cw305/rgb_linebuf_core.sv:105]
INFO: [Synth 8-4471] merging register 'lb1_reg[1][23:0]' into 'win_reg[2][1][23:0]' [C:/Users/narut/OneDrive/Desktop/Project/bnn/cw305/rgb_linebuf_core.sv:104]
INFO: [Synth 8-4471] merging register 'lb0_reg[2][23:0]' into 'win_reg[1][0][23:0]' [C:/Users/narut/OneDrive/Desktop/Project/bnn/cw305/rgb_linebuf_core.sv:105]
INFO: [Synth 8-4471] merging register 'lb1_reg[2][23:0]' into 'win_reg[2][0][23:0]' [C:/Users/narut/OneDrive/Desktop/Project/bnn/cw305/rgb_linebuf_core.sv:104]
INFO: [Synth 8-5546] ROM "busy" won't be mapped to RAM because it is too sparse
INFO: [Synth 8-5546] ROM "row" won't be mapped to RAM because it is too sparse
INFO: [Synth 8-5546] ROM "col" won't be mapped to RAM because it is too sparse
INFO: [Synth 8-5544] ROM "chan" won't be mapped to Block RAM because address size (3) smaller than threshold (5)
INFO: [Synth 8-5546] ROM "go_pulse_usb" won't be mapped to RAM because it is too sparse
INFO: [Synth 8-5546] ROM "kernel_bits" won't be mapped to RAM because it is too sparse
INFO: [Synth 8-5546] ROM "seg_start_reg" won't be mapped to RAM because it is too sparse
INFO: [Synth 8-5546] ROM "seg_len_reg" won't be mapped to RAM because it is too sparse
INFO: [Synth 8-5587] ROM size for "read_data" is below threshold of ROM address width. It will be mapped to LUTs
---------------------------------------------------------------------------------
Finished RTL Optimization Phase 2 : Time (s): cpu = 00:00:27 ; elapsed = 00:00:35 . Memory (MB): peak = 640.004 ; gain = 430.137
---------------------------------------------------------------------------------

Report RTL Partitions: 
+-+--------------+------------+----------+
| |RTL Partition |Replication |Instances |
+-+--------------+------------+----------+
+-+--------------+------------+----------+
---------------------------------------------------------------------------------
Start RTL Component Statistics 
---------------------------------------------------------------------------------
Detailed RTL Component Info : 
+---Adders : 
	   2 Input     24 Bit       Adders := 1     
	   2 Input     16 Bit       Adders := 32    
	   3 Input     16 Bit       Adders := 2     
	   9 Input     16 Bit       Adders := 3     
	   2 Input      8 Bit       Adders := 2     
	   2 Input      6 Bit       Adders := 2     
	   2 Input      5 Bit       Adders := 7     
	   2 Input      3 Bit       Adders := 1     
	   2 Input      2 Bit       Adders := 1     
+---XORs : 
	   2 Input      1 Bit         XORs := 2     
+---XORs : 
	              432 Bit    Wide XORs := 1     
	               16 Bit    Wide XORs := 1     
+---Registers : 
	               27 Bit    Registers := 1     
	               24 Bit    Registers := 71    
	               21 Bit    Registers := 1     
	               16 Bit    Registers := 40    
	                8 Bit    Registers := 5     
	                6 Bit    Registers := 2     
	                3 Bit    Registers := 4     
	                2 Bit    Registers := 5     
	                1 Bit    Registers := 11    
+---Multipliers : 
	                 5x16  Multipliers := 1     
+---RAMs : 
	              32K Bit         RAMs := 1     
	              14K Bit         RAMs := 1     
+---Muxes : 
	   4 Input     32 Bit        Muxes := 1     
	   2 Input     27 Bit        Muxes := 4     
	   4 Input     27 Bit        Muxes := 2     
	   2 Input     16 Bit        Muxes := 45    
	   3 Input     16 Bit        Muxes := 1     
	   7 Input     16 Bit        Muxes := 1     
	   8 Input     16 Bit        Muxes := 1     
	   2 Input      8 Bit        Muxes := 9     
	   2 Input      7 Bit        Muxes := 1     
	   8 Input      7 Bit        Muxes := 1     
	   2 Input      6 Bit        Muxes := 1     
	   2 Input      4 Bit        Muxes := 1     
	   3 Input      4 Bit        Muxes := 1     
	   2 Input      3 Bit        Muxes := 1     
	   3 Input      2 Bit        Muxes := 1     
	   2 Input      2 Bit        Muxes := 1     
	   2 Input      1 Bit        Muxes := 25    
	   5 Input      1 Bit        Muxes := 1     
	   4 Input      1 Bit        Muxes := 1     
	   6 Input      1 Bit        Muxes := 1     
	  10 Input      1 Bit        Muxes := 2     
	   3 Input      1 Bit        Muxes := 1     
	  11 Input      1 Bit        Muxes := 1     
---------------------------------------------------------------------------------
Finished RTL Component Statistics 
---------------------------------------------------------------------------------
---------------------------------------------------------------------------------
Start RTL Hierarchical Component Statistics 
---------------------------------------------------------------------------------
Hierarchical RTL Component report 
Module cw305_usb_reg_fe 
Detailed RTL Component Info : 
+---Registers : 
	               21 Bit    Registers := 1     
	                8 Bit    Registers := 1     
	                3 Bit    Registers := 1     
	                1 Bit    Registers := 4     
Module cdc_pulse 
Detailed RTL Component Info : 
+---XORs : 
	   2 Input      1 Bit         XORs := 1     
+---Registers : 
	                3 Bit    Registers := 1     
	                1 Bit    Registers := 1     
Module rgb_linebuf_core 
Detailed RTL Component Info : 
+---Adders : 
	   2 Input     16 Bit       Adders := 31    
	   3 Input     16 Bit       Adders := 2     
	   9 Input     16 Bit       Adders := 3     
	   2 Input      6 Bit       Adders := 2     
	   2 Input      5 Bit       Adders := 7     
	   2 Input      3 Bit       Adders := 1     
	   2 Input      2 Bit       Adders := 1     
+---XORs : 
	   2 Input      1 Bit         XORs := 1     
+---XORs : 
	              432 Bit    Wide XORs := 1     
	               16 Bit    Wide XORs := 1     
+---Registers : 
	               24 Bit    Registers := 67    
	               16 Bit    Registers := 30    
	                6 Bit    Registers := 2     
	                3 Bit    Registers := 1     
	                2 Bit    Registers := 1     
	                1 Bit    Registers := 4     
+---Multipliers : 
	                 5x16  Multipliers := 1     
+---Muxes : 
	   2 Input     16 Bit        Muxes := 39    
	   3 Input     16 Bit        Muxes := 1     
	   2 Input      6 Bit        Muxes := 1     
	   2 Input      3 Bit        Muxes := 1     
	   2 Input      1 Bit        Muxes := 19    
Module cw305_reg_linebuf_rgb 
Detailed RTL Component Info : 
+---Adders : 
	   2 Input     24 Bit       Adders := 1     
	   2 Input     16 Bit       Adders := 1     
	   2 Input      8 Bit       Adders := 2     
+---Registers : 
	               27 Bit    Registers := 1     
	               24 Bit    Registers := 4     
	               16 Bit    Registers := 10    
	                8 Bit    Registers := 4     
	                3 Bit    Registers := 1     
	                2 Bit    Registers := 4     
	                1 Bit    Registers := 2     
+---RAMs : 
	              32K Bit         RAMs := 1     
	              14K Bit         RAMs := 1     
+---Muxes : 
	   4 Input     32 Bit        Muxes := 1     
	   2 Input     27 Bit        Muxes := 4     
	   4 Input     27 Bit        Muxes := 2     
	   2 Input     16 Bit        Muxes := 6     
	   7 Input     16 Bit        Muxes := 1     
	   8 Input     16 Bit        Muxes := 1     
	   2 Input      8 Bit        Muxes := 9     
	   2 Input      7 Bit        Muxes := 1     
	   8 Input      7 Bit        Muxes := 1     
	   5 Input      1 Bit        Muxes := 1     
	   4 Input      1 Bit        Muxes := 1     
	   2 Input      1 Bit        Muxes := 6     
	   6 Input      1 Bit        Muxes := 1     
	  10 Input      1 Bit        Muxes := 2     
	   3 Input      1 Bit        Muxes := 1     
	  11 Input      1 Bit        Muxes := 1     
Module clocks 
Detailed RTL Component Info : 
+---Muxes : 
	   2 Input      4 Bit        Muxes := 1     
	   3 Input      4 Bit        Muxes := 1     
	   3 Input      2 Bit        Muxes := 1     
	   2 Input      2 Bit        Muxes := 1     
---------------------------------------------------------------------------------
Finished RTL Hierarchical Component Statistics
---------------------------------------------------------------------------------
---------------------------------------------------------------------------------
Start Part Resource Summary
---------------------------------------------------------------------------------
Part Resources:
DSPs: 240 (col length:80)
BRAMs: 270 (col length: RAMB18 80 RAMB36 40)
---------------------------------------------------------------------------------
Finished Part Resource Summary
---------------------------------------------------------------------------------
---------------------------------------------------------------------------------
Start Cross Boundary and Area Optimization
---------------------------------------------------------------------------------
INFO: [Synth 8-5546] ROM "col" won't be mapped to RAM because it is too sparse
INFO: [Synth 8-5546] ROM "busy" won't be mapped to RAM because it is too sparse
INFO: [Synth 8-5546] ROM "kernel_bits" won't be mapped to RAM because it is too sparse
INFO: [Synth 8-5546] ROM "seg_start_reg" won't be mapped to RAM because it is too sparse
INFO: [Synth 8-5546] ROM "seg_len_reg" won't be mapped to RAM because it is too sparse
INFO: [Synth 8-5546] ROM "go_pulse_usb" won't be mapped to RAM because it is too sparse
WARNING: [Synth 8-3917] design cw305_leakage_rgb_top has port led2 driven by constant 0
WARNING: [Synth 8-3331] design cw305_reg_linebuf_rgb has unconnected port reg_read
WARNING: [Synth 8-3331] design cw305_leakage_rgb_top has unconnected port k15_sel
WARNING: [Synth 8-3331] design cw305_leakage_rgb_top has unconnected port l14_sel
INFO: [Synth 8-3886] merging instance 'U_reg/U_core/prod_reg_reg[26][8]' (FDRE) to 'U_reg/U_core/prod_reg_reg[26][9]'
INFO: [Synth 8-3886] merging instance 'U_reg/U_core/prod_reg_reg[26][9]' (FDRE) to 'U_reg/U_core/prod_reg_reg[26][10]'
INFO: [Synth 8-3886] merging instance 'U_reg/U_core/prod_reg_reg[26][10]' (FDRE) to 'U_reg/U_core/prod_reg_reg[26][11]'
INFO: [Synth 8-3886] merging instance 'U_reg/U_core/prod_reg_reg[26][11]' (FDRE) to 'U_reg/U_core/prod_reg_reg[26][12]'
INFO: [Synth 8-3886] merging instance 'U_reg/U_core/prod_reg_reg[26][12]' (FDRE) to 'U_reg/U_core/prod_reg_reg[26][13]'
INFO: [Synth 8-3886] merging instance 'U_reg/U_core/prod_reg_reg[26][13]' (FDRE) to 'U_reg/U_core/prod_reg_reg[26][14]'
INFO: [Synth 8-3886] merging instance 'U_reg/U_core/prod_reg_reg[26][14]' (FDRE) to 'U_reg/U_core/prod_reg_reg[26][15]'
INFO: [Synth 8-3886] merging instance 'U_reg/U_core/prod_reg_reg[25][8]' (FDRE) to 'U_reg/U_core/prod_reg_reg[25][9]'
INFO: [Synth 8-3886] merging instance 'U_reg/U_core/prod_reg_reg[25][9]' (FDRE) to 'U_reg/U_core/prod_reg_reg[25][10]'
INFO: [Synth 8-3886] merging instance 'U_reg/U_core/prod_reg_reg[25][10]' (FDRE) to 'U_reg/U_core/prod_reg_reg[25][11]'
INFO: [Synth 8-3886] merging instance 'U_reg/U_core/prod_reg_reg[25][11]' (FDRE) to 'U_reg/U_core/prod_reg_reg[25][12]'
INFO: [Synth 8-3886] merging instance 'U_reg/U_core/prod_reg_reg[25][12]' (FDRE) to 'U_reg/U_core/prod_reg_reg[25][13]'
INFO: [Synth 8-3886] merging instance 'U_reg/U_core/prod_reg_reg[25][13]' (FDRE) to 'U_reg/U_core/prod_reg_reg[25][14]'
INFO: [Synth 8-3886] merging instance 'U_reg/U_core/prod_reg_reg[25][14]' (FDRE) to 'U_reg/U_core/prod_reg_reg[25][15]'
INFO: [Synth 8-3886] merging instance 'U_reg/U_core/prod_reg_reg[24][8]' (FDRE) to 'U_reg/U_core/prod_reg_reg[24][9]'
INFO: [Synth 8-3886] merging instance 'U_reg/U_core/prod_reg_reg[24][9]' (FDRE) to 'U_reg/U_core/prod_reg_reg[24][10]'
INFO: [Synth 8-3886] merging instance 'U_reg/U_core/prod_reg_reg[24][10]' (FDRE) to 'U_reg/U_core/prod_reg_reg[24][11]'
INFO: [Synth 8-3886] merging instance 'U_reg/U_core/prod_reg_reg[24][11]' (FDRE) to 'U_reg/U_core/prod_reg_reg[24][12]'
INFO: [Synth 8-3886] merging instance 'U_reg/U_core/prod_reg_reg[24][12]' (FDRE) to 'U_reg/U_core/prod_reg_reg[24][13]'
INFO: [Synth 8-3886] merging instance 'U_reg/U_core/prod_reg_reg[24][13]' (FDRE) to 'U_reg/U_core/prod_reg_reg[24][14]'
INFO: [Synth 8-3886] merging instance 'U_reg/U_core/prod_reg_reg[24][14]' (FDRE) to 'U_reg/U_core/prod_reg_reg[24][15]'
INFO: [Synth 8-3886] merging instance 'U_reg/U_core/prod_reg_reg[23][8]' (FDRE) to 'U_reg/U_core/prod_reg_reg[23][9]'
INFO: [Synth 8-3886] merging instance 'U_reg/U_core/prod_reg_reg[23][9]' (FDRE) to 'U_reg/U_core/prod_reg_reg[23][10]'
INFO: [Synth 8-3886] merging instance 'U_reg/U_core/prod_reg_reg[23][10]' (FDRE) to 'U_reg/U_core/prod_reg_reg[23][11]'
INFO: [Synth 8-3886] merging instance 'U_reg/U_core/prod_reg_reg[23][11]' (FDRE) to 'U_reg/U_core/prod_reg_reg[23][12]'
INFO: [Synth 8-3886] merging instance 'U_reg/U_core/prod_reg_reg[23][12]' (FDRE) to 'U_reg/U_core/prod_reg_reg[23][13]'
INFO: [Synth 8-3886] merging instance 'U_reg/U_core/prod_reg_reg[23][13]' (FDRE) to 'U_reg/U_core/prod_reg_reg[23][14]'
INFO: [Synth 8-3886] merging instance 'U_reg/U_core/prod_reg_reg[23][14]' (FDRE) to 'U_reg/U_core/prod_reg_reg[23][15]'
INFO: [Synth 8-3886] merging instance 'U_reg/U_core/prod_reg_reg[22][8]' (FDRE) to 'U_reg/U_core/prod_reg_reg[22][9]'
INFO: [Synth 8-3886] merging instance 'U_reg/U_core/prod_reg_reg[22][9]' (FDRE) to 'U_reg/U_core/prod_reg_reg[22][10]'
INFO: [Synth 8-3886] merging instance 'U_reg/U_core/prod_reg_reg[22][10]' (FDRE) to 'U_reg/U_core/prod_reg_reg[22][11]'
INFO: [Synth 8-3886] merging instance 'U_reg/U_core/prod_reg_reg[22][11]' (FDRE) to 'U_reg/U_core/prod_reg_reg[22][12]'
INFO: [Synth 8-3886] merging instance 'U_reg/U_core/prod_reg_reg[22][12]' (FDRE) to 'U_reg/U_core/prod_reg_reg[22][13]'
INFO: [Synth 8-3886] merging instance 'U_reg/U_core/prod_reg_reg[22][13]' (FDRE) to 'U_reg/U_core/prod_reg_reg[22][14]'
INFO: [Synth 8-3886] merging instance 'U_reg/U_core/prod_reg_reg[22][14]' (FDRE) to 'U_reg/U_core/prod_reg_reg[22][15]'
INFO: [Synth 8-3886] merging instance 'U_reg/U_core/prod_reg_reg[21][8]' (FDRE) to 'U_reg/U_core/prod_reg_reg[21][9]'
INFO: [Synth 8-3886] merging instance 'U_reg/U_core/prod_reg_reg[21][9]' (FDRE) to 'U_reg/U_core/prod_reg_reg[21][10]'
INFO: [Synth 8-3886] merging instance 'U_reg/U_core/prod_reg_reg[21][10]' (FDRE) to 'U_reg/U_core/prod_reg_reg[21][11]'
INFO: [Synth 8-3886] merging instance 'U_reg/U_core/prod_reg_reg[21][11]' (FDRE) to 'U_reg/U_core/prod_reg_reg[21][12]'
INFO: [Synth 8-3886] merging instance 'U_reg/U_core/prod_reg_reg[21][12]' (FDRE) to 'U_reg/U_core/prod_reg_reg[21][13]'
INFO: [Synth 8-3886] merging instance 'U_reg/U_core/prod_reg_reg[21][13]' (FDRE) to 'U_reg/U_core/prod_reg_reg[21][14]'
INFO: [Synth 8-3886] merging instance 'U_reg/U_core/prod_reg_reg[21][14]' (FDRE) to 'U_reg/U_core/prod_reg_reg[21][15]'
INFO: [Synth 8-3886] merging instance 'U_reg/U_core/prod_reg_reg[20][8]' (FDRE) to 'U_reg/U_core/prod_reg_reg[20][9]'
INFO: [Synth 8-3886] merging instance 'U_reg/U_core/prod_reg_reg[20][9]' (FDRE) to 'U_reg/U_core/prod_reg_reg[20][10]'
INFO: [Synth 8-3886] merging instance 'U_reg/U_core/prod_reg_reg[20][10]' (FDRE) to 'U_reg/U_core/prod_reg_reg[20][11]'
INFO: [Synth 8-3886] merging instance 'U_reg/U_core/prod_reg_reg[20][11]' (FDRE) to 'U_reg/U_core/prod_reg_reg[20][12]'
INFO: [Synth 8-3886] merging instance 'U_reg/U_core/prod_reg_reg[20][12]' (FDRE) to 'U_reg/U_core/prod_reg_reg[20][13]'
INFO: [Synth 8-3886] merging instance 'U_reg/U_core/prod_reg_reg[20][13]' (FDRE) to 'U_reg/U_core/prod_reg_reg[20][14]'
INFO: [Synth 8-3886] merging instance 'U_reg/U_core/prod_reg_reg[20][14]' (FDRE) to 'U_reg/U_core/prod_reg_reg[20][15]'
INFO: [Synth 8-3886] merging instance 'U_reg/U_core/prod_reg_reg[19][8]' (FDRE) to 'U_reg/U_core/prod_reg_reg[19][9]'
INFO: [Synth 8-3886] merging instance 'U_reg/U_core/prod_reg_reg[19][9]' (FDRE) to 'U_reg/U_core/prod_reg_reg[19][10]'
INFO: [Synth 8-3886] merging instance 'U_reg/U_core/prod_reg_reg[19][10]' (FDRE) to 'U_reg/U_core/prod_reg_reg[19][11]'
INFO: [Synth 8-3886] merging instance 'U_reg/U_core/prod_reg_reg[19][11]' (FDRE) to 'U_reg/U_core/prod_reg_reg[19][12]'
INFO: [Synth 8-3886] merging instance 'U_reg/U_core/prod_reg_reg[19][12]' (FDRE) to 'U_reg/U_core/prod_reg_reg[19][13]'
INFO: [Synth 8-3886] merging instance 'U_reg/U_core/prod_reg_reg[19][13]' (FDRE) to 'U_reg/U_core/prod_reg_reg[19][14]'
INFO: [Synth 8-3886] merging instance 'U_reg/U_core/prod_reg_reg[19][14]' (FDRE) to 'U_reg/U_core/prod_reg_reg[19][15]'
INFO: [Synth 8-3886] merging instance 'U_reg/U_core/prod_reg_reg[18][8]' (FDRE) to 'U_reg/U_core/prod_reg_reg[18][9]'
INFO: [Synth 8-3886] merging instance 'U_reg/U_core/prod_reg_reg[18][9]' (FDRE) to 'U_reg/U_core/prod_reg_reg[18][10]'
INFO: [Synth 8-3886] merging instance 'U_reg/U_core/prod_reg_reg[18][10]' (FDRE) to 'U_reg/U_core/prod_reg_reg[18][11]'
INFO: [Synth 8-3886] merging instance 'U_reg/U_core/prod_reg_reg[18][11]' (FDRE) to 'U_reg/U_core/prod_reg_reg[18][12]'
INFO: [Synth 8-3886] merging instance 'U_reg/U_core/prod_reg_reg[18][12]' (FDRE) to 'U_reg/U_core/prod_reg_reg[18][13]'
INFO: [Synth 8-3886] merging instance 'U_reg/U_core/prod_reg_reg[18][13]' (FDRE) to 'U_reg/U_core/prod_reg_reg[18][14]'
INFO: [Synth 8-3886] merging instance 'U_reg/U_core/prod_reg_reg[18][14]' (FDRE) to 'U_reg/U_core/prod_reg_reg[18][15]'
INFO: [Synth 8-3886] merging instance 'U_reg/U_core/prod_reg_reg[17][8]' (FDRE) to 'U_reg/U_core/prod_reg_reg[17][9]'
INFO: [Synth 8-3886] merging instance 'U_reg/U_core/prod_reg_reg[17][9]' (FDRE) to 'U_reg/U_core/prod_reg_reg[17][10]'
INFO: [Synth 8-3886] merging instance 'U_reg/U_core/prod_reg_reg[17][10]' (FDRE) to 'U_reg/U_core/prod_reg_reg[17][11]'
INFO: [Synth 8-3886] merging instance 'U_reg/U_core/prod_reg_reg[17][11]' (FDRE) to 'U_reg/U_core/prod_reg_reg[17][12]'
INFO: [Synth 8-3886] merging instance 'U_reg/U_core/prod_reg_reg[17][12]' (FDRE) to 'U_reg/U_core/prod_reg_reg[17][13]'
INFO: [Synth 8-3886] merging instance 'U_reg/U_core/prod_reg_reg[17][13]' (FDRE) to 'U_reg/U_core/prod_reg_reg[17][14]'
INFO: [Synth 8-3886] merging instance 'U_reg/U_core/prod_reg_reg[17][14]' (FDRE) to 'U_reg/U_core/prod_reg_reg[17][15]'
INFO: [Synth 8-3886] merging instance 'U_reg/U_core/prod_reg_reg[16][8]' (FDRE) to 'U_reg/U_core/prod_reg_reg[16][9]'
INFO: [Synth 8-3886] merging instance 'U_reg/U_core/prod_reg_reg[16][9]' (FDRE) to 'U_reg/U_core/prod_reg_reg[16][10]'
INFO: [Synth 8-3886] merging instance 'U_reg/U_core/prod_reg_reg[16][10]' (FDRE) to 'U_reg/U_core/prod_reg_reg[16][11]'
INFO: [Synth 8-3886] merging instance 'U_reg/U_core/prod_reg_reg[16][11]' (FDRE) to 'U_reg/U_core/prod_reg_reg[16][12]'
INFO: [Synth 8-3886] merging instance 'U_reg/U_core/prod_reg_reg[16][12]' (FDRE) to 'U_reg/U_core/prod_reg_reg[16][13]'
INFO: [Synth 8-3886] merging instance 'U_reg/U_core/prod_reg_reg[16][13]' (FDRE) to 'U_reg/U_core/prod_reg_reg[16][14]'
INFO: [Synth 8-3886] merging instance 'U_reg/U_core/prod_reg_reg[16][14]' (FDRE) to 'U_reg/U_core/prod_reg_reg[16][15]'
INFO: [Synth 8-3886] merging instance 'U_reg/U_core/prod_reg_reg[15][8]' (FDRE) to 'U_reg/U_core/prod_reg_reg[15][9]'
INFO: [Synth 8-3886] merging instance 'U_reg/U_core/prod_reg_reg[15][9]' (FDRE) to 'U_reg/U_core/prod_reg_reg[15][10]'
INFO: [Synth 8-3886] merging instance 'U_reg/U_core/prod_reg_reg[15][10]' (FDRE) to 'U_reg/U_core/prod_reg_reg[15][11]'
INFO: [Synth 8-3886] merging instance 'U_reg/U_core/prod_reg_reg[15][11]' (FDRE) to 'U_reg/U_core/prod_reg_reg[15][12]'
INFO: [Synth 8-3886] merging instance 'U_reg/U_core/prod_reg_reg[15][12]' (FDRE) to 'U_reg/U_core/prod_reg_reg[15][13]'
INFO: [Synth 8-3886] merging instance 'U_reg/U_core/prod_reg_reg[15][13]' (FDRE) to 'U_reg/U_core/prod_reg_reg[15][14]'
INFO: [Synth 8-3886] merging instance 'U_reg/U_core/prod_reg_reg[15][14]' (FDRE) to 'U_reg/U_core/prod_reg_reg[15][15]'
INFO: [Synth 8-3886] merging instance 'U_reg/U_core/prod_reg_reg[14][8]' (FDRE) to 'U_reg/U_core/prod_reg_reg[14][9]'
INFO: [Synth 8-3886] merging instance 'U_reg/U_core/prod_reg_reg[14][9]' (FDRE) to 'U_reg/U_core/prod_reg_reg[14][10]'
INFO: [Synth 8-3886] merging instance 'U_reg/U_core/prod_reg_reg[14][10]' (FDRE) to 'U_reg/U_core/prod_reg_reg[14][11]'
INFO: [Synth 8-3886] merging instance 'U_reg/U_core/prod_reg_reg[14][11]' (FDRE) to 'U_reg/U_core/prod_reg_reg[14][12]'
INFO: [Synth 8-3886] merging instance 'U_reg/U_core/prod_reg_reg[14][12]' (FDRE) to 'U_reg/U_core/prod_reg_reg[14][13]'
INFO: [Synth 8-3886] merging instance 'U_reg/U_core/prod_reg_reg[14][13]' (FDRE) to 'U_reg/U_core/prod_reg_reg[14][14]'
INFO: [Synth 8-3886] merging instance 'U_reg/U_core/prod_reg_reg[14][14]' (FDRE) to 'U_reg/U_core/prod_reg_reg[14][15]'
INFO: [Synth 8-3886] merging instance 'U_reg/U_core/prod_reg_reg[13][8]' (FDRE) to 'U_reg/U_core/prod_reg_reg[13][9]'
INFO: [Synth 8-3886] merging instance 'U_reg/U_core/prod_reg_reg[13][9]' (FDRE) to 'U_reg/U_core/prod_reg_reg[13][10]'
INFO: [Synth 8-3886] merging instance 'U_reg/U_core/prod_reg_reg[13][10]' (FDRE) to 'U_reg/U_core/prod_reg_reg[13][11]'
INFO: [Synth 8-3886] merging instance 'U_reg/U_core/prod_reg_reg[13][11]' (FDRE) to 'U_reg/U_core/prod_reg_reg[13][12]'
INFO: [Synth 8-3886] merging instance 'U_reg/U_core/prod_reg_reg[13][12]' (FDRE) to 'U_reg/U_core/prod_reg_reg[13][13]'
INFO: [Synth 8-3886] merging instance 'U_reg/U_core/prod_reg_reg[13][13]' (FDRE) to 'U_reg/U_core/prod_reg_reg[13][14]'
INFO: [Synth 8-3886] merging instance 'U_reg/U_core/prod_reg_reg[13][14]' (FDRE) to 'U_reg/U_core/prod_reg_reg[13][15]'
INFO: [Synth 8-3886] merging instance 'U_reg/U_core/prod_reg_reg[12][8]' (FDRE) to 'U_reg/U_core/prod_reg_reg[12][9]'
INFO: [Synth 8-3886] merging instance 'U_reg/U_core/prod_reg_reg[12][9]' (FDRE) to 'U_reg/U_core/prod_reg_reg[12][10]'
INFO: [Common 17-14] Message 'Synth 8-3886' appears 100 times and further instances of the messages will be disabled. Use the Tcl command set_msg_config to change the current settings.
WARNING: [Synth 8-3332] Sequential element (prod_reg_reg[26][15]) is unused and will be removed from module rgb_linebuf_core.
WARNING: [Synth 8-3332] Sequential element (prod_reg_reg[25][15]) is unused and will be removed from module rgb_linebuf_core.
WARNING: [Synth 8-3332] Sequential element (prod_reg_reg[24][15]) is unused and will be removed from module rgb_linebuf_core.
WARNING: [Synth 8-3332] Sequential element (prod_reg_reg[23][15]) is unused and will be removed from module rgb_linebuf_core.
WARNING: [Synth 8-3332] Sequential element (prod_reg_reg[22][15]) is unused and will be removed from module rgb_linebuf_core.
WARNING: [Synth 8-3332] Sequential element (prod_reg_reg[21][15]) is unused and will be removed from module rgb_linebuf_core.
WARNING: [Synth 8-3332] Sequential element (prod_reg_reg[20][15]) is unused and will be removed from module rgb_linebuf_core.
WARNING: [Synth 8-3332] Sequential element (prod_reg_reg[19][15]) is unused and will be removed from module rgb_linebuf_core.
WARNING: [Synth 8-3332] Sequential element (prod_reg_reg[18][15]) is unused and will be removed from module rgb_linebuf_core.
WARNING: [Synth 8-3332] Sequential element (prod_reg_reg[17][15]) is unused and will be removed from module rgb_linebuf_core.
WARNING: [Synth 8-3332] Sequential element (prod_reg_reg[16][15]) is unused and will be removed from module rgb_linebuf_core.
WARNING: [Synth 8-3332] Sequential element (prod_reg_reg[15][15]) is unused and will be removed from module rgb_linebuf_core.
WARNING: [Synth 8-3332] Sequential element (prod_reg_reg[14][15]) is unused and will be removed from module rgb_linebuf_core.
WARNING: [Synth 8-3332] Sequential element (prod_reg_reg[13][15]) is unused and will be removed from module rgb_linebuf_core.
WARNING: [Synth 8-3332] Sequential element (prod_reg_reg[12][15]) is unused and will be removed from module rgb_linebuf_core.
WARNING: [Synth 8-3332] Sequential element (prod_reg_reg[11][15]) is unused and will be removed from module rgb_linebuf_core.
WARNING: [Synth 8-3332] Sequential element (prod_reg_reg[10][15]) is unused and will be removed from module rgb_linebuf_core.
WARNING: [Synth 8-3332] Sequential element (prod_reg_reg[9][15]) is unused and will be removed from module rgb_linebuf_core.
WARNING: [Synth 8-3332] Sequential element (prod_reg_reg[8][15]) is unused and will be removed from module rgb_linebuf_core.
WARNING: [Synth 8-3332] Sequential element (prod_reg_reg[7][15]) is unused and will be removed from module rgb_linebuf_core.
WARNING: [Synth 8-3332] Sequential element (prod_reg_reg[6][15]) is unused and will be removed from module rgb_linebuf_core.
WARNING: [Synth 8-3332] Sequential element (prod_reg_reg[5][15]) is unused and will be removed from module rgb_linebuf_core.
WARNING: [Synth 8-3332] Sequential element (prod_reg_reg[4][15]) is unused and will be removed from module rgb_linebuf_core.
WARNING: [Synth 8-3332] Sequential element (prod_reg_reg[3][15]) is unused and will be removed from module rgb_linebuf_core.
WARNING: [Synth 8-3332] Sequential element (prod_reg_reg[2][15]) is unused and will be removed from module rgb_linebuf_core.
WARNING: [Synth 8-3332] Sequential element (prod_reg_reg[1][15]) is unused and will be removed from module rgb_linebuf_core.
WARNING: [Synth 8-3332] Sequential element (prod_reg_reg[0][15]) is unused and will be removed from module rgb_linebuf_core.
WARNING: [Synth 8-3332] Sequential element (U_usb_reg_fe/reg_read_reg) is unused and will be removed from module cw305_leakage_rgb_top.
INFO: [Synth 8-3333] propagating constant 0 across sequential element (\U_reg/O_user_led_reg )
WARNING: [Synth 8-3332] Sequential element (col_reg[5]) is unused and will be removed from module rgb_linebuf_core.
WARNING: [Synth 8-3332] Sequential element (U_reg/O_user_led_reg) is unused and will be removed from module cw305_leakage_rgb_top.
---------------------------------------------------------------------------------
Finished Cross Boundary and Area Optimization : Time (s): cpu = 00:00:46 ; elapsed = 00:00:55 . Memory (MB): peak = 640.004 ; gain = 430.137
---------------------------------------------------------------------------------
---------------------------------------------------------------------------------
Start ROM, RAM, DSP and Shift Register Reporting
---------------------------------------------------------------------------------

Block RAM: Preliminary Mapping  Report (see note below)
+----------------------+---------------------+------------------------+---+---+------------------------+---+---+------------------+--------+--------+
|Module Name           | RTL Object          | PORT A (Depth x Width) | W | R | PORT B (Depth x Width) | W | R | Ports driving FF | RAMB18 | RAMB36 | 
+----------------------+---------------------+------------------------+---+---+------------------------+---+---+------------------+--------+--------+
|cw305_leakage_rgb_top | U_reg/image_mem_reg | 1 K x 32(READ_FIRST)   | W | R | 1 K x 24(WRITE_FIRST)  |   | R | Port A and B     | 4      | 0      | 
+----------------------+---------------------+------------------------+---+---+------------------------+---+---+------------------+--------+--------+

Note: The table above is a preliminary report that shows the Block RAMs at the current stage of the synthesis flow. Some Block RAMs may be reimplemented as non Block RAM primitives later in the synthesis flow. Multiple instantiated Block RAMs are reported only once. 

Distributed RAM: Preliminary Mapping  Report (see note below)
+----------------------+-------------------+-----------+----------------------+------------------------------+
|Module Name           | RTL Object        | Inference | Size (Depth x Width) | Primitives                   | 
+----------------------+-------------------+-----------+----------------------+------------------------------+
|cw305_leakage_rgb_top | U_reg/out_mem_reg | Implied   | 1 K x 16             | RAM64X1D x 15  RAM64M x 75   | 
+----------------------+-------------------+-----------+----------------------+------------------------------+

Note: The table above is a preliminary report that shows the Distributed RAMs at the current stage of the synthesis flow. Some Distributed RAMs may be reimplemented as non Distributed RAM primitives later in the synthesis flow. Multiple instantiated RAMs are reported only once.
---------------------------------------------------------------------------------
Finished ROM, RAM, DSP and Shift Register Reporting
---------------------------------------------------------------------------------

Report RTL Partitions: 
+-+--------------+------------+----------+
| |RTL Partition |Replication |Instances |
+-+--------------+------------+----------+
+-+--------------+------------+----------+
---------------------------------------------------------------------------------
Start Timing Optimization
---------------------------------------------------------------------------------
---------------------------------------------------------------------------------
Start Applying XDC Timing Constraints
---------------------------------------------------------------------------------
---------------------------------------------------------------------------------
Finished Applying XDC Timing Constraints : Time (s): cpu = 00:01:05 ; elapsed = 00:01:17 . Memory (MB): peak = 640.004 ; gain = 430.137
---------------------------------------------------------------------------------
---------------------------------------------------------------------------------
Finished Timing Optimization : Time (s): cpu = 00:01:15 ; elapsed = 00:01:28 . Memory (MB): peak = 709.711 ; gain = 499.844
---------------------------------------------------------------------------------

Report RTL Partitions: 
+-+--------------+------------+----------+
| |RTL Partition |Replication |Instances |
+-+--------------+------------+----------+
+-+--------------+------------+----------+
---------------------------------------------------------------------------------
Start Technology Mapping
---------------------------------------------------------------------------------
INFO: [Synth 8-4480] The timing for the instance U_reg/image_mem_reg_0 (implemented as a block RAM) might be sub-optimal as no optional output register could be merged into the block ram. Providing additional output register may help in improving timing.
INFO: [Synth 8-4480] The timing for the instance U_reg/image_mem_reg_1 (implemented as a block RAM) might be sub-optimal as no optional output register could be merged into the block ram. Providing additional output register may help in improving timing.
INFO: [Synth 8-4480] The timing for the instance U_reg/image_mem_reg_2 (implemented as a block RAM) might be sub-optimal as no optional output register could be merged into the block ram. Providing additional output register may help in improving timing.
---------------------------------------------------------------------------------
Finished Technology Mapping : Time (s): cpu = 00:01:18 ; elapsed = 00:01:31 . Memory (MB): peak = 709.711 ; gain = 499.844
---------------------------------------------------------------------------------

Report RTL Partitions: 
+-+--------------+------------+----------+
| |RTL Partition |Replication |Instances |
+-+--------------+------------+----------+
+-+--------------+------------+----------+
---------------------------------------------------------------------------------
Start IO Insertion
---------------------------------------------------------------------------------
---------------------------------------------------------------------------------
Start Flattening Before IO Insertion
---------------------------------------------------------------------------------
---------------------------------------------------------------------------------
Finished Flattening Before IO Insertion
---------------------------------------------------------------------------------
---------------------------------------------------------------------------------
Start Final Netlist Cleanup
---------------------------------------------------------------------------------
---------------------------------------------------------------------------------
Finished Final Netlist Cleanup
---------------------------------------------------------------------------------
---------------------------------------------------------------------------------
Finished IO Insertion : Time (s): cpu = 00:01:19 ; elapsed = 00:01:33 . Memory (MB): peak = 709.711 ; gain = 499.844
---------------------------------------------------------------------------------

Report Check Netlist: 
+------+------------------+-------+---------+-------+------------------+
|      |Item              |Errors |Warnings |Status |Description       |
+------+------------------+-------+---------+-------+------------------+
|1     |multi_driven_nets |      0|        0|Passed |Multi driven nets |
+------+------------------+-------+---------+-------+------------------+
---------------------------------------------------------------------------------
Start Renaming Generated Instances
---------------------------------------------------------------------------------
---------------------------------------------------------------------------------
Finished Renaming Generated Instances : Time (s): cpu = 00:01:19 ; elapsed = 00:01:33 . Memory (MB): peak = 709.711 ; gain = 499.844
---------------------------------------------------------------------------------

Report RTL Partitions: 
+-+--------------+------------+----------+
| |RTL Partition |Replication |Instances |
+-+--------------+------------+----------+
+-+--------------+------------+----------+
---------------------------------------------------------------------------------
Start Rebuilding User Hierarchy
---------------------------------------------------------------------------------
---------------------------------------------------------------------------------
Finished Rebuilding User Hierarchy : Time (s): cpu = 00:01:20 ; elapsed = 00:01:34 . Memory (MB): peak = 709.711 ; gain = 499.844
---------------------------------------------------------------------------------
---------------------------------------------------------------------------------
Start Renaming Generated Ports
---------------------------------------------------------------------------------
---------------------------------------------------------------------------------
Finished Renaming Generated Ports : Time (s): cpu = 00:01:20 ; elapsed = 00:01:34 . Memory (MB): peak = 709.711 ; gain = 499.844
---------------------------------------------------------------------------------
---------------------------------------------------------------------------------
Start Handling Custom Attributes
---------------------------------------------------------------------------------
---------------------------------------------------------------------------------
Finished Handling Custom Attributes : Time (s): cpu = 00:01:20 ; elapsed = 00:01:34 . Memory (MB): peak = 709.711 ; gain = 499.844
---------------------------------------------------------------------------------
---------------------------------------------------------------------------------
Start Renaming Generated Nets
---------------------------------------------------------------------------------
---------------------------------------------------------------------------------
Finished Renaming Generated Nets : Time (s): cpu = 00:01:20 ; elapsed = 00:01:34 . Memory (MB): peak = 709.711 ; gain = 499.844
---------------------------------------------------------------------------------
---------------------------------------------------------------------------------
Start ROM, RAM, DSP and Shift Register Reporting
---------------------------------------------------------------------------------

Static Shift Register Report:
+----------------------+--------------------------------+--------+-------+--------------+--------------------+-------------------+--------+---------+
|Module Name           | RTL Name                       | Length | Width | Reset Signal | Pull out first Reg | Pull out last Reg | SRL16E | SRLC32E | 
+----------------------+--------------------------------+--------+-------+--------------+--------------------+-------------------+--------+---------+
|cw305_leakage_rgb_top | U_reg/U_core/win_reg[1][2][23] | 30     | 48    | YES          | NO                 | YES               | 0      | 48      | 
+----------------------+--------------------------------+--------+-------+--------------+--------------------+-------------------+--------+---------+

---------------------------------------------------------------------------------
Finished ROM, RAM, DSP and Shift Register Reporting
---------------------------------------------------------------------------------
---------------------------------------------------------------------------------
Start Writing Synthesis Report
---------------------------------------------------------------------------------

Report BlackBoxes: 
+-+--------------+----------+
| |BlackBox name |Instances |
+-+--------------+----------+
+-+--------------+----------+

Report Cell Usage: 
+------+-------------+------+
|      |Cell         |Count |
+------+-------------+------+
|1     |BUFG         |     1|
|2     |BUFGMUX_CTRL |     1|
|3     |CARRY4       |    97|
|4     |LUT1         |   127|
|5     |LUT2         |   195|
|6     |LUT3         |   229|
|7     |LUT4         |   330|
|8     |LUT5         |   265|
|9     |LUT6         |   386|
|10    |MUXF7        |    32|
|11    |MUXF8        |    16|
|12    |ODDR         |     1|
|13    |RAM64M       |    75|
|14    |RAM64X1D     |    15|
|15    |RAMB18E1     |     3|
|16    |SRLC32E      |    48|
|17    |FDCE         |     4|
|18    |FDRE         |   911|
|19    |IBUF         |    28|
|20    |IBUFG        |     1|
|21    |IOBUF        |     8|
|22    |OBUF         |     5|
+------+-------------+------+

Report Instance Areas: 
+------+---------------+----------------------+------+
|      |Instance       |Module                |Cells |
+------+---------------+----------------------+------+
|1     |top            |                      |  2778|
|2     |  U_clocks     |clocks                |     4|
|3     |  U_reg        |cw305_reg_linebuf_rgb |  2458|
|4     |    U_core     |rgb_linebuf_core      |  1775|
|5     |    U_go       |cdc_pulse             |     8|
|6     |  U_usb_reg_fe |cw305_usb_reg_fe      |   170|
+------+---------------+----------------------+------+
---------------------------------------------------------------------------------
Finished Writing Synthesis Report : Time (s): cpu = 00:01:20 ; elapsed = 00:01:34 . Memory (MB): peak = 709.711 ; gain = 499.844
---------------------------------------------------------------------------------
Synthesis finished with 0 errors, 0 critical warnings and 34 warnings.
Synthesis Optimization Runtime : Time (s): cpu = 00:00:58 ; elapsed = 00:01:15 . Memory (MB): peak = 709.711 ; gain = 181.203
Synthesis Optimization Complete : Time (s): cpu = 00:01:20 ; elapsed = 00:01:34 . Memory (MB): peak = 709.711 ; gain = 499.844
INFO: [Project 1-571] Translating synthesized netlist
INFO: [Netlist 29-17] Analyzing 229 Unisim elements for replacement
INFO: [Netlist 29-28] Unisim Transformation completed in 1 CPU seconds
INFO: [Project 1-570] Preparing netlist for logic optimization
INFO: [Opt 31-138] Pushed 0 inverter(s) to 0 load pin(s).
INFO: [Project 1-111] Unisim Transformation Summary:
  A total of 100 instances were transformed.
  BUFGMUX_CTRL => BUFGCTRL (inverted pins: S0): 1 instances
  IBUFG => IBUF: 1 instances
  IOBUF => IOBUF (IBUF, OBUFT): 8 instances
  RAM64M => RAM64M (RAMD64E, RAMD64E, RAMD64E, RAMD64E): 75 instances
  RAM64X1D => RAM64X1D (RAMD64E, RAMD64E): 15 instances

INFO: [Common 17-83] Releasing license: Synthesis
176 Infos, 40 Warnings, 0 Critical Warnings and 0 Errors encountered.
synth_design completed successfully
synth_design: Time (s): cpu = 00:01:19 ; elapsed = 00:01:31 . Memory (MB): peak = 709.711 ; gain = 499.844
INFO: [Common 17-1381] The checkpoint 'C:/Users/narut/OneDrive/Desktop/Project/bnn/build/vivado_leakage_rgblb_d8_s32/cw305_leakage_rgblb_d8_s32.runs/synth_1/cw305_leakage_rgb_top.dcp' has been generated.
report_utilization: Time (s): cpu = 00:00:00 ; elapsed = 00:00:00.065 . Memory (MB): peak = 709.711 ; gain = 0.000
INFO: [Common 17-206] Exiting Vivado at Fri Sep 11 14:35:44 2026...
[Fri Sep 11 14:35:45 2026] synth_1 finished
wait_on_run: Time (s): cpu = 00:00:00 ; elapsed = 00:01:45 . Memory (MB): peak = 221.383 ; gain = 5.445
# if {[get_property PROGRESS [get_runs synth_1]] != "100%"} {
#     error "Synthesis failed"
# }
# launch_runs impl_1 -to_step write_bitstream -jobs 4
[Fri Sep 11 14:35:45 2026] Launched impl_1...
Run output will be captured here: C:/Users/narut/OneDrive/Desktop/Project/bnn/build/vivado_leakage_rgblb_d8_s32/cw305_leakage_rgblb_d8_s32.runs/impl_1/runme.log
# wait_on_run impl_1
[Fri Sep 11 14:35:45 2026] Waiting for impl_1 to finish...

*** Running vivado
    with args -log cw305_leakage_rgb_top.vdi -applog -m64 -product Vivado -messageDb vivado.pb -mode batch -source cw305_leakage_rgb_top.tcl -notrace


****** Vivado v2016.4 (64-bit)
  **** SW Build 1756540 on Mon Jan 23 19:11:23 MST 2017
  **** IP Build 1755317 on Mon Jan 23 20:30:07 MST 2017
    ** Copyright 1986-2016 Xilinx, Inc. All Rights Reserved.

source cw305_leakage_rgb_top.tcl -notrace
Design is defaulting to srcset: sources_1
Design is defaulting to constrset: constrs_1
INFO: [Netlist 29-17] Analyzing 224 Unisim elements for replacement
INFO: [Netlist 29-28] Unisim Transformation completed in 0 CPU seconds
INFO: [Project 1-479] Netlist was created with Vivado 2016.4
INFO: [Device 21-403] Loading part xc7a100tftg256-2
INFO: [Project 1-570] Preparing netlist for logic optimization
Parsing XDC File [C:/Users/narut/ChipWhisperer/chipwhisperer/firmware/fpgas/aes/vivado/cw305.xdc]
Finished Parsing XDC File [C:/Users/narut/ChipWhisperer/chipwhisperer/firmware/fpgas/aes/vivado/cw305.xdc]
Parsing XDC File [C:/Users/narut/OneDrive/Desktop/Project/bnn/cw305/cw305_leakage_rgb.xdc]
INFO: [Timing 38-35] Done setting XDC timing constraints. [C:/Users/narut/OneDrive/Desktop/Project/bnn/cw305/cw305_leakage_rgb.xdc:16]
get_clocks: Time (s): cpu = 00:00:12 ; elapsed = 00:00:13 . Memory (MB): peak = 992.109 ; gain = 514.035
Finished Parsing XDC File [C:/Users/narut/OneDrive/Desktop/Project/bnn/cw305/cw305_leakage_rgb.xdc]
INFO: [Opt 31-138] Pushed 0 inverter(s) to 0 load pin(s).
INFO: [Project 1-111] Unisim Transformation Summary:
  A total of 98 instances were transformed.
  IOBUF => IOBUF (IBUF, OBUFT): 8 instances
  RAM64M => RAM64M (RAMD64E, RAMD64E, RAMD64E, RAMD64E): 75 instances
  RAM64X1D => RAM64X1D (RAMD64E, RAMD64E): 15 instances

link_design: Time (s): cpu = 00:00:21 ; elapsed = 00:00:23 . Memory (MB): peak = 992.109 ; gain = 782.398
INFO: [Vivado_Tcl 4-424] Cannot write hardware definition file as there are no IPI block design hardware handoff files present
Command: opt_design
Attempting to get a license for feature 'Implementation' and/or device 'xc7a100t'
INFO: [Common 17-349] Got license for feature 'Implementation' and/or device 'xc7a100t'
Running DRC as a precondition to command opt_design

Starting DRC Task
INFO: [DRC 23-27] Running DRC with 2 threads
INFO: [Project 1-461] DRC finished with 0 Errors
INFO: [Project 1-462] Please refer to the DRC report (report_drc) for more information.

Time (s): cpu = 00:00:01 ; elapsed = 00:00:00.690 . Memory (MB): peak = 992.109 ; gain = 0.000
INFO: [Timing 38-35] Done setting XDC timing constraints.

Starting Logic Optimization Task
Implement Debug Cores | Checksum: 1feb07ce0

Phase 1 Retarget
INFO: [Opt 31-138] Pushed 1 inverter(s) to 3 load pin(s).
INFO: [Opt 31-49] Retargeted 0 cell(s).
Phase 1 Retarget | Checksum: 13f3658e3

Time (s): cpu = 00:00:01 ; elapsed = 00:00:00.215 . Memory (MB): peak = 996.469 ; gain = 0.000

Phase 2 Constant propagation
INFO: [Opt 31-138] Pushed 0 inverter(s) to 0 load pin(s).
INFO: [Opt 31-10] Eliminated 0 cells.
Phase 2 Constant propagation | Checksum: 13f3658e3

Time (s): cpu = 00:00:01 ; elapsed = 00:00:00.316 . Memory (MB): peak = 996.469 ; gain = 0.000

Phase 3 Sweep
INFO: [Opt 31-12] Eliminated 281 unconnected nets.
INFO: [Opt 31-11] Eliminated 16 unconnected cells.
Phase 3 Sweep | Checksum: 23f201800

Time (s): cpu = 00:00:01 ; elapsed = 00:00:00.476 . Memory (MB): peak = 996.469 ; gain = 0.000

Phase 4 BUFG optimization
INFO: [Opt 31-12] Eliminated 0 unconnected nets.
INFO: [Opt 31-11] Eliminated 0 unconnected cells.
Phase 4 BUFG optimization | Checksum: 23f201800

Time (s): cpu = 00:00:01 ; elapsed = 00:00:00.756 . Memory (MB): peak = 996.469 ; gain = 0.000

Starting Connectivity Check Task

Time (s): cpu = 00:00:00 ; elapsed = 00:00:00.004 . Memory (MB): peak = 996.469 ; gain = 0.000
Ending Logic Optimization Task | Checksum: 23f201800

Time (s): cpu = 00:00:01 ; elapsed = 00:00:00.775 . Memory (MB): peak = 996.469 ; gain = 0.000

Starting Power Optimization Task
INFO: [Pwropt 34-132] Skipping clock gating for clocks with a period < 2.00 ns.
INFO: [Pwropt 34-9] Applying IDT optimizations ...
INFO: [Pwropt 34-10] Applying ODC optimizations ...
INFO: [Timing 38-35] Done setting XDC timing constraints.
Running Vector-less Activity Propagation...

Finished Running Vector-less Activity Propagation


Starting PowerOpt Patch Enables Task
INFO: [Pwropt 34-162] WRITE_MODE attribute of 0 BRAM(s) out of a total of 3 has been updated to save power. Run report_power_opt to get a complete listing of the BRAMs updated.
INFO: [Pwropt 34-201] Structural ODC has moved 0 WE to EN ports
Number of BRAM Ports augmented: 0 newly gated: 3 Total Ports: 6
Ending PowerOpt Patch Enables Task | Checksum: 1d1a9b3f8

Time (s): cpu = 00:00:00 ; elapsed = 00:00:00.025 . Memory (MB): peak = 1170.078 ; gain = 0.000
Ending Power Optimization Task | Checksum: 1d1a9b3f8

Time (s): cpu = 00:00:02 ; elapsed = 00:00:01 . Memory (MB): peak = 1170.078 ; gain = 173.609
INFO: [Common 17-83] Releasing license: Implementation
29 Infos, 0 Warnings, 0 Critical Warnings and 0 Errors encountered.
opt_design completed successfully
Writing placer database...
Writing XDEF routing.
Writing XDEF routing logical nets.
Writing XDEF routing special nets.
Write XDEF Complete: Time (s): cpu = 00:00:00 ; elapsed = 00:00:00.067 . Memory (MB): peak = 1170.078 ; gain = 0.000
INFO: [Common 17-1381] The checkpoint 'C:/Users/narut/OneDrive/Desktop/Project/bnn/build/vivado_leakage_rgblb_d8_s32/cw305_leakage_rgblb_d8_s32.runs/impl_1/cw305_leakage_rgb_top_opt.dcp' has been generated.
INFO: [DRC 23-27] Running DRC with 2 threads
INFO: [Coretcl 2-168] The results of DRC are in file C:/Users/narut/OneDrive/Desktop/Project/bnn/build/vivado_leakage_rgblb_d8_s32/cw305_leakage_rgblb_d8_s32.runs/impl_1/cw305_leakage_rgb_top_drc_opted.rpt.
INFO: [Chipscope 16-241] No debug cores found in the current design.
Before running the implement_debug_core command, either use the Set Up Debug wizard (GUI mode)
or use the create_debug_core and connect_debug_core Tcl commands to insert debug cores into the design.
Command: place_design
Attempting to get a license for feature 'Implementation' and/or device 'xc7a100t'
INFO: [Common 17-349] Got license for feature 'Implementation' and/or device 'xc7a100t'
INFO: [DRC 23-27] Running DRC with 2 threads
INFO: [Vivado_Tcl 4-198] DRC finished with 0 Errors
INFO: [Vivado_Tcl 4-199] Please refer to the DRC report (report_drc) for more information.
Running DRC as a precondition to command place_design
INFO: [DRC 23-27] Running DRC with 2 threads
INFO: [Vivado_Tcl 4-198] DRC finished with 0 Errors
INFO: [Vivado_Tcl 4-199] Please refer to the DRC report (report_drc) for more information.

Starting Placer Task
INFO: [Place 30-611] Multithreading enabled for place_design using a maximum of 2 CPUs

Phase 1 Placer Initialization
Netlist sorting complete. Time (s): cpu = 00:00:00 ; elapsed = 00:00:00.021 . Memory (MB): peak = 1170.078 ; gain = 0.000
INFO: [Timing 38-35] Done setting XDC timing constraints.
INFO: [Opt 31-138] Pushed 0 inverter(s) to 0 load pin(s).
Netlist sorting complete. Time (s): cpu = 00:00:00 ; elapsed = 00:00:00.007 . Memory (MB): peak = 1170.078 ; gain = 0.000

Phase 1.1 IO Placement/ Clock Placement/ Build Placer Device
INFO: [Timing 38-35] Done setting XDC timing constraints.
Phase 1.1 IO Placement/ Clock Placement/ Build Placer Device | Checksum: 164fd59da

Time (s): cpu = 00:00:03 ; elapsed = 00:00:03 . Memory (MB): peak = 1170.078 ; gain = 0.000

Phase 1.2 Build Placer Netlist Model
Phase 1.2 Build Placer Netlist Model | Checksum: 22fa668c1

Time (s): cpu = 00:00:05 ; elapsed = 00:00:05 . Memory (MB): peak = 1170.078 ; gain = 0.000

Phase 1.3 Constrain Clocks/Macros
Phase 1.3 Constrain Clocks/Macros | Checksum: 22fa668c1

Time (s): cpu = 00:00:05 ; elapsed = 00:00:05 . Memory (MB): peak = 1170.078 ; gain = 0.000
Phase 1 Placer Initialization | Checksum: 22fa668c1

Time (s): cpu = 00:00:06 ; elapsed = 00:00:05 . Memory (MB): peak = 1170.078 ; gain = 0.000

Phase 2 Global Placement
Phase 2 Global Placement | Checksum: 1f719aa84

Time (s): cpu = 00:00:17 ; elapsed = 00:00:12 . Memory (MB): peak = 1170.078 ; gain = 0.000

Phase 3 Detail Placement

Phase 3.1 Commit Multi Column Macros
Phase 3.1 Commit Multi Column Macros | Checksum: 1f719aa84

Time (s): cpu = 00:00:17 ; elapsed = 00:00:12 . Memory (MB): peak = 1170.078 ; gain = 0.000

Phase 3.2 Commit Most Macros & LUTRAMs
Phase 3.2 Commit Most Macros & LUTRAMs | Checksum: 1f852ac56

Time (s): cpu = 00:00:18 ; elapsed = 00:00:14 . Memory (MB): peak = 1170.078 ; gain = 0.000

Phase 3.3 Area Swap Optimization
Phase 3.3 Area Swap Optimization | Checksum: 1e03d474f

Time (s): cpu = 00:00:18 ; elapsed = 00:00:14 . Memory (MB): peak = 1170.078 ; gain = 0.000

Phase 3.4 Pipeline Register Optimization
Phase 3.4 Pipeline Register Optimization | Checksum: 208b3b194

Time (s): cpu = 00:00:18 ; elapsed = 00:00:14 . Memory (MB): peak = 1170.078 ; gain = 0.000

Phase 3.5 Timing Path Optimizer
Phase 3.5 Timing Path Optimizer | Checksum: 1ec9693e9

Time (s): cpu = 00:00:19 ; elapsed = 00:00:14 . Memory (MB): peak = 1170.078 ; gain = 0.000

Phase 3.6 Small Shape Detail Placement
Phase 3.6 Small Shape Detail Placement | Checksum: 18a0b3cd6

Time (s): cpu = 00:00:20 ; elapsed = 00:00:15 . Memory (MB): peak = 1170.078 ; gain = 0.000

Phase 3.7 Re-assign LUT pins
Phase 3.7 Re-assign LUT pins | Checksum: db821c93

Time (s): cpu = 00:00:20 ; elapsed = 00:00:15 . Memory (MB): peak = 1170.078 ; gain = 0.000

Phase 3.8 Pipeline Register Optimization
Phase 3.8 Pipeline Register Optimization | Checksum: db821c93

Time (s): cpu = 00:00:20 ; elapsed = 00:00:15 . Memory (MB): peak = 1170.078 ; gain = 0.000
Phase 3 Detail Placement | Checksum: db821c93

Time (s): cpu = 00:00:20 ; elapsed = 00:00:15 . Memory (MB): peak = 1170.078 ; gain = 0.000

Phase 4 Post Placement Optimization and Clean-Up

Phase 4.1 Post Commit Optimization
INFO: [Timing 38-35] Done setting XDC timing constraints.

Phase 4.1.1 Post Placement Optimization
INFO: [Place 30-746] Post Placement Timing Summary WNS=4.184. For the most accurate timing information please run report_timing.
Phase 4.1.1 Post Placement Optimization | Checksum: 9dae3dec

Time (s): cpu = 00:00:22 ; elapsed = 00:00:17 . Memory (MB): peak = 1170.078 ; gain = 0.000
Phase 4.1 Post Commit Optimization | Checksum: 9dae3dec

Time (s): cpu = 00:00:22 ; elapsed = 00:00:17 . Memory (MB): peak = 1170.078 ; gain = 0.000

Phase 4.2 Post Placement Cleanup
Phase 4.2 Post Placement Cleanup | Checksum: 9dae3dec

Time (s): cpu = 00:00:22 ; elapsed = 00:00:17 . Memory (MB): peak = 1170.078 ; gain = 0.000

Phase 4.3 Placer Reporting
Phase 4.3 Placer Reporting | Checksum: 9dae3dec

Time (s): cpu = 00:00:22 ; elapsed = 00:00:17 . Memory (MB): peak = 1170.078 ; gain = 0.000

Phase 4.4 Final Placement Cleanup
Phase 4.4 Final Placement Cleanup | Checksum: 44b29b81

Time (s): cpu = 00:00:22 ; elapsed = 00:00:17 . Memory (MB): peak = 1170.078 ; gain = 0.000
Phase 4 Post Placement Optimization and Clean-Up | Checksum: 44b29b81

Time (s): cpu = 00:00:22 ; elapsed = 00:00:17 . Memory (MB): peak = 1170.078 ; gain = 0.000
Ending Placer Task | Checksum: 1cd0c596

Time (s): cpu = 00:00:22 ; elapsed = 00:00:17 . Memory (MB): peak = 1170.078 ; gain = 0.000
INFO: [Common 17-83] Releasing license: Implementation
47 Infos, 0 Warnings, 0 Critical Warnings and 0 Errors encountered.
place_design completed successfully
place_design: Time (s): cpu = 00:00:27 ; elapsed = 00:00:19 . Memory (MB): peak = 1170.078 ; gain = 0.000
Writing placer database...
Writing XDEF routing.
Writing XDEF routing logical nets.
Writing XDEF routing special nets.
Write XDEF Complete: Time (s): cpu = 00:00:01 ; elapsed = 00:00:00.620 . Memory (MB): peak = 1170.078 ; gain = 0.000
INFO: [Common 17-1381] The checkpoint 'C:/Users/narut/OneDrive/Desktop/Project/bnn/build/vivado_leakage_rgblb_d8_s32/cw305_leakage_rgblb_d8_s32.runs/impl_1/cw305_leakage_rgb_top_placed.dcp' has been generated.
report_io: Time (s): cpu = 00:00:00 ; elapsed = 00:00:00.080 . Memory (MB): peak = 1170.078 ; gain = 0.000
report_utilization: Time (s): cpu = 00:00:00 ; elapsed = 00:00:00.066 . Memory (MB): peak = 1170.078 ; gain = 0.000
report_control_sets: Time (s): cpu = 00:00:00 ; elapsed = 00:00:00.011 . Memory (MB): peak = 1170.078 ; gain = 0.000
Command: route_design
Attempting to get a license for feature 'Implementation' and/or device 'xc7a100t'
INFO: [Common 17-349] Got license for feature 'Implementation' and/or device 'xc7a100t'
Running DRC as a precondition to command route_design
INFO: [DRC 23-27] Running DRC with 2 threads
INFO: [Vivado_Tcl 4-198] DRC finished with 0 Errors
INFO: [Vivado_Tcl 4-199] Please refer to the DRC report (report_drc) for more information.


Starting Routing Task
INFO: [Route 35-254] Multithreading enabled for route_design using a maximum of 2 CPUs
Checksum: PlaceDB: b34cdf1 ConstDB: 0 ShapeSum: 119bf7a5 RouteDB: 0

Phase 1 Build RT Design
Phase 1 Build RT Design | Checksum: 13bf9661c

Time (s): cpu = 00:00:54 ; elapsed = 00:00:50 . Memory (MB): peak = 1185.367 ; gain = 15.289

Phase 2 Router Initialization

Phase 2.1 Create Timer
Phase 2.1 Create Timer | Checksum: 13bf9661c

Time (s): cpu = 00:00:54 ; elapsed = 00:00:50 . Memory (MB): peak = 1185.367 ; gain = 15.289

Phase 2.2 Fix Topology Constraints
Phase 2.2 Fix Topology Constraints | Checksum: 13bf9661c

Time (s): cpu = 00:00:54 ; elapsed = 00:00:50 . Memory (MB): peak = 1185.367 ; gain = 15.289

Phase 2.3 Pre Route Cleanup
Phase 2.3 Pre Route Cleanup | Checksum: 13bf9661c

Time (s): cpu = 00:00:54 ; elapsed = 00:00:50 . Memory (MB): peak = 1185.367 ; gain = 15.289
 Number of Nodes with overlaps = 0

Phase 2.4 Update Timing
Phase 2.4 Update Timing | Checksum: 1df05a6ea

Time (s): cpu = 00:00:57 ; elapsed = 00:00:51 . Memory (MB): peak = 1185.367 ; gain = 15.289
INFO: [Route 35-416] Intermediate Timing Summary | WNS=4.270  | TNS=0.000  | WHS=-0.642 | THS=-55.148|

Phase 2 Router Initialization | Checksum: 19b08f1cf

Time (s): cpu = 00:00:57 ; elapsed = 00:00:52 . Memory (MB): peak = 1185.367 ; gain = 15.289

Phase 3 Initial Routing
Phase 3 Initial Routing | Checksum: 180bdb2b4

Time (s): cpu = 00:00:59 ; elapsed = 00:00:52 . Memory (MB): peak = 1185.367 ; gain = 15.289

Phase 4 Rip-up And Reroute

Phase 4.1 Global Iteration 0
 Number of Nodes with overlaps = 229
 Number of Nodes with overlaps = 0

Phase 4.1.1 Update Timing
Phase 4.1.1 Update Timing | Checksum: 13f1b14e3

Time (s): cpu = 00:01:01 ; elapsed = 00:00:53 . Memory (MB): peak = 1185.367 ; gain = 15.289
INFO: [Route 35-416] Intermediate Timing Summary | WNS=3.743  | TNS=0.000  | WHS=N/A    | THS=N/A    |

Phase 4.1 Global Iteration 0 | Checksum: 15e403a66

Time (s): cpu = 00:01:01 ; elapsed = 00:00:53 . Memory (MB): peak = 1185.367 ; gain = 15.289
Phase 4 Rip-up And Reroute | Checksum: 15e403a66

Time (s): cpu = 00:01:01 ; elapsed = 00:00:53 . Memory (MB): peak = 1185.367 ; gain = 15.289

Phase 5 Delay and Skew Optimization

Phase 5.1 Delay CleanUp
Phase 5.1 Delay CleanUp | Checksum: 15e403a66

Time (s): cpu = 00:01:01 ; elapsed = 00:00:53 . Memory (MB): peak = 1185.367 ; gain = 15.289

Phase 5.2 Clock Skew Optimization
Phase 5.2 Clock Skew Optimization | Checksum: 15e403a66

Time (s): cpu = 00:01:01 ; elapsed = 00:00:53 . Memory (MB): peak = 1185.367 ; gain = 15.289
Phase 5 Delay and Skew Optimization | Checksum: 15e403a66

Time (s): cpu = 00:01:01 ; elapsed = 00:00:53 . Memory (MB): peak = 1185.367 ; gain = 15.289

Phase 6 Post Hold Fix

Phase 6.1 Hold Fix Iter

Phase 6.1.1 Update Timing
Phase 6.1.1 Update Timing | Checksum: 869ddcc9

Time (s): cpu = 00:01:01 ; elapsed = 00:00:54 . Memory (MB): peak = 1185.367 ; gain = 15.289
INFO: [Route 35-416] Intermediate Timing Summary | WNS=3.826  | TNS=0.000  | WHS=-1.008 | THS=-33.619|


Phase 6.1.2 Lut RouteThru Assignment for hold
Phase 6.1.2 Lut RouteThru Assignment for hold | Checksum: 1988732c4

Time (s): cpu = 00:01:37 ; elapsed = 00:01:13 . Memory (MB): peak = 1652.910 ; gain = 482.832
Phase 6.1 Hold Fix Iter | Checksum: 1988732c4

Time (s): cpu = 00:01:37 ; elapsed = 00:01:13 . Memory (MB): peak = 1652.910 ; gain = 482.832
Phase 6 Post Hold Fix | Checksum: 1e1038c9f

Time (s): cpu = 00:01:37 ; elapsed = 00:01:13 . Memory (MB): peak = 1652.910 ; gain = 482.832

Phase 7 Route finalize

Router Utilization Summary
  Global Vertical Routing Utilization    = 0.557166 %
  Global Horizontal Routing Utilization  = 0.572606 %
  Routable Net Status*
  *Does not include unroutable nets such as driverless and loadless.
  Run report_route_status for detailed report.
  Number of Failed Nets               = 0
  Number of Unrouted Nets             = 0
  Number of Partially Routed Nets     = 0
  Number of Node Overlaps             = 0

Phase 7 Route finalize | Checksum: 24fda99d3

Time (s): cpu = 00:01:38 ; elapsed = 00:01:13 . Memory (MB): peak = 1652.910 ; gain = 482.832

Phase 8 Verifying routed nets

 Verification completed successfully
Phase 8 Verifying routed nets | Checksum: 24fda99d3

Time (s): cpu = 00:01:38 ; elapsed = 00:01:13 . Memory (MB): peak = 1652.910 ; gain = 482.832

Phase 9 Depositing Routes
Phase 9 Depositing Routes | Checksum: 25829f400

Time (s): cpu = 00:01:38 ; elapsed = 00:01:13 . Memory (MB): peak = 1652.910 ; gain = 482.832

Phase 10 Post Router Timing

Phase 10.1 Update Timing
Phase 10.1 Update Timing | Checksum: 1c37da2cc

Time (s): cpu = 00:01:38 ; elapsed = 00:01:13 . Memory (MB): peak = 1652.910 ; gain = 482.832
INFO: [Route 35-57] Estimated Timing Summary | WNS=3.826  | TNS=0.000  | WHS=0.061  | THS=0.000  |

INFO: [Route 35-327] The final timing numbers are based on the router estimated timing analysis. For a complete and accurate timing signoff, please run report_timing_summary.
Phase 10 Post Router Timing | Checksum: 1c37da2cc

Time (s): cpu = 00:01:38 ; elapsed = 00:01:13 . Memory (MB): peak = 1652.910 ; gain = 482.832
INFO: [Route 35-16] Router Completed Successfully

Time (s): cpu = 00:01:38 ; elapsed = 00:01:13 . Memory (MB): peak = 1652.910 ; gain = 482.832

Routing Is Done.
INFO: [Common 17-83] Releasing license: Implementation
60 Infos, 0 Warnings, 0 Critical Warnings and 0 Errors encountered.
route_design completed successfully
route_design: Time (s): cpu = 00:01:41 ; elapsed = 00:01:15 . Memory (MB): peak = 1652.910 ; gain = 482.832
Writing placer database...
Writing XDEF routing.
Writing XDEF routing logical nets.
Writing XDEF routing special nets.
Write XDEF Complete: Time (s): cpu = 00:00:01 ; elapsed = 00:00:00.494 . Memory (MB): peak = 1652.910 ; gain = 0.000
INFO: [Common 17-1381] The checkpoint 'C:/Users/narut/OneDrive/Desktop/Project/bnn/build/vivado_leakage_rgblb_d8_s32/cw305_leakage_rgblb_d8_s32.runs/impl_1/cw305_leakage_rgb_top_routed.dcp' has been generated.
INFO: [DRC 23-27] Running DRC with 2 threads
INFO: [Coretcl 2-168] The results of DRC are in file C:/Users/narut/OneDrive/Desktop/Project/bnn/build/vivado_leakage_rgblb_d8_s32/cw305_leakage_rgblb_d8_s32.runs/impl_1/cw305_leakage_rgb_top_drc_routed.rpt.
INFO: [Timing 38-35] Done setting XDC timing constraints.
INFO: [DRC 23-133] Running Methodology with 2 threads
INFO: [Coretcl 2-1520] The results of Report Methodology are in file C:/Users/narut/OneDrive/Desktop/Project/bnn/build/vivado_leakage_rgblb_d8_s32/cw305_leakage_rgblb_d8_s32.runs/impl_1/cw305_leakage_rgb_top_methodology_drc_routed.rpt.
INFO: [Timing 38-35] Done setting XDC timing constraints.
INFO: [Timing 38-91] UpdateTimingParams: Speed grade: -2, Delay Type: min_max.
INFO: [Timing 38-191] Multithreading enabled for timing update using a maximum of 2 CPUs
INFO: [Timing 38-35] Done setting XDC timing constraints.
Command: report_power -file cw305_leakage_rgb_top_power_routed.rpt -pb cw305_leakage_rgb_top_power_summary_routed.pb -rpx cw305_leakage_rgb_top_power_routed.rpx
Running Vector-less Activity Propagation...

Finished Running Vector-less Activity Propagation
70 Infos, 0 Warnings, 0 Critical Warnings and 0 Errors encountered.
report_power completed successfully
Command: write_bitstream -force -no_partial_bitfile cw305_leakage_rgb_top.bit
Attempting to get a license for feature 'Implementation' and/or device 'xc7a100t'
INFO: [Common 17-349] Got license for feature 'Implementation' and/or device 'xc7a100t'
Running DRC as a precondition to command write_bitstream
INFO: [DRC 23-27] Running DRC with 2 threads
INFO: [Vivado 12-3199] DRC finished with 0 Errors
INFO: [Vivado 12-3200] Please refer to the DRC report (report_drc) for more information.
Loading data files...
Loading site data...
Loading route data...
Processing options...
Overwriting "TIMESTAMP" with "5CB4E996" for option USR_ACCESS
Creating bitmap...
Creating bitstream...
Bitstream compression saved 24976896 bits.
Writing bitstream ./cw305_leakage_rgb_top.bit...
INFO: [Vivado 12-1842] Bitgen Completed Successfully.
INFO: [Project 1-120] WebTalk data collection is mandatory when using a WebPACK part without a full Vivado license. To see the specific WebTalk data collected for your design, open the usage_statistics_webtalk.html or usage_statistics_webtalk.xml file in the implementation directory.
INFO: [Common 17-83] Releasing license: Implementation
77 Infos, 0 Warnings, 0 Critical Warnings and 0 Errors encountered.
write_bitstream completed successfully
write_bitstream: Time (s): cpu = 00:00:19 ; elapsed = 00:00:20 . Memory (MB): peak = 1652.910 ; gain = 0.000
INFO: [Vivado_Tcl 4-395] Unable to parse hwdef file cw305_leakage_rgb_top.hwdef
INFO: [Common 17-206] Exiting Vivado at Fri Sep 11 14:38:31 2026...
[Fri Sep 11 14:38:36 2026] impl_1 finished
wait_on_run: Time (s): cpu = 00:00:00 ; elapsed = 00:02:51 . Memory (MB): peak = 221.383 ; gain = 0.000
# if {[get_property PROGRESS [get_runs impl_1]] != "100%"} {
#     error "Implementation failed"
# }
# open_run impl_1
INFO: [Netlist 29-17] Analyzing 224 Unisim elements for replacement
INFO: [Netlist 29-28] Unisim Transformation completed in 0 CPU seconds
INFO: [Project 1-479] Netlist was created with Vivado 2016.4
INFO: [Device 21-403] Loading part xc7a100tftg256-2
INFO: [Project 1-570] Preparing netlist for logic optimization
Parsing XDC File [C:/Users/narut/OneDrive/Desktop/Project/bnn/build/.Xil/Vivado-13748-kaz4n/dcp/cw305_leakage_rgb_top.xdc]
INFO: [Timing 38-35] Done setting XDC timing constraints. [C:/Users/narut/OneDrive/Desktop/Project/bnn/cw305/cw305_leakage_rgb.xdc:16]
get_clocks: Time (s): cpu = 00:00:16 ; elapsed = 00:00:16 . Memory (MB): peak = 994.109 ; gain = 514.090
Finished Parsing XDC File [C:/Users/narut/OneDrive/Desktop/Project/bnn/build/.Xil/Vivado-13748-kaz4n/dcp/cw305_leakage_rgb_top.xdc]
Reading XDEF placement.
Reading placer database...
Reading XDEF routing.
Read XDEF File: Time (s): cpu = 00:00:00 ; elapsed = 00:00:00.330 . Memory (MB): peak = 996.438 ; gain = 2.328
Restored from archive | CPU: 0.000000 secs | Memory: 0.000000 MB |
Finished XDEF File Restore: Time (s): cpu = 00:00:00 ; elapsed = 00:00:00.331 . Memory (MB): peak = 996.438 ; gain = 2.328
INFO: [Project 1-111] Unisim Transformation Summary:
  A total of 98 instances were transformed.
  IOBUF => IOBUF (IBUF, OBUFT): 8 instances
  RAM64M => RAM64M (RAMD64E, RAMD64E, RAMD64E, RAMD64E): 75 instances
  RAM64X1D => RAM64X1D (RAMD64E, RAMD64E): 15 instances

open_run: Time (s): cpu = 00:00:22 ; elapsed = 00:00:24 . Memory (MB): peak = 996.438 ; gain = 775.055
# report_utilization -file ${BUILD_NAME}_utilization.rpt
report_utilization: Time (s): cpu = 00:00:00 ; elapsed = 00:00:00.323 . Memory (MB): peak = 999.938 ; gain = 3.500
# report_timing_summary -file ${BUILD_NAME}_timing.rpt
INFO: [Timing 38-91] UpdateTimingParams: Speed grade: -2, Delay Type: min_max.
INFO: [Timing 38-191] Multithreading enabled for timing update using a maximum of 2 CPUs
# report_clock_interaction -file ${BUILD_NAME}_clock_interaction.rpt
INFO: [Timing 38-91] UpdateTimingParams: Speed grade: -2, Delay Type: max.
INFO: [Timing 38-191] Multithreading enabled for timing update using a maximum of 2 CPUs
WARNING: [Timing 38-164] This design has multiple clocks. Inter clock paths are considered valid unless explicitly excluded by timing constraints such as set_clock_groups or set_false_path.
# set wns [get_property STATS.WNS [get_runs impl_1]]
# set whs [get_property STATS.WHS [get_runs impl_1]]
# puts "TIMING: WNS=$wns WHS=$whs"
TIMING: WNS=3.829370 WHS=0.065019
# if {$wns < 0 || $whs < 0} {
#     error "Timing not met: WNS=$wns WHS=$whs"
# }
# set bitfile ./vivado_${BUILD_NAME}/cw305_${BUILD_NAME}.runs/impl_1/cw305_leakage_rgb_top.bit
# file copy -force $bitfile ./cw305_${BUILD_NAME}.bit
# puts "BITSTREAM: build/cw305_${BUILD_NAME}.bit"
BITSTREAM: build/cw305_leakage_rgblb_d8_s32.bit
# exit
INFO: [Common 17-206] Exiting Vivado at Fri Sep 11 14:39:02 2026...
