Copyright 1986-2016 Xilinx, Inc. All Rights Reserved.
------------------------------------------------------------------------------------
| Tool Version : Vivado v.2016.4 (win64) Build 1756540 Mon Jan 23 19:11:23 MST 2017
| Date         : Tue Aug 25 22:56:42 2026
| Host         : kaz4n running 64-bit major release  (build 9200)
| Command      : report_timing_summary -quiet -file timing_ro3v2.rpt
| Design       : cw305_bnn_top
| Device       : 7a100t-ftg256
| Speed File   : -2  PRODUCTION 1.16 2016-11-09
------------------------------------------------------------------------------------

Timing Summary Report

------------------------------------------------------------------------------------------------
| Timer Settings
| --------------
------------------------------------------------------------------------------------------------

  Enable Multi Corner Analysis               :  Yes
  Enable Pessimism Removal                   :  Yes
  Pessimism Removal Resolution               :  Nearest Common Node
  Enable Input Delay Default Clock           :  No
  Enable Preset / Clear Arcs                 :  No
  Disable Flight Delays                      :  No
  Ignore I/O Paths                           :  No
  Timing Early Launch at Borrowing Latches   :  false

  Corner  Analyze    Analyze    
  Name    Max Paths  Min Paths  
  ------  ---------  ---------  
  Slow    Yes        Yes        
  Fast    Yes        Yes        



check_timing report

Table of Contents
-----------------
1. checking no_clock
2. checking constant_clock
3. checking pulse_width_clock
4. checking unconstrained_internal_endpoints
5. checking no_input_delay
6. checking no_output_delay
7. checking multiple_clock
8. checking generated_clocks
9. checking loops
10. checking partial_input_delay
11. checking partial_output_delay
12. checking latch_loops

1. checking no_clock
--------------------
 There are 0 register/latch pins with no clock.


2. checking constant_clock
--------------------------
 There are 0 register/latch pins with constant_clock.


3. checking pulse_width_clock
-----------------------------
 There are 0 register/latch pins which need pulse_width check


4. checking unconstrained_internal_endpoints
--------------------------------------------
 There are 0 pins that are not constrained for maximum delay.

 There are 0 pins that are not constrained for maximum delay due to constant clock.


5. checking no_input_delay
--------------------------
 There are 0 input ports with no input delay specified.

 There are 0 input ports with no input delay but user has a false path constraint.


6. checking no_output_delay
---------------------------
 There are 0 ports with no output delay specified.

 There are 0 ports with no output delay but user has a false path constraint

 There are 0 ports with no output delay but with a timing clock defined on it or propagating through it


7. checking multiple_clock
--------------------------
 There are 0 register/latch pins with multiple clocks.


8. checking generated_clocks
----------------------------
 There are 0 generated clocks that are not connected to a clock source.


9. checking loops
-----------------
 There are 0 combinational loops in the design.


10. checking partial_input_delay
--------------------------------
 There are 0 input ports with partial input delay specified.


11. checking partial_output_delay
---------------------------------
 There are 0 ports with partial output delay specified.


12. checking latch_loops
------------------------
 There are 0 combinational latch loops in the design through latch input



------------------------------------------------------------------------------------------------
| Design Timing Summary
| ---------------------
------------------------------------------------------------------------------------------------

    WNS(ns)      TNS(ns)  TNS Failing Endpoints  TNS Total Endpoints      WHS(ns)      THS(ns)  THS Failing Endpoints  THS Total Endpoints     WPWS(ns)     TPWS(ns)  TPWS Failing Endpoints  TPWS Total Endpoints  
    -------      -------  ---------------------  -------------------      -------      -------  ---------------------  -------------------     --------     --------  ----------------------  --------------------  
      3.796        0.000                      0                30167        0.051        0.000                      0                30167        3.870        0.000                       0                  9351  


All user specified timing constraints are met.


------------------------------------------------------------------------------------------------
| Clock Summary
| -------------
------------------------------------------------------------------------------------------------

Clock      Waveform(ns)       Period(ns)      Frequency(MHz)
-----      ------------       ----------      --------------
crypt_clk  {0.000 20.000}     40.000          25.000          
pll_clk1   {0.000 5.000}      10.000          100.000         
tio_clkin  {0.000 5.000}      10.000          100.000         
usb_clk    {0.000 5.000}      10.000          100.000         


------------------------------------------------------------------------------------------------
| Intra Clock Table
| -----------------
------------------------------------------------------------------------------------------------

Clock             WNS(ns)      TNS(ns)  TNS Failing Endpoints  TNS Total Endpoints      WHS(ns)      THS(ns)  THS Failing Endpoints  THS Total Endpoints     WPWS(ns)     TPWS(ns)  TPWS Failing Endpoints  TPWS Total Endpoints  
-----             -------      -------  ---------------------  -------------------      -------      -------  ---------------------  -------------------     --------     --------  ----------------------  --------------------  
crypt_clk          22.185        0.000                      0                28255        0.059        0.000                      0                28255       18.870        0.000                       0                  9074  
pll_clk1                                                                                                                                                        8.408        0.000                       0                     1  
tio_clkin                                                                                                                                                       8.408        0.000                       0                     1  
usb_clk             3.796        0.000                      0                 1911        0.051        0.000                      0                 1911        3.870        0.000                       0                   275  


------------------------------------------------------------------------------------------------
| Inter Clock Table
| -----------------
------------------------------------------------------------------------------------------------

From Clock    To Clock          WNS(ns)      TNS(ns)  TNS Failing Endpoints  TNS Total Endpoints      WHS(ns)      THS(ns)  THS Failing Endpoints  THS Total Endpoints  
----------    --------          -------      -------  ---------------------  -------------------      -------      -------  ---------------------  -------------------  


------------------------------------------------------------------------------------------------
| Other Path Groups Table
| -----------------------
------------------------------------------------------------------------------------------------

Path Group         From Clock         To Clock               WNS(ns)      TNS(ns)  TNS Failing Endpoints  TNS Total Endpoints      WHS(ns)      THS(ns)  THS Failing Endpoints  THS Total Endpoints  
----------         ----------         --------               -------      -------  ---------------------  -------------------      -------      -------  ---------------------  -------------------  
**async_default**  usb_clk            usb_clk                  8.133        0.000                      0                    1        0.710        0.000                      0                    1  


------------------------------------------------------------------------------------------------
| Timing Details
| --------------
------------------------------------------------------------------------------------------------


---------------------------------------------------------------------------------------------------
From Clock:  crypt_clk
  To Clock:  crypt_clk

Setup :            0  Failing Endpoints,  Worst Slack       22.185ns,  Total Violation        0.000ns
Hold  :            0  Failing Endpoints,  Worst Slack        0.059ns,  Total Violation        0.000ns
PW    :            0  Failing Endpoints,  Worst Slack       18.870ns,  Total Violation        0.000ns
---------------------------------------------------------------------------------------------------


Max Delay Paths
--------------------------------------------------------------------------------------
Slack (MET) :             22.185ns  (required time - arrival time)
  Source:                 U_reg_bnn/U_conv/ap_CS_fsm_reg[25]/C
                            (rising edge-triggered cell FDRE clocked by crypt_clk  {rise@0.000ns fall@20.000ns period=40.000ns})
  Destination:            U_reg_bnn/U_conv/lb_12_1_19_reg[0]/R
                            (rising edge-triggered cell FDRE clocked by crypt_clk  {rise@0.000ns fall@20.000ns period=40.000ns})
  Path Group:             crypt_clk
  Path Type:              Setup (Max at Slow Process Corner)
  Requirement:            40.000ns  (crypt_clk rise@40.000ns - crypt_clk rise@0.000ns)
  Data Path Delay:        17.257ns  (logic 0.589ns (3.413%)  route 16.668ns (96.587%))
  Logic Levels:           2  (LUT3=1 LUT6=1)
  Clock Path Skew:        -0.099ns (DCD - SCD + CPR)
    Destination Clock Delay (DCD):    1.266ns = ( 41.266 - 40.000 ) 
    Source Clock Delay      (SCD):    1.371ns
    Clock Pessimism Removal (CPR):    0.006ns
  Clock Uncertainty:      0.035ns  ((TSJ^2 + TIJ^2)^1/2 + DJ) / 2 + PE
    Total System Jitter     (TSJ):    0.071ns
    Total Input Jitter      (TIJ):    0.000ns
    Discrete Jitter          (DJ):    0.000ns
    Phase Error              (PE):    0.000ns

    Location             Delay type                Incr(ns)  Path(ns)    Netlist Resource(s)
  -------------------------------------------------------------------    -------------------
                         (clock crypt_clk rise edge)
                                                      0.000     0.000 r  
    BUFGCTRL_X0Y0        BUFGCTRL                     0.000     0.000 r  U_clocks/CCLK_MUX/O
                         net (fo=9074, routed)        1.371     1.371    U_reg_bnn/U_conv/crypt_clk
    SLICE_X59Y91         FDRE                                         r  U_reg_bnn/U_conv/ap_CS_fsm_reg[25]/C
  -------------------------------------------------------------------    -------------------
    SLICE_X59Y91         FDRE (Prop_fdre_C_Q)         0.379     1.750 f  U_reg_bnn/U_conv/ap_CS_fsm_reg[25]/Q
                         net (fo=12, routed)          0.609     2.359    U_reg_bnn/U_conv/i_4_reg_29539_reg[1]_0[2]
    SLICE_X63Y92         LUT3 (Prop_lut3_I1_O)        0.105     2.464 f  U_reg_bnn/U_conv/lb_0_1_1[7]_i_2/O
                         net (fo=8605, routed)       15.397    17.861    U_reg_bnn/U_conv/p_1222_in
    SLICE_X12Y78         LUT6 (Prop_lut6_I0_O)        0.105    17.966 r  U_reg_bnn/U_conv/lb_12_1_19[7]_i_1/O
                         net (fo=8, routed)           0.662    18.628    U_reg_bnn/U_conv/lb_12_1_19
    SLICE_X12Y77         FDRE                                         r  U_reg_bnn/U_conv/lb_12_1_19_reg[0]/R
  -------------------------------------------------------------------    -------------------

                         (clock crypt_clk rise edge)
                                                     40.000    40.000 r  
    BUFGCTRL_X0Y0        BUFGCTRL                     0.000    40.000 r  U_clocks/CCLK_MUX/O
                         net (fo=9074, routed)        1.266    41.266    U_reg_bnn/U_conv/crypt_clk
    SLICE_X12Y77         FDRE                                         r  U_reg_bnn/U_conv/lb_12_1_19_reg[0]/C
                         clock pessimism              0.006    41.272    
                         clock uncertainty           -0.035    41.236    
    SLICE_X12Y77         FDRE (Setup_fdre_C_R)       -0.423    40.813    U_reg_bnn/U_conv/lb_12_1_19_reg[0]
  -------------------------------------------------------------------
                         required time                         40.813    
                         arrival time                         -18.628    
  -------------------------------------------------------------------
                         slack                                 22.185    





Min Delay Paths
--------------------------------------------------------------------------------------
Slack (MET) :             0.059ns  (arrival time - required time)
  Source:                 U_reg_bnn/U_conv/lb_7_1_16_reg[4]/C
                            (rising edge-triggered cell FDRE clocked by crypt_clk  {rise@0.000ns fall@20.000ns period=40.000ns})
  Destination:            U_reg_bnn/U_conv/lb_7_1_17_reg[4]/D
                            (rising edge-triggered cell FDRE clocked by crypt_clk  {rise@0.000ns fall@20.000ns period=40.000ns})
  Path Group:             crypt_clk
  Path Type:              Hold (Min at Fast Process Corner)
  Requirement:            0.000ns  (crypt_clk rise@0.000ns - crypt_clk rise@0.000ns)
  Data Path Delay:        0.317ns  (logic 0.164ns (51.788%)  route 0.153ns (48.212%))
  Logic Levels:           0  
  Clock Path Skew:        0.198ns (DCD - SCD - CPR)
    Destination Clock Delay (DCD):    0.834ns
    Source Clock Delay      (SCD):    0.630ns
    Clock Pessimism Removal (CPR):    0.005ns

    Location             Delay type                Incr(ns)  Path(ns)    Netlist Resource(s)
  -------------------------------------------------------------------    -------------------
                         (clock crypt_clk rise edge)
                                                      0.000     0.000 r  
    BUFGCTRL_X0Y0        BUFGCTRL                     0.000     0.000 r  U_clocks/CCLK_MUX/O
                         net (fo=9074, routed)        0.630     0.630    U_reg_bnn/U_conv/crypt_clk
    SLICE_X56Y49         FDRE                                         r  U_reg_bnn/U_conv/lb_7_1_16_reg[4]/C
  -------------------------------------------------------------------    -------------------
    SLICE_X56Y49         FDRE (Prop_fdre_C_Q)         0.164     0.794 r  U_reg_bnn/U_conv/lb_7_1_16_reg[4]/Q
                         net (fo=2, routed)           0.153     0.947    U_reg_bnn/U_conv/lb_7_1_16_reg_n_5_[4]
    SLICE_X56Y50         FDRE                                         r  U_reg_bnn/U_conv/lb_7_1_17_reg[4]/D
  -------------------------------------------------------------------    -------------------

                         (clock crypt_clk rise edge)
                                                      0.000     0.000 r  
    BUFGCTRL_X0Y0        BUFGCTRL                     0.000     0.000 r  U_clocks/CCLK_MUX/O
                         net (fo=9074, routed)        0.834     0.834    U_reg_bnn/U_conv/crypt_clk
    SLICE_X56Y50         FDRE                                         r  U_reg_bnn/U_conv/lb_7_1_17_reg[4]/C
                         clock pessimism             -0.005     0.829    
    SLICE_X56Y50         FDRE (Hold_fdre_C_D)         0.059     0.888    U_reg_bnn/U_conv/lb_7_1_17_reg[4]
  -------------------------------------------------------------------
                         required time                         -0.888    
                         arrival time                           0.947    
  -------------------------------------------------------------------
                         slack                                  0.059    





Pulse Width Checks
--------------------------------------------------------------------------------------
Clock Name:         crypt_clk
Waveform(ns):       { 0.000 20.000 }
Period(ns):         40.000
Sources:            { U_clocks/CCLK_MUX/O }

Check Type        Corner  Lib Pin             Reference Pin  Required(ns)  Actual(ns)  Slack(ns)  Location      Pin
Min Period        n/a     RAMB18E1/CLKBWRCLK  n/a            2.170         40.000      37.830     RAMB18_X2Y36  U_reg_bnn/krn_mem_reg/CLKBWRCLK
Low Pulse Width   Fast    RAMD64E/CLK         n/a            1.130         20.000      18.870     SLICE_X78Y93  U_reg_bnn/out_mem_reg_256_319_3_5/RAMB/CLK
High Pulse Width  Slow    RAMD64E/CLK         n/a            1.130         20.000      18.870     SLICE_X70Y92  U_reg_bnn/out_mem_reg_512_575_9_11/RAMA/CLK



---------------------------------------------------------------------------------------------------
From Clock:  pll_clk1
  To Clock:  pll_clk1

Setup :           NA  Failing Endpoints,  Worst Slack           NA  ,  Total Violation           NA
Hold  :           NA  Failing Endpoints,  Worst Slack           NA  ,  Total Violation           NA
PW    :            0  Failing Endpoints,  Worst Slack        8.408ns,  Total Violation        0.000ns
---------------------------------------------------------------------------------------------------


Pulse Width Checks
--------------------------------------------------------------------------------------
Clock Name:         pll_clk1
Waveform(ns):       { 0.000 5.000 }
Period(ns):         10.000
Sources:            { pll_clk1 }

Check Type  Corner  Lib Pin      Reference Pin  Required(ns)  Actual(ns)  Slack(ns)  Location       Pin
Min Period  n/a     BUFGCTRL/I0  n/a            1.592         10.000      8.408      BUFGCTRL_X0Y0  U_clocks/CCLK_MUX/I0



---------------------------------------------------------------------------------------------------
From Clock:  tio_clkin
  To Clock:  tio_clkin

Setup :           NA  Failing Endpoints,  Worst Slack           NA  ,  Total Violation           NA
Hold  :           NA  Failing Endpoints,  Worst Slack           NA  ,  Total Violation           NA
PW    :            0  Failing Endpoints,  Worst Slack        8.408ns,  Total Violation        0.000ns
---------------------------------------------------------------------------------------------------


Pulse Width Checks
--------------------------------------------------------------------------------------
Clock Name:         tio_clkin
Waveform(ns):       { 0.000 5.000 }
Period(ns):         10.000
Sources:            { tio_clkin }

Check Type  Corner  Lib Pin      Reference Pin  Required(ns)  Actual(ns)  Slack(ns)  Location       Pin
Min Period  n/a     BUFGCTRL/I1  n/a            1.592         10.000      8.408      BUFGCTRL_X0Y0  U_clocks/CCLK_MUX/I1



---------------------------------------------------------------------------------------------------
From Clock:  usb_clk
  To Clock:  usb_clk

Setup :            0  Failing Endpoints,  Worst Slack        3.796ns,  Total Violation        0.000ns
Hold  :            0  Failing Endpoints,  Worst Slack        0.051ns,  Total Violation        0.000ns
PW    :            0  Failing Endpoints,  Worst Slack        3.870ns,  Total Violation        0.000ns
---------------------------------------------------------------------------------------------------


Max Delay Paths
--------------------------------------------------------------------------------------
Slack (MET) :             3.796ns  (required time - arrival time)
  Source:                 U_usb_reg_fe/usb_addr_r_reg[18]/C
                            (rising edge-triggered cell FDRE clocked by usb_clk  {rise@0.000ns fall@5.000ns period=10.000ns})
  Destination:            U_reg_bnn/img_mem_reg_384_511_1_1/DP.HIGH/WE
                            (rising edge-triggered cell RAMD64E clocked by usb_clk  {rise@0.000ns fall@5.000ns period=10.000ns})
  Path Group:             usb_clk
  Path Type:              Setup (Max at Slow Process Corner)
  Requirement:            10.000ns  (usb_clk rise@10.000ns - usb_clk rise@0.000ns)
  Data Path Delay:        5.390ns  (logic 0.961ns (17.828%)  route 4.429ns (82.172%))
  Logic Levels:           5  (LUT3=1 LUT4=2 LUT5=2)
  Clock Path Skew:        -0.181ns (DCD - SCD + CPR)
    Destination Clock Delay (DCD):    4.291ns = ( 14.291 - 10.000 ) 
    Source Clock Delay      (SCD):    4.631ns
    Clock Pessimism Removal (CPR):    0.158ns
  Clock Uncertainty:      0.035ns  ((TSJ^2 + TIJ^2)^1/2 + DJ) / 2 + PE
    Total System Jitter     (TSJ):    0.071ns
    Total Input Jitter      (TIJ):    0.000ns
    Discrete Jitter          (DJ):    0.000ns
    Phase Error              (PE):    0.000ns

    Location             Delay type                Incr(ns)  Path(ns)    Netlist Resource(s)
  -------------------------------------------------------------------    -------------------
                         (clock usb_clk rise edge)    0.000     0.000 r  
    F5                                                0.000     0.000 r  usb_clk (IN)
                         net (fo=0)                   0.000     0.000    U_clocks/usb_clk
    F5                   IBUF (Prop_ibuf_I_O)         1.392     1.392 r  U_clocks/clkibuf/O
                         net (fo=1, routed)           1.717     3.109    U_clocks/usb_clk_bufg
    BUFGCTRL_X0Y16       BUFG (Prop_bufg_I_O)         0.081     3.190 r  U_clocks/clkbuf/O
                         net (fo=274, routed)         1.441     4.631    U_usb_reg_fe/usb_clk_buf
    SLICE_X88Y136        FDRE                                         r  U_usb_reg_fe/usb_addr_r_reg[18]/C
  -------------------------------------------------------------------    -------------------
    SLICE_X88Y136        FDRE (Prop_fdre_C_Q)         0.433     5.064 f  U_usb_reg_fe/usb_addr_r_reg[18]/Q
                         net (fo=1, routed)           0.546     5.611    U_usb_reg_fe/reg_address[11]
    SLICE_X88Y136        LUT4 (Prop_lut4_I0_O)        0.105     5.716 f  U_usb_reg_fe/read_data[7]_i_23/O
                         net (fo=1, routed)           0.927     6.642    U_usb_reg_fe/read_data[7]_i_23_n_5
    SLICE_X88Y111        LUT5 (Prop_lut5_I4_O)        0.105     6.747 f  U_usb_reg_fe/read_data[7]_i_13/O
                         net (fo=5, routed)           1.045     7.792    U_usb_reg_fe/read_data[7]_i_13_n_5
    SLICE_X74Y100        LUT3 (Prop_lut3_I2_O)        0.105     7.897 f  U_usb_reg_fe/krn_mem_reg_i_3/O
                         net (fo=5, routed)           0.390     8.287    U_usb_reg_fe/krn_mem_reg_i_3_n_5
    SLICE_X72Y100        LUT5 (Prop_lut5_I4_O)        0.105     8.392 r  U_usb_reg_fe/img_mem_reg_0_127_0_0_i_4/O
                         net (fo=7, routed)           0.706     9.098    U_usb_reg_fe/p_0_in1_out
    SLICE_X72Y88         LUT4 (Prop_lut4_I3_O)        0.108     9.206 r  U_usb_reg_fe/img_mem_reg_384_511_0_0_i_1/O
                         net (fo=32, routed)          0.815    10.021    U_reg_bnn/img_mem_reg_384_511_1_1/WE
    SLICE_X70Y80         RAMD64E                                      r  U_reg_bnn/img_mem_reg_384_511_1_1/DP.HIGH/WE
  -------------------------------------------------------------------    -------------------

                         (clock usb_clk rise edge)   10.000    10.000 r  
    F5                                                0.000    10.000 r  usb_clk (IN)
                         net (fo=0)                   0.000    10.000    U_clocks/usb_clk
    F5                   IBUF (Prop_ibuf_I_O)         1.326    11.326 r  U_clocks/clkibuf/O
                         net (fo=1, routed)           1.628    12.954    U_clocks/usb_clk_bufg
    BUFGCTRL_X0Y16       BUFG (Prop_bufg_I_O)         0.077    13.031 r  U_clocks/clkbuf/O
                         net (fo=274, routed)         1.260    14.291    U_reg_bnn/img_mem_reg_384_511_1_1/WCLK
    SLICE_X70Y80         RAMD64E                                      r  U_reg_bnn/img_mem_reg_384_511_1_1/DP.HIGH/CLK
                         clock pessimism              0.158    14.450    
                         clock uncertainty           -0.035    14.414    
    SLICE_X70Y80         RAMD64E (Setup_ramd64e_CLK_WE)
                                                     -0.597    13.817    U_reg_bnn/img_mem_reg_384_511_1_1/DP.HIGH
  -------------------------------------------------------------------
                         required time                         13.817    
                         arrival time                         -10.021    
  -------------------------------------------------------------------
                         slack                                  3.796    





Min Delay Paths
--------------------------------------------------------------------------------------
Slack (MET) :             0.051ns  (arrival time - required time)
  Source:                 usb_addr[1]
                            (input port clocked by usb_clk  {rise@0.000ns fall@5.000ns period=10.000ns})
  Destination:            U_usb_reg_fe/usb_addr_r_reg[1]_rep__0/D
                            (rising edge-triggered cell FDRE clocked by usb_clk  {rise@0.000ns fall@5.000ns period=10.000ns})
  Path Group:             usb_clk
  Path Type:              Hold (Min at Slow Process Corner)
  Requirement:            0.000ns  (usb_clk rise@0.000ns - usb_clk rise@0.000ns)
  Data Path Delay:        2.874ns  (logic 1.338ns (46.562%)  route 1.536ns (53.438%))
  Logic Levels:           1  (IBUF=1)
  Input Delay:            2.000ns
  Clock Path Skew:        4.640ns (DCD - SCD - CPR)
    Destination Clock Delay (DCD):    4.640ns
    Source Clock Delay      (SCD):    0.000ns
    Clock Pessimism Removal (CPR):    -0.000ns
  Clock Uncertainty:      0.035ns  ((TSJ^2 + TIJ^2)^1/2 + DJ) / 2 + PE
    Total System Jitter     (TSJ):    0.071ns
    Total Input Jitter      (TIJ):    0.000ns
    Discrete Jitter          (DJ):    0.000ns
    Phase Error              (PE):    0.000ns

    Location             Delay type                Incr(ns)  Path(ns)    Netlist Resource(s)
  -------------------------------------------------------------------    -------------------
                         (clock usb_clk rise edge)    0.000     0.000 r  
                         input delay                  2.000     2.000    
    G5                                                0.000     2.000 r  usb_addr[1] (IN)
                         net (fo=0)                   0.000     2.000    usb_addr[1]
    G5                   IBUF (Prop_ibuf_I_O)         1.338     3.338 r  usb_addr_IBUF[1]_inst/O
                         net (fo=4, routed)           1.536     4.874    U_usb_reg_fe/D[1]
    SLICE_X73Y97         FDRE                                         r  U_usb_reg_fe/usb_addr_r_reg[1]_rep__0/D
  -------------------------------------------------------------------    -------------------

                         (clock usb_clk rise edge)    0.000     0.000 r  
    F5                                                0.000     0.000 r  usb_clk (IN)
                         net (fo=0)                   0.000     0.000    U_clocks/usb_clk
    F5                   IBUF (Prop_ibuf_I_O)         1.392     1.392 r  U_clocks/clkibuf/O
                         net (fo=1, routed)           1.717     3.109    U_clocks/usb_clk_bufg
    BUFGCTRL_X0Y16       BUFG (Prop_bufg_I_O)         0.081     3.190 r  U_clocks/clkbuf/O
                         net (fo=274, routed)         1.450     4.640    U_usb_reg_fe/usb_clk_buf
    SLICE_X73Y97         FDRE                                         r  U_usb_reg_fe/usb_addr_r_reg[1]_rep__0/C
                         clock pessimism              0.000     4.640    
                         clock uncertainty            0.035     4.675    
    SLICE_X73Y97         FDRE (Hold_fdre_C_D)         0.148     4.823    U_usb_reg_fe/usb_addr_r_reg[1]_rep__0
  -------------------------------------------------------------------
                         required time                         -4.823    
                         arrival time                           4.874    
  -------------------------------------------------------------------
                         slack                                  0.051    





Pulse Width Checks
--------------------------------------------------------------------------------------
Clock Name:         usb_clk
Waveform(ns):       { 0.000 5.000 }
Period(ns):         10.000
Sources:            { usb_clk }

Check Type        Corner  Lib Pin             Reference Pin  Required(ns)  Actual(ns)  Slack(ns)  Location      Pin
Min Period        n/a     RAMB18E1/CLKARDCLK  n/a            2.170         10.000      7.830      RAMB18_X2Y36  U_reg_bnn/krn_mem_reg/CLKARDCLK
Low Pulse Width   Slow    RAMD64E/CLK         n/a            1.130         5.000       3.870      SLICE_X78Y83  U_reg_bnn/img_mem_reg_256_383_3_3/DP.HIGH/CLK
High Pulse Width  Fast    RAMD64E/CLK         n/a            1.130         5.000       3.870      SLICE_X80Y90  U_reg_bnn/img_mem_reg_256_383_2_2/DP.LOW/CLK



---------------------------------------------------------------------------------------------------
Path Group:  **async_default**
From Clock:  usb_clk
  To Clock:  usb_clk

Setup :            0  Failing Endpoints,  Worst Slack        8.133ns,  Total Violation        0.000ns
Hold  :            0  Failing Endpoints,  Worst Slack        0.710ns,  Total Violation        0.000ns
---------------------------------------------------------------------------------------------------


Max Delay Paths
--------------------------------------------------------------------------------------
Slack (MET) :             8.133ns  (required time - arrival time)
  Source:                 pushbutton
                            (input port clocked by usb_clk  {rise@0.000ns fall@5.000ns period=10.000ns})
  Destination:            U_reg_bnn/U_go/src_tog_reg/CLR
                            (recovery check against rising-edge clock usb_clk  {rise@0.000ns fall@5.000ns period=10.000ns})
  Path Group:             **async_default**
  Path Type:              Recovery (Max at Fast Process Corner)
  Requirement:            10.000ns  (usb_clk rise@10.000ns - usb_clk rise@0.000ns)
  Data Path Delay:        2.645ns  (logic 0.513ns (19.385%)  route 2.132ns (80.615%))
  Logic Levels:           2  (IBUF=1 LUT1=1)
  Input Delay:            0.500ns
  Clock Path Skew:        1.467ns (DCD - SCD + CPR)
    Destination Clock Delay (DCD):    1.467ns = ( 11.467 - 10.000 ) 
    Source Clock Delay      (SCD):    0.000ns
    Clock Pessimism Removal (CPR):    0.000ns
  Clock Uncertainty:      0.035ns  ((TSJ^2 + TIJ^2)^1/2 + DJ) / 2 + PE
    Total System Jitter     (TSJ):    0.071ns
    Total Input Jitter      (TIJ):    0.000ns
    Discrete Jitter          (DJ):    0.000ns
    Phase Error              (PE):    0.000ns

    Location             Delay type                Incr(ns)  Path(ns)    Netlist Resource(s)
  -------------------------------------------------------------------    -------------------
                         (clock usb_clk rise edge)    0.000     0.000 r  
                         input delay                  0.500     0.500    
    R1                                                0.000     0.500 r  pushbutton (IN)
                         net (fo=0)                   0.000     0.500    pushbutton
    R1                   IBUF (Prop_ibuf_I_O)         0.457     0.957 r  pushbutton_IBUF_inst/O
                         net (fo=4, routed)           1.019     1.976    U_reg_bnn/U_conv/grp_bnn_unpack_kernel_fu_4459/pushbutton_IBUF
    SLICE_X81Y88         LUT1 (Prop_lut1_I0_O)        0.056     2.032 f  U_reg_bnn/U_conv/grp_bnn_unpack_kernel_fu_4459/ap_CS_fsm[2]_i_1__0/O
                         net (fo=69, routed)          1.113     3.145    U_reg_bnn/U_go/AR[0]
    SLICE_X63Y96         FDCE                                         f  U_reg_bnn/U_go/src_tog_reg/CLR
  -------------------------------------------------------------------    -------------------

                         (clock usb_clk rise edge)   10.000    10.000 r  
    F5                                                0.000    10.000 r  usb_clk (IN)
                         net (fo=0)                   0.000    10.000    U_clocks/usb_clk
    F5                   IBUF (Prop_ibuf_I_O)         0.229    10.229 r  U_clocks/clkibuf/O
                         net (fo=1, routed)           0.644    10.873    U_clocks/usb_clk_bufg
    BUFGCTRL_X0Y16       BUFG (Prop_bufg_I_O)         0.026    10.899 r  U_clocks/clkbuf/O
                         net (fo=274, routed)         0.568    11.467    U_reg_bnn/U_go/usb_clk_buf
    SLICE_X63Y96         FDCE                                         r  U_reg_bnn/U_go/src_tog_reg/C
                         clock pessimism              0.000    11.467    
                         clock uncertainty           -0.035    11.431    
    SLICE_X63Y96         FDCE (Recov_fdce_C_CLR)     -0.153    11.278    U_reg_bnn/U_go/src_tog_reg
  -------------------------------------------------------------------
                         required time                         11.278    
                         arrival time                          -3.145    
  -------------------------------------------------------------------
                         slack                                  8.133    





Min Delay Paths
--------------------------------------------------------------------------------------
Slack (MET) :             0.710ns  (arrival time - required time)
  Source:                 pushbutton
                            (input port clocked by usb_clk  {rise@0.000ns fall@5.000ns period=10.000ns})
  Destination:            U_reg_bnn/U_go/src_tog_reg/CLR
                            (removal check against rising-edge clock usb_clk  {rise@0.000ns fall@5.000ns period=10.000ns})
  Path Group:             **async_default**
  Path Type:              Removal (Min at Fast Process Corner)
  Requirement:            0.000ns  (usb_clk rise@0.000ns - usb_clk rise@0.000ns)
  Data Path Delay:        2.136ns  (logic 0.314ns (14.685%)  route 1.822ns (85.315%))
  Logic Levels:           2  (IBUF=1 LUT1=1)
  Input Delay:            0.500ns
  Clock Path Skew:        1.983ns (DCD - SCD - CPR)
    Destination Clock Delay (DCD):    1.983ns
    Source Clock Delay      (SCD):    0.000ns
    Clock Pessimism Removal (CPR):    -0.000ns
  Clock Uncertainty:      0.035ns  ((TSJ^2 + TIJ^2)^1/2 + DJ) / 2 + PE
    Total System Jitter     (TSJ):    0.071ns
    Total Input Jitter      (TIJ):    0.000ns
    Discrete Jitter          (DJ):    0.000ns
    Phase Error              (PE):    0.000ns

    Location             Delay type                Incr(ns)  Path(ns)    Netlist Resource(s)
  -------------------------------------------------------------------    -------------------
                         (clock usb_clk rise edge)    0.000     0.000 r  
                         input delay                  0.500     0.500    
    R1                                                0.000     0.500 r  pushbutton (IN)
                         net (fo=0)                   0.000     0.500    pushbutton
    R1                   IBUF (Prop_ibuf_I_O)         0.269     0.769 r  pushbutton_IBUF_inst/O
                         net (fo=4, routed)           0.860     1.629    U_reg_bnn/U_conv/grp_bnn_unpack_kernel_fu_4459/pushbutton_IBUF
    SLICE_X81Y88         LUT1 (Prop_lut1_I0_O)        0.045     1.674 f  U_reg_bnn/U_conv/grp_bnn_unpack_kernel_fu_4459/ap_CS_fsm[2]_i_1__0/O
                         net (fo=69, routed)          0.962     2.636    U_reg_bnn/U_go/AR[0]
    SLICE_X63Y96         FDCE                                         f  U_reg_bnn/U_go/src_tog_reg/CLR
  -------------------------------------------------------------------    -------------------

                         (clock usb_clk rise edge)    0.000     0.000 r  
    F5                                                0.000     0.000 r  usb_clk (IN)
                         net (fo=0)                   0.000     0.000    U_clocks/usb_clk
    F5                   IBUF (Prop_ibuf_I_O)         0.417     0.417 r  U_clocks/clkibuf/O
                         net (fo=1, routed)           0.699     1.115    U_clocks/usb_clk_bufg
    BUFGCTRL_X0Y16       BUFG (Prop_bufg_I_O)         0.029     1.144 r  U_clocks/clkbuf/O
                         net (fo=274, routed)         0.839     1.983    U_reg_bnn/U_go/usb_clk_buf
    SLICE_X63Y96         FDCE                                         r  U_reg_bnn/U_go/src_tog_reg/C
                         clock pessimism              0.000     1.983    
                         clock uncertainty            0.035     2.018    
    SLICE_X63Y96         FDCE (Remov_fdce_C_CLR)     -0.092     1.926    U_reg_bnn/U_go/src_tog_reg
  -------------------------------------------------------------------
                         required time                         -1.926    
                         arrival time                           2.636    
  -------------------------------------------------------------------
                         slack                                  0.710    





