#-----------------------------------------------------------
# Vivado v2016.4 (64-bit)
# SW Build 1756540 on Mon Jan 23 19:11:23 MST 2017
# IP Build 1755317 on Mon Jan 23 20:30:07 MST 2017
# Start of session at: Mon Aug 31 23:52:56 2026
# Process ID: 29544
# Current directory: C:/Users/narut/OneDrive/Desktop/Project/bnn/build
# Command line: vivado.exe -mode batch -source run_vivado_leakage_wide.tcl -log vivado_wide.log -journal vivado_wide.jou
# Log file: C:/Users/narut/OneDrive/Desktop/Project/bnn/build/vivado_wide.log
# Journal file: C:/Users/narut/OneDrive/Desktop/Project/bnn/build\vivado_wide.jou
#-----------------------------------------------------------
source run_vivado_leakage_wide.tcl
# set DWELL 8
# if {[info exists ::env(DWELL)]} { set DWELL $::env(DWELL) }
# set LEAK_LANES 63
# if {[info exists ::env(LEAK_LANES)]} { set LEAK_LANES $::env(LEAK_LANES) }
# set BUILD_NAME leakage_wide_d${DWELL}_l${LEAK_LANES}
# set part xc7a100tftg256-2
# set CWHDL "C:/Users/narut/ChipWhisperer/chipwhisperer/firmware/fpgas/aes/hdl"
# set CWXDC "C:/Users/narut/ChipWhisperer/chipwhisperer/firmware/fpgas/aes/vivado/cw305.xdc"
# if {[info exists ::env(CW305_SRC)]} { set CWHDL $::env(CW305_SRC) }
# foreach f [list \
#     "$CWHDL/cw305_usb_reg_fe.v" "$CWHDL/clocks.v" \
#     ../cw305/cdc_pulse.v ../cw305/mnist_leakage_core_wide.sv \
#     ../cw305/cw305_reg_leakage_wide.sv ../cw305/cw305_leakage_wide_top.sv \
#     $CWXDC ../cw305/cw305_leakage_grey.xdc] {
#     if {![file exists $f]} { error "Required input missing: $f" }
# }
# create_project -force cw305_${BUILD_NAME} ./vivado_${BUILD_NAME} -part $part
# add_files "$CWHDL/cw305_usb_reg_fe.v"
# add_files "$CWHDL/clocks.v"
# add_files ../cw305/cdc_pulse.v
# add_files -fileset sources_1 ../cw305/mnist_leakage_core_wide.sv
# add_files -fileset sources_1 ../cw305/cw305_reg_leakage_wide.sv
# add_files -fileset sources_1 ../cw305/cw305_leakage_wide_top.sv
# set_property file_type SystemVerilog [get_files *.sv]
# set_property top cw305_leakage_wide_top [current_fileset]
# set_property generic "DWELL=$DWELL LEAK_LANES=$LEAK_LANES" [current_fileset]
# add_files -fileset constrs_1 $CWXDC
# add_files -fileset constrs_1 ../cw305/cw305_leakage_grey.xdc
# update_compile_order -fileset sources_1
# launch_runs synth_1 -jobs 4
[Mon Aug 31 23:53:09 2026] Launched synth_1...
Run output will be captured here: C:/Users/narut/OneDrive/Desktop/Project/bnn/build/vivado_leakage_wide_d8_l63/cw305_leakage_wide_d8_l63.runs/synth_1/runme.log
# wait_on_run synth_1
[Mon Aug 31 23:53:09 2026] Waiting for synth_1 to finish...

*** Running vivado
    with args -log cw305_leakage_wide_top.vds -m64 -product Vivado -mode batch -messageDb vivado.pb -notrace -source cw305_leakage_wide_top.tcl


****** Vivado v2016.4 (64-bit)
  **** SW Build 1756540 on Mon Jan 23 19:11:23 MST 2017
  **** IP Build 1755317 on Mon Jan 23 20:30:07 MST 2017
    ** Copyright 1986-2016 Xilinx, Inc. All Rights Reserved.

source cw305_leakage_wide_top.tcl -notrace
Command: synth_design -top cw305_leakage_wide_top -part xc7a100tftg256-2
Starting synth_design
Attempting to get a license for feature 'Synthesis' and/or device 'xc7a100t'
INFO: [Common 17-349] Got license for feature 'Synthesis' and/or device 'xc7a100t'
INFO: Launching helper process for spawning children vivado processes
INFO: Helper process launched with PID 30972 
---------------------------------------------------------------------------------
Starting RTL Elaboration : Time (s): cpu = 00:00:07 ; elapsed = 00:00:11 . Memory (MB): peak = 282.570 ; gain = 72.230
---------------------------------------------------------------------------------
INFO: [Synth 8-638] synthesizing module 'cw305_leakage_wide_top' [C:/Users/narut/OneDrive/Desktop/Project/bnn/cw305/cw305_leakage_wide_top.sv:4]
	Parameter pBYTECNT_SIZE bound to: 7 - type: integer 
	Parameter pADDR_WIDTH bound to: 21 - type: integer 
	Parameter DWELL bound to: 8 - type: integer 
	Parameter LEAK_LANES bound to: 63 - type: integer 
	Parameter CLOCK_SETTINGS bound to: 5'b01101 
INFO: [Synth 8-638] synthesizing module 'cw305_usb_reg_fe' [C:/Users/narut/ChipWhisperer/chipwhisperer/firmware/fpgas/aes/hdl/cw305_usb_reg_fe.v:31]
	Parameter pADDR_WIDTH bound to: 21 - type: integer 
	Parameter pBYTECNT_SIZE bound to: 7 - type: integer 
	Parameter pREG_RDDLY_LEN bound to: 3 - type: integer 
INFO: [Synth 8-256] done synthesizing module 'cw305_usb_reg_fe' (1#1) [C:/Users/narut/ChipWhisperer/chipwhisperer/firmware/fpgas/aes/hdl/cw305_usb_reg_fe.v:31]
INFO: [Synth 8-638] synthesizing module 'cw305_reg_leakage_wide' [C:/Users/narut/OneDrive/Desktop/Project/bnn/cw305/cw305_reg_leakage_wide.sv:4]
	Parameter pADDR_WIDTH bound to: 21 - type: integer 
	Parameter pBYTECNT_SIZE bound to: 7 - type: integer 
	Parameter DWELL bound to: 8 - type: integer 
	Parameter LEAK_LANES bound to: 63 - type: integer 
	Parameter N_IMAGE bound to: 784 - type: integer 
	Parameter N_OUTPUT bound to: 676 - type: integer 
	Parameter OUT_BASE bound to: 21'b000000000100000000000 
	Parameter KRN_BASE bound to: 21'b000000001000000000000 
	Parameter GO_ADDR bound to: 33 - type: integer 
	Parameter STAT_ADDR bound to: 34 - type: integer 
INFO: [Synth 8-5534] Detected attribute (* ASYNC_REG = "TRUE" *) [C:/Users/narut/OneDrive/Desktop/Project/bnn/cw305/cw305_reg_leakage_wide.sv:51]
INFO: [Synth 8-5534] Detected attribute (* ASYNC_REG = "TRUE" *) [C:/Users/narut/OneDrive/Desktop/Project/bnn/cw305/cw305_reg_leakage_wide.sv:52]
INFO: [Synth 8-5534] Detected attribute (* ASYNC_REG = "TRUE" *) [C:/Users/narut/OneDrive/Desktop/Project/bnn/cw305/cw305_reg_leakage_wide.sv:53]
INFO: [Synth 8-5534] Detected attribute (* ASYNC_REG = "TRUE" *) [C:/Users/narut/OneDrive/Desktop/Project/bnn/cw305/cw305_reg_leakage_wide.sv:54]
INFO: [Synth 8-5534] Detected attribute (* ASYNC_REG = "TRUE" *) [C:/Users/narut/OneDrive/Desktop/Project/bnn/cw305/cw305_reg_leakage_wide.sv:121]
INFO: [Synth 8-5534] Detected attribute (* ASYNC_REG = "TRUE" *) [C:/Users/narut/OneDrive/Desktop/Project/bnn/cw305/cw305_reg_leakage_wide.sv:167]
INFO: [Synth 8-638] synthesizing module 'cdc_pulse' [C:/Users/narut/OneDrive/Desktop/Project/bnn/cw305/cdc_pulse.v:5]
INFO: [Synth 8-5534] Detected attribute (* ASYNC_REG = "TRUE" *) [C:/Users/narut/OneDrive/Desktop/Project/bnn/cw305/cdc_pulse.v:17]
INFO: [Synth 8-256] done synthesizing module 'cdc_pulse' (2#1) [C:/Users/narut/OneDrive/Desktop/Project/bnn/cw305/cdc_pulse.v:5]
INFO: [Synth 8-638] synthesizing module 'mnist_leakage_core_wide' [C:/Users/narut/OneDrive/Desktop/Project/bnn/cw305/mnist_leakage_core_wide.sv:20]
	Parameter DWELL bound to: 8 - type: integer 
	Parameter LEAK_LANES bound to: 63 - type: integer 
	Parameter AMP_COPIES bound to: 8 - type: integer 
	Parameter OUT_SIDE bound to: 26 - type: integer 
	Parameter N_WINDOWS bound to: 676 - type: integer 
	Parameter LEAK_BITS bound to: 4536 - type: integer 
	Parameter DWELL_W bound to: 3 - type: integer 
INFO: [Synth 8-5534] Detected attribute (* DONT_TOUCH = "TRUE" *) [C:/Users/narut/OneDrive/Desktop/Project/bnn/cw305/mnist_leakage_core_wide.sv:66]
INFO: [Synth 8-5534] Detected attribute (* KEEP = "TRUE" *) [C:/Users/narut/OneDrive/Desktop/Project/bnn/cw305/mnist_leakage_core_wide.sv:66]
INFO: [Synth 8-256] done synthesizing module 'mnist_leakage_core_wide' (3#1) [C:/Users/narut/OneDrive/Desktop/Project/bnn/cw305/mnist_leakage_core_wide.sv:20]
INFO: [Synth 8-256] done synthesizing module 'cw305_reg_leakage_wide' (4#1) [C:/Users/narut/OneDrive/Desktop/Project/bnn/cw305/cw305_reg_leakage_wide.sv:4]
INFO: [Synth 8-638] synthesizing module 'clocks' [C:/Users/narut/ChipWhisperer/chipwhisperer/firmware/fpgas/aes/hdl/clocks.v:32]
INFO: [Synth 8-638] synthesizing module 'BUFGMUX_CTRL' [C:/Xilinx/Vivado/2016.4/scripts/rt/data/unisim_comp.v:722]
INFO: [Synth 8-256] done synthesizing module 'BUFGMUX_CTRL' (5#1) [C:/Xilinx/Vivado/2016.4/scripts/rt/data/unisim_comp.v:722]
INFO: [Synth 8-638] synthesizing module 'ODDR' [C:/Xilinx/Vivado/2016.4/scripts/rt/data/unisim_comp.v:25305]
	Parameter DDR_CLK_EDGE bound to: OPPOSITE_EDGE - type: string 
	Parameter INIT bound to: 1'b0 
	Parameter IS_C_INVERTED bound to: 1'b0 
	Parameter IS_D1_INVERTED bound to: 1'b0 
	Parameter IS_D2_INVERTED bound to: 1'b0 
	Parameter SRTYPE bound to: SYNC - type: string 
INFO: [Synth 8-256] done synthesizing module 'ODDR' (6#1) [C:/Xilinx/Vivado/2016.4/scripts/rt/data/unisim_comp.v:25305]
INFO: [Synth 8-638] synthesizing module 'IBUFG' [C:/Xilinx/Vivado/2016.4/scripts/rt/data/unisim_comp.v:14570]
	Parameter CAPACITANCE bound to: DONT_CARE - type: string 
	Parameter IBUF_DELAY_VALUE bound to: 0 - type: string 
	Parameter IBUF_LOW_PWR bound to: TRUE - type: string 
	Parameter IOSTANDARD bound to: DEFAULT - type: string 
INFO: [Synth 8-256] done synthesizing module 'IBUFG' (7#1) [C:/Xilinx/Vivado/2016.4/scripts/rt/data/unisim_comp.v:14570]
INFO: [Synth 8-638] synthesizing module 'BUFG' [C:/Xilinx/Vivado/2016.4/scripts/rt/data/unisim_comp.v:607]
INFO: [Synth 8-256] done synthesizing module 'BUFG' (8#1) [C:/Xilinx/Vivado/2016.4/scripts/rt/data/unisim_comp.v:607]
INFO: [Synth 8-256] done synthesizing module 'clocks' (9#1) [C:/Users/narut/ChipWhisperer/chipwhisperer/firmware/fpgas/aes/hdl/clocks.v:32]
INFO: [Synth 8-256] done synthesizing module 'cw305_leakage_wide_top' (10#1) [C:/Users/narut/OneDrive/Desktop/Project/bnn/cw305/cw305_leakage_wide_top.sv:4]
WARNING: [Synth 8-3917] design cw305_leakage_wide_top has port led2 driven by constant 0
WARNING: [Synth 8-3331] design cw305_reg_leakage_wide has unconnected port reg_read
WARNING: [Synth 8-3331] design cw305_usb_reg_fe has unconnected port usb_alen
WARNING: [Synth 8-3331] design cw305_leakage_wide_top has unconnected port k15_sel
WARNING: [Synth 8-3331] design cw305_leakage_wide_top has unconnected port l14_sel
---------------------------------------------------------------------------------
Finished RTL Elaboration : Time (s): cpu = 00:00:08 ; elapsed = 00:00:12 . Memory (MB): peak = 321.676 ; gain = 111.336
---------------------------------------------------------------------------------

Report Check Netlist: 
+------+------------------+-------+---------+-------+------------------+
|      |Item              |Errors |Warnings |Status |Description       |
+------+------------------+-------+---------+-------+------------------+
|1     |multi_driven_nets |      0|        0|Passed |Multi driven nets |
+------+------------------+-------+---------+-------+------------------+
---------------------------------------------------------------------------------
Finished RTL Optimization Phase 1 : Time (s): cpu = 00:00:08 ; elapsed = 00:00:13 . Memory (MB): peak = 321.676 ; gain = 111.336
---------------------------------------------------------------------------------
INFO: [Netlist 29-17] Analyzing 3 Unisim elements for replacement
INFO: [Netlist 29-28] Unisim Transformation completed in 0 CPU seconds
INFO: [Device 21-403] Loading part xc7a100tftg256-2
INFO: [Project 1-570] Preparing netlist for logic optimization

Processing XDC Constraints
Initializing timing engine
Parsing XDC File [C:/Users/narut/ChipWhisperer/chipwhisperer/firmware/fpgas/aes/vivado/cw305.xdc]
Finished Parsing XDC File [C:/Users/narut/ChipWhisperer/chipwhisperer/firmware/fpgas/aes/vivado/cw305.xdc]
INFO: [Project 1-236] Implementation specific constraints were found while reading constraint file [C:/Users/narut/ChipWhisperer/chipwhisperer/firmware/fpgas/aes/vivado/cw305.xdc]. These constraints will be ignored for synthesis but will be used in implementation. Impacted constraints are listed in the file [.Xil/cw305_leakage_wide_top_propImpl.xdc].
Resolution: To avoid this warning, move constraints listed in [.Xil/cw305_leakage_wide_top_propImpl.xdc] to another XDC file and exclude this new file from synthesis with the used_in_synthesis property (File Properties dialog in GUI) and re-run elaboration/synthesis.
Parsing XDC File [C:/Users/narut/OneDrive/Desktop/Project/bnn/cw305/cw305_leakage_grey.xdc]
Finished Parsing XDC File [C:/Users/narut/OneDrive/Desktop/Project/bnn/cw305/cw305_leakage_grey.xdc]
Completed Processing XDC Constraints

INFO: [Project 1-111] Unisim Transformation Summary:
  A total of 2 instances were transformed.
  BUFGMUX_CTRL => BUFGCTRL (inverted pins: S0): 1 instances
  IBUFG => IBUF: 1 instances

Constraint Validation Runtime : Time (s): cpu = 00:00:00 ; elapsed = 00:00:00.011 . Memory (MB): peak = 650.000 ; gain = 0.000
---------------------------------------------------------------------------------
Finished Constraint Validation : Time (s): cpu = 00:00:23 ; elapsed = 00:00:30 . Memory (MB): peak = 650.000 ; gain = 439.660
---------------------------------------------------------------------------------
---------------------------------------------------------------------------------
Start Loading Part and Timing Information
---------------------------------------------------------------------------------
Loading part: xc7a100tftg256-2
---------------------------------------------------------------------------------
Finished Loading Part and Timing Information : Time (s): cpu = 00:00:23 ; elapsed = 00:00:30 . Memory (MB): peak = 650.000 ; gain = 439.660
---------------------------------------------------------------------------------
---------------------------------------------------------------------------------
Start Applying 'set_property' XDC Constraints
---------------------------------------------------------------------------------
---------------------------------------------------------------------------------
Finished applying 'set_property' XDC Constraints : Time (s): cpu = 00:00:23 ; elapsed = 00:00:30 . Memory (MB): peak = 650.000 ; gain = 439.660
---------------------------------------------------------------------------------
INFO: [Synth 8-5546] ROM "busy" won't be mapped to RAM because it is too sparse
INFO: [Synth 8-5546] ROM "out_addr" won't be mapped to RAM because it is too sparse
INFO: [Synth 8-5544] ROM "out_data" won't be mapped to Block RAM because address size (3) smaller than threshold (5)
INFO: [Synth 8-5544] ROM "out_we" won't be mapped to Block RAM because address size (3) smaller than threshold (5)
INFO: [Synth 8-5546] ROM "row" won't be mapped to RAM because it is too sparse
INFO: [Synth 8-5546] ROM "go_pulse_usb" won't be mapped to RAM because it is too sparse
INFO: [Synth 8-5546] ROM "go_pulse_usb" won't be mapped to RAM because it is too sparse
---------------------------------------------------------------------------------
Finished RTL Optimization Phase 2 : Time (s): cpu = 00:00:37 ; elapsed = 00:00:45 . Memory (MB): peak = 650.000 ; gain = 439.660
---------------------------------------------------------------------------------

Report RTL Partitions: 
+-+--------------+------------+----------+
| |RTL Partition |Replication |Instances |
+-+--------------+------------+----------+
+-+--------------+------------+----------+
---------------------------------------------------------------------------------
Start RTL Component Statistics 
---------------------------------------------------------------------------------
INFO: [Synth 8-3538] Detected potentially large (wide) register leak_bank_reg [C:/Users/narut/OneDrive/Desktop/Project/bnn/cw305/mnist_leakage_core_wide.sv:67]
Detailed RTL Component Info : 
+---Adders : 
	   2 Input     24 Bit       Adders := 1     
	   2 Input     16 Bit       Adders := 1     
	   2 Input     10 Bit       Adders := 9     
	   2 Input      8 Bit       Adders := 3     
	   2 Input      5 Bit       Adders := 3     
	   9 Input      4 Bit       Adders := 1     
	   2 Input      3 Bit       Adders := 1     
+---XORs : 
	   2 Input      9 Bit         XORs := 1     
	   2 Input      1 Bit         XORs := 1     
+---XORs : 
	             1000 Bit    Wide XORs := 4     
	              536 Bit    Wide XORs := 1     
	                5 Bit    Wide XORs := 1     
+---Registers : 
	             4536 Bit    Registers := 1     
	              784 Bit    Registers := 1     
	               24 Bit    Registers := 2     
	               21 Bit    Registers := 1     
	               16 Bit    Registers := 2     
	               10 Bit    Registers := 3     
	                9 Bit    Registers := 1     
	                8 Bit    Registers := 6     
	                5 Bit    Registers := 3     
	                3 Bit    Registers := 4     
	                2 Bit    Registers := 1     
	                1 Bit    Registers := 10    
+---RAMs : 
	               5K Bit         RAMs := 1     
+---Muxes : 
	   2 Input   4536 Bit        Muxes := 1     
	   2 Input    784 Bit        Muxes := 2     
	   2 Input      9 Bit        Muxes := 3     
	   2 Input      8 Bit        Muxes := 5     
	   2 Input      5 Bit        Muxes := 1     
	   2 Input      4 Bit        Muxes := 1     
	   3 Input      4 Bit        Muxes := 1     
	   2 Input      3 Bit        Muxes := 1     
	   3 Input      2 Bit        Muxes := 1     
	   2 Input      2 Bit        Muxes := 1     
	   2 Input      1 Bit        Muxes := 23    
	   3 Input      1 Bit        Muxes := 2     
	   4 Input      1 Bit        Muxes := 10    
---------------------------------------------------------------------------------
Finished RTL Component Statistics 
---------------------------------------------------------------------------------
---------------------------------------------------------------------------------
Start RTL Hierarchical Component Statistics 
---------------------------------------------------------------------------------
INFO: [Synth 8-3538] Detected potentially large (wide) register leak_bank_reg [C:/Users/narut/OneDrive/Desktop/Project/bnn/cw305/mnist_leakage_core_wide.sv:67]
Hierarchical RTL Component report 
Module cw305_usb_reg_fe 
Detailed RTL Component Info : 
+---Registers : 
	               21 Bit    Registers := 1     
	                8 Bit    Registers := 1     
	                3 Bit    Registers := 1     
	                1 Bit    Registers := 4     
Module cdc_pulse 
Detailed RTL Component Info : 
+---XORs : 
	   2 Input      1 Bit         XORs := 1     
+---Registers : 
	                3 Bit    Registers := 1     
	                1 Bit    Registers := 1     
Module mnist_leakage_core_wide 
Detailed RTL Component Info : 
+---Adders : 
	   2 Input     10 Bit       Adders := 9     
	   2 Input      8 Bit       Adders := 1     
	   2 Input      5 Bit       Adders := 3     
	   9 Input      4 Bit       Adders := 1     
	   2 Input      3 Bit       Adders := 1     
+---XORs : 
	   2 Input      9 Bit         XORs := 1     
+---XORs : 
	             1000 Bit    Wide XORs := 4     
	              536 Bit    Wide XORs := 1     
	                5 Bit    Wide XORs := 1     
+---Registers : 
	             4536 Bit    Registers := 1     
	               10 Bit    Registers := 1     
	                8 Bit    Registers := 1     
	                5 Bit    Registers := 3     
	                3 Bit    Registers := 1     
	                1 Bit    Registers := 3     
+---Muxes : 
	   2 Input   4536 Bit        Muxes := 1     
	   2 Input      5 Bit        Muxes := 1     
	   2 Input      3 Bit        Muxes := 1     
	   2 Input      1 Bit        Muxes := 13    
	   3 Input      1 Bit        Muxes := 1     
	   4 Input      1 Bit        Muxes := 9     
Module cw305_reg_leakage_wide 
Detailed RTL Component Info : 
+---Adders : 
	   2 Input     24 Bit       Adders := 1     
	   2 Input     16 Bit       Adders := 1     
	   2 Input      8 Bit       Adders := 2     
+---Registers : 
	              784 Bit    Registers := 1     
	               24 Bit    Registers := 2     
	               16 Bit    Registers := 2     
	               10 Bit    Registers := 2     
	                9 Bit    Registers := 1     
	                8 Bit    Registers := 4     
	                3 Bit    Registers := 1     
	                2 Bit    Registers := 1     
	                1 Bit    Registers := 2     
+---RAMs : 
	               5K Bit         RAMs := 1     
+---Muxes : 
	   2 Input    784 Bit        Muxes := 2     
	   2 Input      9 Bit        Muxes := 3     
	   2 Input      8 Bit        Muxes := 5     
	   4 Input      1 Bit        Muxes := 1     
	   2 Input      1 Bit        Muxes := 10    
	   3 Input      1 Bit        Muxes := 1     
Module clocks 
Detailed RTL Component Info : 
+---Muxes : 
	   2 Input      4 Bit        Muxes := 1     
	   3 Input      4 Bit        Muxes := 1     
	   3 Input      2 Bit        Muxes := 1     
	   2 Input      2 Bit        Muxes := 1     
---------------------------------------------------------------------------------
Finished RTL Hierarchical Component Statistics
---------------------------------------------------------------------------------
---------------------------------------------------------------------------------
Start Part Resource Summary
---------------------------------------------------------------------------------
Part Resources:
DSPs: 240 (col length:80)
BRAMs: 270 (col length: RAMB18 80 RAMB36 40)
---------------------------------------------------------------------------------
Finished Part Resource Summary
---------------------------------------------------------------------------------
---------------------------------------------------------------------------------
Start Cross Boundary and Area Optimization
---------------------------------------------------------------------------------
INFO: [Synth 8-4471] merging register 'row_reg[4:0]' into 'row_reg[4:0]' [C:/Users/narut/OneDrive/Desktop/Project/bnn/cw305/mnist_leakage_core_wide.sv:46]
INFO: [Synth 8-4471] merging register 'col_reg[4:0]' into 'col_reg[4:0]' [C:/Users/narut/OneDrive/Desktop/Project/bnn/cw305/mnist_leakage_core_wide.sv:46]
INFO: [Synth 8-5546] ROM "go_pulse_usb" won't be mapped to RAM because it is too sparse
INFO: [Synth 8-5546] ROM "go_pulse_usb" won't be mapped to RAM because it is too sparse
WARNING: [Synth 8-3917] design cw305_leakage_wide_top has port led2 driven by constant 0
WARNING: [Synth 8-3331] design cw305_reg_leakage_wide has unconnected port reg_read
WARNING: [Synth 8-3331] design cw305_leakage_wide_top has unconnected port k15_sel
WARNING: [Synth 8-3331] design cw305_leakage_wide_top has unconnected port l14_sel
INFO: [Synth 8-3886] merging instance 'U_reg/U_core/out_data_reg[5]' (FDRE) to 'U_reg/U_core/out_data_reg[7]'
INFO: [Synth 8-3886] merging instance 'U_reg/U_core/out_data_reg[6]' (FDRE) to 'U_reg/U_core/out_data_reg[7]'
WARNING: [Synth 8-3332] Sequential element (U_usb_reg_fe/reg_read_reg) is unused and will be removed from module cw305_leakage_wide_top.
INFO: [Synth 8-3333] propagating constant 0 across sequential element (\U_reg/O_user_led_reg )
WARNING: [Synth 8-3332] Sequential element (U_reg/O_user_led_reg) is unused and will be removed from module cw305_leakage_wide_top.
---------------------------------------------------------------------------------
Finished Cross Boundary and Area Optimization : Time (s): cpu = 00:00:57 ; elapsed = 00:01:07 . Memory (MB): peak = 650.000 ; gain = 439.660
---------------------------------------------------------------------------------
---------------------------------------------------------------------------------
Start ROM, RAM, DSP and Shift Register Reporting
---------------------------------------------------------------------------------

Distributed RAM: Preliminary Mapping  Report (see note below)
+-----------------------+-------------------+-----------+----------------------+------------------------------+
|Module Name            | RTL Object        | Inference | Size (Depth x Width) | Primitives                   | 
+-----------------------+-------------------+-----------+----------------------+------------------------------+
|cw305_leakage_wide_top | U_reg/out_mem_reg | Implied   | 1 K x 8              | RAM64X1D x 22  RAM64M x 22   | 
+-----------------------+-------------------+-----------+----------------------+------------------------------+

Note: The table above is a preliminary report that shows the Distributed RAMs at the current stage of the synthesis flow. Some Distributed RAMs may be reimplemented as non Distributed RAM primitives later in the synthesis flow. Multiple instantiated RAMs are reported only once.
---------------------------------------------------------------------------------
Finished ROM, RAM, DSP and Shift Register Reporting
---------------------------------------------------------------------------------

Report RTL Partitions: 
+-+--------------+------------+----------+
| |RTL Partition |Replication |Instances |
+-+--------------+------------+----------+
+-+--------------+------------+----------+
---------------------------------------------------------------------------------
Start Timing Optimization
---------------------------------------------------------------------------------
---------------------------------------------------------------------------------
Start Applying XDC Timing Constraints
---------------------------------------------------------------------------------
---------------------------------------------------------------------------------
Finished Applying XDC Timing Constraints : Time (s): cpu = 00:01:11 ; elapsed = 00:01:22 . Memory (MB): peak = 650.000 ; gain = 439.660
---------------------------------------------------------------------------------
---------------------------------------------------------------------------------
Finished Timing Optimization : Time (s): cpu = 00:01:14 ; elapsed = 00:01:24 . Memory (MB): peak = 664.836 ; gain = 454.496
---------------------------------------------------------------------------------

Report RTL Partitions: 
+-+--------------+------------+----------+
| |RTL Partition |Replication |Instances |
+-+--------------+------------+----------+
+-+--------------+------------+----------+
---------------------------------------------------------------------------------
Start Technology Mapping
---------------------------------------------------------------------------------
INFO: [Synth 8-3886] merging instance 'U_reg/U_core/out_data_reg[4]' (FDRE) to 'U_reg/U_core/out_data_reg[7]'
---------------------------------------------------------------------------------
Finished Technology Mapping : Time (s): cpu = 00:01:19 ; elapsed = 00:01:29 . Memory (MB): peak = 739.141 ; gain = 528.801
---------------------------------------------------------------------------------

Report RTL Partitions: 
+-+--------------+------------+----------+
| |RTL Partition |Replication |Instances |
+-+--------------+------------+----------+
+-+--------------+------------+----------+
---------------------------------------------------------------------------------
Start IO Insertion
---------------------------------------------------------------------------------
---------------------------------------------------------------------------------
Start Flattening Before IO Insertion
---------------------------------------------------------------------------------
---------------------------------------------------------------------------------
Finished Flattening Before IO Insertion
---------------------------------------------------------------------------------
---------------------------------------------------------------------------------
Start Final Netlist Cleanup
---------------------------------------------------------------------------------
---------------------------------------------------------------------------------
Finished Final Netlist Cleanup
---------------------------------------------------------------------------------
---------------------------------------------------------------------------------
Finished IO Insertion : Time (s): cpu = 00:01:20 ; elapsed = 00:01:31 . Memory (MB): peak = 739.141 ; gain = 528.801
---------------------------------------------------------------------------------

Report Check Netlist: 
+------+------------------+-------+---------+-------+------------------+
|      |Item              |Errors |Warnings |Status |Description       |
+------+------------------+-------+---------+-------+------------------+
|1     |multi_driven_nets |      0|        0|Passed |Multi driven nets |
+------+------------------+-------+---------+-------+------------------+
---------------------------------------------------------------------------------
Start Renaming Generated Instances
---------------------------------------------------------------------------------
---------------------------------------------------------------------------------
Finished Renaming Generated Instances : Time (s): cpu = 00:01:20 ; elapsed = 00:01:31 . Memory (MB): peak = 739.141 ; gain = 528.801
---------------------------------------------------------------------------------

Report RTL Partitions: 
+-+--------------+------------+----------+
| |RTL Partition |Replication |Instances |
+-+--------------+------------+----------+
+-+--------------+------------+----------+
---------------------------------------------------------------------------------
Start Rebuilding User Hierarchy
---------------------------------------------------------------------------------
---------------------------------------------------------------------------------
Finished Rebuilding User Hierarchy : Time (s): cpu = 00:01:22 ; elapsed = 00:01:33 . Memory (MB): peak = 739.141 ; gain = 528.801
---------------------------------------------------------------------------------
---------------------------------------------------------------------------------
Start Renaming Generated Ports
---------------------------------------------------------------------------------
---------------------------------------------------------------------------------
Finished Renaming Generated Ports : Time (s): cpu = 00:01:22 ; elapsed = 00:01:33 . Memory (MB): peak = 739.141 ; gain = 528.801
---------------------------------------------------------------------------------
---------------------------------------------------------------------------------
Start Handling Custom Attributes
---------------------------------------------------------------------------------
---------------------------------------------------------------------------------
Finished Handling Custom Attributes : Time (s): cpu = 00:01:22 ; elapsed = 00:01:33 . Memory (MB): peak = 739.141 ; gain = 528.801
---------------------------------------------------------------------------------
---------------------------------------------------------------------------------
Start Renaming Generated Nets
---------------------------------------------------------------------------------
---------------------------------------------------------------------------------
Finished Renaming Generated Nets : Time (s): cpu = 00:01:22 ; elapsed = 00:01:33 . Memory (MB): peak = 739.141 ; gain = 528.801
---------------------------------------------------------------------------------
---------------------------------------------------------------------------------
Start Writing Synthesis Report
---------------------------------------------------------------------------------

Report BlackBoxes: 
+-+--------------+----------+
| |BlackBox name |Instances |
+-+--------------+----------+
+-+--------------+----------+

Report Cell Usage: 
+------+-------------+------+
|      |Cell         |Count |
+------+-------------+------+
|1     |BUFG         |     1|
|2     |BUFGMUX_CTRL |     1|
|3     |CARRY4       |    13|
|4     |LUT1         |    59|
|5     |LUT2         |    60|
|6     |LUT3         |   673|
|7     |LUT4         |   814|
|8     |LUT5         |   107|
|9     |LUT6         |  2408|
|10    |MUXF7        |   234|
|11    |MUXF8        |   111|
|12    |ODDR         |     1|
|13    |RAM64M       |    22|
|14    |RAM64X1D     |    11|
|15    |FDCE         |     4|
|16    |FDRE         |  5554|
|17    |IBUF         |    28|
|18    |IBUFG        |     1|
|19    |IOBUF        |     8|
|20    |OBUF         |     5|
+------+-------------+------+

Report Instance Areas: 
+------+---------------+------------------------+------+
|      |Instance       |Module                  |Cells |
+------+---------------+------------------------+------+
|1     |top            |                        | 10115|
|2     |  U_clocks     |clocks                  |     4|
|3     |  U_reg        |cw305_reg_leakage_wide  |  9140|
|4     |    U_core     |mnist_leakage_core_wide |  7679|
|5     |    U_go       |cdc_pulse               |     8|
|6     |  U_usb_reg_fe |cw305_usb_reg_fe        |   930|
+------+---------------+------------------------+------+
---------------------------------------------------------------------------------
Finished Writing Synthesis Report : Time (s): cpu = 00:01:22 ; elapsed = 00:01:33 . Memory (MB): peak = 739.141 ; gain = 528.801
---------------------------------------------------------------------------------
Synthesis finished with 0 errors, 0 critical warnings and 6 warnings.
Synthesis Optimization Runtime : Time (s): cpu = 00:01:04 ; elapsed = 00:01:17 . Memory (MB): peak = 739.141 ; gain = 200.477
Synthesis Optimization Complete : Time (s): cpu = 00:01:22 ; elapsed = 00:01:33 . Memory (MB): peak = 739.141 ; gain = 528.801
INFO: [Project 1-571] Translating synthesized netlist
INFO: [Netlist 29-17] Analyzing 85 Unisim elements for replacement
INFO: [Netlist 29-28] Unisim Transformation completed in 0 CPU seconds
INFO: [Project 1-570] Preparing netlist for logic optimization
INFO: [Opt 31-138] Pushed 0 inverter(s) to 0 load pin(s).
INFO: [Project 1-111] Unisim Transformation Summary:
  A total of 43 instances were transformed.
  BUFGMUX_CTRL => BUFGCTRL (inverted pins: S0): 1 instances
  IBUFG => IBUF: 1 instances
  IOBUF => IOBUF (IBUF, OBUFT): 8 instances
  RAM64M => RAM64M (RAMD64E, RAMD64E, RAMD64E, RAMD64E): 22 instances
  RAM64X1D => RAM64X1D (RAMD64E, RAMD64E): 11 instances

INFO: [Common 17-83] Releasing license: Synthesis
66 Infos, 11 Warnings, 0 Critical Warnings and 0 Errors encountered.
synth_design completed successfully
synth_design: Time (s): cpu = 00:01:24 ; elapsed = 00:01:33 . Memory (MB): peak = 739.141 ; gain = 528.801
INFO: [Common 17-1381] The checkpoint 'C:/Users/narut/OneDrive/Desktop/Project/bnn/build/vivado_leakage_wide_d8_l63/cw305_leakage_wide_d8_l63.runs/synth_1/cw305_leakage_wide_top.dcp' has been generated.
report_utilization: Time (s): cpu = 00:00:00 ; elapsed = 00:00:00.083 . Memory (MB): peak = 739.141 ; gain = 0.000
INFO: [Common 17-206] Exiting Vivado at Mon Aug 31 23:54:53 2026...
[Mon Aug 31 23:54:54 2026] synth_1 finished
wait_on_run: Time (s): cpu = 00:00:00 ; elapsed = 00:01:45 . Memory (MB): peak = 222.324 ; gain = 5.520
# if {[get_property PROGRESS [get_runs synth_1]] != "100%"} {
#     error "Synthesis failed"
# }
# launch_runs impl_1 -to_step write_bitstream -jobs 4
[Mon Aug 31 23:54:54 2026] Launched impl_1...
Run output will be captured here: C:/Users/narut/OneDrive/Desktop/Project/bnn/build/vivado_leakage_wide_d8_l63/cw305_leakage_wide_d8_l63.runs/impl_1/runme.log
# wait_on_run impl_1
[Mon Aug 31 23:54:54 2026] Waiting for impl_1 to finish...

*** Running vivado
    with args -log cw305_leakage_wide_top.vdi -applog -m64 -product Vivado -messageDb vivado.pb -mode batch -source cw305_leakage_wide_top.tcl -notrace


****** Vivado v2016.4 (64-bit)
  **** SW Build 1756540 on Mon Jan 23 19:11:23 MST 2017
  **** IP Build 1755317 on Mon Jan 23 20:30:07 MST 2017
    ** Copyright 1986-2016 Xilinx, Inc. All Rights Reserved.

source cw305_leakage_wide_top.tcl -notrace
Design is defaulting to srcset: sources_1
Design is defaulting to constrset: constrs_1
INFO: [Netlist 29-17] Analyzing 83 Unisim elements for replacement
INFO: [Netlist 29-28] Unisim Transformation completed in 0 CPU seconds
INFO: [Project 1-479] Netlist was created with Vivado 2016.4
INFO: [Device 21-403] Loading part xc7a100tftg256-2
INFO: [Project 1-570] Preparing netlist for logic optimization
Parsing XDC File [C:/Users/narut/ChipWhisperer/chipwhisperer/firmware/fpgas/aes/vivado/cw305.xdc]
Finished Parsing XDC File [C:/Users/narut/ChipWhisperer/chipwhisperer/firmware/fpgas/aes/vivado/cw305.xdc]
Parsing XDC File [C:/Users/narut/OneDrive/Desktop/Project/bnn/cw305/cw305_leakage_grey.xdc]
INFO: [Timing 38-35] Done setting XDC timing constraints. [C:/Users/narut/OneDrive/Desktop/Project/bnn/cw305/cw305_leakage_grey.xdc:13]
get_clocks: Time (s): cpu = 00:00:16 ; elapsed = 00:00:17 . Memory (MB): peak = 1004.891 ; gain = 517.520
Finished Parsing XDC File [C:/Users/narut/OneDrive/Desktop/Project/bnn/cw305/cw305_leakage_grey.xdc]
INFO: [Opt 31-138] Pushed 0 inverter(s) to 0 load pin(s).
INFO: [Project 1-111] Unisim Transformation Summary:
  A total of 41 instances were transformed.
  IOBUF => IOBUF (IBUF, OBUFT): 8 instances
  RAM64M => RAM64M (RAMD64E, RAMD64E, RAMD64E, RAMD64E): 22 instances
  RAM64X1D => RAM64X1D (RAMD64E, RAMD64E): 11 instances

link_design: Time (s): cpu = 00:00:24 ; elapsed = 00:00:26 . Memory (MB): peak = 1004.891 ; gain = 794.363
INFO: [Vivado_Tcl 4-424] Cannot write hardware definition file as there are no IPI block design hardware handoff files present
Command: opt_design
Attempting to get a license for feature 'Implementation' and/or device 'xc7a100t'
INFO: [Common 17-349] Got license for feature 'Implementation' and/or device 'xc7a100t'
Running DRC as a precondition to command opt_design

Starting DRC Task
INFO: [DRC 23-27] Running DRC with 2 threads
INFO: [Project 1-461] DRC finished with 0 Errors
INFO: [Project 1-462] Please refer to the DRC report (report_drc) for more information.

Time (s): cpu = 00:00:01 ; elapsed = 00:00:00.834 . Memory (MB): peak = 1004.891 ; gain = 0.000
INFO: [Timing 38-35] Done setting XDC timing constraints.

Starting Logic Optimization Task
Implement Debug Cores | Checksum: 1ff162e7c

Phase 1 Retarget
INFO: [Opt 31-138] Pushed 0 inverter(s) to 0 load pin(s).
INFO: [Opt 31-49] Retargeted 0 cell(s).
Phase 1 Retarget | Checksum: 1e55ac6ba

Time (s): cpu = 00:00:00 ; elapsed = 00:00:00.384 . Memory (MB): peak = 1005.840 ; gain = 0.000

Phase 2 Constant propagation
INFO: [Opt 31-138] Pushed 0 inverter(s) to 0 load pin(s).
INFO: [Opt 31-10] Eliminated 0 cells.
Phase 2 Constant propagation | Checksum: 1e55ac6ba

Time (s): cpu = 00:00:01 ; elapsed = 00:00:00.670 . Memory (MB): peak = 1005.840 ; gain = 0.000

Phase 3 Sweep
INFO: [Opt 31-12] Eliminated 34 unconnected nets.
INFO: [Opt 31-11] Eliminated 16 unconnected cells.
Phase 3 Sweep | Checksum: 2051a2822

Time (s): cpu = 00:00:01 ; elapsed = 00:00:00.982 . Memory (MB): peak = 1005.840 ; gain = 0.000

Phase 4 BUFG optimization
INFO: [Opt 31-12] Eliminated 0 unconnected nets.
INFO: [Opt 31-11] Eliminated 0 unconnected cells.
Phase 4 BUFG optimization | Checksum: 2051a2822

Time (s): cpu = 00:00:01 ; elapsed = 00:00:02 . Memory (MB): peak = 1005.840 ; gain = 0.000

Starting Connectivity Check Task

Time (s): cpu = 00:00:00 ; elapsed = 00:00:00.021 . Memory (MB): peak = 1005.840 ; gain = 0.000
Ending Logic Optimization Task | Checksum: 2051a2822

Time (s): cpu = 00:00:02 ; elapsed = 00:00:02 . Memory (MB): peak = 1005.840 ; gain = 0.000

Starting Power Optimization Task
INFO: [Pwropt 34-132] Skipping clock gating for clocks with a period < 2.00 ns.
Ending Power Optimization Task | Checksum: 2051a2822

Time (s): cpu = 00:00:00 ; elapsed = 00:00:00.032 . Memory (MB): peak = 1005.840 ; gain = 0.000
INFO: [Common 17-83] Releasing license: Implementation
24 Infos, 0 Warnings, 0 Critical Warnings and 0 Errors encountered.
opt_design completed successfully
Writing placer database...
Writing XDEF routing.
Writing XDEF routing logical nets.
Writing XDEF routing special nets.
Write XDEF Complete: Time (s): cpu = 00:00:00 ; elapsed = 00:00:00.095 . Memory (MB): peak = 1005.840 ; gain = 0.000
INFO: [Common 17-1381] The checkpoint 'C:/Users/narut/OneDrive/Desktop/Project/bnn/build/vivado_leakage_wide_d8_l63/cw305_leakage_wide_d8_l63.runs/impl_1/cw305_leakage_wide_top_opt.dcp' has been generated.
INFO: [DRC 23-27] Running DRC with 2 threads
INFO: [Coretcl 2-168] The results of DRC are in file C:/Users/narut/OneDrive/Desktop/Project/bnn/build/vivado_leakage_wide_d8_l63/cw305_leakage_wide_d8_l63.runs/impl_1/cw305_leakage_wide_top_drc_opted.rpt.
INFO: [Chipscope 16-241] No debug cores found in the current design.
Before running the implement_debug_core command, either use the Set Up Debug wizard (GUI mode)
or use the create_debug_core and connect_debug_core Tcl commands to insert debug cores into the design.
Command: place_design
Attempting to get a license for feature 'Implementation' and/or device 'xc7a100t'
INFO: [Common 17-349] Got license for feature 'Implementation' and/or device 'xc7a100t'
INFO: [DRC 23-27] Running DRC with 2 threads
INFO: [Vivado_Tcl 4-198] DRC finished with 0 Errors
INFO: [Vivado_Tcl 4-199] Please refer to the DRC report (report_drc) for more information.
Running DRC as a precondition to command place_design
INFO: [DRC 23-27] Running DRC with 2 threads
INFO: [Vivado_Tcl 4-198] DRC finished with 0 Errors
INFO: [Vivado_Tcl 4-199] Please refer to the DRC report (report_drc) for more information.

Starting Placer Task
INFO: [Place 30-611] Multithreading enabled for place_design using a maximum of 2 CPUs

Phase 1 Placer Initialization
Netlist sorting complete. Time (s): cpu = 00:00:00 ; elapsed = 00:00:00.015 . Memory (MB): peak = 1005.840 ; gain = 0.000
Netlist sorting complete. Time (s): cpu = 00:00:00 ; elapsed = 00:00:00.007 . Memory (MB): peak = 1005.840 ; gain = 0.000

Phase 1.1 IO Placement/ Clock Placement/ Build Placer Device
INFO: [Timing 38-35] Done setting XDC timing constraints.
Phase 1.1 IO Placement/ Clock Placement/ Build Placer Device | Checksum: 18c4c9196

Time (s): cpu = 00:00:04 ; elapsed = 00:00:03 . Memory (MB): peak = 1034.461 ; gain = 28.621

Phase 1.2 Build Placer Netlist Model
Phase 1.2 Build Placer Netlist Model | Checksum: 1b837ba62

Time (s): cpu = 00:00:09 ; elapsed = 00:00:07 . Memory (MB): peak = 1034.461 ; gain = 28.621

Phase 1.3 Constrain Clocks/Macros
Phase 1.3 Constrain Clocks/Macros | Checksum: 1b837ba62

Time (s): cpu = 00:00:09 ; elapsed = 00:00:07 . Memory (MB): peak = 1034.461 ; gain = 28.621
Phase 1 Placer Initialization | Checksum: 1b837ba62

Time (s): cpu = 00:00:09 ; elapsed = 00:00:08 . Memory (MB): peak = 1034.461 ; gain = 28.621

Phase 2 Global Placement
Phase 2 Global Placement | Checksum: 23a91a491

Time (s): cpu = 00:00:22 ; elapsed = 00:00:20 . Memory (MB): peak = 1034.461 ; gain = 28.621

Phase 3 Detail Placement

Phase 3.1 Commit Multi Column Macros
Phase 3.1 Commit Multi Column Macros | Checksum: 23a91a491

Time (s): cpu = 00:00:22 ; elapsed = 00:00:21 . Memory (MB): peak = 1034.461 ; gain = 28.621

Phase 3.2 Commit Most Macros & LUTRAMs
Phase 3.2 Commit Most Macros & LUTRAMs | Checksum: 162a42cc9

Time (s): cpu = 00:00:26 ; elapsed = 00:00:24 . Memory (MB): peak = 1034.461 ; gain = 28.621

Phase 3.3 Area Swap Optimization
Phase 3.3 Area Swap Optimization | Checksum: 14870e92d

Time (s): cpu = 00:00:26 ; elapsed = 00:00:24 . Memory (MB): peak = 1034.461 ; gain = 28.621

Phase 3.4 Pipeline Register Optimization
Phase 3.4 Pipeline Register Optimization | Checksum: 14870e92d

Time (s): cpu = 00:00:26 ; elapsed = 00:00:24 . Memory (MB): peak = 1034.461 ; gain = 28.621

Phase 3.5 Timing Path Optimizer
Phase 3.5 Timing Path Optimizer | Checksum: 16eef573d

Time (s): cpu = 00:00:27 ; elapsed = 00:00:25 . Memory (MB): peak = 1034.461 ; gain = 28.621

Phase 3.6 Small Shape Detail Placement
Phase 3.6 Small Shape Detail Placement | Checksum: 2595512f6

Time (s): cpu = 00:00:32 ; elapsed = 00:00:30 . Memory (MB): peak = 1034.461 ; gain = 28.621

Phase 3.7 Re-assign LUT pins
Phase 3.7 Re-assign LUT pins | Checksum: 1f1767d3a

Time (s): cpu = 00:00:33 ; elapsed = 00:00:31 . Memory (MB): peak = 1034.461 ; gain = 28.621

Phase 3.8 Pipeline Register Optimization
Phase 3.8 Pipeline Register Optimization | Checksum: 1f1767d3a

Time (s): cpu = 00:00:33 ; elapsed = 00:00:31 . Memory (MB): peak = 1034.461 ; gain = 28.621
Phase 3 Detail Placement | Checksum: 1f1767d3a

Time (s): cpu = 00:00:33 ; elapsed = 00:00:31 . Memory (MB): peak = 1034.461 ; gain = 28.621

Phase 4 Post Placement Optimization and Clean-Up

Phase 4.1 Post Commit Optimization
INFO: [Timing 38-35] Done setting XDC timing constraints.

Phase 4.1.1 Post Placement Optimization
INFO: [Place 30-746] Post Placement Timing Summary WNS=3.008. For the most accurate timing information please run report_timing.
Phase 4.1.1 Post Placement Optimization | Checksum: 191d983ec

Time (s): cpu = 00:00:38 ; elapsed = 00:00:35 . Memory (MB): peak = 1057.637 ; gain = 51.797
Phase 4.1 Post Commit Optimization | Checksum: 191d983ec

Time (s): cpu = 00:00:39 ; elapsed = 00:00:35 . Memory (MB): peak = 1057.637 ; gain = 51.797

Phase 4.2 Post Placement Cleanup
Phase 4.2 Post Placement Cleanup | Checksum: 191d983ec

Time (s): cpu = 00:00:39 ; elapsed = 00:00:35 . Memory (MB): peak = 1057.637 ; gain = 51.797

Phase 4.3 Placer Reporting
Phase 4.3 Placer Reporting | Checksum: 191d983ec

Time (s): cpu = 00:00:39 ; elapsed = 00:00:35 . Memory (MB): peak = 1057.637 ; gain = 51.797

Phase 4.4 Final Placement Cleanup
Phase 4.4 Final Placement Cleanup | Checksum: 16c4d4d13

Time (s): cpu = 00:00:39 ; elapsed = 00:00:35 . Memory (MB): peak = 1057.637 ; gain = 51.797
Phase 4 Post Placement Optimization and Clean-Up | Checksum: 16c4d4d13

Time (s): cpu = 00:00:39 ; elapsed = 00:00:36 . Memory (MB): peak = 1057.637 ; gain = 51.797
Ending Placer Task | Checksum: 78f3515d

Time (s): cpu = 00:00:39 ; elapsed = 00:00:36 . Memory (MB): peak = 1057.637 ; gain = 51.797
INFO: [Common 17-83] Releasing license: Implementation
40 Infos, 0 Warnings, 0 Critical Warnings and 0 Errors encountered.
place_design completed successfully
place_design: Time (s): cpu = 00:00:43 ; elapsed = 00:00:38 . Memory (MB): peak = 1057.637 ; gain = 51.797
Writing placer database...
Writing XDEF routing.
Writing XDEF routing logical nets.
Writing XDEF routing special nets.
Write XDEF Complete: Time (s): cpu = 00:00:04 ; elapsed = 00:00:02 . Memory (MB): peak = 1057.637 ; gain = 0.000
INFO: [Common 17-1381] The checkpoint 'C:/Users/narut/OneDrive/Desktop/Project/bnn/build/vivado_leakage_wide_d8_l63/cw305_leakage_wide_d8_l63.runs/impl_1/cw305_leakage_wide_top_placed.dcp' has been generated.
report_io: Time (s): cpu = 00:00:00 ; elapsed = 00:00:00.113 . Memory (MB): peak = 1057.637 ; gain = 0.000
report_utilization: Time (s): cpu = 00:00:00 ; elapsed = 00:00:00.169 . Memory (MB): peak = 1057.637 ; gain = 0.000
report_control_sets: Time (s): cpu = 00:00:00 ; elapsed = 00:00:00.038 . Memory (MB): peak = 1057.637 ; gain = 0.000
Command: route_design
Attempting to get a license for feature 'Implementation' and/or device 'xc7a100t'
INFO: [Common 17-349] Got license for feature 'Implementation' and/or device 'xc7a100t'
Running DRC as a precondition to command route_design
INFO: [DRC 23-27] Running DRC with 2 threads
INFO: [Vivado_Tcl 4-198] DRC finished with 0 Errors
INFO: [Vivado_Tcl 4-199] Please refer to the DRC report (report_drc) for more information.


Starting Routing Task
INFO: [Route 35-254] Multithreading enabled for route_design using a maximum of 2 CPUs
Checksum: PlaceDB: 5ee37204 ConstDB: 0 ShapeSum: 1a0fdf59 RouteDB: 0

Phase 1 Build RT Design
Phase 1 Build RT Design | Checksum: c017866f

Time (s): cpu = 00:01:00 ; elapsed = 00:00:55 . Memory (MB): peak = 1200.406 ; gain = 142.770

Phase 2 Router Initialization

Phase 2.1 Create Timer
Phase 2.1 Create Timer | Checksum: c017866f

Time (s): cpu = 00:01:00 ; elapsed = 00:00:56 . Memory (MB): peak = 1200.406 ; gain = 142.770

Phase 2.2 Fix Topology Constraints
Phase 2.2 Fix Topology Constraints | Checksum: c017866f

Time (s): cpu = 00:01:00 ; elapsed = 00:00:56 . Memory (MB): peak = 1200.406 ; gain = 142.770

Phase 2.3 Pre Route Cleanup
Phase 2.3 Pre Route Cleanup | Checksum: c017866f

Time (s): cpu = 00:01:00 ; elapsed = 00:00:56 . Memory (MB): peak = 1200.406 ; gain = 142.770
 Number of Nodes with overlaps = 0

Phase 2.4 Update Timing
Phase 2.4 Update Timing | Checksum: 198a4afce

Time (s): cpu = 00:01:07 ; elapsed = 00:01:01 . Memory (MB): peak = 1209.324 ; gain = 151.688
INFO: [Route 35-416] Intermediate Timing Summary | WNS=3.055  | TNS=0.000  | WHS=-0.677 | THS=-489.778|

Phase 2 Router Initialization | Checksum: 15a6b731f

Time (s): cpu = 00:01:10 ; elapsed = 00:01:03 . Memory (MB): peak = 1209.324 ; gain = 151.688

Phase 3 Initial Routing
Phase 3 Initial Routing | Checksum: 1d987241e

Time (s): cpu = 00:01:13 ; elapsed = 00:01:05 . Memory (MB): peak = 1209.324 ; gain = 151.688

Phase 4 Rip-up And Reroute

Phase 4.1 Global Iteration 0
 Number of Nodes with overlaps = 841
 Number of Nodes with overlaps = 27
 Number of Nodes with overlaps = 1
 Number of Nodes with overlaps = 0

Phase 4.1.1 Update Timing
Phase 4.1.1 Update Timing | Checksum: 13bf6790b

Time (s): cpu = 00:01:22 ; elapsed = 00:01:12 . Memory (MB): peak = 1209.324 ; gain = 151.688
INFO: [Route 35-416] Intermediate Timing Summary | WNS=2.441  | TNS=0.000  | WHS=N/A    | THS=N/A    |

Phase 4.1 Global Iteration 0 | Checksum: 1223d423c

Time (s): cpu = 00:01:23 ; elapsed = 00:01:12 . Memory (MB): peak = 1209.324 ; gain = 151.688
Phase 4 Rip-up And Reroute | Checksum: 1223d423c

Time (s): cpu = 00:01:23 ; elapsed = 00:01:12 . Memory (MB): peak = 1209.324 ; gain = 151.688

Phase 5 Delay and Skew Optimization

Phase 5.1 Delay CleanUp
Phase 5.1 Delay CleanUp | Checksum: 1223d423c

Time (s): cpu = 00:01:23 ; elapsed = 00:01:12 . Memory (MB): peak = 1209.324 ; gain = 151.688

Phase 5.2 Clock Skew Optimization
Phase 5.2 Clock Skew Optimization | Checksum: 1223d423c

Time (s): cpu = 00:01:23 ; elapsed = 00:01:12 . Memory (MB): peak = 1209.324 ; gain = 151.688
Phase 5 Delay and Skew Optimization | Checksum: 1223d423c

Time (s): cpu = 00:01:23 ; elapsed = 00:01:12 . Memory (MB): peak = 1209.324 ; gain = 151.688

Phase 6 Post Hold Fix

Phase 6.1 Hold Fix Iter

Phase 6.1.1 Update Timing
Phase 6.1.1 Update Timing | Checksum: b60ce152

Time (s): cpu = 00:01:24 ; elapsed = 00:01:13 . Memory (MB): peak = 1209.324 ; gain = 151.688
INFO: [Route 35-416] Intermediate Timing Summary | WNS=2.523  | TNS=0.000  | WHS=-1.024 | THS=-23.373|

Phase 6.1 Hold Fix Iter | Checksum: 25b04a999

Time (s): cpu = 00:01:30 ; elapsed = 00:01:17 . Memory (MB): peak = 1268.074 ; gain = 210.438
Phase 6 Post Hold Fix | Checksum: 25265029a

Time (s): cpu = 00:01:30 ; elapsed = 00:01:17 . Memory (MB): peak = 1268.074 ; gain = 210.438

Phase 7 Route finalize

Router Utilization Summary
  Global Vertical Routing Utilization    = 1.09649 %
  Global Horizontal Routing Utilization  = 1.28815 %
  Routable Net Status*
  *Does not include unroutable nets such as driverless and loadless.
  Run report_route_status for detailed report.
  Number of Failed Nets               = 0
  Number of Unrouted Nets             = 0
  Number of Partially Routed Nets     = 0
  Number of Node Overlaps             = 0

Phase 7 Route finalize | Checksum: 1d5898f0c

Time (s): cpu = 00:01:31 ; elapsed = 00:01:17 . Memory (MB): peak = 1268.074 ; gain = 210.438

Phase 8 Verifying routed nets

 Verification completed successfully
Phase 8 Verifying routed nets | Checksum: 1d5898f0c

Time (s): cpu = 00:01:31 ; elapsed = 00:01:17 . Memory (MB): peak = 1268.074 ; gain = 210.438

Phase 9 Depositing Routes
Phase 9 Depositing Routes | Checksum: 1cbce2e70

Time (s): cpu = 00:01:32 ; elapsed = 00:01:18 . Memory (MB): peak = 1268.074 ; gain = 210.438

Phase 10 Post Router Timing

Phase 10.1 Update Timing
Phase 10.1 Update Timing | Checksum: 1eefcca3f

Time (s): cpu = 00:01:33 ; elapsed = 00:01:19 . Memory (MB): peak = 1268.074 ; gain = 210.438
INFO: [Route 35-57] Estimated Timing Summary | WNS=2.523  | TNS=0.000  | WHS=0.079  | THS=0.000  |

INFO: [Route 35-327] The final timing numbers are based on the router estimated timing analysis. For a complete and accurate timing signoff, please run report_timing_summary.
Phase 10 Post Router Timing | Checksum: 1eefcca3f

Time (s): cpu = 00:01:33 ; elapsed = 00:01:19 . Memory (MB): peak = 1268.074 ; gain = 210.438
INFO: [Route 35-16] Router Completed Successfully

Time (s): cpu = 00:01:33 ; elapsed = 00:01:19 . Memory (MB): peak = 1268.074 ; gain = 210.438

Routing Is Done.
INFO: [Common 17-83] Releasing license: Implementation
53 Infos, 0 Warnings, 0 Critical Warnings and 0 Errors encountered.
route_design completed successfully
route_design: Time (s): cpu = 00:01:37 ; elapsed = 00:01:21 . Memory (MB): peak = 1268.074 ; gain = 210.438
Writing placer database...
Writing XDEF routing.
Writing XDEF routing logical nets.
Writing XDEF routing special nets.
Write XDEF Complete: Time (s): cpu = 00:00:04 ; elapsed = 00:00:02 . Memory (MB): peak = 1268.074 ; gain = 0.000
INFO: [Common 17-1381] The checkpoint 'C:/Users/narut/OneDrive/Desktop/Project/bnn/build/vivado_leakage_wide_d8_l63/cw305_leakage_wide_d8_l63.runs/impl_1/cw305_leakage_wide_top_routed.dcp' has been generated.
INFO: [DRC 23-27] Running DRC with 2 threads
INFO: [Coretcl 2-168] The results of DRC are in file C:/Users/narut/OneDrive/Desktop/Project/bnn/build/vivado_leakage_wide_d8_l63/cw305_leakage_wide_d8_l63.runs/impl_1/cw305_leakage_wide_top_drc_routed.rpt.
INFO: [Timing 38-35] Done setting XDC timing constraints.
INFO: [DRC 23-133] Running Methodology with 2 threads
INFO: [Coretcl 2-1520] The results of Report Methodology are in file C:/Users/narut/OneDrive/Desktop/Project/bnn/build/vivado_leakage_wide_d8_l63/cw305_leakage_wide_d8_l63.runs/impl_1/cw305_leakage_wide_top_methodology_drc_routed.rpt.
report_methodology: Time (s): cpu = 00:00:20 ; elapsed = 00:00:14 . Memory (MB): peak = 1268.074 ; gain = 0.000
INFO: [Timing 38-35] Done setting XDC timing constraints.
INFO: [Timing 38-91] UpdateTimingParams: Speed grade: -2, Delay Type: min_max.
INFO: [Timing 38-191] Multithreading enabled for timing update using a maximum of 2 CPUs
INFO: [Timing 38-35] Done setting XDC timing constraints.
Command: report_power -file cw305_leakage_wide_top_power_routed.rpt -pb cw305_leakage_wide_top_power_summary_routed.pb -rpx cw305_leakage_wide_top_power_routed.rpx
Running Vector-less Activity Propagation...

Finished Running Vector-less Activity Propagation
63 Infos, 0 Warnings, 0 Critical Warnings and 0 Errors encountered.
report_power completed successfully
Command: write_bitstream -force -no_partial_bitfile cw305_leakage_wide_top.bit
Attempting to get a license for feature 'Implementation' and/or device 'xc7a100t'
INFO: [Common 17-349] Got license for feature 'Implementation' and/or device 'xc7a100t'
Running DRC as a precondition to command write_bitstream
INFO: [DRC 23-27] Running DRC with 2 threads
INFO: [Vivado 12-3199] DRC finished with 0 Errors
INFO: [Vivado 12-3200] Please refer to the DRC report (report_drc) for more information.
Loading data files...
Loading site data...
Loading route data...
Processing options...
Overwriting "TIMESTAMP" with "FC357EA0" for option USR_ACCESS
Creating bitmap...
Creating bitstream...
Bitstream compression saved 20966976 bits.
Writing bitstream ./cw305_leakage_wide_top.bit...
INFO: [Vivado 12-1842] Bitgen Completed Successfully.
INFO: [Project 1-120] WebTalk data collection is mandatory when using a WebPACK part without a full Vivado license. To see the specific WebTalk data collected for your design, open the usage_statistics_webtalk.html or usage_statistics_webtalk.xml file in the implementation directory.
INFO: [Common 17-83] Releasing license: Implementation
70 Infos, 0 Warnings, 0 Critical Warnings and 0 Errors encountered.
write_bitstream completed successfully
write_bitstream: Time (s): cpu = 00:00:38 ; elapsed = 00:00:40 . Memory (MB): peak = 1666.035 ; gain = 385.191
INFO: [Vivado_Tcl 4-395] Unable to parse hwdef file cw305_leakage_wide_top.hwdef
INFO: [Common 17-206] Exiting Vivado at Mon Aug 31 23:58:53 2026...
[Mon Aug 31 23:58:56 2026] impl_1 finished
wait_on_run: Time (s): cpu = 00:00:01 ; elapsed = 00:04:02 . Memory (MB): peak = 222.324 ; gain = 0.000
# if {[get_property PROGRESS [get_runs impl_1]] != "100%"} {
#     error "Implementation failed"
# }
# open_run impl_1
INFO: [Netlist 29-17] Analyzing 83 Unisim elements for replacement
INFO: [Netlist 29-28] Unisim Transformation completed in 1 CPU seconds
INFO: [Project 1-479] Netlist was created with Vivado 2016.4
INFO: [Device 21-403] Loading part xc7a100tftg256-2
INFO: [Project 1-570] Preparing netlist for logic optimization
Parsing XDC File [C:/Users/narut/OneDrive/Desktop/Project/bnn/build/.Xil/Vivado-29544-kaz4n/dcp/cw305_leakage_wide_top.xdc]
INFO: [Timing 38-35] Done setting XDC timing constraints. [C:/Users/narut/OneDrive/Desktop/Project/bnn/cw305/cw305_leakage_grey.xdc:13]
get_clocks: Time (s): cpu = 00:00:20 ; elapsed = 00:00:21 . Memory (MB): peak = 1006.492 ; gain = 517.547
Finished Parsing XDC File [C:/Users/narut/OneDrive/Desktop/Project/bnn/build/.Xil/Vivado-29544-kaz4n/dcp/cw305_leakage_wide_top.xdc]
Reading XDEF placement.
Reading placer database...
Reading XDEF routing.
Read XDEF File: Time (s): cpu = 00:00:01 ; elapsed = 00:00:02 . Memory (MB): peak = 1015.320 ; gain = 8.824
Restored from archive | CPU: 1.000000 secs | Memory: 0.000000 MB |
Finished XDEF File Restore: Time (s): cpu = 00:00:01 ; elapsed = 00:00:02 . Memory (MB): peak = 1015.320 ; gain = 8.824
INFO: [Project 1-111] Unisim Transformation Summary:
  A total of 41 instances were transformed.
  IOBUF => IOBUF (IBUF, OBUFT): 8 instances
  RAM64M => RAM64M (RAMD64E, RAMD64E, RAMD64E, RAMD64E): 22 instances
  RAM64X1D => RAM64X1D (RAMD64E, RAMD64E): 11 instances

open_run: Time (s): cpu = 00:00:31 ; elapsed = 00:00:35 . Memory (MB): peak = 1015.320 ; gain = 792.996
# report_utilization -file ${BUILD_NAME}_utilization.rpt
report_utilization: Time (s): cpu = 00:00:02 ; elapsed = 00:00:02 . Memory (MB): peak = 1019.473 ; gain = 4.152
# report_timing_summary -file ${BUILD_NAME}_timing.rpt
INFO: [Timing 38-91] UpdateTimingParams: Speed grade: -2, Delay Type: min_max.
INFO: [Timing 38-191] Multithreading enabled for timing update using a maximum of 2 CPUs
# report_clock_interaction -file ${BUILD_NAME}_clock_interaction.rpt
INFO: [Timing 38-91] UpdateTimingParams: Speed grade: -2, Delay Type: max.
INFO: [Timing 38-191] Multithreading enabled for timing update using a maximum of 2 CPUs
WARNING: [Timing 38-164] This design has multiple clocks. Inter clock paths are considered valid unless explicitly excluded by timing constraints such as set_clock_groups or set_false_path.
# set bitfile ./vivado_${BUILD_NAME}/cw305_${BUILD_NAME}.runs/impl_1/cw305_leakage_wide_top.bit
# file copy -force $bitfile ./cw305_${BUILD_NAME}.bit
# puts "BITSTREAM: build/cw305_${BUILD_NAME}.bit"
BITSTREAM: build/cw305_leakage_wide_d8_l63.bit
# exit
INFO: [Common 17-206] Exiting Vivado at Mon Aug 31 23:59:38 2026...
