#-----------------------------------------------------------
# Vivado v2016.4 (64-bit)
# SW Build 1756540 on Mon Jan 23 19:11:23 MST 2017
# IP Build 1755317 on Mon Jan 23 20:30:07 MST 2017
# Start of session at: Sun Sep 06 12:56:30 2026
# Process ID: 5500
# Current directory: C:/Users/narut/OneDrive/Desktop/Project/bnn/build
# Command line: vivado.exe -mode batch -source run_vivado_leakage_grey.tcl -log vivado_grey_l0.log -journal C:/Users/narut/AppData/Local/Temp/vj0.jou
# Log file: C:/Users/narut/OneDrive/Desktop/Project/bnn/build/vivado_grey_l0.log
# Journal file: C:/Users/narut/AppData/Local/Temp/vj0.jou
#-----------------------------------------------------------
source run_vivado_leakage_grey.tcl
# set DWELL 8
# if {[info exists ::env(DWELL)]} { set DWELL $::env(DWELL) }
# set LEAK_LANES 63
# if {[info exists ::env(LEAK_LANES)]} { set LEAK_LANES $::env(LEAK_LANES) }
# set BUILD_NAME leakage_grey_d${DWELL}_l${LEAK_LANES}
# set part xc7a100tftg256-2
# set CWHDL "C:/Users/narut/ChipWhisperer/chipwhisperer/firmware/fpgas/aes/hdl"
# set CWXDC "C:/Users/narut/ChipWhisperer/chipwhisperer/firmware/fpgas/aes/vivado/cw305.xdc"
# if {[info exists ::env(CW305_SRC)]} { set CWHDL $::env(CW305_SRC) }
# foreach f [list \
#     "$CWHDL/cw305_usb_reg_fe.v" "$CWHDL/clocks.v" \
#     ../cw305/cdc_pulse.v ../cw305/mnist_leakage_core_grey.sv \
#     ../cw305/cw305_reg_leakage_grey.sv ../cw305/cw305_leakage_grey_top.sv \
#     $CWXDC ../cw305/cw305_leakage_grey.xdc] {
#     if {![file exists $f]} { error "Required input missing: $f" }
# }
# create_project -force cw305_${BUILD_NAME} ./vivado_${BUILD_NAME} -part $part
# add_files "$CWHDL/cw305_usb_reg_fe.v"
# add_files "$CWHDL/clocks.v"
# add_files ../cw305/cdc_pulse.v
# add_files -fileset sources_1 ../cw305/mnist_leakage_core_grey.sv
# add_files -fileset sources_1 ../cw305/cw305_reg_leakage_grey.sv
# add_files -fileset sources_1 ../cw305/cw305_leakage_grey_top.sv
# set_property file_type SystemVerilog [get_files *.sv]
# set_property top cw305_leakage_grey_top [current_fileset]
# set_property generic "DWELL=$DWELL LEAK_LANES=$LEAK_LANES" [current_fileset]
# add_files -fileset constrs_1 $CWXDC
# add_files -fileset constrs_1 ../cw305/cw305_leakage_grey.xdc
# update_compile_order -fileset sources_1
# launch_runs synth_1 -jobs 4
[Sun Sep 06 12:56:44 2026] Launched synth_1...
Run output will be captured here: C:/Users/narut/OneDrive/Desktop/Project/bnn/build/vivado_leakage_grey_d8_l0/cw305_leakage_grey_d8_l0.runs/synth_1/runme.log
# wait_on_run synth_1
[Sun Sep 06 12:56:44 2026] Waiting for synth_1 to finish...

*** Running vivado
    with args -log cw305_leakage_grey_top.vds -m64 -product Vivado -mode batch -messageDb vivado.pb -notrace -source cw305_leakage_grey_top.tcl


****** Vivado v2016.4 (64-bit)
  **** SW Build 1756540 on Mon Jan 23 19:11:23 MST 2017
  **** IP Build 1755317 on Mon Jan 23 20:30:07 MST 2017
    ** Copyright 1986-2016 Xilinx, Inc. All Rights Reserved.

source cw305_leakage_grey_top.tcl -notrace
Command: synth_design -top cw305_leakage_grey_top -part xc7a100tftg256-2
Starting synth_design
Attempting to get a license for feature 'Synthesis' and/or device 'xc7a100t'
INFO: [Common 17-349] Got license for feature 'Synthesis' and/or device 'xc7a100t'
INFO: Launching helper process for spawning children vivado processes
INFO: Helper process launched with PID 25500 
---------------------------------------------------------------------------------
Starting RTL Elaboration : Time (s): cpu = 00:00:08 ; elapsed = 00:00:12 . Memory (MB): peak = 283.035 ; gain = 73.059
---------------------------------------------------------------------------------
INFO: [Synth 8-638] synthesizing module 'cw305_leakage_grey_top' [C:/Users/narut/OneDrive/Desktop/Project/bnn/cw305/cw305_leakage_grey_top.sv:4]
	Parameter pBYTECNT_SIZE bound to: 7 - type: integer 
	Parameter pADDR_WIDTH bound to: 21 - type: integer 
	Parameter DWELL bound to: 8 - type: integer 
	Parameter LEAK_LANES bound to: 0 - type: integer 
	Parameter CLOCK_SETTINGS bound to: 5'b01101 
INFO: [Synth 8-638] synthesizing module 'cw305_usb_reg_fe' [C:/Users/narut/ChipWhisperer/chipwhisperer/firmware/fpgas/aes/hdl/cw305_usb_reg_fe.v:31]
	Parameter pADDR_WIDTH bound to: 21 - type: integer 
	Parameter pBYTECNT_SIZE bound to: 7 - type: integer 
	Parameter pREG_RDDLY_LEN bound to: 3 - type: integer 
INFO: [Synth 8-256] done synthesizing module 'cw305_usb_reg_fe' (1#1) [C:/Users/narut/ChipWhisperer/chipwhisperer/firmware/fpgas/aes/hdl/cw305_usb_reg_fe.v:31]
INFO: [Synth 8-638] synthesizing module 'cw305_reg_leakage_grey' [C:/Users/narut/OneDrive/Desktop/Project/bnn/cw305/cw305_reg_leakage_grey.sv:15]
	Parameter pADDR_WIDTH bound to: 21 - type: integer 
	Parameter pBYTECNT_SIZE bound to: 7 - type: integer 
	Parameter DWELL bound to: 8 - type: integer 
	Parameter LEAK_LANES bound to: 0 - type: integer 
	Parameter N_IMAGE bound to: 784 - type: integer 
	Parameter N_OUTPUT bound to: 676 - type: integer 
	Parameter N_OUT_BYTE bound to: 1352 - type: integer 
	Parameter OUT_BASE bound to: 21'b000000000100000000000 
	Parameter KRN_BASE bound to: 21'b000000001000000000000 
	Parameter GO_ADDR bound to: 33 - type: integer 
	Parameter STAT_ADDR bound to: 34 - type: integer 
INFO: [Synth 8-5534] Detected attribute (* ASYNC_REG = "TRUE" *) [C:/Users/narut/OneDrive/Desktop/Project/bnn/cw305/cw305_reg_leakage_grey.sv:62]
INFO: [Synth 8-5534] Detected attribute (* ASYNC_REG = "TRUE" *) [C:/Users/narut/OneDrive/Desktop/Project/bnn/cw305/cw305_reg_leakage_grey.sv:63]
INFO: [Synth 8-5534] Detected attribute (* ASYNC_REG = "TRUE" *) [C:/Users/narut/OneDrive/Desktop/Project/bnn/cw305/cw305_reg_leakage_grey.sv:64]
INFO: [Synth 8-5534] Detected attribute (* ASYNC_REG = "TRUE" *) [C:/Users/narut/OneDrive/Desktop/Project/bnn/cw305/cw305_reg_leakage_grey.sv:65]
INFO: [Synth 8-5534] Detected attribute (* ASYNC_REG = "TRUE" *) [C:/Users/narut/OneDrive/Desktop/Project/bnn/cw305/cw305_reg_leakage_grey.sv:134]
INFO: [Synth 8-5534] Detected attribute (* ASYNC_REG = "TRUE" *) [C:/Users/narut/OneDrive/Desktop/Project/bnn/cw305/cw305_reg_leakage_grey.sv:193]
INFO: [Synth 8-638] synthesizing module 'cdc_pulse' [C:/Users/narut/OneDrive/Desktop/Project/bnn/cw305/cdc_pulse.v:5]
INFO: [Synth 8-5534] Detected attribute (* ASYNC_REG = "TRUE" *) [C:/Users/narut/OneDrive/Desktop/Project/bnn/cw305/cdc_pulse.v:17]
INFO: [Synth 8-256] done synthesizing module 'cdc_pulse' (2#1) [C:/Users/narut/OneDrive/Desktop/Project/bnn/cw305/cdc_pulse.v:5]
INFO: [Synth 8-638] synthesizing module 'mnist_leakage_core_grey' [C:/Users/narut/OneDrive/Desktop/Project/bnn/cw305/mnist_leakage_core_grey.sv:19]
	Parameter DWELL bound to: 8 - type: integer 
	Parameter LEAK_LANES bound to: 0 - type: integer 
	Parameter OUT_SIDE bound to: 26 - type: integer 
	Parameter N_WINDOWS bound to: 676 - type: integer 
	Parameter LEAK_BITS bound to: 0 - type: integer 
	Parameter DWELL_W bound to: 3 - type: integer 
INFO: [Synth 8-256] done synthesizing module 'mnist_leakage_core_grey' (3#1) [C:/Users/narut/OneDrive/Desktop/Project/bnn/cw305/mnist_leakage_core_grey.sv:19]
INFO: [Synth 8-256] done synthesizing module 'cw305_reg_leakage_grey' (4#1) [C:/Users/narut/OneDrive/Desktop/Project/bnn/cw305/cw305_reg_leakage_grey.sv:15]
INFO: [Synth 8-638] synthesizing module 'clocks' [C:/Users/narut/ChipWhisperer/chipwhisperer/firmware/fpgas/aes/hdl/clocks.v:32]
INFO: [Synth 8-638] synthesizing module 'BUFGMUX_CTRL' [C:/Xilinx/Vivado/2016.4/scripts/rt/data/unisim_comp.v:722]
INFO: [Synth 8-256] done synthesizing module 'BUFGMUX_CTRL' (5#1) [C:/Xilinx/Vivado/2016.4/scripts/rt/data/unisim_comp.v:722]
INFO: [Synth 8-638] synthesizing module 'ODDR' [C:/Xilinx/Vivado/2016.4/scripts/rt/data/unisim_comp.v:25305]
	Parameter DDR_CLK_EDGE bound to: OPPOSITE_EDGE - type: string 
	Parameter INIT bound to: 1'b0 
	Parameter IS_C_INVERTED bound to: 1'b0 
	Parameter IS_D1_INVERTED bound to: 1'b0 
	Parameter IS_D2_INVERTED bound to: 1'b0 
	Parameter SRTYPE bound to: SYNC - type: string 
INFO: [Synth 8-256] done synthesizing module 'ODDR' (6#1) [C:/Xilinx/Vivado/2016.4/scripts/rt/data/unisim_comp.v:25305]
INFO: [Synth 8-638] synthesizing module 'IBUFG' [C:/Xilinx/Vivado/2016.4/scripts/rt/data/unisim_comp.v:14570]
	Parameter CAPACITANCE bound to: DONT_CARE - type: string 
	Parameter IBUF_DELAY_VALUE bound to: 0 - type: string 
	Parameter IBUF_LOW_PWR bound to: TRUE - type: string 
	Parameter IOSTANDARD bound to: DEFAULT - type: string 
INFO: [Synth 8-256] done synthesizing module 'IBUFG' (7#1) [C:/Xilinx/Vivado/2016.4/scripts/rt/data/unisim_comp.v:14570]
INFO: [Synth 8-638] synthesizing module 'BUFG' [C:/Xilinx/Vivado/2016.4/scripts/rt/data/unisim_comp.v:607]
INFO: [Synth 8-256] done synthesizing module 'BUFG' (8#1) [C:/Xilinx/Vivado/2016.4/scripts/rt/data/unisim_comp.v:607]
INFO: [Synth 8-256] done synthesizing module 'clocks' (9#1) [C:/Users/narut/ChipWhisperer/chipwhisperer/firmware/fpgas/aes/hdl/clocks.v:32]
INFO: [Synth 8-256] done synthesizing module 'cw305_leakage_grey_top' (10#1) [C:/Users/narut/OneDrive/Desktop/Project/bnn/cw305/cw305_leakage_grey_top.sv:4]
WARNING: [Synth 8-3917] design cw305_leakage_grey_top has port led2 driven by constant 0
WARNING: [Synth 8-3331] design cw305_reg_leakage_grey has unconnected port reg_read
WARNING: [Synth 8-3331] design cw305_usb_reg_fe has unconnected port usb_alen
WARNING: [Synth 8-3331] design cw305_leakage_grey_top has unconnected port k15_sel
WARNING: [Synth 8-3331] design cw305_leakage_grey_top has unconnected port l14_sel
---------------------------------------------------------------------------------
Finished RTL Elaboration : Time (s): cpu = 00:00:13 ; elapsed = 00:00:19 . Memory (MB): peak = 410.824 ; gain = 200.848
---------------------------------------------------------------------------------

Report Check Netlist: 
+------+------------------+-------+---------+-------+------------------+
|      |Item              |Errors |Warnings |Status |Description       |
+------+------------------+-------+---------+-------+------------------+
|1     |multi_driven_nets |      0|        0|Passed |Multi driven nets |
+------+------------------+-------+---------+-------+------------------+
---------------------------------------------------------------------------------
Finished RTL Optimization Phase 1 : Time (s): cpu = 00:00:14 ; elapsed = 00:00:21 . Memory (MB): peak = 410.824 ; gain = 200.848
---------------------------------------------------------------------------------
INFO: [Netlist 29-17] Analyzing 3 Unisim elements for replacement
INFO: [Netlist 29-28] Unisim Transformation completed in 0 CPU seconds
INFO: [Device 21-403] Loading part xc7a100tftg256-2
INFO: [Project 1-570] Preparing netlist for logic optimization

Processing XDC Constraints
Initializing timing engine
Parsing XDC File [C:/Users/narut/ChipWhisperer/chipwhisperer/firmware/fpgas/aes/vivado/cw305.xdc]
Finished Parsing XDC File [C:/Users/narut/ChipWhisperer/chipwhisperer/firmware/fpgas/aes/vivado/cw305.xdc]
INFO: [Project 1-236] Implementation specific constraints were found while reading constraint file [C:/Users/narut/ChipWhisperer/chipwhisperer/firmware/fpgas/aes/vivado/cw305.xdc]. These constraints will be ignored for synthesis but will be used in implementation. Impacted constraints are listed in the file [.Xil/cw305_leakage_grey_top_propImpl.xdc].
Resolution: To avoid this warning, move constraints listed in [.Xil/cw305_leakage_grey_top_propImpl.xdc] to another XDC file and exclude this new file from synthesis with the used_in_synthesis property (File Properties dialog in GUI) and re-run elaboration/synthesis.
Parsing XDC File [C:/Users/narut/OneDrive/Desktop/Project/bnn/cw305/cw305_leakage_grey.xdc]
Finished Parsing XDC File [C:/Users/narut/OneDrive/Desktop/Project/bnn/cw305/cw305_leakage_grey.xdc]
Completed Processing XDC Constraints

INFO: [Project 1-111] Unisim Transformation Summary:
  A total of 2 instances were transformed.
  BUFGMUX_CTRL => BUFGCTRL (inverted pins: S0): 1 instances
  IBUFG => IBUF: 1 instances

Constraint Validation Runtime : Time (s): cpu = 00:00:00 ; elapsed = 00:00:00.007 . Memory (MB): peak = 709.500 ; gain = 0.000
---------------------------------------------------------------------------------
Finished Constraint Validation : Time (s): cpu = 00:00:30 ; elapsed = 00:00:40 . Memory (MB): peak = 709.500 ; gain = 499.523
---------------------------------------------------------------------------------
---------------------------------------------------------------------------------
Start Loading Part and Timing Information
---------------------------------------------------------------------------------
Loading part: xc7a100tftg256-2
---------------------------------------------------------------------------------
Finished Loading Part and Timing Information : Time (s): cpu = 00:00:30 ; elapsed = 00:00:40 . Memory (MB): peak = 709.500 ; gain = 499.523
---------------------------------------------------------------------------------
---------------------------------------------------------------------------------
Start Applying 'set_property' XDC Constraints
---------------------------------------------------------------------------------
---------------------------------------------------------------------------------
Finished applying 'set_property' XDC Constraints : Time (s): cpu = 00:00:30 ; elapsed = 00:00:40 . Memory (MB): peak = 709.500 ; gain = 499.523
---------------------------------------------------------------------------------
INFO: [Synth 8-5818] HDL ADVISOR - The operator resource <adder> is shared. To prevent sharing consider applying a KEEP on the output of the operator [C:/Users/narut/OneDrive/Desktop/Project/bnn/cw305/mnist_leakage_core_grey.sv:74]
INFO: [Synth 8-5818] HDL ADVISOR - The operator resource <adder> is shared. To prevent sharing consider applying a KEEP on the output of the operator [C:/Users/narut/OneDrive/Desktop/Project/bnn/cw305/mnist_leakage_core_grey.sv:74]
INFO: [Synth 8-5818] HDL ADVISOR - The operator resource <adder> is shared. To prevent sharing consider applying a KEEP on the output of the operator [C:/Users/narut/OneDrive/Desktop/Project/bnn/cw305/mnist_leakage_core_grey.sv:74]
INFO: [Synth 8-5818] HDL ADVISOR - The operator resource <adder> is shared. To prevent sharing consider applying a KEEP on the output of the operator [C:/Users/narut/OneDrive/Desktop/Project/bnn/cw305/mnist_leakage_core_grey.sv:74]
INFO: [Synth 8-5818] HDL ADVISOR - The operator resource <adder> is shared. To prevent sharing consider applying a KEEP on the output of the operator [C:/Users/narut/OneDrive/Desktop/Project/bnn/cw305/mnist_leakage_core_grey.sv:74]
INFO: [Synth 8-5818] HDL ADVISOR - The operator resource <adder> is shared. To prevent sharing consider applying a KEEP on the output of the operator [C:/Users/narut/OneDrive/Desktop/Project/bnn/cw305/mnist_leakage_core_grey.sv:74]
INFO: [Synth 8-5818] HDL ADVISOR - The operator resource <adder> is shared. To prevent sharing consider applying a KEEP on the output of the operator [C:/Users/narut/OneDrive/Desktop/Project/bnn/cw305/mnist_leakage_core_grey.sv:74]
INFO: [Synth 8-5818] HDL ADVISOR - The operator resource <adder> is shared. To prevent sharing consider applying a KEEP on the output of the operator [C:/Users/narut/OneDrive/Desktop/Project/bnn/cw305/mnist_leakage_core_grey.sv:74]
INFO: [Synth 8-5818] HDL ADVISOR - The operator resource <adder> is shared. To prevent sharing consider applying a KEEP on the output of the operator [C:/Users/narut/OneDrive/Desktop/Project/bnn/cw305/mnist_leakage_core_grey.sv:74]
INFO: [Synth 8-5546] ROM "busy" won't be mapped to RAM because it is too sparse
INFO: [Synth 8-5546] ROM "out_addr" won't be mapped to RAM because it is too sparse
INFO: [Synth 8-5544] ROM "out_data" won't be mapped to Block RAM because address size (3) smaller than threshold (5)
INFO: [Synth 8-5544] ROM "out_we" won't be mapped to Block RAM because address size (3) smaller than threshold (5)
INFO: [Synth 8-5546] ROM "row" won't be mapped to RAM because it is too sparse
INFO: [Synth 8-5546] ROM "image_mem_reg[0]" won't be mapped to RAM because it is too sparse
INFO: [Synth 8-5546] ROM "image_mem_reg[1]" won't be mapped to RAM because it is too sparse
INFO: [Synth 8-5546] ROM "image_mem_reg[2]" won't be mapped to RAM because it is too sparse
INFO: [Synth 8-5546] ROM "image_mem_reg[3]" won't be mapped to RAM because it is too sparse
INFO: [Synth 8-5546] ROM "image_mem_reg[4]" won't be mapped to RAM because it is too sparse
INFO: [Synth 8-5546] ROM "image_mem_reg[5]" won't be mapped to RAM because it is too sparse
INFO: [Synth 8-5546] ROM "image_mem_reg[6]" won't be mapped to RAM because it is too sparse
INFO: [Synth 8-5546] ROM "image_mem_reg[7]" won't be mapped to RAM because it is too sparse
INFO: [Synth 8-5546] ROM "image_mem_reg[8]" won't be mapped to RAM because it is too sparse
INFO: [Synth 8-5546] ROM "image_mem_reg[9]" won't be mapped to RAM because it is too sparse
INFO: [Synth 8-5546] ROM "image_mem_reg[10]" won't be mapped to RAM because it is too sparse
INFO: [Synth 8-5546] ROM "image_mem_reg[11]" won't be mapped to RAM because it is too sparse
INFO: [Synth 8-5546] ROM "image_mem_reg[12]" won't be mapped to RAM because it is too sparse
INFO: [Synth 8-5546] ROM "image_mem_reg[13]" won't be mapped to RAM because it is too sparse
INFO: [Synth 8-5546] ROM "image_mem_reg[14]" won't be mapped to RAM because it is too sparse
INFO: [Synth 8-5546] ROM "image_mem_reg[15]" won't be mapped to RAM because it is too sparse
INFO: [Synth 8-5546] ROM "image_mem_reg[16]" won't be mapped to RAM because it is too sparse
INFO: [Synth 8-5546] ROM "image_mem_reg[17]" won't be mapped to RAM because it is too sparse
INFO: [Synth 8-5546] ROM "image_mem_reg[18]" won't be mapped to RAM because it is too sparse
INFO: [Synth 8-5546] ROM "image_mem_reg[19]" won't be mapped to RAM because it is too sparse
INFO: [Synth 8-5546] ROM "image_mem_reg[20]" won't be mapped to RAM because it is too sparse
INFO: [Synth 8-5546] ROM "image_mem_reg[21]" won't be mapped to RAM because it is too sparse
INFO: [Synth 8-5546] ROM "image_mem_reg[22]" won't be mapped to RAM because it is too sparse
INFO: [Synth 8-5546] ROM "image_mem_reg[23]" won't be mapped to RAM because it is too sparse
INFO: [Synth 8-5546] ROM "image_mem_reg[24]" won't be mapped to RAM because it is too sparse
INFO: [Synth 8-5546] ROM "image_mem_reg[25]" won't be mapped to RAM because it is too sparse
INFO: [Synth 8-5546] ROM "image_mem_reg[26]" won't be mapped to RAM because it is too sparse
INFO: [Synth 8-5546] ROM "image_mem_reg[27]" won't be mapped to RAM because it is too sparse
INFO: [Synth 8-5546] ROM "image_mem_reg[28]" won't be mapped to RAM because it is too sparse
INFO: [Synth 8-5546] ROM "image_mem_reg[29]" won't be mapped to RAM because it is too sparse
INFO: [Synth 8-5546] ROM "image_mem_reg[30]" won't be mapped to RAM because it is too sparse
INFO: [Synth 8-5546] ROM "image_mem_reg[31]" won't be mapped to RAM because it is too sparse
INFO: [Synth 8-5546] ROM "image_mem_reg[32]" won't be mapped to RAM because it is too sparse
INFO: [Synth 8-5546] ROM "image_mem_reg[33]" won't be mapped to RAM because it is too sparse
INFO: [Synth 8-5546] ROM "image_mem_reg[34]" won't be mapped to RAM because it is too sparse
INFO: [Synth 8-5546] ROM "image_mem_reg[35]" won't be mapped to RAM because it is too sparse
INFO: [Synth 8-5546] ROM "image_mem_reg[36]" won't be mapped to RAM because it is too sparse
INFO: [Synth 8-5546] ROM "image_mem_reg[37]" won't be mapped to RAM because it is too sparse
INFO: [Synth 8-5546] ROM "image_mem_reg[38]" won't be mapped to RAM because it is too sparse
INFO: [Synth 8-5546] ROM "image_mem_reg[39]" won't be mapped to RAM because it is too sparse
INFO: [Synth 8-5546] ROM "image_mem_reg[40]" won't be mapped to RAM because it is too sparse
INFO: [Synth 8-5546] ROM "image_mem_reg[41]" won't be mapped to RAM because it is too sparse
INFO: [Synth 8-5546] ROM "image_mem_reg[42]" won't be mapped to RAM because it is too sparse
INFO: [Synth 8-5546] ROM "image_mem_reg[43]" won't be mapped to RAM because it is too sparse
INFO: [Synth 8-5546] ROM "image_mem_reg[44]" won't be mapped to RAM because it is too sparse
INFO: [Synth 8-5546] ROM "image_mem_reg[45]" won't be mapped to RAM because it is too sparse
INFO: [Synth 8-5546] ROM "image_mem_reg[46]" won't be mapped to RAM because it is too sparse
INFO: [Synth 8-5546] ROM "image_mem_reg[47]" won't be mapped to RAM because it is too sparse
INFO: [Synth 8-5546] ROM "image_mem_reg[48]" won't be mapped to RAM because it is too sparse
INFO: [Synth 8-5546] ROM "image_mem_reg[49]" won't be mapped to RAM because it is too sparse
INFO: [Synth 8-5546] ROM "image_mem_reg[50]" won't be mapped to RAM because it is too sparse
INFO: [Synth 8-5546] ROM "image_mem_reg[51]" won't be mapped to RAM because it is too sparse
INFO: [Synth 8-5546] ROM "image_mem_reg[52]" won't be mapped to RAM because it is too sparse
INFO: [Synth 8-5546] ROM "image_mem_reg[53]" won't be mapped to RAM because it is too sparse
INFO: [Synth 8-5546] ROM "image_mem_reg[54]" won't be mapped to RAM because it is too sparse
INFO: [Synth 8-5546] ROM "image_mem_reg[55]" won't be mapped to RAM because it is too sparse
INFO: [Synth 8-5546] ROM "image_mem_reg[56]" won't be mapped to RAM because it is too sparse
INFO: [Synth 8-5546] ROM "image_mem_reg[57]" won't be mapped to RAM because it is too sparse
INFO: [Synth 8-5546] ROM "image_mem_reg[58]" won't be mapped to RAM because it is too sparse
INFO: [Synth 8-5546] ROM "image_mem_reg[59]" won't be mapped to RAM because it is too sparse
INFO: [Synth 8-5546] ROM "image_mem_reg[60]" won't be mapped to RAM because it is too sparse
INFO: [Synth 8-5546] ROM "image_mem_reg[61]" won't be mapped to RAM because it is too sparse
INFO: [Synth 8-5546] ROM "image_mem_reg[62]" won't be mapped to RAM because it is too sparse
INFO: [Synth 8-5546] ROM "image_mem_reg[63]" won't be mapped to RAM because it is too sparse
INFO: [Synth 8-5546] ROM "image_mem_reg[64]" won't be mapped to RAM because it is too sparse
INFO: [Synth 8-5546] ROM "image_mem_reg[65]" won't be mapped to RAM because it is too sparse
INFO: [Synth 8-5546] ROM "image_mem_reg[66]" won't be mapped to RAM because it is too sparse
INFO: [Synth 8-5546] ROM "image_mem_reg[67]" won't be mapped to RAM because it is too sparse
INFO: [Synth 8-5546] ROM "image_mem_reg[68]" won't be mapped to RAM because it is too sparse
INFO: [Synth 8-5546] ROM "image_mem_reg[69]" won't be mapped to RAM because it is too sparse
INFO: [Synth 8-5546] ROM "image_mem_reg[70]" won't be mapped to RAM because it is too sparse
INFO: [Synth 8-5546] ROM "image_mem_reg[71]" won't be mapped to RAM because it is too sparse
INFO: [Synth 8-5546] ROM "image_mem_reg[72]" won't be mapped to RAM because it is too sparse
INFO: [Synth 8-5546] ROM "image_mem_reg[73]" won't be mapped to RAM because it is too sparse
INFO: [Synth 8-5546] ROM "image_mem_reg[74]" won't be mapped to RAM because it is too sparse
INFO: [Synth 8-5546] ROM "image_mem_reg[75]" won't be mapped to RAM because it is too sparse
INFO: [Synth 8-5546] ROM "image_mem_reg[76]" won't be mapped to RAM because it is too sparse
INFO: [Synth 8-5546] ROM "image_mem_reg[77]" won't be mapped to RAM because it is too sparse
INFO: [Synth 8-5546] ROM "image_mem_reg[78]" won't be mapped to RAM because it is too sparse
INFO: [Synth 8-5546] ROM "image_mem_reg[79]" won't be mapped to RAM because it is too sparse
INFO: [Synth 8-5546] ROM "image_mem_reg[80]" won't be mapped to RAM because it is too sparse
INFO: [Synth 8-5546] ROM "image_mem_reg[81]" won't be mapped to RAM because it is too sparse
INFO: [Synth 8-5546] ROM "image_mem_reg[82]" won't be mapped to RAM because it is too sparse
INFO: [Synth 8-5546] ROM "image_mem_reg[83]" won't be mapped to RAM because it is too sparse
INFO: [Synth 8-5546] ROM "image_mem_reg[84]" won't be mapped to RAM because it is too sparse
INFO: [Synth 8-5546] ROM "image_mem_reg[85]" won't be mapped to RAM because it is too sparse
INFO: [Synth 8-5546] ROM "image_mem_reg[86]" won't be mapped to RAM because it is too sparse
INFO: [Synth 8-5546] ROM "image_mem_reg[87]" won't be mapped to RAM because it is too sparse
INFO: [Synth 8-5546] ROM "image_mem_reg[88]" won't be mapped to RAM because it is too sparse
INFO: [Synth 8-5546] ROM "image_mem_reg[89]" won't be mapped to RAM because it is too sparse
INFO: [Synth 8-5546] ROM "image_mem_reg[90]" won't be mapped to RAM because it is too sparse
INFO: [Synth 8-5546] ROM "image_mem_reg[91]" won't be mapped to RAM because it is too sparse
INFO: [Synth 8-5546] ROM "image_mem_reg[92]" won't be mapped to RAM because it is too sparse
INFO: [Synth 8-5546] ROM "image_mem_reg[93]" won't be mapped to RAM because it is too sparse
INFO: [Synth 8-5546] ROM "image_mem_reg[94]" won't be mapped to RAM because it is too sparse
INFO: [Synth 8-5546] ROM "image_mem_reg[95]" won't be mapped to RAM because it is too sparse
INFO: [Synth 8-5546] ROM "image_mem_reg[96]" won't be mapped to RAM because it is too sparse
INFO: [Common 17-14] Message 'Synth 8-5546' appears 100 times and further instances of the messages will be disabled. Use the Tcl command set_msg_config to change the current settings.
---------------------------------------------------------------------------------
Finished RTL Optimization Phase 2 : Time (s): cpu = 00:00:44 ; elapsed = 00:00:59 . Memory (MB): peak = 709.500 ; gain = 499.523
---------------------------------------------------------------------------------

Report RTL Partitions: 
+------+----------------------------+------------+----------+
|      |RTL Partition               |Replication |Instances |
+------+----------------------------+------------+----------+
|1     |cw305_reg_leakage_grey__GB0 |           1|     33930|
|2     |cw305_reg_leakage_grey__GB1 |           1|     12528|
|3     |cw305_reg_leakage_grey__GB2 |           1|     12561|
|4     |cw305_reg_leakage_grey__GB3 |           1|     24937|
|5     |clocks__GC0                 |           1|        15|
|6     |cw305_leakage_grey_top__GC0 |           1|        54|
+------+----------------------------+------------+----------+
---------------------------------------------------------------------------------
Start RTL Component Statistics 
---------------------------------------------------------------------------------
Detailed RTL Component Info : 
+---Adders : 
	   2 Input     24 Bit       Adders := 1     
	  18 Input     16 Bit       Adders := 1     
	   2 Input     16 Bit       Adders := 1     
	   2 Input     10 Bit       Adders := 9     
	   2 Input      8 Bit       Adders := 2     
	   2 Input      5 Bit       Adders := 3     
	   2 Input      3 Bit       Adders := 1     
+---XORs : 
	   2 Input      1 Bit         XORs := 1     
+---XORs : 
	               16 Bit    Wide XORs := 1     
+---Registers : 
	               24 Bit    Registers := 2     
	               21 Bit    Registers := 1     
	               16 Bit    Registers := 3     
	               10 Bit    Registers := 3     
	                9 Bit    Registers := 1     
	                8 Bit    Registers := 789   
	                5 Bit    Registers := 3     
	                3 Bit    Registers := 4     
	                2 Bit    Registers := 1     
	                1 Bit    Registers := 10    
+---RAMs : 
	              10K Bit         RAMs := 1     
+---Muxes : 
	   2 Input     16 Bit        Muxes := 9     
	   2 Input      9 Bit        Muxes := 3     
	   2 Input      8 Bit        Muxes := 6     
	   2 Input      5 Bit        Muxes := 1     
	   2 Input      4 Bit        Muxes := 1     
	   3 Input      4 Bit        Muxes := 1     
	   2 Input      3 Bit        Muxes := 1     
	   3 Input      2 Bit        Muxes := 1     
	   2 Input      2 Bit        Muxes := 1     
	   3 Input      1 Bit        Muxes := 2     
	   2 Input      1 Bit        Muxes := 805   
---------------------------------------------------------------------------------
Finished RTL Component Statistics 
---------------------------------------------------------------------------------
---------------------------------------------------------------------------------
Start RTL Hierarchical Component Statistics 
---------------------------------------------------------------------------------
Hierarchical RTL Component report 
Module cdc_pulse 
Detailed RTL Component Info : 
+---XORs : 
	   2 Input      1 Bit         XORs := 1     
+---Registers : 
	                3 Bit    Registers := 1     
	                1 Bit    Registers := 1     
Module mnist_leakage_core_grey 
Detailed RTL Component Info : 
+---Adders : 
	  18 Input     16 Bit       Adders := 1     
	   2 Input     10 Bit       Adders := 1     
	   2 Input      5 Bit       Adders := 3     
	   2 Input      3 Bit       Adders := 1     
+---XORs : 
	               16 Bit    Wide XORs := 1     
+---Registers : 
	               16 Bit    Registers := 1     
	               10 Bit    Registers := 1     
	                5 Bit    Registers := 3     
	                3 Bit    Registers := 1     
	                1 Bit    Registers := 3     
+---Muxes : 
	   2 Input     16 Bit        Muxes := 9     
	   2 Input      5 Bit        Muxes := 1     
	   2 Input      3 Bit        Muxes := 1     
	   3 Input      1 Bit        Muxes := 1     
	   2 Input      1 Bit        Muxes := 10    
Module cw305_reg_leakage_grey 
Detailed RTL Component Info : 
+---Adders : 
	   2 Input     24 Bit       Adders := 1     
	   2 Input     16 Bit       Adders := 1     
	   2 Input     10 Bit       Adders := 8     
	   2 Input      8 Bit       Adders := 2     
+---Registers : 
	               24 Bit    Registers := 2     
	               16 Bit    Registers := 2     
	               10 Bit    Registers := 2     
	                9 Bit    Registers := 1     
	                8 Bit    Registers := 788   
	                3 Bit    Registers := 1     
	                2 Bit    Registers := 1     
	                1 Bit    Registers := 2     
+---RAMs : 
	              10K Bit         RAMs := 1     
+---Muxes : 
	   2 Input      9 Bit        Muxes := 3     
	   2 Input      8 Bit        Muxes := 6     
	   2 Input      1 Bit        Muxes := 795   
	   3 Input      1 Bit        Muxes := 1     
Module clocks 
Detailed RTL Component Info : 
+---Muxes : 
	   2 Input      4 Bit        Muxes := 1     
	   3 Input      4 Bit        Muxes := 1     
	   3 Input      2 Bit        Muxes := 1     
	   2 Input      2 Bit        Muxes := 1     
Module cw305_usb_reg_fe 
Detailed RTL Component Info : 
+---Registers : 
	               21 Bit    Registers := 1     
	                8 Bit    Registers := 1     
	                3 Bit    Registers := 1     
	                1 Bit    Registers := 4     
---------------------------------------------------------------------------------
Finished RTL Hierarchical Component Statistics
---------------------------------------------------------------------------------
---------------------------------------------------------------------------------
Start Part Resource Summary
---------------------------------------------------------------------------------
Part Resources:
DSPs: 240 (col length:80)
BRAMs: 270 (col length: RAMB18 80 RAMB36 40)
---------------------------------------------------------------------------------
Finished Part Resource Summary
---------------------------------------------------------------------------------
---------------------------------------------------------------------------------
Start Cross Boundary and Area Optimization
---------------------------------------------------------------------------------
INFO: [Synth 8-4471] merging register 'row_reg[4:0]' into 'row_reg[4:0]' [C:/Users/narut/OneDrive/Desktop/Project/bnn/cw305/mnist_leakage_core_grey.sv:50]
INFO: [Synth 8-4471] merging register 'col_reg[4:0]' into 'col_reg[4:0]' [C:/Users/narut/OneDrive/Desktop/Project/bnn/cw305/mnist_leakage_core_grey.sv:50]
WARNING: [Synth 8-3917] design cw305_leakage_grey_top has port led2 driven by constant 0
WARNING: [Synth 8-3331] design cw305_leakage_grey_top has unconnected port k15_sel
WARNING: [Synth 8-3331] design cw305_leakage_grey_top has unconnected port l14_sel
INFO: [Synth 8-3333] propagating constant 0 across sequential element (U_regi_0/O_user_led_reg)
---------------------------------------------------------------------------------
Finished Cross Boundary and Area Optimization : Time (s): cpu = 00:02:34 ; elapsed = 00:03:35 . Memory (MB): peak = 1265.922 ; gain = 1055.945
---------------------------------------------------------------------------------
---------------------------------------------------------------------------------
Start ROM, RAM, DSP and Shift Register Reporting
---------------------------------------------------------------------------------

Distributed RAM: Preliminary Mapping  Report (see note below)
+-----------------------+-------------+-----------+----------------------+------------------------------+
|Module Name            | RTL Object  | Inference | Size (Depth x Width) | Primitives                   | 
+-----------------------+-------------+-----------+----------------------+------------------------------+
|cw305_leakage_grey_top | out_mem_reg | Implied   | 1 K x 16             | RAM64X1D x 11  RAM64M x 55   | 
+-----------------------+-------------+-----------+----------------------+------------------------------+

Note: The table above is a preliminary report that shows the Distributed RAMs at the current stage of the synthesis flow. Some Distributed RAMs may be reimplemented as non Distributed RAM primitives later in the synthesis flow. Multiple instantiated RAMs are reported only once.
---------------------------------------------------------------------------------
Finished ROM, RAM, DSP and Shift Register Reporting
---------------------------------------------------------------------------------

Report RTL Partitions: 
+------+----------------------------+------------+----------+
|      |RTL Partition               |Replication |Instances |
+------+----------------------------+------------+----------+
|1     |cw305_reg_leakage_grey__GB0 |           1|     19619|
|2     |cw305_reg_leakage_grey__GB1 |           1|      9392|
|3     |cw305_reg_leakage_grey__GB2 |           1|      9425|
|4     |cw305_reg_leakage_grey__GB3 |           1|     14560|
|5     |clocks__GC0                 |           1|         3|
|6     |cw305_leakage_grey_top__GC0 |           1|        49|
+------+----------------------------+------------+----------+
---------------------------------------------------------------------------------
Start Timing Optimization
---------------------------------------------------------------------------------
---------------------------------------------------------------------------------
Start Applying XDC Timing Constraints
---------------------------------------------------------------------------------
INFO: [Synth 8-5578] Moved timing constraint from pin 'crypto_clk' to pin 'CCLK_MUX/O'
INFO: [Synth 8-5819] Moved 1 constraints on hierarchical pins to their respective driving/loading pins
---------------------------------------------------------------------------------
Finished Applying XDC Timing Constraints : Time (s): cpu = 00:02:45 ; elapsed = 00:03:47 . Memory (MB): peak = 1265.922 ; gain = 1055.945
---------------------------------------------------------------------------------
---------------------------------------------------------------------------------
Finished Timing Optimization : Time (s): cpu = 00:03:44 ; elapsed = 00:04:48 . Memory (MB): peak = 1265.922 ; gain = 1055.945
---------------------------------------------------------------------------------

Report RTL Partitions: 
+------+----------------------------+------------+----------+
|      |RTL Partition               |Replication |Instances |
+------+----------------------------+------------+----------+
|1     |cw305_reg_leakage_grey__GB3 |           1|     14560|
|2     |clocks__GC0                 |           1|         3|
|3     |cw305_leakage_grey_top__GC0 |           1|        49|
|4     |cw305_leakage_grey_top_GT0  |           1|     38398|
+------+----------------------------+------------+----------+
---------------------------------------------------------------------------------
Start Technology Mapping
---------------------------------------------------------------------------------
---------------------------------------------------------------------------------
Finished Technology Mapping : Time (s): cpu = 00:03:53 ; elapsed = 00:04:58 . Memory (MB): peak = 1265.922 ; gain = 1055.945
---------------------------------------------------------------------------------

Report RTL Partitions: 
+-+--------------+------------+----------+
| |RTL Partition |Replication |Instances |
+-+--------------+------------+----------+
+-+--------------+------------+----------+
---------------------------------------------------------------------------------
Start IO Insertion
---------------------------------------------------------------------------------
---------------------------------------------------------------------------------
Start Flattening Before IO Insertion
---------------------------------------------------------------------------------
---------------------------------------------------------------------------------
Finished Flattening Before IO Insertion
---------------------------------------------------------------------------------
---------------------------------------------------------------------------------
Start Final Netlist Cleanup
---------------------------------------------------------------------------------
---------------------------------------------------------------------------------
Finished Final Netlist Cleanup
---------------------------------------------------------------------------------
---------------------------------------------------------------------------------
Finished IO Insertion : Time (s): cpu = 00:03:55 ; elapsed = 00:05:00 . Memory (MB): peak = 1265.922 ; gain = 1055.945
---------------------------------------------------------------------------------

Report Check Netlist: 
+------+------------------+-------+---------+-------+------------------+
|      |Item              |Errors |Warnings |Status |Description       |
+------+------------------+-------+---------+-------+------------------+
|1     |multi_driven_nets |      0|        0|Passed |Multi driven nets |
+------+------------------+-------+---------+-------+------------------+
---------------------------------------------------------------------------------
Start Renaming Generated Instances
---------------------------------------------------------------------------------
---------------------------------------------------------------------------------
Finished Renaming Generated Instances : Time (s): cpu = 00:03:56 ; elapsed = 00:05:00 . Memory (MB): peak = 1265.922 ; gain = 1055.945
---------------------------------------------------------------------------------

Report RTL Partitions: 
+-+--------------+------------+----------+
| |RTL Partition |Replication |Instances |
+-+--------------+------------+----------+
+-+--------------+------------+----------+
---------------------------------------------------------------------------------
Start Rebuilding User Hierarchy
---------------------------------------------------------------------------------
---------------------------------------------------------------------------------
Finished Rebuilding User Hierarchy : Time (s): cpu = 00:03:57 ; elapsed = 00:05:02 . Memory (MB): peak = 1265.922 ; gain = 1055.945
---------------------------------------------------------------------------------
---------------------------------------------------------------------------------
Start Renaming Generated Ports
---------------------------------------------------------------------------------
---------------------------------------------------------------------------------
Finished Renaming Generated Ports : Time (s): cpu = 00:03:57 ; elapsed = 00:05:02 . Memory (MB): peak = 1265.922 ; gain = 1055.945
---------------------------------------------------------------------------------
---------------------------------------------------------------------------------
Start Handling Custom Attributes
---------------------------------------------------------------------------------
---------------------------------------------------------------------------------
Finished Handling Custom Attributes : Time (s): cpu = 00:04:04 ; elapsed = 00:05:09 . Memory (MB): peak = 1265.922 ; gain = 1055.945
---------------------------------------------------------------------------------
---------------------------------------------------------------------------------
Start Renaming Generated Nets
---------------------------------------------------------------------------------
---------------------------------------------------------------------------------
Finished Renaming Generated Nets : Time (s): cpu = 00:04:04 ; elapsed = 00:05:09 . Memory (MB): peak = 1265.922 ; gain = 1055.945
---------------------------------------------------------------------------------
---------------------------------------------------------------------------------
Start Writing Synthesis Report
---------------------------------------------------------------------------------

Report BlackBoxes: 
+-+--------------+----------+
| |BlackBox name |Instances |
+-+--------------+----------+
+-+--------------+----------+

Report Cell Usage: 
+------+-------------+------+
|      |Cell         |Count |
+------+-------------+------+
|1     |BUFG         |     1|
|2     |BUFGMUX_CTRL |     1|
|3     |CARRY4       |    26|
|4     |LUT1         |    48|
|5     |LUT2         |   120|
|6     |LUT3         |  5293|
|7     |LUT4         |   128|
|8     |LUT5         |   213|
|9     |LUT6         | 10642|
|10    |MUXF7        |  3526|
|11    |MUXF8        |  1021|
|12    |ODDR         |     1|
|13    |RAM64M       |    55|
|14    |RAM64X1D     |    11|
|15    |FDCE         |     4|
|16    |FDRE         |  6635|
|17    |IBUF         |    28|
|18    |IBUFG        |     1|
|19    |IOBUF        |     8|
|20    |OBUF         |     5|
+------+-------------+------+

Report Instance Areas: 
+------+---------------+------------------------+------+
|      |Instance       |Module                  |Cells |
+------+---------------+------------------------+------+
|1     |top            |                        | 27767|
|2     |  U_clocks     |clocks                  |     4|
|3     |  U_reg        |cw305_reg_leakage_grey  | 26484|
|4     |    U_core     |mnist_leakage_core_grey | 16879|
|5     |    U_go       |cdc_pulse               |     7|
|6     |  U_usb_reg_fe |cw305_usb_reg_fe        |  1228|
+------+---------------+------------------------+------+
---------------------------------------------------------------------------------
Finished Writing Synthesis Report : Time (s): cpu = 00:04:05 ; elapsed = 00:05:10 . Memory (MB): peak = 1265.922 ; gain = 1055.945
---------------------------------------------------------------------------------
Synthesis finished with 0 errors, 0 critical warnings and 3 warnings.
Synthesis Optimization Runtime : Time (s): cpu = 00:03:40 ; elapsed = 00:04:50 . Memory (MB): peak = 1265.922 ; gain = 757.270
Synthesis Optimization Complete : Time (s): cpu = 00:04:05 ; elapsed = 00:05:10 . Memory (MB): peak = 1265.922 ; gain = 1055.945
INFO: [Project 1-571] Translating synthesized netlist
INFO: [Netlist 29-17] Analyzing 131 Unisim elements for replacement
INFO: [Netlist 29-28] Unisim Transformation completed in 0 CPU seconds
INFO: [Project 1-570] Preparing netlist for logic optimization
INFO: [Opt 31-138] Pushed 0 inverter(s) to 0 load pin(s).
INFO: [Project 1-111] Unisim Transformation Summary:
  A total of 76 instances were transformed.
  BUFGMUX_CTRL => BUFGCTRL (inverted pins: S0): 1 instances
  IBUFG => IBUF: 1 instances
  IOBUF => IOBUF (IBUF, OBUFT): 8 instances
  RAM64M => RAM64M (RAMD64E, RAMD64E, RAMD64E, RAMD64E): 55 instances
  RAM64X1D => RAM64X1D (RAMD64E, RAMD64E): 11 instances

INFO: [Common 17-83] Releasing license: Synthesis
164 Infos, 8 Warnings, 0 Critical Warnings and 0 Errors encountered.
synth_design completed successfully
synth_design: Time (s): cpu = 00:04:06 ; elapsed = 00:05:09 . Memory (MB): peak = 1265.922 ; gain = 1055.945
INFO: [Common 17-1381] The checkpoint 'C:/Users/narut/OneDrive/Desktop/Project/bnn/build/vivado_leakage_grey_d8_l0/cw305_leakage_grey_d8_l0.runs/synth_1/cw305_leakage_grey_top.dcp' has been generated.
write_checkpoint: Time (s): cpu = 00:00:06 ; elapsed = 00:00:05 . Memory (MB): peak = 1265.922 ; gain = 0.000
report_utilization: Time (s): cpu = 00:00:00 ; elapsed = 00:00:00.270 . Memory (MB): peak = 1265.922 ; gain = 0.000
INFO: [Common 17-206] Exiting Vivado at Sun Sep 06 13:02:08 2026...
[Sun Sep 06 13:02:10 2026] synth_1 finished
wait_on_run: Time (s): cpu = 00:00:00 ; elapsed = 00:05:26 . Memory (MB): peak = 218.813 ; gain = 5.441
# if {[get_property PROGRESS [get_runs synth_1]] != "100%"} {
#     error "Synthesis failed"
# }
# launch_runs impl_1 -to_step write_bitstream -jobs 4
[Sun Sep 06 13:02:10 2026] Launched impl_1...
Run output will be captured here: C:/Users/narut/OneDrive/Desktop/Project/bnn/build/vivado_leakage_grey_d8_l0/cw305_leakage_grey_d8_l0.runs/impl_1/runme.log
# wait_on_run impl_1
[Sun Sep 06 13:02:10 2026] Waiting for impl_1 to finish...

*** Running vivado
    with args -log cw305_leakage_grey_top.vdi -applog -m64 -product Vivado -messageDb vivado.pb -mode batch -source cw305_leakage_grey_top.tcl -notrace


****** Vivado v2016.4 (64-bit)
  **** SW Build 1756540 on Mon Jan 23 19:11:23 MST 2017
  **** IP Build 1755317 on Mon Jan 23 20:30:07 MST 2017
    ** Copyright 1986-2016 Xilinx, Inc. All Rights Reserved.

source cw305_leakage_grey_top.tcl -notrace
Design is defaulting to srcset: sources_1
Design is defaulting to constrset: constrs_1
INFO: [Netlist 29-17] Analyzing 129 Unisim elements for replacement
INFO: [Netlist 29-28] Unisim Transformation completed in 0 CPU seconds
INFO: [Project 1-479] Netlist was created with Vivado 2016.4
INFO: [Device 21-403] Loading part xc7a100tftg256-2
INFO: [Project 1-570] Preparing netlist for logic optimization
Parsing XDC File [C:/Users/narut/ChipWhisperer/chipwhisperer/firmware/fpgas/aes/vivado/cw305.xdc]
Finished Parsing XDC File [C:/Users/narut/ChipWhisperer/chipwhisperer/firmware/fpgas/aes/vivado/cw305.xdc]
Parsing XDC File [C:/Users/narut/OneDrive/Desktop/Project/bnn/cw305/cw305_leakage_grey.xdc]
INFO: [Timing 38-35] Done setting XDC timing constraints. [C:/Users/narut/OneDrive/Desktop/Project/bnn/cw305/cw305_leakage_grey.xdc:13]
get_clocks: Time (s): cpu = 00:00:16 ; elapsed = 00:00:17 . Memory (MB): peak = 1034.250 ; gain = 520.313
Finished Parsing XDC File [C:/Users/narut/OneDrive/Desktop/Project/bnn/cw305/cw305_leakage_grey.xdc]
INFO: [Opt 31-138] Pushed 0 inverter(s) to 0 load pin(s).
INFO: [Project 1-111] Unisim Transformation Summary:
  A total of 74 instances were transformed.
  IOBUF => IOBUF (IBUF, OBUFT): 8 instances
  RAM64M => RAM64M (RAMD64E, RAMD64E, RAMD64E, RAMD64E): 55 instances
  RAM64X1D => RAM64X1D (RAMD64E, RAMD64E): 11 instances

link_design: Time (s): cpu = 00:00:30 ; elapsed = 00:00:31 . Memory (MB): peak = 1034.250 ; gain = 823.918
INFO: [Vivado_Tcl 4-424] Cannot write hardware definition file as there are no IPI block design hardware handoff files present
Command: opt_design
Attempting to get a license for feature 'Implementation' and/or device 'xc7a100t'
INFO: [Common 17-349] Got license for feature 'Implementation' and/or device 'xc7a100t'
Running DRC as a precondition to command opt_design

Starting DRC Task
INFO: [DRC 23-27] Running DRC with 2 threads
INFO: [Project 1-461] DRC finished with 0 Errors
INFO: [Project 1-462] Please refer to the DRC report (report_drc) for more information.

Time (s): cpu = 00:00:01 ; elapsed = 00:00:00.701 . Memory (MB): peak = 1034.250 ; gain = 0.000
INFO: [Timing 38-35] Done setting XDC timing constraints.

Starting Logic Optimization Task
Implement Debug Cores | Checksum: 1fdac52f6

Phase 1 Retarget
INFO: [Opt 31-138] Pushed 0 inverter(s) to 0 load pin(s).
INFO: [Opt 31-49] Retargeted 0 cell(s).
Phase 1 Retarget | Checksum: 2492f0765

Time (s): cpu = 00:00:01 ; elapsed = 00:00:00.923 . Memory (MB): peak = 1034.250 ; gain = 0.000

Phase 2 Constant propagation
INFO: [Opt 31-138] Pushed 0 inverter(s) to 0 load pin(s).
INFO: [Opt 31-10] Eliminated 0 cells.
Phase 2 Constant propagation | Checksum: 2492f0765

Time (s): cpu = 00:00:02 ; elapsed = 00:00:03 . Memory (MB): peak = 1034.250 ; gain = 0.000

Phase 3 Sweep
INFO: [Opt 31-12] Eliminated 67 unconnected nets.
INFO: [Opt 31-11] Eliminated 16 unconnected cells.
Phase 3 Sweep | Checksum: 226ec4b51

Time (s): cpu = 00:00:03 ; elapsed = 00:00:04 . Memory (MB): peak = 1034.250 ; gain = 0.000

Phase 4 BUFG optimization
INFO: [Opt 31-12] Eliminated 0 unconnected nets.
INFO: [Opt 31-11] Eliminated 0 unconnected cells.
Phase 4 BUFG optimization | Checksum: 226ec4b51

Time (s): cpu = 00:00:05 ; elapsed = 00:00:06 . Memory (MB): peak = 1034.250 ; gain = 0.000

Starting Connectivity Check Task

Time (s): cpu = 00:00:00 ; elapsed = 00:00:00.095 . Memory (MB): peak = 1034.250 ; gain = 0.000
Ending Logic Optimization Task | Checksum: 226ec4b51

Time (s): cpu = 00:00:05 ; elapsed = 00:00:06 . Memory (MB): peak = 1034.250 ; gain = 0.000

Starting Power Optimization Task
INFO: [Pwropt 34-132] Skipping clock gating for clocks with a period < 2.00 ns.
Ending Power Optimization Task | Checksum: 226ec4b51

Time (s): cpu = 00:00:01 ; elapsed = 00:00:00.089 . Memory (MB): peak = 1034.250 ; gain = 0.000
INFO: [Common 17-83] Releasing license: Implementation
24 Infos, 0 Warnings, 0 Critical Warnings and 0 Errors encountered.
opt_design completed successfully
opt_design: Time (s): cpu = 00:00:09 ; elapsed = 00:00:08 . Memory (MB): peak = 1034.250 ; gain = 0.000
Writing placer database...
Writing XDEF routing.
Writing XDEF routing logical nets.
Writing XDEF routing special nets.
Write XDEF Complete: Time (s): cpu = 00:00:00 ; elapsed = 00:00:00.108 . Memory (MB): peak = 1034.250 ; gain = 0.000
INFO: [Common 17-1381] The checkpoint 'C:/Users/narut/OneDrive/Desktop/Project/bnn/build/vivado_leakage_grey_d8_l0/cw305_leakage_grey_d8_l0.runs/impl_1/cw305_leakage_grey_top_opt.dcp' has been generated.
write_checkpoint: Time (s): cpu = 00:00:07 ; elapsed = 00:00:05 . Memory (MB): peak = 1034.250 ; gain = 0.000
INFO: [DRC 23-27] Running DRC with 2 threads
INFO: [Coretcl 2-168] The results of DRC are in file C:/Users/narut/OneDrive/Desktop/Project/bnn/build/vivado_leakage_grey_d8_l0/cw305_leakage_grey_d8_l0.runs/impl_1/cw305_leakage_grey_top_drc_opted.rpt.
INFO: [Chipscope 16-241] No debug cores found in the current design.
Before running the implement_debug_core command, either use the Set Up Debug wizard (GUI mode)
or use the create_debug_core and connect_debug_core Tcl commands to insert debug cores into the design.
Command: place_design
Attempting to get a license for feature 'Implementation' and/or device 'xc7a100t'
INFO: [Common 17-349] Got license for feature 'Implementation' and/or device 'xc7a100t'
INFO: [DRC 23-27] Running DRC with 2 threads
INFO: [Vivado_Tcl 4-198] DRC finished with 0 Errors
INFO: [Vivado_Tcl 4-199] Please refer to the DRC report (report_drc) for more information.
Running DRC as a precondition to command place_design
INFO: [DRC 23-27] Running DRC with 2 threads
INFO: [Vivado_Tcl 4-198] DRC finished with 0 Errors
INFO: [Vivado_Tcl 4-199] Please refer to the DRC report (report_drc) for more information.

Starting Placer Task
INFO: [Place 30-611] Multithreading enabled for place_design using a maximum of 2 CPUs

Phase 1 Placer Initialization
Netlist sorting complete. Time (s): cpu = 00:00:00 ; elapsed = 00:00:00.015 . Memory (MB): peak = 1034.250 ; gain = 0.000
Netlist sorting complete. Time (s): cpu = 00:00:00 ; elapsed = 00:00:00.020 . Memory (MB): peak = 1034.250 ; gain = 0.000

Phase 1.1 IO Placement/ Clock Placement/ Build Placer Device
INFO: [Timing 38-35] Done setting XDC timing constraints.
Phase 1.1 IO Placement/ Clock Placement/ Build Placer Device | Checksum: 170f3d0e0

Time (s): cpu = 00:00:06 ; elapsed = 00:00:06 . Memory (MB): peak = 1057.840 ; gain = 23.590

Phase 1.2 Build Placer Netlist Model
Phase 1.2 Build Placer Netlist Model | Checksum: 18e1b634b

Time (s): cpu = 00:00:17 ; elapsed = 00:00:14 . Memory (MB): peak = 1111.133 ; gain = 76.883

Phase 1.3 Constrain Clocks/Macros
Phase 1.3 Constrain Clocks/Macros | Checksum: 18e1b634b

Time (s): cpu = 00:00:17 ; elapsed = 00:00:14 . Memory (MB): peak = 1111.133 ; gain = 76.883
Phase 1 Placer Initialization | Checksum: 18e1b634b

Time (s): cpu = 00:00:17 ; elapsed = 00:00:14 . Memory (MB): peak = 1111.133 ; gain = 76.883

Phase 2 Global Placement
Phase 2 Global Placement | Checksum: 19a8f4e63

Time (s): cpu = 00:00:45 ; elapsed = 00:00:33 . Memory (MB): peak = 1111.133 ; gain = 76.883

Phase 3 Detail Placement

Phase 3.1 Commit Multi Column Macros
Phase 3.1 Commit Multi Column Macros | Checksum: 19a8f4e63

Time (s): cpu = 00:00:46 ; elapsed = 00:00:33 . Memory (MB): peak = 1111.133 ; gain = 76.883

Phase 3.2 Commit Most Macros & LUTRAMs
Phase 3.2 Commit Most Macros & LUTRAMs | Checksum: 17b5853ef

Time (s): cpu = 00:00:57 ; elapsed = 00:00:41 . Memory (MB): peak = 1111.133 ; gain = 76.883

Phase 3.3 Area Swap Optimization
Phase 3.3 Area Swap Optimization | Checksum: 173355213

Time (s): cpu = 00:00:57 ; elapsed = 00:00:41 . Memory (MB): peak = 1111.133 ; gain = 76.883

Phase 3.4 Pipeline Register Optimization
Phase 3.4 Pipeline Register Optimization | Checksum: 173355213

Time (s): cpu = 00:00:57 ; elapsed = 00:00:41 . Memory (MB): peak = 1111.133 ; gain = 76.883

Phase 3.5 Timing Path Optimizer
Phase 3.5 Timing Path Optimizer | Checksum: 12eead31d

Time (s): cpu = 00:01:01 ; elapsed = 00:00:44 . Memory (MB): peak = 1111.133 ; gain = 76.883

Phase 3.6 Small Shape Detail Placement
Phase 3.6 Small Shape Detail Placement | Checksum: 1bea73bd9

Time (s): cpu = 00:01:12 ; elapsed = 00:00:56 . Memory (MB): peak = 1111.133 ; gain = 76.883

Phase 3.7 Re-assign LUT pins
Phase 3.7 Re-assign LUT pins | Checksum: 1b67c4d74

Time (s): cpu = 00:01:13 ; elapsed = 00:00:57 . Memory (MB): peak = 1111.133 ; gain = 76.883

Phase 3.8 Pipeline Register Optimization
Phase 3.8 Pipeline Register Optimization | Checksum: 1b67c4d74

Time (s): cpu = 00:01:14 ; elapsed = 00:00:57 . Memory (MB): peak = 1111.133 ; gain = 76.883
Phase 3 Detail Placement | Checksum: 1b67c4d74

Time (s): cpu = 00:01:14 ; elapsed = 00:00:57 . Memory (MB): peak = 1111.133 ; gain = 76.883

Phase 4 Post Placement Optimization and Clean-Up

Phase 4.1 Post Commit Optimization
INFO: [Timing 38-35] Done setting XDC timing constraints.

Phase 4.1.1 Post Placement Optimization
INFO: [Place 30-746] Post Placement Timing Summary WNS=1.476. For the most accurate timing information please run report_timing.
Phase 4.1.1 Post Placement Optimization | Checksum: 1a7f18a50

Time (s): cpu = 00:01:26 ; elapsed = 00:01:05 . Memory (MB): peak = 1149.777 ; gain = 115.527
Phase 4.1 Post Commit Optimization | Checksum: 1a7f18a50

Time (s): cpu = 00:01:27 ; elapsed = 00:01:06 . Memory (MB): peak = 1149.777 ; gain = 115.527

Phase 4.2 Post Placement Cleanup
Phase 4.2 Post Placement Cleanup | Checksum: 1a7f18a50

Time (s): cpu = 00:01:28 ; elapsed = 00:01:06 . Memory (MB): peak = 1150.438 ; gain = 116.188

Phase 4.3 Placer Reporting
Phase 4.3 Placer Reporting | Checksum: 1a7f18a50

Time (s): cpu = 00:01:28 ; elapsed = 00:01:07 . Memory (MB): peak = 1150.438 ; gain = 116.188

Phase 4.4 Final Placement Cleanup
Phase 4.4 Final Placement Cleanup | Checksum: 2287eed31

Time (s): cpu = 00:01:28 ; elapsed = 00:01:07 . Memory (MB): peak = 1150.438 ; gain = 116.188
Phase 4 Post Placement Optimization and Clean-Up | Checksum: 2287eed31

Time (s): cpu = 00:01:28 ; elapsed = 00:01:07 . Memory (MB): peak = 1150.438 ; gain = 116.188
Ending Placer Task | Checksum: 17a736bae

Time (s): cpu = 00:01:28 ; elapsed = 00:01:07 . Memory (MB): peak = 1150.438 ; gain = 116.188
INFO: [Common 17-83] Releasing license: Implementation
40 Infos, 0 Warnings, 0 Critical Warnings and 0 Errors encountered.
place_design completed successfully
place_design: Time (s): cpu = 00:01:34 ; elapsed = 00:01:10 . Memory (MB): peak = 1150.438 ; gain = 116.188
Writing placer database...
Writing XDEF routing.
Writing XDEF routing logical nets.
Writing XDEF routing special nets.
Write XDEF Complete: Time (s): cpu = 00:00:11 ; elapsed = 00:00:05 . Memory (MB): peak = 1150.438 ; gain = 0.000
INFO: [Common 17-1381] The checkpoint 'C:/Users/narut/OneDrive/Desktop/Project/bnn/build/vivado_leakage_grey_d8_l0/cw305_leakage_grey_d8_l0.runs/impl_1/cw305_leakage_grey_top_placed.dcp' has been generated.
write_checkpoint: Time (s): cpu = 00:00:13 ; elapsed = 00:00:07 . Memory (MB): peak = 1150.438 ; gain = 0.000
report_io: Time (s): cpu = 00:00:00 ; elapsed = 00:00:00.096 . Memory (MB): peak = 1150.438 ; gain = 0.000
report_utilization: Time (s): cpu = 00:00:01 ; elapsed = 00:00:00.326 . Memory (MB): peak = 1150.438 ; gain = 0.000
report_control_sets: Time (s): cpu = 00:00:00 ; elapsed = 00:00:00.113 . Memory (MB): peak = 1150.438 ; gain = 0.000
Command: route_design
Attempting to get a license for feature 'Implementation' and/or device 'xc7a100t'
INFO: [Common 17-349] Got license for feature 'Implementation' and/or device 'xc7a100t'
Running DRC as a precondition to command route_design
INFO: [DRC 23-27] Running DRC with 2 threads
INFO: [Vivado_Tcl 4-198] DRC finished with 0 Errors
INFO: [Vivado_Tcl 4-199] Please refer to the DRC report (report_drc) for more information.


Starting Routing Task
INFO: [Route 35-254] Multithreading enabled for route_design using a maximum of 2 CPUs
Checksum: PlaceDB: d3b59161 ConstDB: 0 ShapeSum: a6bdda4d RouteDB: 0

Phase 1 Build RT Design
Phase 1 Build RT Design | Checksum: 78633913

Time (s): cpu = 00:00:45 ; elapsed = 00:00:35 . Memory (MB): peak = 1254.590 ; gain = 104.152

Phase 2 Router Initialization

Phase 2.1 Create Timer
Phase 2.1 Create Timer | Checksum: 78633913

Time (s): cpu = 00:00:45 ; elapsed = 00:00:36 . Memory (MB): peak = 1254.590 ; gain = 104.152

Phase 2.2 Fix Topology Constraints
Phase 2.2 Fix Topology Constraints | Checksum: 78633913

Time (s): cpu = 00:00:46 ; elapsed = 00:00:36 . Memory (MB): peak = 1254.590 ; gain = 104.152

Phase 2.3 Pre Route Cleanup
Phase 2.3 Pre Route Cleanup | Checksum: 78633913

Time (s): cpu = 00:00:46 ; elapsed = 00:00:36 . Memory (MB): peak = 1254.590 ; gain = 104.152
 Number of Nodes with overlaps = 0

Phase 2.4 Update Timing
Phase 2.4 Update Timing | Checksum: 11d30fe97

Time (s): cpu = 00:01:00 ; elapsed = 00:00:45 . Memory (MB): peak = 1283.906 ; gain = 133.469
INFO: [Route 35-416] Intermediate Timing Summary | WNS=1.550  | TNS=0.000  | WHS=-0.547 | THS=-87.401|

Phase 2 Router Initialization | Checksum: 194ca52a6

Time (s): cpu = 00:01:09 ; elapsed = 00:00:51 . Memory (MB): peak = 1290.633 ; gain = 140.195

Phase 3 Initial Routing
Phase 3 Initial Routing | Checksum: 2aaded487

Time (s): cpu = 00:01:32 ; elapsed = 00:01:05 . Memory (MB): peak = 1319.246 ; gain = 168.809

Phase 4 Rip-up And Reroute

Phase 4.1 Global Iteration 0
 Number of Nodes with overlaps = 7243
 Number of Nodes with overlaps = 604
 Number of Nodes with overlaps = 108
 Number of Nodes with overlaps = 13
 Number of Nodes with overlaps = 6
 Number of Nodes with overlaps = 1
 Number of Nodes with overlaps = 0

Phase 4.1.1 Update Timing
Phase 4.1.1 Update Timing | Checksum: a4579958

Time (s): cpu = 00:02:40 ; elapsed = 00:01:45 . Memory (MB): peak = 1319.246 ; gain = 168.809
INFO: [Route 35-416] Intermediate Timing Summary | WNS=1.522  | TNS=0.000  | WHS=N/A    | THS=N/A    |

Phase 4.1 Global Iteration 0 | Checksum: a8df4ec8

Time (s): cpu = 00:02:40 ; elapsed = 00:01:46 . Memory (MB): peak = 1319.246 ; gain = 168.809
Phase 4 Rip-up And Reroute | Checksum: a8df4ec8

Time (s): cpu = 00:02:40 ; elapsed = 00:01:46 . Memory (MB): peak = 1319.246 ; gain = 168.809

Phase 5 Delay and Skew Optimization

Phase 5.1 Delay CleanUp
Phase 5.1 Delay CleanUp | Checksum: a8df4ec8

Time (s): cpu = 00:02:40 ; elapsed = 00:01:46 . Memory (MB): peak = 1319.246 ; gain = 168.809

Phase 5.2 Clock Skew Optimization
Phase 5.2 Clock Skew Optimization | Checksum: a8df4ec8

Time (s): cpu = 00:02:41 ; elapsed = 00:01:46 . Memory (MB): peak = 1319.246 ; gain = 168.809
Phase 5 Delay and Skew Optimization | Checksum: a8df4ec8

Time (s): cpu = 00:02:41 ; elapsed = 00:01:46 . Memory (MB): peak = 1319.246 ; gain = 168.809

Phase 6 Post Hold Fix

Phase 6.1 Hold Fix Iter

Phase 6.1.1 Update Timing
Phase 6.1.1 Update Timing | Checksum: bfca25aa

Time (s): cpu = 00:02:43 ; elapsed = 00:01:47 . Memory (MB): peak = 1319.246 ; gain = 168.809
INFO: [Route 35-416] Intermediate Timing Summary | WNS=1.587  | TNS=0.000  | WHS=-1.013 | THS=-18.706|


Phase 6.1.2 Lut RouteThru Assignment for hold
Phase 6.1.2 Lut RouteThru Assignment for hold | Checksum: 1865394e2

Time (s): cpu = 00:03:00 ; elapsed = 00:01:58 . Memory (MB): peak = 1758.133 ; gain = 607.695
Phase 6.1 Hold Fix Iter | Checksum: 1865394e2

Time (s): cpu = 00:03:00 ; elapsed = 00:01:58 . Memory (MB): peak = 1758.133 ; gain = 607.695
Phase 6 Post Hold Fix | Checksum: 1c53e5d61

Time (s): cpu = 00:03:00 ; elapsed = 00:01:58 . Memory (MB): peak = 1758.133 ; gain = 607.695

Phase 7 Route finalize

Router Utilization Summary
  Global Vertical Routing Utilization    = 9.736 %
  Global Horizontal Routing Utilization  = 11.218 %
  Routable Net Status*
  *Does not include unroutable nets such as driverless and loadless.
  Run report_route_status for detailed report.
  Number of Failed Nets               = 0
  Number of Unrouted Nets             = 0
  Number of Partially Routed Nets     = 0
  Number of Node Overlaps             = 0

Phase 7 Route finalize | Checksum: 1afc0413a

Time (s): cpu = 00:03:01 ; elapsed = 00:01:58 . Memory (MB): peak = 1758.133 ; gain = 607.695

Phase 8 Verifying routed nets

 Verification completed successfully
Phase 8 Verifying routed nets | Checksum: 1afc0413a

Time (s): cpu = 00:03:01 ; elapsed = 00:01:58 . Memory (MB): peak = 1758.133 ; gain = 607.695

Phase 9 Depositing Routes
Phase 9 Depositing Routes | Checksum: 19f87340d

Time (s): cpu = 00:03:03 ; elapsed = 00:02:01 . Memory (MB): peak = 1758.133 ; gain = 607.695

Phase 10 Post Router Timing

Phase 10.1 Update Timing
Phase 10.1 Update Timing | Checksum: 1746cf073

Time (s): cpu = 00:03:05 ; elapsed = 00:02:02 . Memory (MB): peak = 1758.133 ; gain = 607.695
INFO: [Route 35-57] Estimated Timing Summary | WNS=1.587  | TNS=0.000  | WHS=0.077  | THS=0.000  |

INFO: [Route 35-327] The final timing numbers are based on the router estimated timing analysis. For a complete and accurate timing signoff, please run report_timing_summary.
Phase 10 Post Router Timing | Checksum: 1746cf073

Time (s): cpu = 00:03:05 ; elapsed = 00:02:02 . Memory (MB): peak = 1758.133 ; gain = 607.695
INFO: [Route 35-16] Router Completed Successfully

Time (s): cpu = 00:03:05 ; elapsed = 00:02:02 . Memory (MB): peak = 1758.133 ; gain = 607.695

Routing Is Done.
INFO: [Common 17-83] Releasing license: Implementation
53 Infos, 0 Warnings, 0 Critical Warnings and 0 Errors encountered.
route_design completed successfully
route_design: Time (s): cpu = 00:03:13 ; elapsed = 00:02:07 . Memory (MB): peak = 1758.133 ; gain = 607.695
Writing placer database...
Writing XDEF routing.
Writing XDEF routing logical nets.
Writing XDEF routing special nets.
Write XDEF Complete: Time (s): cpu = 00:00:09 ; elapsed = 00:00:04 . Memory (MB): peak = 1758.133 ; gain = 0.000
INFO: [Common 17-1381] The checkpoint 'C:/Users/narut/OneDrive/Desktop/Project/bnn/build/vivado_leakage_grey_d8_l0/cw305_leakage_grey_d8_l0.runs/impl_1/cw305_leakage_grey_top_routed.dcp' has been generated.
write_checkpoint: Time (s): cpu = 00:00:11 ; elapsed = 00:00:05 . Memory (MB): peak = 1758.133 ; gain = 0.000
INFO: [DRC 23-27] Running DRC with 2 threads
INFO: [Coretcl 2-168] The results of DRC are in file C:/Users/narut/OneDrive/Desktop/Project/bnn/build/vivado_leakage_grey_d8_l0/cw305_leakage_grey_d8_l0.runs/impl_1/cw305_leakage_grey_top_drc_routed.rpt.
INFO: [Timing 38-35] Done setting XDC timing constraints.
INFO: [DRC 23-133] Running Methodology with 2 threads
INFO: [Coretcl 2-1520] The results of Report Methodology are in file C:/Users/narut/OneDrive/Desktop/Project/bnn/build/vivado_leakage_grey_d8_l0/cw305_leakage_grey_d8_l0.runs/impl_1/cw305_leakage_grey_top_methodology_drc_routed.rpt.
report_methodology: Time (s): cpu = 00:00:20 ; elapsed = 00:00:13 . Memory (MB): peak = 1758.133 ; gain = 0.000
INFO: [Timing 38-35] Done setting XDC timing constraints.
INFO: [Timing 38-91] UpdateTimingParams: Speed grade: -2, Delay Type: min_max.
INFO: [Timing 38-191] Multithreading enabled for timing update using a maximum of 2 CPUs
INFO: [Timing 38-35] Done setting XDC timing constraints.
Command: report_power -file cw305_leakage_grey_top_power_routed.rpt -pb cw305_leakage_grey_top_power_summary_routed.pb -rpx cw305_leakage_grey_top_power_routed.rpx
Running Vector-less Activity Propagation...

Finished Running Vector-less Activity Propagation
63 Infos, 0 Warnings, 0 Critical Warnings and 0 Errors encountered.
report_power completed successfully
report_power: Time (s): cpu = 00:00:20 ; elapsed = 00:00:14 . Memory (MB): peak = 1758.133 ; gain = 0.000
Command: write_bitstream -force -no_partial_bitfile cw305_leakage_grey_top.bit
Attempting to get a license for feature 'Implementation' and/or device 'xc7a100t'
INFO: [Common 17-349] Got license for feature 'Implementation' and/or device 'xc7a100t'
Running DRC as a precondition to command write_bitstream
INFO: [DRC 23-27] Running DRC with 2 threads
INFO: [Vivado 12-3199] DRC finished with 0 Errors
INFO: [Vivado 12-3200] Please refer to the DRC report (report_drc) for more information.
Loading data files...
Loading site data...
Loading route data...
Processing options...
Overwriting "TIMESTAMP" with "34B4D1E4" for option USR_ACCESS
Creating bitmap...
Creating bitstream...
Bitstream compression saved 17765728 bits.
Writing bitstream ./cw305_leakage_grey_top.bit...
INFO: [Vivado 12-1842] Bitgen Completed Successfully.
INFO: [Project 1-120] WebTalk data collection is mandatory when using a WebPACK part without a full Vivado license. To see the specific WebTalk data collected for your design, open the usage_statistics_webtalk.html or usage_statistics_webtalk.xml file in the implementation directory.
INFO: [Common 17-83] Releasing license: Implementation
70 Infos, 0 Warnings, 0 Critical Warnings and 0 Errors encountered.
write_bitstream completed successfully
write_bitstream: Time (s): cpu = 00:00:45 ; elapsed = 00:00:46 . Memory (MB): peak = 1816.871 ; gain = 58.738
INFO: [Vivado_Tcl 4-395] Unable to parse hwdef file cw305_leakage_grey_top.hwdef
INFO: [Common 17-206] Exiting Vivado at Sun Sep 06 13:08:08 2026...
[Sun Sep 06 13:08:13 2026] impl_1 finished
wait_on_run: Time (s): cpu = 00:00:01 ; elapsed = 00:06:03 . Memory (MB): peak = 218.844 ; gain = 0.031
# if {[get_property PROGRESS [get_runs impl_1]] != "100%"} {
#     error "Implementation failed"
# }
# open_run impl_1
INFO: [Netlist 29-17] Analyzing 129 Unisim elements for replacement
INFO: [Netlist 29-28] Unisim Transformation completed in 0 CPU seconds
INFO: [Project 1-479] Netlist was created with Vivado 2016.4
INFO: [Device 21-403] Loading part xc7a100tftg256-2
INFO: [Project 1-570] Preparing netlist for logic optimization
Parsing XDC File [C:/Users/narut/OneDrive/Desktop/Project/bnn/build/.Xil/Vivado-5500-kaz4n/dcp/cw305_leakage_grey_top.xdc]
INFO: [Timing 38-35] Done setting XDC timing constraints. [C:/Users/narut/OneDrive/Desktop/Project/bnn/cw305/cw305_leakage_grey.xdc:13]
get_clocks: Time (s): cpu = 00:00:12 ; elapsed = 00:00:12 . Memory (MB): peak = 1034.535 ; gain = 520.477
Finished Parsing XDC File [C:/Users/narut/OneDrive/Desktop/Project/bnn/build/.Xil/Vivado-5500-kaz4n/dcp/cw305_leakage_grey_top.xdc]
Reading XDEF placement.
Reading placer database...
Reading XDEF routing.
Read XDEF File: Time (s): cpu = 00:00:03 ; elapsed = 00:00:03 . Memory (MB): peak = 1065.324 ; gain = 30.781
Restored from archive | CPU: 3.000000 secs | Memory: 0.000000 MB |
Finished XDEF File Restore: Time (s): cpu = 00:00:03 ; elapsed = 00:00:03 . Memory (MB): peak = 1065.324 ; gain = 30.781
INFO: [Project 1-111] Unisim Transformation Summary:
  A total of 74 instances were transformed.
  IOBUF => IOBUF (IBUF, OBUFT): 8 instances
  RAM64M => RAM64M (RAMD64E, RAMD64E, RAMD64E, RAMD64E): 55 instances
  RAM64X1D => RAM64X1D (RAMD64E, RAMD64E): 11 instances

open_run: Time (s): cpu = 00:00:22 ; elapsed = 00:00:24 . Memory (MB): peak = 1065.324 ; gain = 846.480
# report_utilization -file ${BUILD_NAME}_utilization.rpt
report_utilization: Time (s): cpu = 00:00:02 ; elapsed = 00:00:03 . Memory (MB): peak = 1070.664 ; gain = 5.340
# report_timing_summary -file ${BUILD_NAME}_timing.rpt
INFO: [Timing 38-91] UpdateTimingParams: Speed grade: -2, Delay Type: min_max.
INFO: [Timing 38-191] Multithreading enabled for timing update using a maximum of 2 CPUs
report_timing_summary: Time (s): cpu = 00:00:11 ; elapsed = 00:00:06 . Memory (MB): peak = 1095.660 ; gain = 24.996
# report_clock_interaction -file ${BUILD_NAME}_clock_interaction.rpt
INFO: [Timing 38-91] UpdateTimingParams: Speed grade: -2, Delay Type: max.
INFO: [Timing 38-191] Multithreading enabled for timing update using a maximum of 2 CPUs
WARNING: [Timing 38-164] This design has multiple clocks. Inter clock paths are considered valid unless explicitly excluded by timing constraints such as set_clock_groups or set_false_path.
# set bitfile ./vivado_${BUILD_NAME}/cw305_${BUILD_NAME}.runs/impl_1/cw305_leakage_grey_top.bit
# file copy -force $bitfile ./cw305_${BUILD_NAME}.bit
# puts "BITSTREAM: build/cw305_${BUILD_NAME}.bit"
BITSTREAM: build/cw305_leakage_grey_d8_l0.bit
# exit
INFO: [Common 17-206] Exiting Vivado at Sun Sep 06 13:08:47 2026...
